[    0.000000] Booting Linux on physical CPU 0x0000000000 [0x410fd801]
[    0.000000] Linux version 6.1.145-Sultan-Wild+ (runner@runnervm0kj6c) (aarch64-linux-gcc (GCC) 14.2.0, GNU ld (GNU Binutils) 2.42) #1 SMP PREEMPT Sat Mar  7 12:13:21 UTC 2026
[    0.000000] Machine model: ZUMA PRO TOKAY MP board based on ZUMA PRO
[    0.000000] Reserved memory: created CMA memory pool at 0x00000009fb800000, size 72 MiB
[    0.000000] OF: reserved mem: initialized node vstream, compatible id shared-dma-pool
[    0.000000] OF: reserved mem: 0x00000009fb800000..0x00000009ffffffff (73728 KiB) map reusable vstream
[    0.000000] OF: reserved mem: 0x00000000ffe00000..0x00000000ffffffff (2048 KiB) map non-reusable dpado-rmem
[    0.000000] OF: reserved mem: 0x00000009f9800000..0x00000009fb7fffff (32768 KiB) map non-reusable faceauth_dsp
[    0.000000] OF: reserved mem: 0x00000009f4d00000..0x00000009f97fffff (76800 KiB) map non-reusable famodel
[    0.000000] OF: reserved mem: 0x00000000ffbf0000..0x00000000ffdfffff (2112 KiB) map non-reusable mfc_fw
[    0.000000] Reserved memory: created CMA memory pool at 0x00000009d4d00000, size 512 MiB
[    0.000000] OF: reserved mem: initialized node vframe, compatible id shared-dma-pool
[    0.000000] OF: reserved mem: 0x00000009d4d00000..0x00000009f4cfffff (524288 KiB) map reusable vframe
[    0.000000] OF: reserved mem: 0x00000009cfd00000..0x00000009d4cfffff (81920 KiB) map non-reusable farawimg
[    0.000000] OF: reserved mem: 0x00000000fe3f0000..0x00000000ffbeffff (24576 KiB) map non-reusable tui
[    0.000000] OF: reserved mem: 0x00000009ced00000..0x00000009cfcfffff (16384 KiB) map non-reusable faceauth_tpu
[    0.000000] Reserved memory: created CMA memory pool at 0x00000009cb900000, size 52 MiB
[    0.000000] OF: reserved mem: initialized node vscaler, compatible id shared-dma-pool
[    0.000000] OF: reserved mem: 0x00000009cb900000..0x00000009cecfffff (53248 KiB) map reusable vscaler
[    0.000000] Reserved memory: created CMA memory pool at 0x00000009cad00000, size 12 MiB
[    0.000000] OF: reserved mem: initialized node faprev, compatible id shared-dma-pool
[    0.000000] OF: reserved mem: 0x00000009cad00000..0x00000009cb8fffff (12288 KiB) map reusable faprev
[    0.000000] OF: reserved mem: 0x0000000017bb5000..0x0000000017bbffff (44 KiB) nomap non-reusable xhci_dma_buffer@17BB5000
[    0.000000] OF: reserved mem: 0x0000000017bc0000..0x0000000017bfffff (256 KiB) nomap non-reusable xhci_dma@17BC0000
[    0.000000] OF: reserved mem: 0x00000000197fd000..0x00000000197fffff (12 KiB) map non-reusable cp_aoc_rmem
[    0.000000] OF: reserved mem: initialized node pkvm_guest_firmware, compatible id linux,pkvm-guest-firmware-memory
[    0.000000] OF: reserved mem: 0x000000008b000000..0x000000008b0c3fff (784 KiB) nomap non-reusable pkvm_guest_firmware
[    0.000000] OF: reserved mem: 0x0000000090000000..0x000000009005ffff (384 KiB) map non-reusable ect_binary
[    0.000000] OF: reserved mem: 0x0000000090200000..0x00000000905fefff (4092 KiB) nomap non-reusable gsa@90200000
[    0.000000] OF: reserved mem: 0x00000000905ff000..0x00000000905fffff (4 KiB) nomap non-reusable gsa@905FF000
[    0.000000] OF: reserved mem: 0x0000000091300000..0x000000009135ffff (384 KiB) nomap non-reusable gxp_scratchpad@91300000
[    0.000000] OF: reserved mem: 0x0000000091360000..0x000000009137ffff (128 KiB) nomap non-reusable iif_wait_table@91360000
[    0.000000] OF: reserved mem: 0x0000000091380000..0x000000009139ffff (128 KiB) nomap non-reusable iif_signal_table@91380000
[    0.000000] OF: reserved mem: 0x0000000091400000..0x0000000091cfffff (9216 KiB) nomap non-reusable gxp_secure_data@91400000
[    0.000000] OF: reserved mem: 0x0000000091d00000..0x0000000091ffffff (3072 KiB) nomap non-reusable gxp_fw@91D00000
[    0.000000] OF: reserved mem: 0x0000000092000000..0x00000000923fffff (4096 KiB) nomap non-reusable gxp_mcu_fw@92000000
[    0.000000] OF: reserved mem: 0x0000000092e00000..0x0000000093ffffff (18432 KiB) nomap non-reusable tpu_fw@92e00000
[    0.000000] OF: reserved mem: 0x0000000094000000..0x0000000096ffffff (49152 KiB) nomap non-reusable aoc@94000000
[    0.000000] OF: reserved mem: 0x0000000097000000..0x00000000973fffff (4096 KiB) nomap non-reusable xhci_dma_dram@97000000
[    0.000000] OF: reserved mem: 0x00000000b6200000..0x00000000bfffffff (161792 KiB) nomap non-reusable sec_dram
[    0.000000] OF: reserved mem: 0x00000000c3000000..0x00000000c307ffff (512 KiB) map non-reusable seclog_mem
[    0.000000] OF: reserved mem: 0x00000000d8100000..0x00000000d810ffff (64 KiB) nomap non-reusable header
[    0.000000] OF: reserved mem: 0x00000000d8110000..0x00000000d880ffff (7168 KiB) nomap non-reusable log_kevents
[    0.000000] OF: reserved mem: 0x00000000d8810000..0x00000000da00ffff (24576 KiB) nomap non-reusable log_s2d
[    0.000000] OF: reserved mem: 0x00000000da010000..0x00000000daa0ffff (10240 KiB) nomap non-reusable log_array_reset
[    0.000000] OF: reserved mem: 0x00000000dda10000..0x00000000dda1ffff (64 KiB) nomap non-reusable log_itmon
[    0.000000] OF: reserved mem: 0x00000000dda20000..0x00000000de01ffff (6144 KiB) nomap non-reusable log_s2d_extract
[    0.000000] OF: reserved mem: 0x00000000e0000000..0x00000000e37fffff (57344 KiB) nomap non-reusable sec_pt
[    0.000000] OF: reserved mem: 0x00000000e8000000..0x00000000e9ffffff (32768 KiB) map non-reusable cp_rmem_1
[    0.000000] OF: reserved mem: 0x00000000ea400000..0x00000000eaffffff (12288 KiB) map non-reusable cp_rmem
[    0.000000] OF: reserved mem: 0x00000000f6200000..0x00000000f6200fff (4 KiB) map non-reusable cp_msi_rmem
[    0.000000] OF: reserved mem: 0x00000000f8800000..0x00000000f97fffff (16384 KiB) nomap non-reusable abl@f8800000
[    0.000000] OF: reserved mem: 0x00000000fd3f0000..0x00000000fd3fdfff (56 KiB) nomap non-reusable dss_log_reserved@fd3f0000
[    0.000000] OF: reserved mem: 0x00000000fd3fe000..0x00000000fd3fefff (4 KiB) nomap non-reusable debug_kinfo_reserved@fd3fe000
[    0.000000] OF: reserved mem: 0x00000000fd3ff000..0x00000000fd7fefff (4096 KiB) map non-reusable ramoops_mem@fd3ff000
[    0.000000] OF: reserved mem: 0x00000000fd800000..0x00000000fd8fffff (1024 KiB) nomap non-reusable bldr_log_reserved@fd800000
[    0.000000] kvm [0]: Reserved 66 MiB at 0xafba00000
[    0.000000] Zone ranges:
[    0.000000] Normal   [mem 0x0000000080000000-0x0000000affffffff]
[    0.000000] Movable zone start for each node
[    0.000000] Early memory node ranges
[    0.000000] node   0: [mem 0x0000000080000000-0x000000008affffff]
[    0.000000] node   0: [mem 0x000000008b000000-0x000000008b0c3fff]
[    0.000000] node   0: [mem 0x000000008b0c4000-0x00000000901fffff]
[    0.000000] node   0: [mem 0x0000000090200000-0x00000000905fffff]
[    0.000000] node   0: [mem 0x0000000090600000-0x00000000912fffff]
[    0.000000] node   0: [mem 0x0000000091300000-0x000000009139ffff]
[    0.000000] node   0: [mem 0x00000000913a0000-0x00000000913fffff]
[    0.000000] node   0: [mem 0x0000000091400000-0x00000000923fffff]
[    0.000000] node   0: [mem 0x0000000092400000-0x0000000092dfffff]
[    0.000000] node   0: [mem 0x0000000092e00000-0x00000000973fffff]
[    0.000000] node   0: [mem 0x0000000097400000-0x00000000b61fffff]
[    0.000000] node   0: [mem 0x00000000b6200000-0x00000000bfffffff]
[    0.000000] node   0: [mem 0x00000000c0000000-0x00000000d80fffff]
[    0.000000] node   0: [mem 0x00000000d8100000-0x00000000daa0ffff]
[    0.000000] node   0: [mem 0x00000000daa10000-0x00000000dda0ffff]
[    0.000000] node   0: [mem 0x00000000dda10000-0x00000000de01ffff]
[    0.000000] node   0: [mem 0x00000000de020000-0x00000000dfffffff]
[    0.000000] node   0: [mem 0x00000000e0000000-0x00000000e37fffff]
[    0.000000] node   0: [mem 0x00000000e3800000-0x00000000f87fffff]
[    0.000000] node   0: [mem 0x00000000f8800000-0x00000000f97fffff]
[    0.000000] node   0: [mem 0x00000000f9800000-0x00000000fd3effff]
[    0.000000] node   0: [mem 0x00000000fd3f0000-0x00000000fd3fefff]
[    0.000000] node   0: [mem 0x00000000fd3ff000-0x00000000fd7fffff]
[    0.000000] node   0: [mem 0x00000000fd800000-0x00000000fd8fffff]
[    0.000000] node   0: [mem 0x00000000fd900000-0x00000000ffffffff]
[    0.000000] node   0: [mem 0x0000000880000000-0x0000000affffffff]
[    0.000000] Initmem setup node 0 [mem 0x0000000080000000-0x0000000affffffff]
[    0.000000] cma: Reserved 16 MiB at 0x0000000880000000
[    0.000000] psci: probing for conduit method from DT.
[    0.000000] psci: PSCIv1.1 detected in firmware.
[    0.000000] psci: Using standard PSCI v0.2 function IDs
[    0.000000] psci: MIGRATE_INFO_TYPE not supported.
[    0.000000] psci: SMC Calling Convention v1.2
[    0.000000] Load bootconfig: 3981 bytes 136 nodes
[    0.000000] percpu: Embedded 26 pages/cpu s73888 r0 d32608 u106496
[    0.000000] pcpu-alloc: s73888 r0 d32608 u106496 alloc=26*4096
[    0.000000] pcpu-alloc: [0] 0 [0] 1 [0] 2 [0] 3 [0] 4 [0] 5 [0] 6 [0] 7 
[    0.000000] Detected PIPT I-cache on CPU0
[    0.000000] CPU features: SYS_ID_AA64MMFR1_EL1[11:8]: forced to 0
[    0.000000] CPU features: SYS_ID_AA64PFR1_EL1[11:8]: forced to 0
[    0.000000] CPU features: detected: Address authentication (architected QARMA3 algorithm)
[    0.000000] CPU features: detected: GIC system register CPU interface
[    0.000000] CPU features: detected: Hardware dirty bit management
[    0.000000] CPU features: detected: Spectre-v4
[    0.000000] CPU features: kernel page table isolation disabled by kernel configuration
[    0.000000] CPU features: detected: ARM erratum 2966298
[    0.000000] alternatives: applying boot alternatives
[    0.000000] Built 1 zonelists, mobility grouping on.  Total pages: 3096576
[    0.000000] Kernel command line: console=ttynull stack_depot_disable=on cgroup_disable=pressure kasan.page_alloc.sample=10 kasan.stacktrace=off kvm-arm.mode=protected bootconfig ioremap_guard root=/dev/ram0 rw clocksource=arch_sys_counter clk_ignore_unused loop.max_part=7 loop.hw_queue_depth=31 coherent_pool=4M firmware_class.path=/vendor/firmware irqaffinity=0 sysrq_always_enabled no_console_suspend softlockup_panic=1 kasan_multi_shot kvm-arm.protected_modules=exynos-pd,pkvm_s2mpu-v9 dyndbg="func alloc_contig_dump_pages +p" printk.devkmsg=on cma_sysfs.experimental=Y cgroup.memory=nokmem rcupdate.rcu_expedited=1 rcu_nocbs=all rcutree.enable_rcu_lazy swiotlb=noforce disable_dma32=on sysctl.kernel.sched_pelt_multiplier=4 kasan=off at24.write_timeout=100 log_buf_len=1024K bootconfig console=null exynos_drm.panel_name=google-tk4b.2504a080 tcpci_max77759.conf_sbu=0 arm64.nomte ufs_pixel_fips140.fips_first_lba=151942 ufs_pixel_fips140.fips_last_lba=152453 ufs_pixel_fips140.fips_lu=0 ufs_pixel
[    0.000000] sysrq: sysrq always enabled.
[    0.000000] Unknown kernel command line parameters "kasan_multi_shot stack_depot_disable=on softlockup_panic=1 dyndbg=func alloc_contig_dump_pages +p kasan=off", will be passed to user space.
[    0.000000] random: crng init done
[    0.000000] printk: log_buf_len: 1048576 bytes
[    0.000000] printk: early log buf free: 120624(92%)
[    0.000000] Dentry cache hash table entries: 2097152 (order: 12, 16777216 bytes, linear)
[    0.000000] Inode-cache hash table entries: 1048576 (order: 11, 8388608 bytes, linear)
[    0.000000] mem auto-init: stack:all(zero), heap alloc:on, heap free:off
[    0.000000] Memory: 10877312K/12582912K available (20288K kernel code, 3066K rwdata, 5184K rodata, 2496K init, 985K bss, 1025664K reserved, 679936K cma-reserved)
[    0.000000] SLUB: HWalign=64, Order=0-3, MinObjects=0, CPUs=8, Nodes=1
[    0.000000] rcu: Preemptible hierarchical RCU implementation.
[    0.000000] 	All grace periods are expedited (rcu_expedited).
[    0.000000] 	Trampoline variant of Tasks RCU enabled.
[    0.000000] 	Tracing variant of Tasks RCU enabled.
[    0.000000] rcu: RCU calculated value of scheduler-enlistment delay is 25 jiffies.
[    0.000000] NR_IRQS: 64, nr_irqs: 64, preallocated irqs: 0
[    0.000000] GICv3: GIC: Using split EOI/Deactivate mode
[    0.000000] GICv3: 960 SPIs implemented
[    0.000000] GICv3: 0 Extended SPIs implemented
[    0.000000] Root IRQ handler: gic_handle_irq.lto_priv.1
[    0.000000] GICv3: GICv3 features: 16 PPIs
[    0.000000] GICv3: CPU0: found redistributor 0 region 0:0x0000000010440000
[    0.000000] GICv3: GIC: PPI partition interrupt-partition-0[0] { /cpus/cpu@0[0] /cpus/cpu@100[1] /cpus/cpu@200[2] /cpus/cpu@300[3] /cpus/cpu@400[4] /cpus/cpu@500[5] /cpus/cpu@600[6] }
[    0.000000] GICv3: GIC: PPI partition interrupt-partition-1[1] { /cpus/cpu@700[7] }
[    0.000000] rcu: 	Offload RCU callbacks from CPUs: 0-7.
[    0.000000] rcu: srcu_init: Setting srcu_struct sizes based on contention.
[    0.000000] arch_timer: cp15 timer(s) running at 24.57MHz (phys).
[    0.000000] clocksource: arch_sys_counter: mask: 0xffffffffffffff max_cycles: 0x5ab00a189, max_idle_ns: 440795202599 ns
[    0.000000] sched_clock: 56 bits at 25MHz, resolution 40ns, wraps every 4398046511099ns
[    0.000311] Calibrating delay loop (skipped), value calculated using timer frequency.. 49.15 BogoMIPS (lpj=98304)
[    0.000318] pid_max: default: 32768 minimum: 301
[    0.000342] LSM: Security Framework initializing
[    0.000371] SELinux:  Initializing.
[    0.000429] Mount-cache hash table entries: 32768 (order: 6, 262144 bytes, linear)
[    0.000445] Mountpoint-cache hash table entries: 32768 (order: 6, 262144 bytes, linear)
[    0.001266] cacheinfo: Unable to detect cache hierarchy for CPU 0
[    0.001468] cblist_init_generic: Setting adjustable number of callback queues.
[    0.001471] cblist_init_generic: Setting shift to 3 and lim to 1.
[    0.001499] cblist_init_generic: Setting adjustable number of callback queues.
[    0.001501] cblist_init_generic: Setting shift to 3 and lim to 1.
[    0.001551] rcu: Hierarchical SRCU implementation.
[    0.001554] rcu: 	Max phase no-delay instances is 1000.
[    0.002553] smp: Bringing up secondary CPUs ...
[    0.003067] Detected PIPT I-cache on CPU1
[    0.003134] cacheinfo: Unable to detect cache hierarchy for CPU 1
[    0.003142] GICv3: CPU1: found redistributor 100 region 0:0x0000000010460000
[    0.003174] CPU1: Booted secondary processor 0x0000000100 [0x410fd801]
[    0.003774] Detected PIPT I-cache on CPU2
[    0.003846] cacheinfo: Unable to detect cache hierarchy for CPU 2
[    0.003853] GICv3: CPU2: found redistributor 200 region 0:0x0000000010480000
[    0.003877] CPU2: Booted secondary processor 0x0000000200 [0x410fd801]
[    0.004396] Detected PIPT I-cache on CPU3
[    0.004436] cacheinfo: Unable to detect cache hierarchy for CPU 3
[    0.004444] GICv3: CPU3: found redistributor 300 region 0:0x00000000104a0000
[    0.004464] CPU3: Booted secondary processor 0x0000000300 [0x410fd801]
[    0.004980] CPU features: detected: Spectre-BHB
[    0.004987] CPU features: detected: SSBS not fully self-synchronizing
[    0.004988] Detected PIPT I-cache on CPU4
[    0.004993] CPU features: SANITY CHECK: Unexpected variation in SYS_ID_AA64MMFR1_EL1. Boot CPU: 0x1001111011312122, CPU4: 0x1001111010312122
[    0.004999] CPU features: Unsupported CPU feature variation detected.
[    0.005044] cacheinfo: Unable to detect cache hierarchy for CPU 4
[    0.005053] GICv3: CPU4: found redistributor 400 region 0:0x00000000104c0000
[    0.005074] CPU4: Booted secondary processor 0x0000000400 [0x410fd811]
[    0.005577] Detected PIPT I-cache on CPU5
[    0.005584] CPU features: SANITY CHECK: Unexpected variation in SYS_ID_AA64MMFR1_EL1. Boot CPU: 0x1001111011312122, CPU5: 0x1001111010312122
[    0.005635] cacheinfo: Unable to detect cache hierarchy for CPU 5
[    0.005645] GICv3: CPU5: found redistributor 500 region 0:0x00000000104e0000
[    0.005666] CPU5: Booted secondary processor 0x0000000500 [0x410fd811]
[    0.006213] Detected PIPT I-cache on CPU6
[    0.006221] CPU features: SANITY CHECK: Unexpected variation in SYS_ID_AA64MMFR1_EL1. Boot CPU: 0x1001111011312122, CPU6: 0x1001111010312122
[    0.006273] cacheinfo: Unable to detect cache hierarchy for CPU 6
[    0.006285] GICv3: CPU6: found redistributor 600 region 0:0x0000000010500000
[    0.006307] CPU6: Booted secondary processor 0x0000000600 [0x410fd811]
[    0.006948] Detected PIPT I-cache on CPU7
[    0.006955] CPU features: SANITY CHECK: Unexpected variation in SYS_ID_AA64MMFR1_EL1. Boot CPU: 0x1001111011312122, CPU7: 0x1001111010312122
[    0.007002] cacheinfo: Unable to detect cache hierarchy for CPU 7
[    0.007012] GICv3: CPU7: found redistributor 700 region 0:0x0000000010520000
[    0.007031] CPU7: Booted secondary processor 0x0000000700 [0x410fd821]
[    0.007069] smp: Brought up 1 node, 8 CPUs
[    0.007073] SMP: Total of 8 processors activated.
[    0.007075] CPU features: detected: Branch Target Identification
[    0.007078] CPU features: detected: ARMv8.4 Translation Table Level
[    0.007080] CPU features: detected: Data cache clean to the PoU not required for I/D coherence
[    0.007083] CPU features: detected: Common not Private translations
[    0.007085] CPU features: detected: CRC32 instructions
[    0.007086] CPU features: detected: E0PD
[    0.007087] CPU features: detected: Enhanced Counter Virtualization
[    0.007090] CPU features: detected: Enhanced Privileged Access Never
[    0.007093] CPU features: detected: Generic authentication (architected QARMA3 algorithm)
[    0.007095] CPU features: detected: RCpc load-acquire (LDAPR)
[    0.007096] CPU features: detected: LSE atomic instructions
[    0.007098] CPU features: detected: Privileged Access Never
[    0.007100] CPU features: detected: RAS Extension Support
[    0.007102] CPU features: detected: Speculation barrier (SB)
[    0.007103] CPU features: detected: Stage-2 Force Write-Back
[    0.007104] CPU features: detected: TLB range maintenance instructions
[    0.007106] CPU features: detected: WFx with timeout
[    0.007107] CPU features: detected: Protected KVM
[    0.007109] CPU features: detected: Speculative Store Bypassing Safe (SSBS)
[    0.007110] CPU features: detected: Scalable Vector Extension
[    0.007137] CPU features: detected CPU7: Activity Monitors Unit (AMU)
[    0.007138] CPU features: detected CPU0: Activity Monitors Unit (AMU)
[    0.007138] CPU features: detected CPU3: Activity Monitors Unit (AMU)
[    0.007138] CPU features: detected CPU2: Activity Monitors Unit (AMU)
[    0.007138] CPU features: detected CPU1: Activity Monitors Unit (AMU)
[    0.007138] CPU features: detected CPU5: Activity Monitors Unit (AMU)
[    0.007138] CPU features: detected CPU6: Activity Monitors Unit (AMU)
[    0.007138] CPU features: detected CPU4: Activity Monitors Unit (AMU)
[    0.007145] spectre-bhb mitigation disabled by compile time option
[    0.007163] SVE: maximum available vector length 16 bytes per vector
[    0.007166] SVE: default vector length 16 bytes per vector
[    0.007169] CPU: All CPU(s) started at EL2
[    0.007179] alternatives: applying system-wide alternatives
[    0.024396] clocksource: jiffies: mask: 0xffffffff max_cycles: 0xffffffff, max_idle_ns: 7645041785100000 ns
[    0.024411] futex hash table entries: 2048 (order: 5, 131072 bytes, linear)
[    0.032030] pinctrl core: initialized pinctrl subsystem
[    0.032307] NET: Registered PF_NETLINK/PF_ROUTE protocol family
[    0.033372] DMA: preallocated 4096 KiB GFP_KERNEL pool for atomic allocations
[    0.033509] thermal_sys: Registered thermal governor 'step_wise'
[    0.033511] thermal_sys: Registered thermal governor 'user_space'
[    0.033512] thermal_sys: Registered thermal governor 'power_allocator'
[    0.033538] cpuidle: using governor teo
[    0.033678] hw-breakpoint: found 6 breakpoint and 4 watchpoint registers.
[    0.033782] ASID allocator initialised with 65536 entries
[    0.034054] ramoops: found existing invalid buffer, size 39788, start 1088364
[    0.037750] printk: console [ramoops-1] enabled
[    0.037781] pstore: Registered ramoops as persistent store backend
[    0.037784] ramoops: using 0x400000@0xfd3ff000, ecc: 0
[    0.042709] /ete7: Fixed dependency cycle(s) with /funnel0
[    0.042733] /ete6: Fixed dependency cycle(s) with /funnel0
[    0.042750] /ete5: Fixed dependency cycle(s) with /funnel0
[    0.042764] /ete4: Fixed dependency cycle(s) with /funnel0
[    0.042778] /ete3: Fixed dependency cycle(s) with /funnel0
[    0.042792] /ete2: Fixed dependency cycle(s) with /funnel0
[    0.042806] /ete1: Fixed dependency cycle(s) with /funnel0
[    0.042819] /ete0: Fixed dependency cycle(s) with /funnel0
[    0.042833] /funnel0: Fixed dependency cycle(s) with /ete7
[    0.042845] /funnel0: Fixed dependency cycle(s) with /ete6
[    0.042858] /funnel0: Fixed dependency cycle(s) with /ete5
[    0.042871] /funnel0: Fixed dependency cycle(s) with /ete4
[    0.042883] /funnel0: Fixed dependency cycle(s) with /ete3
[    0.042897] /funnel0: Fixed dependency cycle(s) with /ete2
[    0.042911] /funnel0: Fixed dependency cycle(s) with /ete1
[    0.042923] /funnel0: Fixed dependency cycle(s) with /ete0
[    0.043006] /funnel0: Fixed dependency cycle(s) with /funnel@2a007000
[    0.043023] /funnel@2a007000: Fixed dependency cycle(s) with /funnel0
[    0.043133] /funnel@2a009000: Fixed dependency cycle(s) with /etf@2a004000
[    0.043148] /funnel@2a007000: Fixed dependency cycle(s) with /etf@2a004000
[    0.043162] /etf@2a004000: Fixed dependency cycle(s) with /funnel@2a009000
[    0.043176] /etf@2a004000: Fixed dependency cycle(s) with /funnel@2a007000
[    0.043230] /funnel@2a009000: Fixed dependency cycle(s) with /etr@2a00a000
[    0.043246] /etr@2a00a000: Fixed dependency cycle(s) with /funnel@2a009000
[    0.049036] /hsi2c@108D0000/max77759tcpc@25: Fixed dependency cycle(s) with /hsi2c@108D0000/max77759tcpc@25/connector
[    0.049048] /hsi2c@108D0000/max77759tcpc@25/connector: Fixed dependency cycle(s) with /hsi2c@108D0000/max77759tcpc@25
[    0.055048] /mct@10050000: Fixed dependency cycle(s) with /mct@10050000/mct-map
[    0.055122] /mct-v3@100D0000: Fixed dependency cycle(s) with /mct-v3@100D0000/mct-v3-map
[    0.059799] /drmdsim@19440000: Fixed dependency cycle(s) with /gs-drm-connector
[    0.059814] /gs-drm-connector: Fixed dependency cycle(s) with /drmdsim@19440000
[    0.060108] KASLR enabled
[    0.063911] iommu: Default domain type: Translated 
[    0.063916] iommu: DMA domain TLB invalidation policy: strict mode 
[    0.063992] SCSI subsystem initialized
[    0.064018] usbcore: registered new interface driver usbfs
[    0.064026] usbcore: registered new interface driver hub
[    0.064037] usbcore: registered new device driver usb
[    0.064077] mc: Linux media interface: v0.10
[    0.064084] videodev: Linux video capture interface: v2.00
[    0.064097] pps_core: LinuxPPS API ver. 1 registered
[    0.064099] pps_core: Software ver. 5.3.6 - Copyright 2005-2007 Rodolfo Giometti <giometti@linux.it>
[    0.064110] EDAC MC: Ver: 3.0.0
[    0.064310] Advanced Linux Sound Architecture Driver Initialized.
[    0.064609] clocksource: Switched to clocksource arch_sys_counter
[    0.064667] VFS: Disk quotas dquot_6.6.0
[    0.064680] VFS: Dquot-cache hash table entries: 512 (order 0, 4096 bytes)
[    0.064921] NET: Registered PF_INET protocol family
[    0.065033] IP idents hash table entries: 262144 (order: 9, 2097152 bytes, linear)
[    0.069003] tcp_listen_portaddr_hash hash table entries: 8192 (order: 5, 131072 bytes, linear)
[    0.069065] Table-perturb hash table entries: 65536 (order: 6, 262144 bytes, linear)
[    0.069115] TCP established hash table entries: 131072 (order: 8, 1048576 bytes, linear)
[    0.069322] TCP bind hash table entries: 65536 (order: 9, 2097152 bytes, linear)
[    0.069611] TCP: Hash tables configured (established 131072 bind 65536)
[    0.069657] UDP hash table entries: 8192 (order: 6, 262144 bytes, linear)
[    0.069740] UDP-Lite hash table entries: 8192 (order: 6, 262144 bytes, linear)
[    0.069822] NET: Registered PF_UNIX/PF_LOCAL protocol family
[    0.069838] NET: Registered PF_XDP protocol family
[    0.069844] PCI: CLS 0 bytes, default 64
[    0.070052] Trying to unpack rootfs image as initramfs...
[    0.084841] kvm [1]: IPA Size Limit: 40 bits
[    0.120476] kvm [1]: GICv3: no GICV resource entry
[    0.120490] kvm [1]: disabling GICv2 emulation
[    0.120518] kvm [1]: GIC system register CPU interface enabled
[    0.120701] kvm [1]: vgic interrupt IRQ18
[    0.120846] kvm [1]: Protected nVHE mode initialized successfully
[    0.121360] Initialise system trusted keyrings
[    0.121502] workingset: timestamp_bits=62 max_order=22 bucket_order=0
[    0.122541] fuse: init (API version 7.38)
[    0.147757] Key type asymmetric registered
[    0.147766] Asymmetric key parser 'x509' registered
[    0.147797] Block layer SCSI generic (bsg) driver version 0.4 loaded (major 244)
[    0.147819] io scheduler mq-deadline registered
[    0.147858] io scheduler bfq registered
[    0.149971] printk: console [ttynull0] enabled
[    0.150148] cacheinfo: Unable to detect cache hierarchy for CPU 0
[    0.151398] brd: module loaded
[    0.152573] loop: module loaded
[    0.152885] wireguard: WireGuard 1.0.0 loaded. See www.wireguard.com for information.
[    0.152892] wireguard: Copyright (C) 2015-2019 Jason A. Donenfeld <Jason@zx2c4.com>. All Rights Reserved.
[    0.153055] MACsec IEEE 802.1AE
[    0.153203] tun: Universal TUN/TAP device driver, 1.6
[    0.154055] usbcore: registered new interface driver uas
[    0.154068] usbcore: registered new interface driver usb-storage
[    0.154190] usbcore: registered new interface driver xpad
[    0.154243] gspca_main: v2.14.0 registered
[    0.154252] usbcore: registered new interface driver uvcvideo
[    0.154381] device-mapper: uevent: version 1.0.3
[    0.154428] device-mapper: ioctl: 4.47.0-ioctl (2022-07-28) initialised: dm-devel@redhat.com
[    0.154878] sdhci: Secure Digital Host Controller Interface driver
[    0.154883] sdhci: Copyright(c) Pierre Ossman
[    0.154887] sdhci-pltfm: SDHCI platform and OF driver helper
[    0.155224] SMCCC: SOC_ID: ARCH_SOC_ID not implemented, skipping ....
[    0.155243] hid: raw HID events driver (C) Jiri Kosina
[    0.155455] usbcore: registered new interface driver usbhid
[    0.155459] usbhid: USB HID core driver
[    0.155488] ashmem: initialized
[    0.158009] hw perfevents: enabled with armv8_pmuv3 PMU driver, 21 counters available
[    0.158340] hw perfevents: enabled with armv9_cortex_x2 PMU driver, 32 counters available
[    0.158616] gnss: GNSS driver registered with major 236
[    0.159404] KernelSU: feature: feature management initialized
[    0.159409] KernelSU: KernelSU IOCTL Commands:
[    0.159413] KernelSU:   GRANT_ROOT         = 0x00004b01
[    0.159418] KernelSU:   GET_INFO           = 0x80004b02
[    0.159422] KernelSU:   REPORT_EVENT       = 0x40004b03
[    0.159425] KernelSU:   SET_SEPOLICY       = 0xc0004b04
[    0.159429] KernelSU:   CHECK_SAFEMODE     = 0x80004b05
[    0.159432] KernelSU:   GET_ALLOW_LIST     = 0xc0004b06
[    0.159436] KernelSU:   GET_DENY_LIST      = 0xc0004b07
[    0.159439] KernelSU:   NEW_GET_ALLOW_LIST = 0xc0044b06
[    0.159442] KernelSU:   NEW_GET_DENY_LIST  = 0xc0044b07
[    0.159445] KernelSU:   UID_GRANTED_ROOT   = 0xc0004b08
[    0.159448] KernelSU:   UID_SHOULD_UMOUNT  = 0xc0004b09
[    0.159452] KernelSU:   GET_MANAGER_APPID  = 0x80004b0a
[    0.159454] KernelSU:   GET_APP_PROFILE    = 0xc0004b0b
[    0.159458] KernelSU:   SET_APP_PROFILE    = 0x40004b0c
[    0.159460] KernelSU:   GET_FEATURE        = 0xc0004b0d
[    0.159463] KernelSU:   SET_FEATURE        = 0x40004b0e
[    0.159466] KernelSU:   GET_WRAPPER_FD     = 0x40004b0f
[    0.159469] KernelSU:   MANAGE_MARK        = 0xc0004b10
[    0.159472] KernelSU:   NUKE_EXT4_SYSFS    = 0x40004b11
[    0.159475] KernelSU:   ADD_TRY_UMOUNT     = 0x40004b12
[    0.159477] KernelSU:   GET_HOOK_MODE      = 0x80004b62
[    0.159480] KernelSU:   GET_VERSION_TAG    = 0x80004b63
[    0.159484] KernelSU: sulog_init: allocated 2000 bytes on 0x00000000539a65e7 
[    0.159490] KernelSU: feature: registered handler for kernel_umount (id=1)
[    0.159494] KernelSU: feature: registered handler for su_compat (id=0)
[    0.159498] susfs:[0][1][susfs_init] susfs is initialized! version: v2.0.0 
[    0.159554] usbcore: registered new interface driver snd-usb-audio
[    0.159758] GACT probability NOT on
[    0.159770] Mirror/redirect action on
[    0.159784] netem: version 1.3
[    0.159796] u32 classifier
[    0.159799] input device check on
[    0.159802] Actions configured
[    0.160708] xt_time: kernel timezone is -0000
[    0.160802] ipip: IPv4 and MPLS over IPv4 tunneling driver
[    0.160978] gre: GRE over IPv4 demultiplexor driver
[    0.160983] ip_gre: GRE over IPv4 tunneling driver
[    0.161258] IPv4 over IPsec tunneling driver
[    0.161376] Initializing XFRM netlink socket
[    0.161385] IPsec XFRM device driver
[    0.161480] NET: Registered PF_INET6 protocol family
[    0.162073] Segment Routing with IPv6
[    0.162086] In-situ OAM (IOAM) with IPv6
[    0.162125] mip6: Mobile IPv6
[    0.162303] sit: IPv6, IPv4 and MPLS over IPv4 tunneling driver
[    0.162573] ip6_gre: GRE over IPv6 tunneling driver
[    0.162699] NET: Registered PF_PACKET protocol family
[    0.162709] NET: Registered PF_KEY protocol family
[    0.162765] NET: Registered PF_VSOCK protocol family
[    0.163010] wc-mbox 15200000.mbox: probe completed successfully
[    0.163069] wc-mbox 15220000.mbox: probe completed successfully
[    0.163113] wc-mbox 15240000.mbox: probe completed successfully
[    0.176972] Freeing initrd memory: 31140K
[    0.183755] exynos-pmu-if 15460000.exynos-pmu: exynos_pmu_if probe
[    0.184035] load_integrated_module: module 'pixel_suspend_diag' not found
[    0.184360] dpm: v1.01
[    0.184368] dpm: found features of debug policy
[    0.184374] dpm: dump-mode is Full Dump
[    0.184378] dpm: file-support of dump-mode is disabled
[    0.184385] dpm: debug-kinfo is enabled
[    0.184389] dpm: found policy of debug policy
[    0.184395] dpm: run [default] at [el1_da]
[    0.184399] dpm: run [default] at [el1_ia]
[    0.184404] dpm: run [default] at [el1_undef]
[    0.184409] dpm: run [default] at [el1_sp_pc]
[    0.184413] dpm: run [default] at [el1_inv]
[    0.184418] dpm: run [default] at [el1_serror]
[    0.184429] debug-snapshot dss: SJTAG is enabled
[    0.184446] item - header is enabled
[    0.184458] item - log_kevents is enabled
[    0.184540] debug-snapshot dss: log_bcm item is disabled, Skip alloc reserved memory
[    0.184548] item - log_s2d is enabled
[    0.184774] item - log_array_reset is enabled
[    0.184867] debug-snapshot dss: log_array_panic item is disabled, Skip alloc reserved memory
[    0.184875] debug-snapshot dss: log_slcdump item is disabled, Skip alloc reserved memory
[    0.184883] debug-snapshot dss: log_preslcdump item is disabled, Skip alloc reserved memory
[    0.184891] item - log_itmon is enabled
[    0.186567] debug-snapshot dss: debug-snapshot physical / virtual memory layout:
[    0.186573] header          : phys:0x00000000d8100000 / virt:00000000dfecfcc4 / size:0x10000 / en:1
[    0.186582] log_kevents     : phys:0x00000000d8110000 / virt:0000000074e328b8 / size:0x700000 / en:1
[    0.186589] log_s2d         : phys:0x00000000d8810000 / virt:000000003b24a5d1 / size:0x1800000 / en:1
[    0.186595] log_array_reset : phys:0x00000000da010000 / virt:0000000087e6bf6d / size:0xa00000 / en:1
[    0.186601] log_itmon       : phys:0x00000000dda10000 / virt:00000000019eb7dd / size:0x10000 / en:1
[    0.186608] debug-snapshot dss: total_item_size: 42112KB, dbg_snapshot_log struct size: 4120KB
[    0.186662] dss task log VH register failed
[    0.186666] dss wq start log VH register failed
[    0.186670] dss wq end log VH register failed
[    0.186675] debug-snapshot dss: enabled
[    0.186682] debug-snapshot-log physical / virtual memory layout:
[    0.186687] task_log    : phys:0x00000000d8110000 / virt:0000000074e328b8 / size:0x6c000 / en:1
[    0.186693] work_log    : phys:0x00000000d817c000 / virt:00000000065459cc / size:0x36000 / en:1
[    0.186699] cpuidle_log : phys:0x00000000d81b2000 / virt:00000000e6818468 / size:0x48000 / en:1
[    0.186704] suspend_log : phys:0x00000000d81fa000 / virt:000000007de54d4d / size:0x14000 / en:1
[    0.186710] clk_log     : phys:0x00000000d8376000 / virt:00000000669a370a / size:0xa000 / en:1
[    0.186716] pmu_log     : phys:0x00000000d8380000 / virt:00000000281e11ab / size:0x8000 / en:1
[    0.186722] freq_log    : phys:0x00000000d8388000 / virt:000000008be51cb6 / size:0xc0000 / en:1
[    0.186727] dm_log      : phys:0x00000000d8448000 / virt:0000000034ade3b9 / size:0xa000 / en:1
[    0.186733] regulator_log: phys:0x00000000d84ac000 / virt:00000000daabac52 / size:0xe000 / en:1
[    0.186739] thermal_log : phys:0x00000000d84ba000 / virt:00000000295b6cbd / size:0xc000 / en:1
[    0.186745] acpm_log    : phys:0x00000000d84c6000 / virt:000000009198174f / size:0x8000 / en:1
[    0.186751] printk_log  : phys:0x00000000d84ce000 / virt:00000000b9ac028e / size:0x48000 / en:1
[    0.186762] debug-snapshot dss: dbg_snapshot_probe successful.
[    0.187171] load_integrated_module: module 'gs_perf_mon' not found
[    0.187319] load_integrated_module: module 'sched_tp' not found
[    0.188501] gs-chipid 10000000.chipid: CPU[ZUMAPRO] CPU_REV[0x1] Detected
[    0.188998] ect_probe: Reserved memory for ect: addr=0x0000000090000000, size=60000
[    0.189015] exynos-ect exynos-ect: Exynos ect driver probe done!
[    0.189217] load_integrated_module: module 'systrace' not found
[    0.189319] load_integrated_module: module 'kernel_top' not found
[    0.189593] gs-acpm-ipc 15110000.acpm_ipc: acpm_ipc probe
[    0.190012] [ACPM] acpm framework SRAM dump to dram base: 0x88680000
[    0.190073] gs-acpm-ipc 15110000.acpm_ipc: acpm_ipc probe done.
[    0.190236] gs-acpm 15440000.acpm: acpm probe
[    0.190243] gs-acpm 15440000.acpm: acpm probe done.
[    0.190995] ECT version: 3020
[    0.191232] vclk initialize for cmucal
[    0.192717] cannot found vclk node f
[    0.192776] zuma_cal_data_init: cal data init
[    0.193544] async_dvfs_enable : Enabling Async DVFS
[    0.194186] load_integrated_module: module 'vh_sched' not found
[    0.194439] pixel_metrics: thermal_metrics driver initialized! :D
[    0.198445] samsung-pinctrl 16280000.pinctrl: irq number not available
[    0.198492] samsung-pinctrl 16290000.pinctrl: irq number not available
[    0.198536] samsung-pinctrl 162a0000.pinctrl: irq number not available
[    0.198578] samsung-pinctrl 162b0000.pinctrl: irq number not available
[    0.200780] ZUMA: Clock setup completed
[    0.201291] exynos-mct: osc-24576000 rtc-32768 incr_rtcclk:0x000002ee compen_val:0x00000000
[    0.201552] clocksource: mct-frc: mask: 0xffffffff max_cycles: 0xffffffff, max_idle_ns: 77769386669 ns
[    0.203542] exynos-pd 15461a80.pd-g3d: on
[    0.203587] exynos-pd 15461c80.pd-embedded_g3d: on
[    0.203603] exynos-pd 15461a80.pd-g3d: has new subdomain pd-embedded_g3d
[    0.203648] exynos-pd 15461d00.pd-dpub: on
[    0.203686] exynos-pd 15461d80.pd-dpuf0: on
[    0.203700] exynos-pd 15461d00.pd-dpub: has new subdomain pd-dpuf0
[    0.203728] exynos-pd 15461e00.pd-dpuf1: on
[    0.203742] exynos-pd 15461d00.pd-dpub: has new subdomain pd-dpuf1
[    0.203769] exynos-pd 15461e80.pd-g2d: on
[    0.203791] exynos-pd 15461f00.pd-gdc: on
[    0.203812] exynos-pd 15461f80.pd-gse: on
[    0.203832] exynos-pd 15462000.pd-mcsc: on
[    0.203852] exynos-pd 15462080.pd-mfc: on
[    0.203874] exynos-pd 15462100.pd-rgbp: on
[    0.203895] exynos-pd 15462180.pd-tnr: on
[    0.203917] exynos-pd 15462200.pd-yuvp: on
[    0.203938] exynos-pd 15462300.pd-aur: on
[    0.203958] exynos-pd 15462380.pd-bw: on
[    0.203977] exynos-pd 15462400.pd-eh: on
[    0.203998] exynos-pd 15462480.pd-ispfe: on
[    0.204017] exynos-pd 15462500.pd-tpu: on
[    0.204037] exynos-pd 15462a80.pd-hsi0: on
[    0.339385] pkvm-s2mpu-v9 20a80000.s2mpu_s0_aur: registered with hypervisor [0/29]
[    0.339668] pkvm-s2mpu-v9 1a670000.s2mpu_s0_bw: registered with hypervisor [1/29]
[    0.339830] pkvm-s2mpu-v9 29c50000.s2mpu_s0_cpucl0: registered with hypervisor [2/29]
[    0.339993] pkvm-s2mpu-v9 19870000.s2mpu_s0_dpuf0: registered with hypervisor [3/29]
[    0.340118] pkvm-s2mpu-v9 19c70000.s2mpu_s0_dpuf1: registered with hypervisor [4/29]
[    0.340239] pkvm-s2mpu-v9 16c70000.s2mpu_s0_eh: registered with hypervisor [5/29]
[    0.340355] pkvm-s2mpu-v9 1a8a0000.s2mpu_s0_g2d: registered with hypervisor [6/29]
[    0.340487] pkvm-s2mpu-v9 1ee70000.s2mpu_s0_g3d: registered with hypervisor [7/29]
[    0.340732] pkvm-s2mpu-v9 1d4f0000.s2mpu_s0_gdc: registered with hypervisor [8/29]
[    0.340909] pkvm-s2mpu-v9 1d8a0000.s2mpu_s0_gse: registered with hypervisor [9/29]
[    0.341062] pkvm-s2mpu-v9 11070000.s2mpu_s0_hsi0: registered with hypervisor [10/29]
[    0.341176] pkvm-s2mpu-v9 12090000.s2mpu_s0_hsi1: registered with hypervisor [11/29]
[    0.341382] pkvm-s2mpu-v9 131f0000.s2mpu_s0_hsi2: registered with hypervisor [12/29]
[    0.341678] pkvm-s2mpu-v9 1c140000.s2mpu_s0_ispfe: registered with hypervisor [13/29]
[    0.341838] pkvm-s2mpu-v9 1c180000.s2mpu_s1_ispfe: registered with hypervisor [14/29]
[    0.341991] pkvm-s2mpu-v9 1c1c0000.s2mpu_s2_ispfe: registered with hypervisor [15/29]
[    0.342154] pkvm-s2mpu-v9 1d0d0000.s2mpu_s0_mcsc: registered with hypervisor [16/29]
[    0.342312] pkvm-s2mpu-v9 1a4a0000.s2mpu_s0_mfc: registered with hypervisor [17/29]
[    0.342484] pkvm-s2mpu-v9 101f0000.s2mpu_s0_misc: registered with hypervisor [18/29]
[    0.342780] pkvm-s2mpu-v9 1c4d0000.s2mpu_s0_rgbp: registered with hypervisor [19/29]
[    0.342936] pkvm-s2mpu-v9 1c510000.s2mpu_s1_rgbp: registered with hypervisor [20/29]
[    0.343106] pkvm-s2mpu-v9 1ccb0000.s2mpu_s0_tnr: registered with hypervisor [21/29]
[    0.343293] pkvm-s2mpu-v9 1ccf0000.s2mpu_s1_tnr: registered with hypervisor [22/29]
[    0.343499] pkvm-s2mpu-v9 1cd30000.s2mpu_s2_tnr: registered with hypervisor [23/29]
[    0.343658] pkvm-s2mpu-v9 1a370000.s2mpu_s0_tpu: registered with hypervisor [24/29]
[    0.343774] pkvm-s2mpu-v9 1c8a0000.s2mpu_s0_yuvp: registered with hypervisor [25/29]
[    0.343923] pkvm-s2mpu-v9 16470000.s2mpu_s0_gsa: registered with hypervisor [26/29]
[    0.344703] pkvm-s2mpu-v9 190c0000.s2mpu_s0_aoc: registered with hypervisor [27/29]
[    0.344842] pkvm-s2mpu-v9 155b0000.s2mpu_s0_alive: registered with hypervisor [28/29]
[    0.344845] List of devices successfully finalized for pkvm s2mpu
[    0.348365] registered taskstats version 1
[    0.348401] Loading compiled-in X.509 certificates
[    0.348437] Key type .fscrypt registered
[    0.348442] Key type fscrypt-provisioning registered
[    0.348513] pstore: Invalid compression size for deflate: 0
[    0.350808] input: gpio_keys as /devices/platform/gpio_keys/input/input0
[    0.351909] clk: Not disabling unused clocks
[    0.351974] ALSA device list:
[    0.351982] No soundcards found.
[    0.352388] Freeing unused kernel memory: 2496K
[    0.352547] Failed to set sysctl parameter 'kernel.sched_pelt_multiplier=4': parameter not found
[    0.352629] Run /init as init process
[    0.352633] with arguments:
[    0.352634] /init
[    0.352635] kasan_multi_shot
[    0.352637] with environment:
[    0.352638] HOME=/
[    0.352640] TERM=linux
[    0.352640] stack_depot_disable=on
[    0.352642] softlockup_panic=1
[    0.352643] dyndbg=func alloc_contig_dump_pages +p
[    0.352644] kasan=off
[    0.354289] init: init first stage started!
[    0.355408] init: alias lines in modules.alias must have 3 entries, not 5
[    0.357669] init: Loading module /lib/modules/fips140.ko with args ''
[    0.357884] load_integrated_module: module 'fips140' not found
[    0.357947] init: Loaded kernel module /lib/modules/fips140.ko
[    0.357995] init: Loading module /lib/modules/zsmalloc.ko with args ''
[    0.358122] init: Loaded kernel module /lib/modules/zsmalloc.ko
[    0.358166] init: Loading module /lib/modules/drm_display_helper.ko with args ''
[    0.358320] init: Loaded kernel module /lib/modules/drm_display_helper.ko
[    0.358365] init: Loading module /lib/modules/at24.ko with args 'write_timeout=100'
[    0.358476] init: Loaded kernel module /lib/modules/at24.ko
[    0.358519] init: Loading module /lib/modules/open-dice.ko with args ''
[    0.358770] init: Loaded kernel module /lib/modules/open-dice.ko
[    0.358811] init: Loading module /lib/modules/sg.ko with args ''
[    0.358939] init: Loaded kernel module /lib/modules/sg.ko
[    0.358980] init: Loading module /lib/modules/spidev.ko with args ''
[    0.359074] init: Loaded kernel module /lib/modules/spidev.ko
[    0.359114] init: Loading module /lib/modules/i2c-dev.ko with args ''
[    0.359186] i2c_dev: i2c /dev entries driver
[    0.359202] init: Loaded kernel module /lib/modules/i2c-dev.ko
[    0.359239] init: Loading module /lib/modules/arm-cmn.ko with args ''
[    0.361480] init: Loaded kernel module /lib/modules/arm-cmn.ko
[    0.361586] init: Loading module /lib/modules/exynos-pd_el3.ko with args ''
[    0.361656] init: Loaded kernel module /lib/modules/exynos-pd_el3.ko
[    0.361697] init: Loading module /lib/modules/eusb_repeater.ko with args ''
[    0.361770] init: Loaded kernel module /lib/modules/eusb_repeater.ko
[    0.361809] init: Loading module /lib/modules/exynos-pd_hsi0.ko with args ''
[    0.361862] init: Loaded kernel module /lib/modules/exynos-pd_hsi0.ko
[    0.361875] init: Loading module /lib/modules/phy-exynos-usbdrd-eusb-super.ko with args ''
[    0.361954] init: Loaded kernel module /lib/modules/phy-exynos-usbdrd-eusb-super.ko
[    0.362024] init: Loading module /lib/modules/exynos-pmu-if.ko with args ''
[    0.362082] init: Loaded kernel module /lib/modules/exynos-pmu-if.ko
[    0.362092] init: Loading module /lib/modules/phy-exynos-mipi-dsim.ko with args ''
[    0.362178] exynos-mipi-phy dphy_m4s4_dsim0@19460000: exynos_mipi_phy_probe: isolation 0x3eb8
[    0.362225] exynos-mipi-phy dphy_m4s4_dsim0@19460000: creating exynos-mipi-phy
[    0.362482] init: Loaded kernel module /lib/modules/phy-exynos-mipi-dsim.ko
[    0.362525] init: Loading module /lib/modules/phy-exynos-mipi.ko with args ''
[    0.362924] exynos-mipi-phy-csi 1c101200.dcphy_m0s4s4s4s4s4_csi0: exynos_mipi_phy_probe: isolation 0x3ebc
[    0.362930] exynos-mipi-phy-csi 1c101200.dcphy_m0s4s4s4s4s4_csi0: exynos_mipi_phy_probe: reset 0
[    0.362966] exynos-mipi-phy-csi 1c101200.dcphy_m0s4s4s4s4s4_csi0: creating exynos-mipi-phy
[    0.363011] exynos-mipi-phy-csi 1c101700.dcphy_m0s4s4s4s4s4_csi0: exynos_mipi_phy_probe: isolation 0x3ebc
[    0.363016] exynos-mipi-phy-csi 1c101700.dcphy_m0s4s4s4s4s4_csi0: exynos_mipi_phy_probe: reset 1
[    0.363042] exynos-mipi-phy-csi 1c101700.dcphy_m0s4s4s4s4s4_csi0: creating exynos-mipi-phy
[    0.363082] exynos-mipi-phy-csi 1c102200.dcphy_m0s4s4s4s4s4_csi0: exynos_mipi_phy_probe: isolation 0x3ebc
[    0.363087] exynos-mipi-phy-csi 1c102200.dcphy_m0s4s4s4s4s4_csi0: exynos_mipi_phy_probe: reset 2
[    0.363114] exynos-mipi-phy-csi 1c102200.dcphy_m0s4s4s4s4s4_csi0: creating exynos-mipi-phy
[    0.363147] exynos-mipi-phy-csi 1c102700.dcphy_m0s4s4s4s4s4_csi0: exynos_mipi_phy_probe: isolation 0x3ebc
[    0.363151] exynos-mipi-phy-csi 1c102700.dcphy_m0s4s4s4s4s4_csi0: exynos_mipi_phy_probe: reset 3
[    0.363187] exynos-mipi-phy-csi 1c102700.dcphy_m0s4s4s4s4s4_csi0: creating exynos-mipi-phy
[    0.363217] exynos-mipi-phy-csi 1c102c00.dcphy_m0s4s4s4s4s4_csi0: exynos_mipi_phy_probe: isolation 0x3ebc
[    0.363221] exynos-mipi-phy-csi 1c102c00.dcphy_m0s4s4s4s4s4_csi0: exynos_mipi_phy_probe: reset 4
[    0.363265] exynos-mipi-phy-csi 1c102c00.dcphy_m0s4s4s4s4s4_csi0: creating exynos-mipi-phy
[    0.363302] exynos-mipi-phy-csi 1c103100.dcphy_m0s4s4s4s4s4_csi0: exynos_mipi_phy_probe: isolation 0x3ebc
[    0.363307] exynos-mipi-phy-csi 1c103100.dcphy_m0s4s4s4s4s4_csi0: exynos_mipi_phy_probe: reset 5
[    0.363334] exynos-mipi-phy-csi 1c103100.dcphy_m0s4s4s4s4s4_csi0: creating exynos-mipi-phy
[    0.363373] exynos-mipi-phy-csi 1c103600.dcphy_m0s4s4s4s4s4_csi0: exynos_mipi_phy_probe: isolation 0x3ebc
[    0.363378] exynos-mipi-phy-csi 1c103600.dcphy_m0s4s4s4s4s4_csi0: exynos_mipi_phy_probe: reset 6
[    0.363400] exynos-mipi-phy-csi 1c103600.dcphy_m0s4s4s4s4s4_csi0: creating exynos-mipi-phy
[    0.363438] exynos-mipi-phy-csi 1c103700.dcphy_m0s4s4s4s4s4_csi0: exynos_mipi_phy_probe: isolation 0x3ebc
[    0.363443] exynos-mipi-phy-csi 1c103700.dcphy_m0s4s4s4s4s4_csi0: exynos_mipi_phy_probe: reset 7
[    0.363468] exynos-mipi-phy-csi 1c103700.dcphy_m0s4s4s4s4s4_csi0: creating exynos-mipi-phy
[    0.363503] exynos-mipi-phy-csi 1c103c00.dcphy_m0s4s4s4s4s4_csi0: exynos_mipi_phy_probe: isolation 0x3ebc
[    0.363507] exynos-mipi-phy-csi 1c103c00.dcphy_m0s4s4s4s4s4_csi0: exynos_mipi_phy_probe: reset 8
[    0.363533] exynos-mipi-phy-csi 1c103c00.dcphy_m0s4s4s4s4s4_csi0: creating exynos-mipi-phy
[    0.363681] init: Loaded kernel module /lib/modules/phy-exynos-mipi.ko
[    0.363732] init: Loading module /lib/modules/pinctrl-exynos-gs.ko with args ''
[    0.363825] init: Loaded kernel module /lib/modules/pinctrl-exynos-gs.ko
[    0.363901] init: Loading module /lib/modules/pixel-suspend-diag.ko with args ''
[    0.363938] load_integrated_module: module 'pixel_suspend_diag' not found
[    0.363949] init: Loaded kernel module /lib/modules/pixel-suspend-diag.ko
[    0.363990] init: Loading module /lib/modules/dss.ko with args ''
[    0.364099] init: Loaded kernel module /lib/modules/dss.ko
[    0.364139] init: Loading module /lib/modules/gs_perf_mon.ko with args ''
[    0.364181] load_integrated_module: module 'gs_perf_mon' not found
[    0.364191] init: Loaded kernel module /lib/modules/gs_perf_mon.ko
[    0.364228] init: Loading module /lib/modules/sched_tp.ko with args ''
[    0.364293] load_integrated_module: module 'sched_tp' not found
[    0.364304] init: Loaded kernel module /lib/modules/sched_tp.ko
[    0.364344] init: Loading module /lib/modules/gs-chipid.ko with args ''
[    0.364398] init: Loaded kernel module /lib/modules/gs-chipid.ko
[    0.364437] init: Loading module /lib/modules/ect_parser.ko with args ''
[    0.364510] init: Loaded kernel module /lib/modules/ect_parser.ko
[    0.364549] init: Loading module /lib/modules/systrace.ko with args ''
[    0.364583] load_integrated_module: module 'systrace' not found
[    0.364593] init: Loaded kernel module /lib/modules/systrace.ko
[    0.364647] init: Loading module /lib/modules/kernel-top.ko with args ''
[    0.364682] load_integrated_module: module 'kernel_top' not found
[    0.364690] init: Loaded kernel module /lib/modules/kernel-top.ko
[    0.364732] init: Loading module /lib/modules/gs_acpm.ko with args ''
[    0.364804] init: Loaded kernel module /lib/modules/gs_acpm.ko
[    0.364847] init: Loading module /lib/modules/cmupmucal.ko with args ''
[    0.365447] init: Loaded kernel module /lib/modules/cmupmucal.ko
[    0.365503] init: Loading module /lib/modules/vh_sched.ko with args ''
[    0.366046] load_integrated_module: module 'vh_sched' not found
[    0.366166] init: Loaded kernel module /lib/modules/vh_sched.ko
[    0.366221] init: Loading module /lib/modules/pixel_metrics.ko with args ''
[    0.366312] init: Loaded kernel module /lib/modules/pixel_metrics.ko
[    0.366423] init: Loading module /lib/modules/clk_exynos_gs.ko with args ''
[    0.366506] init: Loaded kernel module /lib/modules/clk_exynos_gs.ko
[    0.366517] init: Loading module /lib/modules/exynos_mct_v3.ko with args ''
[    0.366576] init: Loaded kernel module /lib/modules/exynos_mct_v3.ko
[    0.366610] init: Loading module /lib/modules/exynos-cpupm.ko with args ''
[    0.366670] init: Loaded kernel module /lib/modules/exynos-cpupm.ko
[    0.366711] init: Loading module /lib/modules/logbuffer.ko with args ''
[    0.366747] load_integrated_module: module 'logbuffer' not found
[    0.366756] init: Loaded kernel module /lib/modules/logbuffer.ko
[    0.366801] init: Loading module /lib/modules/exynos_pm_qos.ko with args ''
[    0.366858] init: Loaded kernel module /lib/modules/exynos_pm_qos.ko
[    0.366899] init: Loading module /lib/modules/itmon.ko with args ''
[    0.366951] load_integrated_module: module 'itmon' not found
[    0.366960] init: Loaded kernel module /lib/modules/itmon.ko
[    0.366998] init: Loading module /lib/modules/exynos-pcie-iommu.ko with args ''
[    0.367499] pcie-sysmmu 12060000.sysmmu: Enable map once.
[    0.367506] pcie-sysmmu 12060000.sysmmu: Number of PMMU : 1.
[    0.367546] pcie-sysmmu 12060000.sysmmu: Probe HSI1 block, PCIe VID : 0
[    0.367550] pcie-sysmmu 12060000.sysmmu: L1Page Table Address : 0x0x0000000088d80000(phys)
[    0.367556] pcie-sysmmu 12060000.sysmmu: is probed. Version 9.0.0 - MAX VM : 8, 36bit addr : 1
[    0.367707] init: Loaded kernel module /lib/modules/exynos-pcie-iommu.ko
[    0.367752] init: Loading module /lib/modules/sbb-mux.ko with args ''
[    0.367826] sbb-mux: Initializing signal [0, '0']...
[    0.367838] sbb-mux: Initializing signal [1, '1']...
[    0.367845] sbb-mux: Initializing signal [2, 'kernel_test']...
[    0.367852] sbb-mux: Initializing signal [3, 'userland_test']...
[    0.367860] sbb-mux: Initializing signal [4, 'gp_region_0']...
[    0.367866] sbb-mux: Initializing signal [5, 'gp_region_1']...
[    0.367872] sbb-mux: Initializing signal [6, 'gp_region_2']...
[    0.367877] sbb-mux: Initializing signal [7, 'gp_region_3']...
[    0.367885] sbb-mux: Initializing signal [8, 'k_gp_region_0']...
[    0.367891] sbb-mux: Initializing signal [9, 'k_gp_region_1']...
[    0.367896] sbb-mux: Initializing signal [10, 'k_gp_region_2']...
[    0.367903] sbb-mux: Initializing signal [11, 'k_gp_region_3']...
[    0.367909] sbb-mux: Initializing signal [12, 'app_misc0']...
[    0.367914] sbb-mux: Initializing signal [13, 'app_misc1']...
[    0.367920] sbb-mux: Initializing signal [14, 'app_misc2']...
[    0.367925] sbb-mux: Initializing signal [15, 'app_misc3']...
[    0.367932] sbb-mux: Initializing signal [16, 'app_misc4']...
[    0.367937] sbb-mux: Initializing signal [17, 'app_misc5']...
[    0.367943] sbb-mux: Initializing signal [18, 'app_misc6']...
[    0.367949] sbb-mux: Initializing signal [19, 'app_misc7']...
[    0.367954] sbb-mux: Initializing signal [20, 'app_misc8']...
[    0.367960] sbb-mux: Initializing signal [21, 'app_misc9']...
[    0.367966] sbb-mux: Initializing signal [22, 'cam_misc0']...
[    0.367972] sbb-mux: Initializing signal [23, 'cam_misc1']...
[    0.367977] sbb-mux: Initializing signal [24, 'cam_misc2']...
[    0.367982] sbb-mux: Initializing signal [25, 'cam_misc3']...
[    0.367988] sbb-mux: Initializing signal [26, 'cam_misc4']...
[    0.367994] sbb-mux: Initializing signal [27, 'cam_misc5']...
[    0.368000] sbb-mux: Initializing signal [28, 'cam_misc6']...
[    0.368005] sbb-mux: Initializing signal [29, 'cam_misc7']...
[    0.368010] sbb-mux: Initializing signal [30, 'cam_misc8']...
[    0.368017] sbb-mux: Initializing signal [31, 'cam_misc9']...
[    0.368023] sbb-mux: Initializing signal [32, 'ufs_active_idle']...
[    0.368029] sbb-mux: Initializing signal [33, 'ufs_power_on']...
[    0.368035] sbb-mux: Initializing signal [34, 'ufs_io_outstanding']...
[    0.368042] sbb-mux: Initializing signal [35, 'cp2ap_wake_isr']...
[    0.368047] sbb-mux: Initializing signal [36, 'pcie_link_state']...
[    0.368172] sbb-mux: Calling sbb_mux_drv_probe!
[    0.368211] sbb-mux: Num GPIOs: 3.
[    0.368228] sbb-mux: GPIO system id: 18.
[    0.368249] Correctly initialized GPIO tracker #18 for GPIO C1_T0__XAPC_USI2_CTSn_CSn!
[    0.368261] sbb-mux: GPIO system id: 61.
[    0.368275] Correctly initialized GPIO tracker #61 for GPIO C1_T1__XAPC_USI9_RTSn_DI!
[    0.368282] sbb-mux: GPIO system id: 62.
[    0.368292] Correctly initialized GPIO tracker #62 for GPIO C1_T2__XAPC_USI9_CTSn_CSn!
[    0.368334] sbb-mux: Registered! :D
[    0.368346] init: Loaded kernel module /lib/modules/sbb-mux.ko
[    0.368395] init: Loading module /lib/modules/pcie-exynos-zuma-rc-cal.ko with args ''
[    0.368472] init: Loaded kernel module /lib/modules/pcie-exynos-zuma-rc-cal.ko
[    0.368499] init: Loading module /lib/modules/pcie-exynos-gs.ko with args ''
[    0.368765] exynos-pcie-rc 12100000.pcie: ## PCIe RC PROBE start
[    0.368790] exynos-pcie-rc 12100000.pcie: ## PCIe ch 0 ##
[    0.368797] exynos-pcie-rc 12100000.pcie: logbuffer register failed
[    0.368812] exynos-pcie-rc 12100000.pcie: Failed to parse the number of chip-ver, default '0'
[    0.368817] exynos-pcie-rc 12100000.pcie: parse the number of lanes: 2
[    0.368822] exynos-pcie-rc 12100000.pcie: parse the separated msi: 1
[    0.368826] exynos-pcie-rc 12100000.pcie: Cache Coherency unit is ENABLED.
[    0.368831] exynos-pcie-rc 12100000.pcie: MSI is ENABLED.
[    0.368836] exynos-pcie-rc 12100000.pcie: ## PCIe don't support 64-bit MSI addressing
[    0.368840] exynos-pcie-rc 12100000.pcie: ## PCIe use SICD
[    0.368844] exynos-pcie-rc 12100000.pcie: ## PCIe use PCIE ON Sleep
[    0.368849] exynos-pcie-rc 12100000.pcie: PCIe SysMMU is ENABLED.
[    0.368853] exynos-pcie-rc 12100000.pcie: PCIe I/A is DISABLED.
[    0.368857] exynos-pcie-rc 12100000.pcie: PCIe L1SS(L1.2) is ENABLED.
[    0.368864] exynos-pcie-rc 12100000.pcie: exynos_pcie_rc_parse_dt: pcie int_min_lock = 200000
[    0.368954] exynos-pcie-rc 12100000.pcie: wlan gpio is not defined -> don't use wifi through pcie#0
[    0.368959] exynos-pcie-rc 12100000.pcie: ssd gpio is not defined -> don't use ssd through pcie#0
[    0.368964] exynos-pcie-rc 12100000.pcie: customized de-emphasis enable 0 with value: 0
[    0.369010] exynos-pcie-rc 12100000.pcie: No idle pin state(but it's OK)!!
[    0.369064] exynos-pcie-rc 12100000.pcie: Initialize PHY functions.
[    0.369068] exynos-pcie-rc 12100000.pcie: Initialize PCIe function.
[    0.369145] exynos-pcie-rc 12100000.pcie: PCIe cap [0x1][Power Management]: 0x40
[    0.369151] exynos-pcie-rc 12100000.pcie: PCIe cap [0x5][Message Signalled Interrupts]: 0x50
[    0.369155] exynos-pcie-rc 12100000.pcie: PCIe cap [0x10][PCI Express]: 0x70
[    0.369160] exynos-pcie-rc 12100000.pcie: PCIe ext cap [0x1][Advanced Error Reporting]: 0x100
[    0.369165] exynos-pcie-rc 12100000.pcie: PCIe ext cap [0x19][Secondary PCIe Capability]: 0x148
[    0.369170] exynos-pcie-rc 12100000.pcie: PCIe ext cap [0x1e][L1 PM Substates]: 0x160
[    0.369175] exynos-pcie-rc 12100000.pcie: PCIe ext cap [0x25][Data Link Feature]: 0x170
[    0.369246] exynos-pcie-rc 12100000.pcie: 148 separated MSI irq is defined.
[    0.369272] exynos-pcie-rc 12100000.pcie: 149 separated MSI irq is defined.
[    0.369286] exynos-pcie-rc 12100000.pcie: 150 separated MSI irq is defined.
[    0.369302] exynos-pcie-rc 12100000.pcie: 151 separated MSI irq is defined.
[    0.369317] exynos-pcie-rc 12100000.pcie: 152 separated MSI irq is defined.
[    0.369347] exynos-pcie-rc 12100000.pcie: host bridge /pcie@12100000 ranges:
[    0.369355] exynos-pcie-rc 12100000.pcie:   No bus range found for /pcie@12100000, using [bus 00-ff]
[    0.369368] exynos-pcie-rc 12100000.pcie:      MEM 0x0040000000..0x0040feffff -> 0x0040000000
[    0.369437] exynos-pcie-rc 12100000.pcie: No iATU regions found
[    0.369441] exynos-pcie-rc 12100000.pcie: iATU unroll: enabled
[    0.369446] exynos-pcie-rc 12100000.pcie: iATU regions: 0 ob, 0 ib, align 0K, limit 0G
[    0.369861] exynos-pcie-rc 12100000.pcie: PCI host bridge to bus 0000:00
[    0.369868] pci_bus 0000:00: root bus resource [bus 00-ff]
[    0.369875] pci_bus 0000:00: root bus resource [mem 0x40000000-0x40feffff]
[    0.369905] pci 0000:00:00.0: [144d:ecec] type 01 class 0x060400
[    0.370031] pci 0000:00:00.0: PME# supported from D0 D3hot D3cold
[    0.375952] pci 0000:00:00.0: PCI bridge to [bus 01-ff]
[    0.375982] [exynos_pcie_quirks] async suspend disabled
[    0.376581] pcieport 0000:00:00.0: PME: Signaling with IRQ 154
[    0.376927] pcieport 0000:00:00.0: AER: enabled with IRQ 154
[    0.377067] exynos-pcie-rc 12100000.pcie: PCIE idle ip index : 14
[    0.377074] exynos-pcie-rc 12100000.pcie: exynos_pcie_rc_probe, ip idle status : 1, idle_ip_index: 14
[    0.377561] exynos-pcie-rc 12100000.pcie: ## register pcie connection function
[    0.377575] exynos-pcie-rc 12100000.pcie: ## exynos_pcie_rc_probe: PCIe probe success
[    0.377721] exynos-pcie-rc 13120000.pcie: ## PCIe RC PROBE start
[    0.377743] exynos-pcie-rc 13120000.pcie: ## PCIe ch 1 ##
[    0.377749] exynos-pcie-rc 13120000.pcie: logbuffer register failed
[    0.377768] exynos-pcie-rc 13120000.pcie: Failed to parse the number of chip-ver, default '0'
[    0.377772] exynos-pcie-rc 13120000.pcie: parse the number of lanes: 1
[    0.377779] exynos-pcie-rc 13120000.pcie: Unset separated-msi value, default '0'
[    0.377785] exynos-pcie-rc 13120000.pcie: MSI is ENABLED.
[    0.377790] exynos-pcie-rc 13120000.pcie: ## PCIe don't support 64-bit MSI addressing
[    0.377794] exynos-pcie-rc 13120000.pcie: ## PCIe use SICD
[    0.377799] exynos-pcie-rc 13120000.pcie: ## PCIe don't use PCIE ON Sleep
[    0.377804] exynos-pcie-rc 13120000.pcie: PCIe SysMMU is DISABLED.
[    0.377808] exynos-pcie-rc 13120000.pcie: PCIe I/A is DISABLED.
[    0.377812] exynos-pcie-rc 13120000.pcie: PCIe L1SS(L1.2) is ENABLED.
[    0.377818] exynos-pcie-rc 13120000.pcie: exynos_pcie_rc_parse_dt: pcie int_min_lock = 200000
[    0.377922] exynos-pcie-rc 13120000.pcie: ssd gpio is not defined -> don't use ssd through pcie#1
[    0.377933] exynos-pcie-rc 13120000.pcie: customized de-emphasis enable 0 with value: 0
[    0.377992] exynos-pcie-rc 13120000.pcie: No idle pin state(but it's OK)!!
[    0.378049] exynos-pcie-rc 13120000.pcie: Initialize PHY functions.
[    0.378053] exynos-pcie-rc 13120000.pcie: Initialize PCIe function.
[    0.378144] exynos-pcie-rc 13120000.pcie: Disable PCIE2 PHY
[    0.378247] exynos-pcie-rc 13120000.pcie: PCIe cap [0x1][Power Management]: 0x40
[    0.378253] exynos-pcie-rc 13120000.pcie: PCIe cap [0x5][Message Signalled Interrupts]: 0x50
[    0.378257] exynos-pcie-rc 13120000.pcie: PCIe cap [0x10][PCI Express]: 0x70
[    0.378262] exynos-pcie-rc 13120000.pcie: PCIe ext cap [0x1][Advanced Error Reporting]: 0x100
[    0.378267] exynos-pcie-rc 13120000.pcie: PCIe ext cap [0x19][Secondary PCIe Capability]: 0x148
[    0.378271] exynos-pcie-rc 13120000.pcie: PCIe ext cap [0x1e][L1 PM Substates]: 0x160
[    0.378275] exynos-pcie-rc 13120000.pcie: PCIe ext cap [0x25][Data Link Feature]: 0x170
[    0.378353] exynos-pcie-rc 13120000.pcie: host bridge /pcie@13120000 ranges:
[    0.378363] exynos-pcie-rc 13120000.pcie:   No bus range found for /pcie@13120000, using [bus 00-ff]
[    0.378381] exynos-pcie-rc 13120000.pcie:      MEM 0x0060000000..0x0060feffff -> 0x0060000000
[    0.378456] exynos-pcie-rc 13120000.pcie: No iATU regions found
[    0.378460] exynos-pcie-rc 13120000.pcie: iATU unroll: enabled
[    0.378464] exynos-pcie-rc 13120000.pcie: iATU regions: 0 ob, 0 ib, align 0K, limit 0G
[    0.378551] exynos-pcie-rc 13120000.pcie: PCI host bridge to bus 0001:00
[    0.378557] pci_bus 0001:00: root bus resource [bus 00-ff]
[    0.378562] pci_bus 0001:00: root bus resource [mem 0x60000000-0x60feffff]
[    0.378596] pci 0001:00:00.0: [144d:eced] type 01 class 0x060400
[    0.378619] pci 0001:00:00.0: reg 0x10: [mem 0x00000000-0x000fffff]
[    0.378641] pci 0001:00:00.0: reg 0x38: [mem 0x00000000-0x0000ffff pref]
[    0.378751] pci 0001:00:00.0: PME# supported from D0 D3hot D3cold
[    0.384252] pci 0001:00:00.0: BAR 0: assigned [mem 0x60000000-0x600fffff]
[    0.384266] pci 0001:00:00.0: BAR 6: assigned [mem 0x60100000-0x6010ffff pref]
[    0.384273] pci 0001:00:00.0: PCI bridge to [bus 01-ff]
[    0.384299] [exynos_pcie_quirks] async suspend disabled
[    0.384911] pcieport 0001:00:00.0: PME: Signaling with IRQ 156
[    0.385288] pcieport 0001:00:00.0: AER: enabled with IRQ 156
[    0.385436] exynos-pcie-rc 13120000.pcie: PCIE idle ip index : 15
[    0.385444] exynos-pcie-rc 13120000.pcie: exynos_pcie_rc_probe, ip idle status : 1, idle_ip_index: 15
[    0.385898] exynos-pcie-rc 13120000.pcie: ## exynos_pcie_rc_probe: PCIe probe success
[    0.386056] init: Loaded kernel module /lib/modules/pcie-exynos-gs.ko
[    0.386121] init: Loading module /lib/modules/pl330.ko with args ''
[    0.387810] dma-pl330 10110000.pdma0: Loaded driver for PL330 DMAC-341330
[    0.387819] dma-pl330 10110000.pdma0: 	DBUFF-32x4bytes Num_Chans-8 Num_Peri-32 Num_Events-32
[    0.388541] dma-pl330 10130000.pdma1: Loaded driver for PL330 DMAC-341330
[    0.388547] dma-pl330 10130000.pdma1: 	DBUFF-32x4bytes Num_Chans-8 Num_Peri-32 Num_Events-32
[    0.388593] init: Loaded kernel module /lib/modules/pl330.ko
[    0.388656] init: Loading module /lib/modules/samsung-dma.ko with args ''
[    0.388731] init: Loaded kernel module /lib/modules/samsung-dma.ko
[    0.388776] init: Loading module /lib/modules/debug-snapshot-debug-kinfo.ko with args ''
[    0.389138] init: Loaded kernel module /lib/modules/debug-snapshot-debug-kinfo.ko
[    0.389216] init: Loading module /lib/modules/trusty-core.ko with args ''
[    0.389900] trusty trusty: trusty version: Project: ripcurrentpro, Build: 14060607, Built: 08:47:58 Sep  8 2025
[    0.389933] trusty trusty: selected api version: 5 (requested 5)
[    0.394164] init: Loaded kernel module /lib/modules/trusty-core.ko
[    0.394225] init: Loading module /lib/modules/hardlockup-watchdog.ko with args ''
[    0.394391] hardlockup-watchdog hardlockup-watchdog: sampling_time = 4sec, opportunity_cnt = 3, panic = 1
[    0.394774] hardlockup-watchdog hardlockup-watchdog: Hardlockup Watchdog driver
[    0.394980] init: Loaded kernel module /lib/modules/hardlockup-watchdog.ko
[    0.395030] init: Loading module /lib/modules/trusty-ipc.ko with args ''
[    0.395167] init: Loaded kernel module /lib/modules/trusty-ipc.ko
[    0.395239] init: Loading module /lib/modules/gsa.ko with args ''
[    0.395434] gsa 16490000.gsa-ns: linked to 16470000.s2mpu_s0_gsa
[    0.395854] init: Loaded kernel module /lib/modules/gsa.ko
[    0.395909] init: Loading module /lib/modules/exynos-adv-tracer.ko with args ''
[    0.395963] load_integrated_module: module 'exynos_adv_tracer' not found
[    0.395974] init: Loaded kernel module /lib/modules/exynos-adv-tracer.ko
[    0.396021] init: Loading module /lib/modules/sjtag-driver.ko with args ''
[    0.396065] load_integrated_module: module 'sjtag_driver' not found
[    0.396078] init: Loaded kernel module /lib/modules/sjtag-driver.ko
[    0.396101] init: Loading module /lib/modules/ehld.ko with args ''
[    0.396146] load_integrated_module: module 'ehld' not found
[    0.396157] init: Loaded kernel module /lib/modules/ehld.ko
[    0.396229] init: Loading module /lib/modules/pixel-debug-test.ko with args ''
[    0.396271] load_integrated_module: module 'pixel_debug_test' not found
[    0.396282] init: Loaded kernel module /lib/modules/pixel-debug-test.ko
[    0.396291] init: Loading module /lib/modules/exynos-debug-test.ko with args ''
[    0.396332] load_integrated_module: module 'exynos_debug_test' not found
[    0.396342] init: Loaded kernel module /lib/modules/exynos-debug-test.ko
[    0.396382] init: Loading module /lib/modules/bookerci.ko with args ''
[    0.396425] load_integrated_module: module 'bookerci' not found
[    0.396435] init: Loaded kernel module /lib/modules/bookerci.ko
[    0.396481] init: Loading module /lib/modules/exynos-coresight.ko with args ''
[    0.396681] debug-snapshot dss: Add halt,  functions from really_probe+0x538/0x744
[    0.396701] exynos-coresight coresight@2B000000: exynos_coresight_probe Successful
[    0.396918] init: Loaded kernel module /lib/modules/exynos-coresight.ko
[    0.396963] init: Loading module /lib/modules/exynos-ecc-handler.ko with args ''
[    0.397009] load_integrated_module: module 'exynos_ecc_handler' not found
[    0.397019] init: Loaded kernel module /lib/modules/exynos-ecc-handler.ko
[    0.397066] init: Loading module /lib/modules/exynos-coresight-etm.ko with args ''
[    0.397110] load_integrated_module: module 'exynos_coresight_etm' not found
[    0.397121] init: Loaded kernel module /lib/modules/exynos-coresight-etm.ko
[    0.397196] init: Loading module /lib/modules/keydebug.ko with args ''
[    0.397234] load_integrated_module: module 'keydebug' not found
[    0.397242] init: Loaded kernel module /lib/modules/keydebug.ko
[    0.397253] init: Loading module /lib/modules/exynos-adv-tracer-s2d.ko with args ''
[    0.397285] load_integrated_module: module 'exynos_adv_tracer_s2d' not found
[    0.397294] init: Loaded kernel module /lib/modules/exynos-adv-tracer-s2d.ko
[    0.397334] init: Loading module /lib/modules/pixel-boot-metrics.ko with args ''
[    0.397366] load_integrated_module: module 'pixel_boot_metrics' not found
[    0.397374] init: Loaded kernel module /lib/modules/pixel-boot-metrics.ko
[    0.397412] init: Loading module /lib/modules/vh_fs.ko with args ''
[    0.397492] init: Loaded kernel module /lib/modules/vh_fs.ko
[    0.397528] init: Loading module /lib/modules/vh_mm.ko with args ''
[    0.397566] load_integrated_module: module 'vh_mm' not found
[    0.397577] init: Loaded kernel module /lib/modules/vh_mm.ko
[    0.397614] init: Loading module /lib/modules/vh_cgroup.ko with args ''
[    0.397645] load_integrated_module: module 'vh_cgroup' not found
[    0.397674] init: Loaded kernel module /lib/modules/vh_cgroup.ko
[    0.397751] init: Loading module /lib/modules/exynos-cpuhp.ko with args ''
[    0.397786] load_integrated_module: module 'exynos_cpuhp' not found
[    0.397796] init: Loaded kernel module /lib/modules/exynos-cpuhp.ko
[    0.397834] init: Loading module /lib/modules/vh_thermal.ko with args ''
[    0.397898] init: Loaded kernel module /lib/modules/vh_thermal.ko
[    0.397950] init: Loading module /lib/modules/gs_thermal.ko with args ''
[    0.398281] gs-tmu 100a0000.BIG: Failed to get TMU type
[    0.398287] gs-tmu 100a0000.BIG: tmu type: 0 
[    0.398686] GOV: Asynchronous notification enabled
[    0.399340] thermal thermal_zone0: failed to read out thermal zone (-22)
[    0.399485] [acpm_tmu] tz 0 threshold: 0:20 1:65 2:90 3:93 4:70 5:97 6:100 7:112
[    0.399623] [acpm_tmu] tz 0 hysteresis: 0:5 1:5 2:0 3:93 4:5 5:2 6:5 7:3
[    0.403161] Disable tz_id: 0 thermal genl event
[    0.403511] gs-tmu 100a0000.MID: Failed to get TMU type
[    0.403517] gs-tmu 100a0000.MID: tmu type: 0 
[    0.403963] thermal thermal_zone1: failed to read out thermal zone (-22)
[    0.404096] [acpm_tmu] tz 1 threshold: 0:20 1:75 2:95 3:97 4:99 5:101 6:105 7:112
[    0.404232] [acpm_tmu] tz 1 hysteresis: 0:5 1:5 2:0 3:93 4:0 5:2 6:5 7:3
[    0.409754] Disable tz_id: 1 thermal genl event
[    0.410118] gs-tmu 100a0000.LITTLE: Failed to get TMU type
[    0.410124] gs-tmu 100a0000.LITTLE: tmu type: 0 
[    0.410653] thermal thermal_zone2: failed to read out thermal zone (-22)
[    0.410778] [acpm_tmu] tz 2 threshold: 0:20 1:75 2:95 3:97 4:98 5:99 6:105 7:112
[    0.410916] [acpm_tmu] tz 2 hysteresis: 0:5 1:5 2:0 3:97 4:0 5:0 6:5 7:3
[    0.413309] Disable tz_id: 2 thermal genl event
[    0.413751] gs-tmu 100b0000.G3D: Failed to get TMU type
[    0.413757] gs-tmu 100b0000.G3D: tmu type: 0 
[    0.413770] gs-tmu 100b0000.G3D: No input mpmm_enable
[    0.413774] gs-tmu 100b0000.G3D: No input mpmm_throttle_level
[    0.413778] gs-tmu 100b0000.G3D: No input mpmm_clr_throttle_level
[    0.414377] thermal thermal_zone3: failed to read out thermal zone (-22)
[    0.414501] [acpm_tmu] tz 3 threshold: 0:20 1:70 2:90 3:95 4:98 5:102 6:100 7:115
[    0.414619] [acpm_tmu] tz 3 hysteresis: 0:5 1:5 2:0 3:0 4:98 5:2 6:5 7:3
[    0.416939] Disable tz_id: 3 thermal genl event
[    0.417499] gs-tmu 100b0000.ISP: Failed to get TMU type
[    0.417506] gs-tmu 100b0000.ISP: tmu type: 0 
[    0.417512] gs-tmu 100b0000.ISP: polling_delay_on is out of range, using min value 10
[    0.417517] gs-tmu 100b0000.ISP: No input control_temp_step
[    0.417523] gs-tmu 100b0000.ISP: No input mpmm_enable
[    0.417526] gs-tmu 100b0000.ISP: No input mpmm_throttle_level
[    0.417530] gs-tmu 100b0000.ISP: No input mpmm_clr_throttle_level
[    0.418180] thermal thermal_zone4: failed to read out thermal zone (-22)
[    0.418303] [acpm_tmu] tz 4 threshold: 0:20 1:70 2:90 3:95 4:98 5:102 6:100 7:115
[    0.418420] [acpm_tmu] tz 4 hysteresis: 0:5 1:5 2:0 3:0 4:98 5:102 6:100 7:3
[    0.419331] [ISP TMU] index : 0, fps : 60
[    0.419335] [ISP TMU] index : 1, fps : 15
[    0.419339] [ISP TMU] index : 2, fps : 5
[    0.419534] Fail to find device node
[    0.419538] Disable tz_id: 4 thermal genl event
[    0.420161] gs-tmu 100b0000.TPU: Failed to get TMU type
[    0.420167] gs-tmu 100b0000.TPU: tmu type: 0 
[    0.420192] gs-tmu 100b0000.TPU: No input mpmm_enable
[    0.420197] gs-tmu 100b0000.TPU: No input mpmm_throttle_level
[    0.420201] gs-tmu 100b0000.TPU: No input mpmm_clr_throttle_level
[    0.421050] thermal thermal_zone5: failed to read out thermal zone (-22)
[    0.421173] [acpm_tmu] tz 5 threshold: 0:20 1:70 2:90 3:95 4:98 5:102 6:100 7:115
[    0.421308] [acpm_tmu] tz 5 hysteresis: 0:5 1:5 2:0 3:0 4:98 5:2 6:5 7:3
[    0.423665] Disable tz_id: 5 thermal genl event
[    0.424393] gs-tmu 100b0000.AUR: Failed to get TMU type
[    0.424398] gs-tmu 100b0000.AUR: tmu type: 0 
[    0.424409] gs-tmu 100b0000.AUR: No input control_temp_step
[    0.424418] gs-tmu 100b0000.AUR: No input mpmm_enable
[    0.424422] gs-tmu 100b0000.AUR: No input mpmm_throttle_level
[    0.424426] gs-tmu 100b0000.AUR: No input mpmm_clr_throttle_level
[    0.425371] thermal thermal_zone6: failed to read out thermal zone (-22)
[    0.425510] [acpm_tmu] tz 6 threshold: 0:20 1:70 2:90 3:95 4:98 5:102 6:100 7:115
[    0.425646] [acpm_tmu] tz 6 hysteresis: 0:5 1:5 2:0 3:0 4:98 5:2 6:5 7:3
[    0.427348] Disable tz_id: 6 thermal genl event
[    0.428261] init: Loaded kernel module /lib/modules/gs_thermal.ko
[    0.428366] init: Loading module /lib/modules/exynos-dm.ko with args ''
[    0.428422] load_integrated_module: module 'exynos_dm' not found
[    0.428433] init: Loaded kernel module /lib/modules/exynos-dm.ko
[    0.428445] init: Loading module /lib/modules/exynos-acme.ko with args ''
[    0.428758] exynos_acme: Complete to initialize cpufreq-domain0
[    0.428763] exynos_acme: CPUFREQ of domain0 cal-id : 0xb040002
[    0.428770] exynos_acme: CPUFREQ of domain0 sibling cpus : 0-3
[    0.428774] exynos_acme: CPUFREQ of domain0 boot freq = 1197000 kHz, resume freq = 1425000 kHz
[    0.428778] exynos_acme: CPUFREQ of domain0 max freq : 1950000 kHz, min freq : 820000 kHz
[    0.428782] exynos_acme: CPUFREQ of domain0 table size = 10
[    0.428786] exynos_acme: CPUFREQ of domain0 : L0    820000 kHz
[    0.428790] exynos_acme: CPUFREQ of domain0 : L1    955000 kHz
[    0.428793] exynos_acme: CPUFREQ of domain0 : L2   1098000 kHz
[    0.428796] exynos_acme: CPUFREQ of domain0 : L3   1197000 kHz
[    0.428800] exynos_acme: CPUFREQ of domain0 : L4   1328000 kHz
[    0.428803] exynos_acme: CPUFREQ of domain0 : L5   1425000 kHz
[    0.428806] exynos_acme: CPUFREQ of domain0 : L6   1548000 kHz
[    0.428808] exynos_acme: CPUFREQ of domain0 : L7   1696000 kHz
[    0.428811] exynos_acme: CPUFREQ of domain0 : L8   1849000 kHz
[    0.428814] exynos_acme: CPUFREQ of domain0 : L9   1950000 kHz
[    0.429327] exynos_acme: Complete to initialize cpufreq-domain1
[    0.429330] exynos_acme: CPUFREQ of domain1 cal-id : 0xb040003
[    0.429334] exynos_acme: CPUFREQ of domain1 sibling cpus : 4-6
[    0.429337] exynos_acme: CPUFREQ of domain1 boot freq = 1065000 kHz, resume freq = 1795000 kHz
[    0.429341] exynos_acme: CPUFREQ of domain1 max freq : 2600000 kHz, min freq : 357000 kHz
[    0.429344] exynos_acme: CPUFREQ of domain1 table size = 17
[    0.429348] exynos_acme: CPUFREQ of domain1 : L0    357000 kHz
[    0.429351] exynos_acme: CPUFREQ of domain1 : L1    578000 kHz
[    0.429354] exynos_acme: CPUFREQ of domain1 : L2    648000 kHz
[    0.429357] exynos_acme: CPUFREQ of domain1 : L3    787000 kHz
[    0.429360] exynos_acme: CPUFREQ of domain1 : L4    910000 kHz
[    0.429363] exynos_acme: CPUFREQ of domain1 : L5   1065000 kHz
[    0.429366] exynos_acme: CPUFREQ of domain1 : L6   1221000 kHz
[    0.429369] exynos_acme: CPUFREQ of domain1 : L7   1328000 kHz
[    0.429373] exynos_acme: CPUFREQ of domain1 : L8   1418000 kHz
[    0.429376] exynos_acme: CPUFREQ of domain1 : L9   1549000 kHz
[    0.429379] exynos_acme: CPUFREQ of domain1 : L10  1795000 kHz
[    0.429382] exynos_acme: CPUFREQ of domain1 : L11  1945000 kHz
[    0.429385] exynos_acme: CPUFREQ of domain1 : L12  2130000 kHz
[    0.429388] exynos_acme: CPUFREQ of domain1 : L13  2245000 kHz
[    0.429391] exynos_acme: CPUFREQ of domain1 : L14  2367000 kHz
[    0.429394] exynos_acme: CPUFREQ of domain1 : L15  2450000 kHz
[    0.429397] exynos_acme: CPUFREQ of domain1 : L16  2600000 kHz
[    0.430364] exynos_acme: Complete to initialize cpufreq-domain2
[    0.430367] exynos_acme: CPUFREQ of domain2 cal-id : 0xb040004
[    0.430371] exynos_acme: CPUFREQ of domain2 sibling cpus : 7
[    0.430373] exynos_acme: CPUFREQ of domain2 boot freq = 1164000 kHz, resume freq = 1164000 kHz
[    0.430377] exynos_acme: CPUFREQ of domain2 max freq : 3105000 kHz, min freq : 700000 kHz
[    0.430381] exynos_acme: CPUFREQ of domain2 table size = 18
[    0.430384] exynos_acme: CPUFREQ of domain2 : L0    700000 kHz
[    0.430387] exynos_acme: CPUFREQ of domain2 : L1   1164000 kHz
[    0.430390] exynos_acme: CPUFREQ of domain2 : L2   1396000 kHz
[    0.430393] exynos_acme: CPUFREQ of domain2 : L3   1557000 kHz
[    0.430396] exynos_acme: CPUFREQ of domain2 : L4   1745000 kHz
[    0.430399] exynos_acme: CPUFREQ of domain2 : L5   1885000 kHz
[    0.430402] exynos_acme: CPUFREQ of domain2 : L6   1999000 kHz
[    0.430405] exynos_acme: CPUFREQ of domain2 : L7   2147000 kHz
[    0.430408] exynos_acme: CPUFREQ of domain2 : L8   2294000 kHz
[    0.430411] exynos_acme: CPUFREQ of domain2 : L9   2363000 kHz
[    0.430414] exynos_acme: CPUFREQ of domain2 : L10  2499000 kHz
[    0.430417] exynos_acme: CPUFREQ of domain2 : L11  2687000 kHz
[    0.430420] exynos_acme: CPUFREQ of domain2 : L12  2802000 kHz
[    0.430423] exynos_acme: CPUFREQ of domain2 : L13  2914000 kHz
[    0.430426] exynos_acme: CPUFREQ of domain2 : L14  2943000 kHz
[    0.430429] exynos_acme: CPUFREQ of domain2 : L15  2970000 kHz
[    0.430432] exynos_acme: CPUFREQ of domain2 : L16  3015000 kHz
[    0.430435] exynos_acme: CPUFREQ of domain2 : L17  3105000 kHz
[    0.431420] exynos_acme: CPUFREQ domain0 registered
[    0.431706] cpufreq: __target_index: Failed to change cpu frequency: -22
[    0.431848] exynos_acme: CPUFREQ domain1 registered
[    0.432131] cpufreq: __target_index: Failed to change cpu frequency: -22
[    0.432272] exynos_acme: CPUFREQ domain2 registered
[    0.433086] cpufreq: __target_index: Failed to change cpu frequency: -22
[    0.433113] cpu cpu0: EM: created perf domain
[    0.433131] cpu cpu4: EM: created perf domain
[    0.433143] cpu cpu7: EM: created perf domain
[    0.433164] cpufreq: __target_index: Failed to change cpu frequency: -22
[    0.433172] cpufreq: __target_index: Failed to change cpu frequency: -22
[    0.433199] cpu_cooling 0: freq:1950000 KHz
[    0.433202] cpu_cooling 0: freq:1849000 KHz
[    0.433204] cpu_cooling 0: freq:1696000 KHz
[    0.433207] cpu_cooling 0: freq:1548000 KHz
[    0.433209] cpu_cooling 0: freq:1425000 KHz
[    0.433211] cpu_cooling 0: freq:1328000 KHz
[    0.433213] cpu_cooling 0: freq:1197000 KHz
[    0.433215] cpu_cooling 0: freq:1098000 KHz
[    0.433218] cpu_cooling 0: freq:955000 KHz
[    0.433220] cpu_cooling 0: freq:820000 KHz
[    0.433223] cpu_cooling 0: freq:1950000 power: 243, mV: 843, cap: 176
[    0.433227] cpu_cooling 0: freq:1849000 power: 204, mV: 793, cap: 176
[    0.433231] cpu_cooling 0: freq:1696000 power: 176, mV: 768, cap: 176
[    0.433234] cpu_cooling 0: freq:1548000 power: 147, mV: 737, cap: 176
[    0.433237] cpu_cooling 0: freq:1425000 power: 127, mV: 712, cap: 176
[    0.433240] cpu_cooling 0: freq:1328000 power: 112, mV: 693, cap: 176
[    0.433243] cpu_cooling 0: freq:1197000 power: 92, mV: 662, cap: 176
[    0.433246] cpu_cooling 0: freq:1098000 power: 81, mV: 650, cap: 176
[    0.433249] cpu_cooling 0: freq:955000 power: 66, mV: 631, cap: 176
[    0.433252] cpu_cooling 0: freq:820000 power: 52, mV: 606, cap: 176
[    0.433266] build_static_power_table: Failed to get param table from ECT
[    0.433942] parse_ect_cooling_level: (LITTLE, 0)instance isn't valid
[    0.433945] cpu cooling registered for cpu: 0, capacitance: 176, power_callback: true, static_power: false
[    0.433954] exynos_acme: Skipping boot pm_qos domain0
[    0.433996] cpufreq: __target_index: Failed to change cpu frequency: -22
[    0.434001] cpufreq: __target_index: Failed to change cpu frequency: -22
[    0.434016] cpu_cooling 4: freq:2600000 KHz
[    0.434018] cpu_cooling 4: freq:2450000 KHz
[    0.434021] cpu_cooling 4: freq:2367000 KHz
[    0.434024] cpu_cooling 4: freq:2245000 KHz
[    0.434026] cpu_cooling 4: freq:2130000 KHz
[    0.434029] cpu_cooling 4: freq:1945000 KHz
[    0.434031] cpu_cooling 4: freq:1795000 KHz
[    0.434033] cpu_cooling 4: freq:1549000 KHz
[    0.434036] cpu_cooling 4: freq:1418000 KHz
[    0.434038] cpu_cooling 4: freq:1328000 KHz
[    0.434041] cpu_cooling 4: freq:1221000 KHz
[    0.434043] cpu_cooling 4: freq:1065000 KHz
[    0.434046] cpu_cooling 4: freq:910000 KHz
[    0.434048] cpu_cooling 4: freq:787000 KHz
[    0.434050] cpu_cooling 4: freq:648000 KHz
[    0.434053] cpu_cooling 4: freq:578000 KHz
[    0.434055] cpu_cooling 4: freq:357000 KHz
[    0.434058] cpu_cooling 4: freq:2600000 power: 833, mV: 993, cap: 325
[    0.434062] cpu_cooling 4: freq:2450000 power: 699, mV: 937, cap: 325
[    0.434065] cpu_cooling 4: freq:2367000 power: 639, mV: 912, cap: 325
[    0.434068] cpu_cooling 4: freq:2245000 power: 558, mV: 875, cap: 325
[    0.434071] cpu_cooling 4: freq:2130000 power: 500, mV: 850, cap: 325
[    0.434074] cpu_cooling 4: freq:1945000 power: 404, mV: 800, cap: 325
[    0.434078] cpu_cooling 4: freq:1795000 power: 333, mV: 756, cap: 325
[    0.434081] cpu_cooling 4: freq:1549000 power: 246, mV: 700, cap: 325
[    0.434084] cpu_cooling 4: freq:1418000 power: 205, mV: 668, cap: 325
[    0.434087] cpu_cooling 4: freq:1328000 power: 182, mV: 650, cap: 325
[    0.434091] cpu_cooling 4: freq:1221000 power: 161, mV: 637, cap: 325
[    0.434094] cpu_cooling 4: freq:1065000 power: 129, mV: 612, cap: 325
[    0.434097] cpu_cooling 4: freq:910000 power: 101, mV: 587, cap: 325
[    0.434100] cpu_cooling 4: freq:787000 power: 86, mV: 581, cap: 325
[    0.434104] cpu_cooling 4: freq:648000 power: 66, mV: 562, cap: 325
[    0.434107] cpu_cooling 4: freq:578000 power: 58, mV: 556, cap: 325
[    0.434111] cpu_cooling 4: freq:357000 power: 31, mV: 525, cap: 325
[    0.434643] cpu cooling registered for cpu: 4, capacitance: 325, power_callback: true, static_power: true
[    0.434655] exynos_acme: Skipping boot pm_qos domain1
[    0.434698] cpufreq: __target_index: Failed to change cpu frequency: -22
[    0.434703] cpufreq: __target_index: Failed to change cpu frequency: -22
[    0.434714] cpu_cooling 7: freq:3105000 KHz
[    0.434717] cpu_cooling 7: freq:3015000 KHz
[    0.434719] cpu_cooling 7: freq:2970000 KHz
[    0.434722] cpu_cooling 7: freq:2943000 KHz
[    0.434724] cpu_cooling 7: freq:2914000 KHz
[    0.434727] cpu_cooling 7: freq:2802000 KHz
[    0.434729] cpu_cooling 7: freq:2687000 KHz
[    0.434732] cpu_cooling 7: freq:2499000 KHz
[    0.434734] cpu_cooling 7: freq:2363000 KHz
[    0.434737] cpu_cooling 7: freq:2294000 KHz
[    0.434739] cpu_cooling 7: freq:2147000 KHz
[    0.434742] cpu_cooling 7: freq:1999000 KHz
[    0.434744] cpu_cooling 7: freq:1885000 KHz
[    0.434747] cpu_cooling 7: freq:1745000 KHz
[    0.434749] cpu_cooling 7: freq:1557000 KHz
[    0.434752] cpu_cooling 7: freq:1396000 KHz
[    0.434754] cpu_cooling 7: freq:1164000 KHz
[    0.434757] cpu_cooling 7: freq:700000 KHz
[    0.434760] cpu_cooling 7: freq:3105000 power: 2774, mV: 1093, cap: 748
[    0.434763] cpu_cooling 7: freq:3015000 power: 2486, mV: 1050, cap: 748
[    0.434767] cpu_cooling 7: freq:2970000 power: 2416, mV: 1043, cap: 748
[    0.434769] cpu_cooling 7: freq:2943000 power: 2367, mV: 1037, cap: 748
[    0.434773] cpu_cooling 7: freq:2914000 power: 2290, mV: 1025, cap: 748
[    0.434776] cpu_cooling 7: freq:2802000 power: 1992, mV: 975, cap: 748
[    0.434779] cpu_cooling 7: freq:2687000 power: 1742, mV: 931, cap: 748
[    0.434782] cpu_cooling 7: freq:2499000 power: 1431, mV: 875, cap: 748
[    0.434785] cpu_cooling 7: freq:2363000 power: 1238, mV: 837, cap: 748
[    0.434788] cpu_cooling 7: freq:2294000 power: 1148, mV: 818, cap: 748
[    0.434791] cpu_cooling 7: freq:2147000 power: 994, mV: 787, cap: 748
[    0.434794] cpu_cooling 7: freq:1999000 power: 812, mV: 737, cap: 748
[    0.434798] cpu_cooling 7: freq:1885000 power: 726, mV: 718, cap: 748
[    0.434801] cpu_cooling 7: freq:1745000 power: 626, mV: 693, cap: 748
[    0.434804] cpu_cooling 7: freq:1557000 power: 510, mV: 662, cap: 748
[    0.434807] cpu_cooling 7: freq:1396000 power: 415, mV: 631, cap: 748
[    0.434810] cpu_cooling 7: freq:1164000 power: 313, mV: 600, cap: 748
[    0.434813] cpu_cooling 7: freq:700000 power: 161, mV: 556, cap: 748
[    0.435322] cpu cooling registered for cpu: 7, capacitance: 748, power_callback: true, static_power: true
[    0.435330] exynos_acme: Skipping boot pm_qos domain2
[    0.435356] exynos_acme: Initialized Exynos cpufreq driver
[    0.435543] init: Loaded kernel module /lib/modules/exynos-acme.ko
[    0.435565] init: Loading module /lib/modules/pixel_em.ko with args ''
[    0.435629] load_integrated_module: module 'pixel_em' not found
[    0.435637] init: Loaded kernel module /lib/modules/pixel_em.ko
[    0.435674] exynos-devfreq-driver 17000020.devfreq_int: Registered device successfully
[    0.435709] init: Loading module /lib/modules/gvotable.ko with args ''
[    0.435763] init: Loaded kernel module /lib/modules/gvotable.ko
[    0.435793] init: Loading module /lib/modules/xhci-goog-dma.ko with args ''
[    0.435838] init: Loaded kernel module /lib/modules/xhci-goog-dma.ko
[    0.435881] exynos-devfreq-driver 17000030.devfreq_intcam: Registered device successfully
[    0.435898] init: Loading module /lib/modules/dwc3-exynos-usb.ko with args ''
[    0.435954] init: Loaded kernel module /lib/modules/dwc3-exynos-usb.ko
[    0.435963] init: Loading module /lib/modules/exynos-pd.ko with args ''
[    0.436006] init: Loaded kernel module /lib/modules/exynos-pd.ko
[    0.436038] init: Loading module /lib/modules/exynos-pd-dbg.ko with args ''
[    0.436214] exynos_pd: pd-dpub sync_state: children need sync
[    0.436297] exynos-devfreq-driver 17000040.devfreq_disp: Registered device successfully
[    0.436491] exynos-devfreq-driver 17000050.devfreq_cam: Registered device successfully
[    0.436560] init: Loaded kernel module /lib/modules/exynos-pd-dbg.ko
[    0.436631] init: Loading module /lib/modules/acpm_flexpmu_dbg.ko with args ''
[    0.436638] exynos-devfreq-driver 17000060.devfreq_tnr: Registered device successfully
[    0.436768] ACPM-FLEXPMU-DBG:  exynos_flexpmu_dbg_probe: FLEXPMU_DBG buffer with size 1024 found
[    0.436802] init: Loaded kernel module /lib/modules/acpm_flexpmu_dbg.ko
[    0.436810] init: Loading module /lib/modules/exynos-pm.ko with args ''
[    0.436814] exynos-devfreq-driver 17000070.devfreq_mfc: Registered device successfully
[    0.436941] exynos-pm 154d0000.exynos-pm: can't request region for resource [mem 0x10400204-0x10400303]
[    0.436949] exynos-pm 154d0000.exynos-pm: drvinit: unable to map gic dist registers, ret=-16
[    0.436989] exynos-devfreq-driver 17000080.devfreq_bw: Registered device successfully
[    0.437014] init: Loaded kernel module /lib/modules/exynos-pm.ko
[    0.437058] init: Loading module /lib/modules/power_stats.ko with args ''
[    0.437096] exynos-devfreq-driver 170000a0.devfreq_bci: Registered device successfully
[    0.437296] exynos-devfreq-driver 17000090.devfreq_dsu: Registered device successfully
[    0.437687] exynos-devfreq-driver 17000010.devfreq_mif: Registered device successfully
[    0.437715] init: Loaded kernel module /lib/modules/power_stats.ko
[    0.437745] init: Loading module /lib/modules/slc_pt.ko with args ''
[    0.437878] init: Loaded kernel module /lib/modules/slc_pt.ko
[    0.437906] init: Loading module /lib/modules/slc_dummy.ko with args ''
[    0.438058] init: Loaded kernel module /lib/modules/slc_dummy.ko
[    0.438112] init: Loading module /lib/modules/slc_pmon.ko with args ''
[    0.438153] init: Loaded kernel module /lib/modules/slc_pmon.ko
[    0.438160] init: Loading module /lib/modules/slc_acpm.ko with args ''
[    0.438262] google,slc-acpm slc-acpm: channel 10
[    0.441850] google,slc-acpm slc-acpm: found valid acpm firmware 1.8.
[    0.441858] google,slc-acpm slc-acpm: Asynchronous notification enabled
[    0.441926] init: Loaded kernel module /lib/modules/slc_acpm.ko
[    0.441968] init: Loading module /lib/modules/gsa_gsc.ko with args ''
[    0.442277] gsa-gsc 16490000.gsa-ns:gsa_gsc@0: Initiliazed
[    0.442300] init: Loaded kernel module /lib/modules/gsa_gsc.ko
[    0.442345] init: Loading module /lib/modules/exynos-bcm_dbg-dump.ko with args ''
[    0.442380] load_integrated_module: module 'exynos_bcm_dbg_dump' not found
[    0.442390] init: Loaded kernel module /lib/modules/exynos-bcm_dbg-dump.ko
[    0.442428] init: Loading module /lib/modules/gnss_spi.ko with args ''
[    0.442489] SPI driver gnss_spi has no spi_device_id for samsung,gnss-spi
[    0.442516] init: Loaded kernel module /lib/modules/gnss_spi.ko
[    0.442556] init: Loading module /lib/modules/gnssif.ko with args ''
[    0.442809] gif: gnss_probe: Exynos GNSS interface driver probe begins
[    0.442815] gif: gnss_probe: gnssif: +++
[    0.442823] gif: parse_dt_common_pdata: device name: KEPLER node name: gnss_ipc
[    0.442828] gif: gnss_if_parse_dt_pdata: DT parse complete!
[    0.442858] gif: gif_configure_irq: name:kepler_spi_irq_handler num:164 flags:0x00080004
[    0.442875] gif: gif_request_irq: kepler_spi_irq_handler(#164) handler registered (flags:0x00080004)
[    0.442910] gif: create_link_device: +++
[    0.442990] gif: create_link_device: ---
[    0.442995] gif: create_io_device: +++
[    0.443012] gif: init_io_device: +++
[    0.443050] gif: init_io_device: ---
[    0.443055] gif: create_io_device: ---
[    0.443128] gif: gnss_probe: gnssif: ---
[    0.443171] init: Loaded kernel module /lib/modules/gnssif.ko
[    0.443261] init: Loading module /lib/modules/pkvm-s2mpu-v9.ko with args ''
[    0.443352] init: Loaded kernel module /lib/modules/pkvm-s2mpu-v9.ko
[    0.443397] init: Loading module /lib/modules/eh.ko with args ''
[    0.443535] eh: starting probing
[    0.451240] eh: starting probing done
[    0.451428] init: Loaded kernel module /lib/modules/eh.ko
[    0.451498] init: Loading module /lib/modules/gcma.ko with args ''
[    0.451834] init: Loaded kernel module /lib/modules/gcma.ko
[    0.451906] init: Loading module /lib/modules/s3c2410_wdt.ko with args ''
[    0.452454] s3c2410-wdt 10060000.watchdog_cl0: watchdog cluster0 probe
[    0.452461] s3c2410-wdt 10060000.watchdog_cl0: It is not a multistage watchdog.
[    0.452852] s3c2410-wdt 10060000.watchdog_cl0: NONCPU_INT_EN reg val: 32c
[    0.452939] s3c2410-wdt 10060000.watchdog_cl0: probe: mapped reg_base=000000003ec7272c
[    0.453126] s3c2410-wdt 10060000.watchdog_cl0: Watchdog cluster 0 stop done, WTCON = 15718
[    0.453150] s3c2410-wdt 10060000.watchdog_cl0: NONCPU_OUT set true done, val = 33fff10, en= 1
[    0.453165] s3c2410-wdt 10060000.watchdog_cl0: NONCPU_INT_EN set true done, val = 32c, mask = 0
[    0.453514] s3c2410-wdt 10060000.watchdog_cl0: Watchdog cluster 0 stop done, WTCON = 15718
[    0.453525] debug-snapshot dss: Add wdt start, wdt expire, wdt stop functions from platform_probe.lto_priv.0+0x78/0x140
[    0.453563] s3c2410-wdt 10060000.watchdog_cl0: watchdog cluster 0, inactive, reset disabled, irq disabled
[    0.453573] s3c2410-wdt 10060000.watchdog_cl0: DBGACK enabled
[    0.453585] s3c2410-wdt 10060000.watchdog_cl0: windowed watchdog disabled, wtmincnt=1ff5e
[    0.453595] Multistage watchdog disabled
[    0.453636] s3c2410-wdt 10070000.watchdog_cl1: watchdog cluster1 probe
[    0.453660] s3c2410-wdt 10070000.watchdog_cl1: NONCPU_INT_EN reg val: 1
[    0.453692] s3c2410-wdt 10070000.watchdog_cl1: probe: mapped reg_base=00000000d3d214fe
[    0.453729] s3c2410-wdt 10070000.watchdog_cl1: Watchdog cluster 1 stop done, WTCON = 15700
[    0.453743] s3c2410-wdt 10070000.watchdog_cl1: NONCPU_OUT set true done, val = 10, en= 1
[    0.453759] s3c2410-wdt 10070000.watchdog_cl1: Watchdog cluster 1 stop done, WTCON = 15700
[    0.453770] s3c2410-wdt 10070000.watchdog_cl1: watchdog cluster 1, inactive, reset disabled, irq disabled
[    0.453777] s3c2410-wdt 10070000.watchdog_cl1: DBGACK enabled
[    0.453786] s3c2410-wdt 10070000.watchdog_cl1: windowed watchdog disabled, wtmincnt=1ff5e
[    0.453793] Multistage watchdog enabled
[    0.453965] init: Loaded kernel module /lib/modules/s3c2410_wdt.ko
[    0.453984] init: Loading module /lib/modules/hardlockup-debug.ko with args ''
[    0.454150] hardlockup-debug-driver hardlockup-debugger: success to register all-core lockup detector - ret: 0
[    0.454161] hardlockup-debug-driver hardlockup-debugger: Initialized hardlockup debug dump successfully.
[    0.454346] init: Loaded kernel module /lib/modules/hardlockup-debug.ko
[    0.454390] init: Loading module /lib/modules/pixel_stat_sysfs.ko with args ''
[    0.454430] load_integrated_module: module 'pixel_stat_sysfs' not found
[    0.454442] init: Loaded kernel module /lib/modules/pixel_stat_sysfs.ko
[    0.454489] init: Loading module /lib/modules/pixel_stat_mm.ko with args ''
[    0.454558] load_integrated_module: module 'pixel_stat_mm' not found
[    0.454569] init: Loaded kernel module /lib/modules/pixel_stat_mm.ko
[    0.454620] init: Loading module /lib/modules/perf_trace_counters.ko with args ''
[    0.454663] load_integrated_module: module 'perf_trace_counters' not found
[    0.454672] init: Loaded kernel module /lib/modules/perf_trace_counters.ko
[    0.454718] init: Loading module /lib/modules/google_modemctl.ko with args ''
[    0.454777] init: Loaded kernel module /lib/modules/google_modemctl.ko
[    0.454826] init: Loading module /lib/modules/pmic_class.ko with args ''
[    0.454916] init: Loaded kernel module /lib/modules/pmic_class.ko
[    0.455009] init: Loading module /lib/modules/s2mpg15-mfd.ko with args ''
[    0.455111] init: Loaded kernel module /lib/modules/s2mpg15-mfd.ko
[    0.455171] init: Loading module /lib/modules/s2mpg14-mfd.ko with args ''
[    0.455254] init: Loaded kernel module /lib/modules/s2mpg14-mfd.ko
[    0.455266] init: Loading module /lib/modules/s2mpg14-regulator.ko with args ''
[    0.455401] init: Loaded kernel module /lib/modules/s2mpg14-regulator.ko
[    0.455453] init: Loading module /lib/modules/s2mpg14-powermeter.ko with args ''
[    0.455559] init: Loaded kernel module /lib/modules/s2mpg14-powermeter.ko
[    0.455608] init: Loading module /lib/modules/s2mpg15-regulator.ko with args ''
[    0.455719] init: Loaded kernel module /lib/modules/s2mpg15-regulator.ko
[    0.455797] init: Loading module /lib/modules/s2mpg15-powermeter.ko with args ''
[    0.455927] init: Loaded kernel module /lib/modules/s2mpg15-powermeter.ko
[    0.455972] init: Loading module /lib/modules/slg51002-regulator.ko with args ''
[    0.456088] init: Loaded kernel module /lib/modules/slg51002-regulator.ko
[    0.456148] init: Loading module /lib/modules/exynos_tty.ko with args ''
[    0.456450] exynos-uart 155d0000.serial: set usi mode - 0x1
[    0.456505] exynos-uart 155d0000.serial: error -6: IRQ index 1 not found
[    0.456519] exynos-uart 155d0000.serial: No explicit src-clk. Use default src-clk
[    0.456592] 155d0000.serial: ttySAC18 at MMIO 0x155d0000 (irq = 169, base_baud = 0) is a S3C6400/10
[    0.456904] exynos-uart 155d0000.serial: probe: logbuffer get failed
[    0.456996] exynos-uart 10870000.uart: usi offset is not specified
[    0.457003] exynos-uart 10870000.uart: no lookup for usi-phandle.
[    0.457036] exynos-uart 10870000.uart: error -6: IRQ index 1 not found
[    0.457042] exynos-uart 10870000.uart: No explicit src-clk. Use default src-clk
[    0.457069] 10870000.uart: ttySAC0 at MMIO 0x10870000 (irq = 170, base_baud = 0) is a S3C6400/10
[    0.457211] init: Loaded kernel module /lib/modules/exynos_tty.ko
[    0.457253] init: Loading module /lib/modules/samsung-iommu-group.ko with args ''
[    0.457871] init: Loaded kernel module /lib/modules/samsung-iommu-group.ko
[    0.457905] init: Loading module /lib/modules/samsung-secure-iova.ko with args ''
[    0.457972] init: Loaded kernel module /lib/modules/samsung-secure-iova.ko
[    0.458008] init: Loading module /lib/modules/iovad-vendor-hooks.ko with args ''
[    0.458953] init: Loaded kernel module /lib/modules/iovad-vendor-hooks.ko
[    0.458993] init: Loading module /lib/modules/samsung_iommu_v9.ko with args ''
[    0.461059] samsung-sysmmu-v9 1a640000.sysmmu: initialized IOMMU. Ver 9.0.0, no gate clock
[    0.462950] samsung-sysmmu-v9 1a870000.sysmmu: initialized IOMMU. Ver 9.0.0, no gate clock
[    0.465032] samsung-sysmmu-v9 19840000.sysmmu: initialized IOMMU. Ver 9.0.0, no gate clock
[    0.467027] samsung-sysmmu-v9 19c40000.sysmmu: initialized IOMMU. Ver 9.0.0, no gate clock
[    0.468977] samsung-sysmmu-v9 1c110000.sysmmu: initialized IOMMU. Ver 9.0.0, no gate clock
[    0.470850] samsung-sysmmu-v9 1c150000.sysmmu: initialized IOMMU. Ver 9.0.0, no gate clock
[    0.472780] samsung-sysmmu-v9 1c190000.sysmmu: initialized IOMMU. Ver 9.0.0, no gate clock
[    0.472795] exynos_pd: pd-ispfe sync_state: turn_off = 1
[    0.475062] samsung-sysmmu-v9 1d870000.sysmmu: initialized IOMMU. Ver 9.0.0, no gate clock
[    0.477304] samsung-sysmmu-v9 1a340000.sysmmu: initialized IOMMU. Ver 9.0.0, no gate clock
[    0.477320] exynos_pd: pd-tpu sync_state: turn_off = 1
[    0.479505] samsung-sysmmu-v9 1c870000.sysmmu: initialized IOMMU. Ver 9.0.0, no gate clock
[    0.481582] samsung-sysmmu-v9 1cc80000.sysmmu: initialized IOMMU. Ver 9.0.0, no gate clock
[    0.483683] samsung-sysmmu-v9 1ccc0000.sysmmu: initialized IOMMU. Ver 9.0.0, no gate clock
[    0.485563] samsung-sysmmu-v9 1cd00000.sysmmu: initialized IOMMU. Ver 9.0.0, no gate clock
[    0.487473] samsung-sysmmu-v9 1c4a0000.sysmmu: initialized IOMMU. Ver 9.0.0, no gate clock
[    0.489449] samsung-sysmmu-v9 1c4e0000.sysmmu: initialized IOMMU. Ver 9.0.0, no gate clock
[    0.489793] samsung-sysmmu-v9 101c0000.sysmmu: initialized IOMMU. Ver 9.0.0, no gate clock
[    0.491778] samsung-sysmmu-v9 1a470000.sysmmu: initialized IOMMU. Ver 9.0.0, no gate clock
[    0.491793] exynos_pd: pd-mfc sync_state: turn_off = 1
[    0.493882] samsung-sysmmu-v9 1d0a0000.sysmmu: initialized IOMMU. Ver 9.0.0, no gate clock
[    0.494212] samsung-sysmmu-v9 11040000.sysmmu: initialized IOMMU. Ver 9.0.0, no gate clock
[    0.494587] samsung-sysmmu-v9 16440000.sysmmu: initialized IOMMU. Ver 9.0.0, no gate clock
[    0.496623] samsung-sysmmu-v9 1d4c0000.sysmmu: initialized IOMMU. Ver 9.0.0, no gate clock
[    0.496958] samsung-sysmmu-v9 16c40000.sysmmu: initialized IOMMU. Ver 9.0.0, no gate clock
[    0.496973] exynos_pd: pd-eh sync_state: turn_off = 0
[    0.499192] samsung-sysmmu-v9 20a50000.sysmmu: initialized IOMMU. Ver 9.0.0, no gate clock
[    0.499204] exynos_pd: pd-aur sync_state: turn_off = 1
[    0.499962] samsung-sysmmu-v9 19090000.sysmmu: initialized IOMMU. Ver 9.0.0, no gate clock
[    0.500163] init: Loaded kernel module /lib/modules/samsung_iommu_v9.ko
[    0.500355] init: Loading module /lib/modules/bts.ko with args ''
[    0.500661] exynos-bts exynos-bts: failed to get address_to_resource
[    0.500667] exynos-bts exynos-bts: failed to get address_to_resource
[    0.500677] exynos-bts exynos-bts: failed to get address_to_resource
[    0.500683] exynos-bts exynos-bts: failed to get address_to_resource
[    0.502193] exynos-bts exynos-bts: exynos_bts_debugfs_init failed
[    0.502199] bts_probe successfully done.
[    0.502364] init: Loaded kernel module /lib/modules/bts.ko
[    0.502444] init: Loading module /lib/modules/exynos_devfreq.ko with args ''
[    0.502545] load_integrated_module: module 'exynos_devfreq' not found
[    0.502566] init: Loaded kernel module /lib/modules/exynos_devfreq.ko
[    0.502581] init: Loading module /lib/modules/g2d.ko with args ''
[    0.502897] exynos-g2d 1a840000.g2d: has sysmmu 1a870000.sysmmu (total count:1)
[    0.502934] exynos-g2d 1a840000.g2d: Adding to iommu group 0
[    0.503060] exynos-g2d 1a840000.g2d: SysMMU not powered on
[    0.503068] exynos-g2d 1a840000.g2d: attached with pgtable 0x0000000086300000
[    0.505750] exynos-g2d 1a840000.g2d: Probed FIMG2D version 0xa0020004
[    0.505847] init: Loaded kernel module /lib/modules/g2d.ko
[    0.505904] init: Loading module /lib/modules/s5910.ko with args ''
[    0.505987] init: Loaded kernel module /lib/modules/s5910.ko
[    0.506029] init: Loading module /lib/modules/sscoredump.ko with args ''
[    0.506079] load_integrated_module: module 'sscoredump' not found
[    0.506090] init: Loaded kernel module /lib/modules/sscoredump.ko
[    0.506132] init: Loading module /lib/modules/s2mpg1415-gpio.ko with args ''
[    0.506257] init: Loaded kernel module /lib/modules/s2mpg1415-gpio.ko
[    0.506300] init: Loading module /lib/modules/slg51002-core.ko with args ''
[    0.506376] init: Loaded kernel module /lib/modules/slg51002-core.ko
[    0.506421] init: Loading module /lib/modules/samsung_dma_heap.ko with args ''
[    0.506629] samsung,dma-heap-chunk trusty:video_stream_dma_heap: assigned reserved memory node vstream
[    0.506671] Registered vstream-secure dma-heap successfully
[    0.506713] samsung,dma-heap-chunk trusty:video_frame_dma_heap: assigned reserved memory node vframe
[    0.506730] Registered vframe-secure dma-heap successfully
[    0.506770] samsung,dma-heap-chunk trusty:video_scaler_dma_heap: assigned reserved memory node vscaler
[    0.506788] Registered vscaler-secure dma-heap successfully
[    0.506943] samsung,dma-heap-cma trusty:faceauth_preview_heap: assigned reserved memory node faprev
[    0.506961] Registered faprev-secure dma-heap successfully
[    0.507149] Registered mfc_fw-secure dma-heap successfully
[    0.508774] gcma: Reserved memory: created GCMA memory pool at 0x00000009f4d00000, size 75 MiB for famodel
[    0.508804] Registered famodel-secure dma-heap successfully
[    0.509367] gcma: Reserved memory: created GCMA memory pool at 0x00000000fe3f0000, size 24 MiB for tui
[    0.509416] Registered tui-secure dma-heap successfully
[    0.510068] gcma: Reserved memory: created GCMA memory pool at 0x00000009f9800000, size 32 MiB for faceauth_dsp
[    0.510091] Registered faceauth_dsp-secure dma-heap successfully
[    0.510431] gcma: Reserved memory: created GCMA memory pool at 0x00000009ced00000, size 16 MiB for faceauth_tpu
[    0.510472] Registered faceauth_tpu-secure dma-heap successfully
[    0.512026] gcma: Reserved memory: created GCMA memory pool at 0x00000009cfd00000, size 80 MiB for farawimg
[    0.512047] Registered farawimg-secure dma-heap successfully
[    0.512136] Registered system dma-heap successfully
[    0.512154] Registered system-uncached dma-heap successfully
[    0.512186] Registered video_system dma-heap successfully
[    0.512206] Registered video_system-uncached dma-heap successfully
[    0.512348] init: Loaded kernel module /lib/modules/samsung_dma_heap.ko
