[    0.000000] Booting Linux on physical CPU 0x0000000000 [0x410fd801]
[    0.000000] Linux version 6.1.145-Sultan-Wild+ (runner@runnervm0kj6c) (aarch64-linux-gcc (GCC) 14.2.0, GNU ld (GNU Binutils) 2.42) #1 SMP PREEMPT Sat Mar  7 12:13:21 UTC 2026
[    0.000000] Machine model: ZUMA PRO TOKAY MP board based on ZUMA PRO
[    0.000000] Reserved memory: created CMA memory pool at 0x00000009fb800000, size 72 MiB
[    0.000000] OF: reserved mem: initialized node vstream, compatible id shared-dma-pool
[    0.000000] OF: reserved mem: 0x00000009fb800000..0x00000009ffffffff (73728 KiB) map reusable vstream
[    0.000000] OF: reserved mem: 0x00000000ffe00000..0x00000000ffffffff (2048 KiB) map non-reusable dpado-rmem
[    0.000000] OF: reserved mem: 0x00000009f9800000..0x00000009fb7fffff (32768 KiB) map non-reusable faceauth_dsp
[    0.000000] OF: reserved mem: 0x00000009f4d00000..0x00000009f97fffff (76800 KiB) map non-reusable famodel
[    0.000000] OF: reserved mem: 0x00000000ffbf0000..0x00000000ffdfffff (2112 KiB) map non-reusable mfc_fw
[    0.000000] Reserved memory: created CMA memory pool at 0x00000009d4d00000, size 512 MiB
[    0.000000] OF: reserved mem: initialized node vframe, compatible id shared-dma-pool
[    0.000000] OF: reserved mem: 0x00000009d4d00000..0x00000009f4cfffff (524288 KiB) map reusable vframe
[    0.000000] OF: reserved mem: 0x00000009cfd00000..0x00000009d4cfffff (81920 KiB) map non-reusable farawimg
[    0.000000] OF: reserved mem: 0x00000000fe3f0000..0x00000000ffbeffff (24576 KiB) map non-reusable tui
[    0.000000] OF: reserved mem: 0x00000009ced00000..0x00000009cfcfffff (16384 KiB) map non-reusable faceauth_tpu
[    0.000000] Reserved memory: created CMA memory pool at 0x00000009cb900000, size 52 MiB
[    0.000000] OF: reserved mem: initialized node vscaler, compatible id shared-dma-pool
[    0.000000] OF: reserved mem: 0x00000009cb900000..0x00000009cecfffff (53248 KiB) map reusable vscaler
[    0.000000] Reserved memory: created CMA memory pool at 0x00000009cad00000, size 12 MiB
[    0.000000] OF: reserved mem: initialized node faprev, compatible id shared-dma-pool
[    0.000000] OF: reserved mem: 0x00000009cad00000..0x00000009cb8fffff (12288 KiB) map reusable faprev
[    0.000000] OF: reserved mem: 0x0000000017bb5000..0x0000000017bbffff (44 KiB) nomap non-reusable xhci_dma_buffer@17BB5000
[    0.000000] OF: reserved mem: 0x0000000017bc0000..0x0000000017bfffff (256 KiB) nomap non-reusable xhci_dma@17BC0000
[    0.000000] OF: reserved mem: 0x00000000197fd000..0x00000000197fffff (12 KiB) map non-reusable cp_aoc_rmem
[    0.000000] OF: reserved mem: initialized node pkvm_guest_firmware, compatible id linux,pkvm-guest-firmware-memory
[    0.000000] OF: reserved mem: 0x000000008b000000..0x000000008b0c3fff (784 KiB) nomap non-reusable pkvm_guest_firmware
[    0.000000] OF: reserved mem: 0x0000000090000000..0x000000009005ffff (384 KiB) map non-reusable ect_binary
[    0.000000] OF: reserved mem: 0x0000000090200000..0x00000000905fefff (4092 KiB) nomap non-reusable gsa@90200000
[    0.000000] OF: reserved mem: 0x00000000905ff000..0x00000000905fffff (4 KiB) nomap non-reusable gsa@905FF000
[    0.000000] OF: reserved mem: 0x0000000091300000..0x000000009135ffff (384 KiB) nomap non-reusable gxp_scratchpad@91300000
[    0.000000] OF: reserved mem: 0x0000000091360000..0x000000009137ffff (128 KiB) nomap non-reusable iif_wait_table@91360000
[    0.000000] OF: reserved mem: 0x0000000091380000..0x000000009139ffff (128 KiB) nomap non-reusable iif_signal_table@91380000
[    0.000000] OF: reserved mem: 0x0000000091400000..0x0000000091cfffff (9216 KiB) nomap non-reusable gxp_secure_data@91400000
[    0.000000] OF: reserved mem: 0x0000000091d00000..0x0000000091ffffff (3072 KiB) nomap non-reusable gxp_fw@91D00000
[    0.000000] OF: reserved mem: 0x0000000092000000..0x00000000923fffff (4096 KiB) nomap non-reusable gxp_mcu_fw@92000000
[    0.000000] OF: reserved mem: 0x0000000092e00000..0x0000000093ffffff (18432 KiB) nomap non-reusable tpu_fw@92e00000
[    0.000000] OF: reserved mem: 0x0000000094000000..0x0000000096ffffff (49152 KiB) nomap non-reusable aoc@94000000
[    0.000000] OF: reserved mem: 0x0000000097000000..0x00000000973fffff (4096 KiB) nomap non-reusable xhci_dma_dram@97000000
[    0.000000] OF: reserved mem: 0x00000000b6200000..0x00000000bfffffff (161792 KiB) nomap non-reusable sec_dram
[    0.000000] OF: reserved mem: 0x00000000c3000000..0x00000000c307ffff (512 KiB) map non-reusable seclog_mem
[    0.000000] OF: reserved mem: 0x00000000d8100000..0x00000000d810ffff (64 KiB) nomap non-reusable header
[    0.000000] OF: reserved mem: 0x00000000d8110000..0x00000000d880ffff (7168 KiB) nomap non-reusable log_kevents
[    0.000000] OF: reserved mem: 0x00000000d8810000..0x00000000da00ffff (24576 KiB) nomap non-reusable log_s2d
[    0.000000] OF: reserved mem: 0x00000000da010000..0x00000000daa0ffff (10240 KiB) nomap non-reusable log_array_reset
[    0.000000] OF: reserved mem: 0x00000000dda10000..0x00000000dda1ffff (64 KiB) nomap non-reusable log_itmon
[    0.000000] OF: reserved mem: 0x00000000dda20000..0x00000000de01ffff (6144 KiB) nomap non-reusable log_s2d_extract
[    0.000000] OF: reserved mem: 0x00000000e0000000..0x00000000e37fffff (57344 KiB) nomap non-reusable sec_pt
[    0.000000] OF: reserved mem: 0x00000000e8000000..0x00000000e9ffffff (32768 KiB) map non-reusable cp_rmem_1
[    0.000000] OF: reserved mem: 0x00000000ea400000..0x00000000eaffffff (12288 KiB) map non-reusable cp_rmem
[    0.000000] OF: reserved mem: 0x00000000f6200000..0x00000000f6200fff (4 KiB) map non-reusable cp_msi_rmem
[    0.000000] OF: reserved mem: 0x00000000f8800000..0x00000000f97fffff (16384 KiB) nomap non-reusable abl@f8800000
[    0.000000] OF: reserved mem: 0x00000000fd3f0000..0x00000000fd3fdfff (56 KiB) nomap non-reusable dss_log_reserved@fd3f0000
[    0.000000] OF: reserved mem: 0x00000000fd3fe000..0x00000000fd3fefff (4 KiB) nomap non-reusable debug_kinfo_reserved@fd3fe000
[    0.000000] OF: reserved mem: 0x00000000fd3ff000..0x00000000fd7fefff (4096 KiB) map non-reusable ramoops_mem@fd3ff000
[    0.000000] OF: reserved mem: 0x00000000fd800000..0x00000000fd8fffff (1024 KiB) nomap non-reusable bldr_log_reserved@fd800000
[    0.000000] kvm [0]: Reserved 66 MiB at 0xafba00000
[    0.000000] Zone ranges:
[    0.000000] Normal   [mem 0x0000000080000000-0x0000000affffffff]
[    0.000000] Movable zone start for each node
[    0.000000] Early memory node ranges
[    0.000000] node   0: [mem 0x0000000080000000-0x000000008affffff]
[    0.000000] node   0: [mem 0x000000008b000000-0x000000008b0c3fff]
[    0.000000] node   0: [mem 0x000000008b0c4000-0x00000000901fffff]
[    0.000000] node   0: [mem 0x0000000090200000-0x00000000905fffff]
[    0.000000] node   0: [mem 0x0000000090600000-0x00000000912fffff]
[    0.000000] node   0: [mem 0x0000000091300000-0x000000009139ffff]
[    0.000000] node   0: [mem 0x00000000913a0000-0x00000000913fffff]
[    0.000000] node   0: [mem 0x0000000091400000-0x00000000923fffff]
[    0.000000] node   0: [mem 0x0000000092400000-0x0000000092dfffff]
[    0.000000] node   0: [mem 0x0000000092e00000-0x00000000973fffff]
[    0.000000] node   0: [mem 0x0000000097400000-0x00000000b61fffff]
[    0.000000] node   0: [mem 0x00000000b6200000-0x00000000bfffffff]
[    0.000000] node   0: [mem 0x00000000c0000000-0x00000000d80fffff]
[    0.000000] node   0: [mem 0x00000000d8100000-0x00000000daa0ffff]
[    0.000000] node   0: [mem 0x00000000daa10000-0x00000000dda0ffff]
[    0.000000] node   0: [mem 0x00000000dda10000-0x00000000de01ffff]
[    0.000000] node   0: [mem 0x00000000de020000-0x00000000dfffffff]
[    0.000000] node   0: [mem 0x00000000e0000000-0x00000000e37fffff]
[    0.000000] node   0: [mem 0x00000000e3800000-0x00000000f87fffff]
[    0.000000] node   0: [mem 0x00000000f8800000-0x00000000f97fffff]
[    0.000000] node   0: [mem 0x00000000f9800000-0x00000000fd3effff]
[    0.000000] node   0: [mem 0x00000000fd3f0000-0x00000000fd3fefff]
[    0.000000] node   0: [mem 0x00000000fd3ff000-0x00000000fd7fffff]
[    0.000000] node   0: [mem 0x00000000fd800000-0x00000000fd8fffff]
[    0.000000] node   0: [mem 0x00000000fd900000-0x00000000ffffffff]
[    0.000000] node   0: [mem 0x0000000880000000-0x0000000affffffff]
[    0.000000] Initmem setup node 0 [mem 0x0000000080000000-0x0000000affffffff]
[    0.000000] cma: Reserved 16 MiB at 0x0000000880000000
[    0.000000] psci: probing for conduit method from DT.
[    0.000000] psci: PSCIv1.1 detected in firmware.
[    0.000000] psci: Using standard PSCI v0.2 function IDs
[    0.000000] psci: MIGRATE_INFO_TYPE not supported.
[    0.000000] psci: SMC Calling Convention v1.2
[    0.000000] Load bootconfig: 3981 bytes 135 nodes
[    0.000000] percpu: Embedded 26 pages/cpu s73888 r0 d32608 u106496
[    0.000000] pcpu-alloc: s73888 r0 d32608 u106496 alloc=26*4096
[    0.000000] pcpu-alloc: [0] 0 [0] 1 [0] 2 [0] 3 [0] 4 [0] 5 [0] 6 [0] 7 
[    0.000000] Detected PIPT I-cache on CPU0
[    0.000000] CPU features: SYS_ID_AA64MMFR1_EL1[11:8]: forced to 0
[    0.000000] CPU features: SYS_ID_AA64PFR1_EL1[11:8]: forced to 0
[    0.000000] CPU features: detected: Address authentication (architected QARMA3 algorithm)
[    0.000000] CPU features: detected: GIC system register CPU interface
[    0.000000] CPU features: detected: Hardware dirty bit management
[    0.000000] CPU features: detected: Spectre-v4
[    0.000000] CPU features: kernel page table isolation disabled by kernel configuration
[    0.000000] CPU features: detected: ARM erratum 2966298
[    0.000000] alternatives: applying boot alternatives
[    0.000000] Built 1 zonelists, mobility grouping on.  Total pages: 3096576
[    0.000000] Kernel command line: console=ttynull stack_depot_disable=on cgroup_disable=pressure kasan.page_alloc.sample=10 kasan.stacktrace=off kvm-arm.mode=protected bootconfig ioremap_guard root=/dev/ram0 rw clocksource=arch_sys_counter clk_ignore_unused loop.max_part=7 loop.hw_queue_depth=31 coherent_pool=4M firmware_class.path=/vendor/firmware irqaffinity=0 sysrq_always_enabled no_console_suspend softlockup_panic=1 kasan_multi_shot kvm-arm.protected_modules=exynos-pd,pkvm_s2mpu-v9 dyndbg="func alloc_contig_dump_pages +p" printk.devkmsg=on cma_sysfs.experimental=Y cgroup.memory=nokmem rcupdate.rcu_expedited=1 rcu_nocbs=all rcutree.enable_rcu_lazy swiotlb=noforce disable_dma32=on sysctl.kernel.sched_pelt_multiplier=4 kasan=off at24.write_timeout=100 log_buf_len=1024K bootconfig console=null exynos_drm.panel_name=google-tk4b.2504a080 tcpci_max77759.conf_sbu=0 arm64.nomte ufs_pixel_fips140.fips_first_lba=151942 ufs_pixel_fips140.fips_last_lba=152453 ufs_pixel_fips140.fips_lu=0 ufs_pixel
[    0.000000] sysrq: sysrq always enabled.
[    0.000000] Unknown kernel command line parameters "kasan_multi_shot stack_depot_disable=on softlockup_panic=1 dyndbg=func alloc_contig_dump_pages +p kasan=off", will be passed to user space.
[    0.000000] random: crng init done
[    0.000000] printk: log_buf_len: 1048576 bytes
[    0.000000] printk: early log buf free: 120624(92%)
[    0.000000] Dentry cache hash table entries: 2097152 (order: 12, 16777216 bytes, linear)
[    0.000000] Inode-cache hash table entries: 1048576 (order: 11, 8388608 bytes, linear)
[    0.000000] mem auto-init: stack:all(zero), heap alloc:on, heap free:off
[    0.000000] Memory: 10877312K/12582912K available (20288K kernel code, 3066K rwdata, 5184K rodata, 2496K init, 985K bss, 1025664K reserved, 679936K cma-reserved)
[    0.000000] SLUB: HWalign=64, Order=0-3, MinObjects=0, CPUs=8, Nodes=1
[    0.000000] rcu: Preemptible hierarchical RCU implementation.
[    0.000000] 	All grace periods are expedited (rcu_expedited).
[    0.000000] 	Trampoline variant of Tasks RCU enabled.
[    0.000000] 	Tracing variant of Tasks RCU enabled.
[    0.000000] rcu: RCU calculated value of scheduler-enlistment delay is 25 jiffies.
[    0.000000] NR_IRQS: 64, nr_irqs: 64, preallocated irqs: 0
[    0.000000] GICv3: GIC: Using split EOI/Deactivate mode
[    0.000000] GICv3: 960 SPIs implemented
[    0.000000] GICv3: 0 Extended SPIs implemented
[    0.000000] Root IRQ handler: gic_handle_irq.lto_priv.1
[    0.000000] GICv3: GICv3 features: 16 PPIs
[    0.000000] GICv3: CPU0: found redistributor 0 region 0:0x0000000010440000
[    0.000000] GICv3: GIC: PPI partition interrupt-partition-0[0] { /cpus/cpu@0[0] /cpus/cpu@100[1] /cpus/cpu@200[2] /cpus/cpu@300[3] /cpus/cpu@400[4] /cpus/cpu@500[5] /cpus/cpu@600[6] }
[    0.000000] GICv3: GIC: PPI partition interrupt-partition-1[1] { /cpus/cpu@700[7] }
[    0.000000] rcu: 	Offload RCU callbacks from CPUs: 0-7.
[    0.000000] rcu: srcu_init: Setting srcu_struct sizes based on contention.
[    0.000000] arch_timer: cp15 timer(s) running at 24.57MHz (phys).
[    0.000000] clocksource: arch_sys_counter: mask: 0xffffffffffffff max_cycles: 0x5ab00a189, max_idle_ns: 440795202599 ns
[    0.000000] sched_clock: 56 bits at 25MHz, resolution 40ns, wraps every 4398046511099ns
[    0.000309] Calibrating delay loop (skipped), value calculated using timer frequency.. 49.15 BogoMIPS (lpj=98304)
[    0.000316] pid_max: default: 32768 minimum: 301
[    0.000339] LSM: Security Framework initializing
[    0.000363] SELinux:  Initializing.
[    0.000420] Mount-cache hash table entries: 32768 (order: 6, 262144 bytes, linear)
[    0.000435] Mountpoint-cache hash table entries: 32768 (order: 6, 262144 bytes, linear)
[    0.001265] cacheinfo: Unable to detect cache hierarchy for CPU 0
[    0.001465] cblist_init_generic: Setting adjustable number of callback queues.
[    0.001467] cblist_init_generic: Setting shift to 3 and lim to 1.
[    0.001493] cblist_init_generic: Setting adjustable number of callback queues.
[    0.001495] cblist_init_generic: Setting shift to 3 and lim to 1.
[    0.001545] rcu: Hierarchical SRCU implementation.
[    0.001548] rcu: 	Max phase no-delay instances is 1000.
[    0.002529] smp: Bringing up secondary CPUs ...
[    0.003031] Detected PIPT I-cache on CPU1
[    0.003092] cacheinfo: Unable to detect cache hierarchy for CPU 1
[    0.003100] GICv3: CPU1: found redistributor 100 region 0:0x0000000010460000
[    0.003129] CPU1: Booted secondary processor 0x0000000100 [0x410fd801]
[    0.003714] Detected PIPT I-cache on CPU2
[    0.003784] cacheinfo: Unable to detect cache hierarchy for CPU 2
[    0.003792] GICv3: CPU2: found redistributor 200 region 0:0x0000000010480000
[    0.003815] CPU2: Booted secondary processor 0x0000000200 [0x410fd801]
[    0.004329] Detected PIPT I-cache on CPU3
[    0.004369] cacheinfo: Unable to detect cache hierarchy for CPU 3
[    0.004378] GICv3: CPU3: found redistributor 300 region 0:0x00000000104a0000
[    0.004396] CPU3: Booted secondary processor 0x0000000300 [0x410fd801]
[    0.004910] CPU features: detected: Spectre-BHB
[    0.004916] CPU features: detected: SSBS not fully self-synchronizing
[    0.004918] Detected PIPT I-cache on CPU4
[    0.004922] CPU features: SANITY CHECK: Unexpected variation in SYS_ID_AA64MMFR1_EL1. Boot CPU: 0x1001111011312122, CPU4: 0x1001111010312122
[    0.004928] CPU features: Unsupported CPU feature variation detected.
[    0.004974] cacheinfo: Unable to detect cache hierarchy for CPU 4
[    0.004982] GICv3: CPU4: found redistributor 400 region 0:0x00000000104c0000
[    0.005003] CPU4: Booted secondary processor 0x0000000400 [0x410fd811]
[    0.005503] Detected PIPT I-cache on CPU5
[    0.005510] CPU features: SANITY CHECK: Unexpected variation in SYS_ID_AA64MMFR1_EL1. Boot CPU: 0x1001111011312122, CPU5: 0x1001111010312122
[    0.005561] cacheinfo: Unable to detect cache hierarchy for CPU 5
[    0.005571] GICv3: CPU5: found redistributor 500 region 0:0x00000000104e0000
[    0.005592] CPU5: Booted secondary processor 0x0000000500 [0x410fd811]
[    0.006140] Detected PIPT I-cache on CPU6
[    0.006148] CPU features: SANITY CHECK: Unexpected variation in SYS_ID_AA64MMFR1_EL1. Boot CPU: 0x1001111011312122, CPU6: 0x1001111010312122
[    0.006199] cacheinfo: Unable to detect cache hierarchy for CPU 6
[    0.006210] GICv3: CPU6: found redistributor 600 region 0:0x0000000010500000
[    0.006232] CPU6: Booted secondary processor 0x0000000600 [0x410fd811]
[    0.006878] Detected PIPT I-cache on CPU7
[    0.006885] CPU features: SANITY CHECK: Unexpected variation in SYS_ID_AA64MMFR1_EL1. Boot CPU: 0x1001111011312122, CPU7: 0x1001111010312122
[    0.006931] cacheinfo: Unable to detect cache hierarchy for CPU 7
[    0.006941] GICv3: CPU7: found redistributor 700 region 0:0x0000000010520000
[    0.006961] CPU7: Booted secondary processor 0x0000000700 [0x410fd821]
[    0.007002] smp: Brought up 1 node, 8 CPUs
[    0.007006] SMP: Total of 8 processors activated.
[    0.007009] CPU features: detected: Branch Target Identification
[    0.007011] CPU features: detected: ARMv8.4 Translation Table Level
[    0.007013] CPU features: detected: Data cache clean to the PoU not required for I/D coherence
[    0.007016] CPU features: detected: Common not Private translations
[    0.007018] CPU features: detected: CRC32 instructions
[    0.007020] CPU features: detected: E0PD
[    0.007022] CPU features: detected: Enhanced Counter Virtualization
[    0.007023] CPU features: detected: Enhanced Privileged Access Never
[    0.007026] CPU features: detected: Generic authentication (architected QARMA3 algorithm)
[    0.007028] CPU features: detected: RCpc load-acquire (LDAPR)
[    0.007029] CPU features: detected: LSE atomic instructions
[    0.007031] CPU features: detected: Privileged Access Never
[    0.007033] CPU features: detected: RAS Extension Support
[    0.007034] CPU features: detected: Speculation barrier (SB)
[    0.007035] CPU features: detected: Stage-2 Force Write-Back
[    0.007037] CPU features: detected: TLB range maintenance instructions
[    0.007039] CPU features: detected: WFx with timeout
[    0.007041] CPU features: detected: Protected KVM
[    0.007043] CPU features: detected: Speculative Store Bypassing Safe (SSBS)
[    0.007045] CPU features: detected: Scalable Vector Extension
[    0.007071] CPU features: detected CPU7: Activity Monitors Unit (AMU)
[    0.007072] CPU features: detected CPU0: Activity Monitors Unit (AMU)
[    0.007072] CPU features: detected CPU3: Activity Monitors Unit (AMU)
[    0.007072] CPU features: detected CPU2: Activity Monitors Unit (AMU)
[    0.007072] CPU features: detected CPU6: Activity Monitors Unit (AMU)
[    0.007072] CPU features: detected CPU1: Activity Monitors Unit (AMU)
[    0.007072] CPU features: detected CPU5: Activity Monitors Unit (AMU)
[    0.007072] CPU features: detected CPU4: Activity Monitors Unit (AMU)
[    0.007080] spectre-bhb mitigation disabled by compile time option
[    0.007097] SVE: maximum available vector length 16 bytes per vector
[    0.007101] SVE: default vector length 16 bytes per vector
[    0.007105] CPU: All CPU(s) started at EL2
[    0.007116] alternatives: applying system-wide alternatives
[    0.024405] clocksource: jiffies: mask: 0xffffffff max_cycles: 0xffffffff, max_idle_ns: 7645041785100000 ns
[    0.024421] futex hash table entries: 2048 (order: 5, 131072 bytes, linear)
[    0.032084] pinctrl core: initialized pinctrl subsystem
[    0.032360] NET: Registered PF_NETLINK/PF_ROUTE protocol family
[    0.033407] DMA: preallocated 4096 KiB GFP_KERNEL pool for atomic allocations
[    0.033544] thermal_sys: Registered thermal governor 'step_wise'
[    0.033546] thermal_sys: Registered thermal governor 'user_space'
[    0.033547] thermal_sys: Registered thermal governor 'power_allocator'
[    0.033573] cpuidle: using governor teo
[    0.033713] hw-breakpoint: found 6 breakpoint and 4 watchpoint registers.
[    0.033822] ASID allocator initialised with 65536 entries
[    0.041119] printk: console [ramoops-1] enabled
[    0.041148] pstore: Registered ramoops as persistent store backend
[    0.041152] ramoops: using 0x400000@0xfd3ff000, ecc: 0
[    0.046281] /ete7: Fixed dependency cycle(s) with /funnel0
[    0.046305] /ete6: Fixed dependency cycle(s) with /funnel0
[    0.046321] /ete5: Fixed dependency cycle(s) with /funnel0
[    0.046337] /ete4: Fixed dependency cycle(s) with /funnel0
[    0.046352] /ete3: Fixed dependency cycle(s) with /funnel0
[    0.046367] /ete2: Fixed dependency cycle(s) with /funnel0
[    0.046381] /ete1: Fixed dependency cycle(s) with /funnel0
[    0.046396] /ete0: Fixed dependency cycle(s) with /funnel0
[    0.046409] /funnel0: Fixed dependency cycle(s) with /ete7
[    0.046422] /funnel0: Fixed dependency cycle(s) with /ete6
[    0.046436] /funnel0: Fixed dependency cycle(s) with /ete5
[    0.046451] /funnel0: Fixed dependency cycle(s) with /ete4
[    0.046463] /funnel0: Fixed dependency cycle(s) with /ete3
[    0.046475] /funnel0: Fixed dependency cycle(s) with /ete2
[    0.046493] /funnel0: Fixed dependency cycle(s) with /ete1
[    0.046506] /funnel0: Fixed dependency cycle(s) with /ete0
[    0.046584] /funnel0: Fixed dependency cycle(s) with /funnel@2a007000
[    0.046602] /funnel@2a007000: Fixed dependency cycle(s) with /funnel0
[    0.046711] /funnel@2a009000: Fixed dependency cycle(s) with /etf@2a004000
[    0.046726] /funnel@2a007000: Fixed dependency cycle(s) with /etf@2a004000
[    0.046740] /etf@2a004000: Fixed dependency cycle(s) with /funnel@2a009000
[    0.046755] /etf@2a004000: Fixed dependency cycle(s) with /funnel@2a007000
[    0.046811] /funnel@2a009000: Fixed dependency cycle(s) with /etr@2a00a000
[    0.046827] /etr@2a00a000: Fixed dependency cycle(s) with /funnel@2a009000
[    0.051732] /hsi2c@108D0000/max77759tcpc@25: Fixed dependency cycle(s) with /hsi2c@108D0000/max77759tcpc@25/connector
[    0.051744] /hsi2c@108D0000/max77759tcpc@25/connector: Fixed dependency cycle(s) with /hsi2c@108D0000/max77759tcpc@25
[    0.057733] /mct@10050000: Fixed dependency cycle(s) with /mct@10050000/mct-map
[    0.057828] /mct-v3@100D0000: Fixed dependency cycle(s) with /mct-v3@100D0000/mct-v3-map
[    0.062606] /drmdsim@19440000: Fixed dependency cycle(s) with /gs-drm-connector
[    0.062621] /gs-drm-connector: Fixed dependency cycle(s) with /drmdsim@19440000
[    0.062917] KASLR enabled
[    0.066560] iommu: Default domain type: Translated 
[    0.066565] iommu: DMA domain TLB invalidation policy: strict mode 
[    0.066644] SCSI subsystem initialized
[    0.066673] usbcore: registered new interface driver usbfs
[    0.066681] usbcore: registered new interface driver hub
[    0.066691] usbcore: registered new device driver usb
[    0.066728] mc: Linux media interface: v0.10
[    0.066736] videodev: Linux video capture interface: v2.00
[    0.066746] pps_core: LinuxPPS API ver. 1 registered
[    0.066749] pps_core: Software ver. 5.3.6 - Copyright 2005-2007 Rodolfo Giometti <giometti@linux.it>
[    0.066758] EDAC MC: Ver: 3.0.0
[    0.066958] Advanced Linux Sound Architecture Driver Initialized.
[    0.067283] clocksource: Switched to clocksource arch_sys_counter
[    0.067344] VFS: Disk quotas dquot_6.6.0
[    0.067361] VFS: Dquot-cache hash table entries: 512 (order 0, 4096 bytes)
[    0.067611] NET: Registered PF_INET protocol family
[    0.067727] IP idents hash table entries: 262144 (order: 9, 2097152 bytes, linear)
[    0.071698] tcp_listen_portaddr_hash hash table entries: 8192 (order: 5, 131072 bytes, linear)
[    0.071744] Table-perturb hash table entries: 65536 (order: 6, 262144 bytes, linear)
[    0.071792] TCP established hash table entries: 131072 (order: 8, 1048576 bytes, linear)
[    0.071998] TCP bind hash table entries: 65536 (order: 9, 2097152 bytes, linear)
[    0.072288] TCP: Hash tables configured (established 131072 bind 65536)
[    0.072333] UDP hash table entries: 8192 (order: 6, 262144 bytes, linear)
[    0.072396] UDP-Lite hash table entries: 8192 (order: 6, 262144 bytes, linear)
[    0.072479] NET: Registered PF_UNIX/PF_LOCAL protocol family
[    0.072495] NET: Registered PF_XDP protocol family
[    0.072501] PCI: CLS 0 bytes, default 64
[    0.072699] Trying to unpack rootfs image as initramfs...
[    0.087499] kvm [1]: IPA Size Limit: 40 bits
[    0.117733] kvm [1]: GICv3: no GICV resource entry
[    0.117740] kvm [1]: disabling GICv2 emulation
[    0.117761] kvm [1]: GIC system register CPU interface enabled
[    0.117908] kvm [1]: vgic interrupt IRQ18
[    0.118054] kvm [1]: Protected nVHE mode initialized successfully
[    0.118584] Initialise system trusted keyrings
[    0.118668] workingset: timestamp_bits=62 max_order=22 bucket_order=0
[    0.119713] fuse: init (API version 7.38)
[    0.144781] Key type asymmetric registered
[    0.144789] Asymmetric key parser 'x509' registered
[    0.144820] Block layer SCSI generic (bsg) driver version 0.4 loaded (major 244)
[    0.144838] io scheduler mq-deadline registered
[    0.144883] io scheduler bfq registered
[    0.146993] printk: console [ttynull0] enabled
[    0.147148] cacheinfo: Unable to detect cache hierarchy for CPU 0
[    0.148437] brd: module loaded
[    0.149618] loop: module loaded
[    0.149911] wireguard: WireGuard 1.0.0 loaded. See www.wireguard.com for information.
[    0.149916] wireguard: Copyright (C) 2015-2019 Jason A. Donenfeld <Jason@zx2c4.com>. All Rights Reserved.
[    0.150074] MACsec IEEE 802.1AE
[    0.150239] tun: Universal TUN/TAP device driver, 1.6
[    0.151078] usbcore: registered new interface driver uas
[    0.151090] usbcore: registered new interface driver usb-storage
[    0.151182] usbcore: registered new interface driver xpad
[    0.151224] gspca_main: v2.14.0 registered
[    0.151232] usbcore: registered new interface driver uvcvideo
[    0.151387] device-mapper: uevent: version 1.0.3
[    0.151436] device-mapper: ioctl: 4.47.0-ioctl (2022-07-28) initialised: dm-devel@redhat.com
[    0.151888] sdhci: Secure Digital Host Controller Interface driver
[    0.151895] sdhci: Copyright(c) Pierre Ossman
[    0.151897] sdhci-pltfm: SDHCI platform and OF driver helper
[    0.152250] SMCCC: SOC_ID: ARCH_SOC_ID not implemented, skipping ....
[    0.152268] hid: raw HID events driver (C) Jiri Kosina
[    0.152481] usbcore: registered new interface driver usbhid
[    0.152485] usbhid: USB HID core driver
[    0.152515] ashmem: initialized
[    0.154971] hw perfevents: enabled with armv8_pmuv3 PMU driver, 21 counters available
[    0.155378] hw perfevents: enabled with armv9_cortex_x2 PMU driver, 32 counters available
[    0.155731] gnss: GNSS driver registered with major 236
[    0.156538] KernelSU: feature: feature management initialized
[    0.156543] KernelSU: KernelSU IOCTL Commands:
[    0.156547] KernelSU:   GRANT_ROOT         = 0x00004b01
[    0.156552] KernelSU:   GET_INFO           = 0x80004b02
[    0.156556] KernelSU:   REPORT_EVENT       = 0x40004b03
[    0.156559] KernelSU:   SET_SEPOLICY       = 0xc0004b04
[    0.156563] KernelSU:   CHECK_SAFEMODE     = 0x80004b05
[    0.156566] KernelSU:   GET_ALLOW_LIST     = 0xc0004b06
[    0.156569] KernelSU:   GET_DENY_LIST      = 0xc0004b07
[    0.156572] KernelSU:   NEW_GET_ALLOW_LIST = 0xc0044b06
[    0.156576] KernelSU:   NEW_GET_DENY_LIST  = 0xc0044b07
[    0.156579] KernelSU:   UID_GRANTED_ROOT   = 0xc0004b08
[    0.156582] KernelSU:   UID_SHOULD_UMOUNT  = 0xc0004b09
[    0.156585] KernelSU:   GET_MANAGER_APPID  = 0x80004b0a
[    0.156588] KernelSU:   GET_APP_PROFILE    = 0xc0004b0b
[    0.156591] KernelSU:   SET_APP_PROFILE    = 0x40004b0c
[    0.156594] KernelSU:   GET_FEATURE        = 0xc0004b0d
[    0.156597] KernelSU:   SET_FEATURE        = 0x40004b0e
[    0.156600] KernelSU:   GET_WRAPPER_FD     = 0x40004b0f
[    0.156603] KernelSU:   MANAGE_MARK        = 0xc0004b10
[    0.156606] KernelSU:   NUKE_EXT4_SYSFS    = 0x40004b11
[    0.156609] KernelSU:   ADD_TRY_UMOUNT     = 0x40004b12
[    0.156612] KernelSU:   GET_HOOK_MODE      = 0x80004b62
[    0.156615] KernelSU:   GET_VERSION_TAG    = 0x80004b63
[    0.156619] KernelSU: sulog_init: allocated 2000 bytes on 0x000000009e16698e 
[    0.156624] KernelSU: feature: registered handler for kernel_umount (id=1)
[    0.156629] KernelSU: feature: registered handler for su_compat (id=0)
[    0.156632] susfs:[0][1][susfs_init] susfs is initialized! version: v2.0.0 
[    0.156695] usbcore: registered new interface driver snd-usb-audio
[    0.156925] GACT probability NOT on
[    0.156937] Mirror/redirect action on
[    0.156951] netem: version 1.3
[    0.156965] u32 classifier
[    0.156968] input device check on
[    0.156971] Actions configured
[    0.157869] xt_time: kernel timezone is -0000
[    0.157965] ipip: IPv4 and MPLS over IPv4 tunneling driver
[    0.158139] gre: GRE over IPv4 demultiplexor driver
[    0.158144] ip_gre: GRE over IPv4 tunneling driver
[    0.158412] IPv4 over IPsec tunneling driver
[    0.158527] Initializing XFRM netlink socket
[    0.158536] IPsec XFRM device driver
[    0.158635] NET: Registered PF_INET6 protocol family
[    0.159226] Segment Routing with IPv6
[    0.159238] In-situ OAM (IOAM) with IPv6
[    0.159277] mip6: Mobile IPv6
[    0.159460] sit: IPv6, IPv4 and MPLS over IPv4 tunneling driver
[    0.159714] ip6_gre: GRE over IPv6 tunneling driver
[    0.159834] NET: Registered PF_PACKET protocol family
[    0.159841] NET: Registered PF_KEY protocol family
[    0.159891] NET: Registered PF_VSOCK protocol family
[    0.160109] wc-mbox 15200000.mbox: probe completed successfully
[    0.160164] wc-mbox 15220000.mbox: probe completed successfully
[    0.160202] wc-mbox 15240000.mbox: probe completed successfully
[    0.185071] Freeing initrd memory: 31140K
[    0.191820] exynos-pmu-if 15460000.exynos-pmu: exynos_pmu_if probe
[    0.192115] load_integrated_module: module 'pixel_suspend_diag' not found
[    0.192456] dpm: v1.01
[    0.192465] dpm: found features of debug policy
[    0.192470] dpm: dump-mode is Full Dump
[    0.192476] dpm: file-support of dump-mode is disabled
[    0.192481] dpm: debug-kinfo is enabled
[    0.192487] dpm: found policy of debug policy
[    0.192493] dpm: run [default] at [el1_da]
[    0.192497] dpm: run [default] at [el1_ia]
[    0.192502] dpm: run [default] at [el1_undef]
[    0.192507] dpm: run [default] at [el1_sp_pc]
[    0.192511] dpm: run [default] at [el1_inv]
[    0.192516] dpm: run [default] at [el1_serror]
[    0.192527] debug-snapshot dss: SJTAG is enabled
[    0.192544] item - header is enabled
[    0.192556] item - log_kevents is enabled
[    0.192639] debug-snapshot dss: log_bcm item is disabled, Skip alloc reserved memory
[    0.192647] item - log_s2d is enabled
[    0.192859] item - log_array_reset is enabled
[    0.192950] debug-snapshot dss: log_array_panic item is disabled, Skip alloc reserved memory
[    0.192958] debug-snapshot dss: log_slcdump item is disabled, Skip alloc reserved memory
[    0.192966] debug-snapshot dss: log_preslcdump item is disabled, Skip alloc reserved memory
[    0.192974] item - log_itmon is enabled
[    0.194650] debug-snapshot dss: debug-snapshot physical / virtual memory layout:
[    0.194655] header          : phys:0x00000000d8100000 / virt:00000000cc336739 / size:0x10000 / en:1
[    0.194664] log_kevents     : phys:0x00000000d8110000 / virt:000000002a0a239c / size:0x700000 / en:1
[    0.194671] log_s2d         : phys:0x00000000d8810000 / virt:0000000027a8efa1 / size:0x1800000 / en:1
[    0.194678] log_array_reset : phys:0x00000000da010000 / virt:00000000bd6d17ec / size:0xa00000 / en:1
[    0.194683] log_itmon       : phys:0x00000000dda10000 / virt:0000000030be9069 / size:0x10000 / en:1
[    0.194690] debug-snapshot dss: total_item_size: 42112KB, dbg_snapshot_log struct size: 4120KB
[    0.194742] dss task log VH register failed
[    0.194746] dss wq start log VH register failed
[    0.194749] dss wq end log VH register failed
[    0.194755] debug-snapshot dss: enabled
[    0.194762] debug-snapshot-log physical / virtual memory layout:
[    0.194766] task_log    : phys:0x00000000d8110000 / virt:000000002a0a239c / size:0x6c000 / en:1
[    0.194772] work_log    : phys:0x00000000d817c000 / virt:0000000088a1b130 / size:0x36000 / en:1
[    0.194779] cpuidle_log : phys:0x00000000d81b2000 / virt:00000000443d6d05 / size:0x48000 / en:1
[    0.194785] suspend_log : phys:0x00000000d81fa000 / virt:00000000d481255a / size:0x14000 / en:1
[    0.194790] clk_log     : phys:0x00000000d8376000 / virt:0000000027aef094 / size:0xa000 / en:1
[    0.194796] pmu_log     : phys:0x00000000d8380000 / virt:00000000fe7aa902 / size:0x8000 / en:1
[    0.194802] freq_log    : phys:0x00000000d8388000 / virt:000000001caacade / size:0xc0000 / en:1
[    0.194807] dm_log      : phys:0x00000000d8448000 / virt:0000000078d0efea / size:0xa000 / en:1
[    0.194813] regulator_log: phys:0x00000000d84ac000 / virt:000000001a02b5ba / size:0xe000 / en:1
[    0.194819] thermal_log : phys:0x00000000d84ba000 / virt:0000000076b0c28f / size:0xc000 / en:1
[    0.194825] acpm_log    : phys:0x00000000d84c6000 / virt:0000000048aa1e41 / size:0x8000 / en:1
[    0.194831] printk_log  : phys:0x00000000d84ce000 / virt:000000000bc7813c / size:0x48000 / en:1
[    0.194841] debug-snapshot dss: dbg_snapshot_probe successful.
[    0.195249] load_integrated_module: module 'gs_perf_mon' not found
[    0.195416] load_integrated_module: module 'sched_tp' not found
[    0.196628] gs-chipid 10000000.chipid: CPU[ZUMAPRO] CPU_REV[0x1] Detected
[    0.197118] ect_probe: Reserved memory for ect: addr=0x0000000090000000, size=60000
[    0.197133] exynos-ect exynos-ect: Exynos ect driver probe done!
[    0.197323] load_integrated_module: module 'systrace' not found
[    0.197430] load_integrated_module: module 'kernel_top' not found
[    0.197713] gs-acpm-ipc 15110000.acpm_ipc: acpm_ipc probe
[    0.198136] [ACPM] acpm framework SRAM dump to dram base: 0x85980000
[    0.198207] gs-acpm-ipc 15110000.acpm_ipc: acpm_ipc probe done.
[    0.198370] gs-acpm 15440000.acpm: acpm probe
[    0.198376] gs-acpm 15440000.acpm: acpm probe done.
[    0.199217] ECT version: 3020
[    0.199477] vclk initialize for cmucal
[    0.200948] cannot found vclk node f
[    0.201009] zuma_cal_data_init: cal data init
[    0.201778] async_dvfs_enable : Enabling Async DVFS
[    0.202403] load_integrated_module: module 'vh_sched' not found
[    0.202628] pixel_metrics: thermal_metrics driver initialized! :D
[    0.206641] samsung-pinctrl 16280000.pinctrl: irq number not available
[    0.206688] samsung-pinctrl 16290000.pinctrl: irq number not available
[    0.206729] samsung-pinctrl 162a0000.pinctrl: irq number not available
[    0.206769] samsung-pinctrl 162b0000.pinctrl: irq number not available
[    0.208977] ZUMA: Clock setup completed
[    0.209493] exynos-mct: osc-24576000 rtc-32768 incr_rtcclk:0x000002ee compen_val:0x00000000
[    0.209760] clocksource: mct-frc: mask: 0xffffffff max_cycles: 0xffffffff, max_idle_ns: 77769386669 ns
[    0.211763] exynos-pd 15461a80.pd-g3d: on
[    0.211815] exynos-pd 15461c80.pd-embedded_g3d: on
[    0.211831] exynos-pd 15461a80.pd-g3d: has new subdomain pd-embedded_g3d
[    0.211882] exynos-pd 15461d00.pd-dpub: on
[    0.211920] exynos-pd 15461d80.pd-dpuf0: on
[    0.211935] exynos-pd 15461d00.pd-dpub: has new subdomain pd-dpuf0
[    0.211965] exynos-pd 15461e00.pd-dpuf1: on
[    0.211979] exynos-pd 15461d00.pd-dpub: has new subdomain pd-dpuf1
[    0.212006] exynos-pd 15461e80.pd-g2d: on
[    0.212028] exynos-pd 15461f00.pd-gdc: on
[    0.212050] exynos-pd 15461f80.pd-gse: on
[    0.212071] exynos-pd 15462000.pd-mcsc: on
[    0.212093] exynos-pd 15462080.pd-mfc: on
[    0.212114] exynos-pd 15462100.pd-rgbp: on
[    0.212137] exynos-pd 15462180.pd-tnr: on
[    0.212159] exynos-pd 15462200.pd-yuvp: on
[    0.212181] exynos-pd 15462300.pd-aur: on
[    0.212204] exynos-pd 15462380.pd-bw: on
[    0.212224] exynos-pd 15462400.pd-eh: on
[    0.212244] exynos-pd 15462480.pd-ispfe: on
[    0.212264] exynos-pd 15462500.pd-tpu: on
[    0.212287] exynos-pd 15462a80.pd-hsi0: on
[    0.347044] pkvm-s2mpu-v9 20a80000.s2mpu_s0_aur: registered with hypervisor [0/29]
[    0.347375] pkvm-s2mpu-v9 1a670000.s2mpu_s0_bw: registered with hypervisor [1/29]
[    0.347538] pkvm-s2mpu-v9 29c50000.s2mpu_s0_cpucl0: registered with hypervisor [2/29]
[    0.347703] pkvm-s2mpu-v9 19870000.s2mpu_s0_dpuf0: registered with hypervisor [3/29]
[    0.347832] pkvm-s2mpu-v9 19c70000.s2mpu_s0_dpuf1: registered with hypervisor [4/29]
[    0.347951] pkvm-s2mpu-v9 16c70000.s2mpu_s0_eh: registered with hypervisor [5/29]
[    0.348065] pkvm-s2mpu-v9 1a8a0000.s2mpu_s0_g2d: registered with hypervisor [6/29]
[    0.348199] pkvm-s2mpu-v9 1ee70000.s2mpu_s0_g3d: registered with hypervisor [7/29]
[    0.348423] pkvm-s2mpu-v9 1d4f0000.s2mpu_s0_gdc: registered with hypervisor [8/29]
[    0.348605] pkvm-s2mpu-v9 1d8a0000.s2mpu_s0_gse: registered with hypervisor [9/29]
[    0.348760] pkvm-s2mpu-v9 11070000.s2mpu_s0_hsi0: registered with hypervisor [10/29]
[    0.348874] pkvm-s2mpu-v9 12090000.s2mpu_s0_hsi1: registered with hypervisor [11/29]
[    0.349082] pkvm-s2mpu-v9 131f0000.s2mpu_s0_hsi2: registered with hypervisor [12/29]
[    0.349379] pkvm-s2mpu-v9 1c140000.s2mpu_s0_ispfe: registered with hypervisor [13/29]
[    0.349536] pkvm-s2mpu-v9 1c180000.s2mpu_s1_ispfe: registered with hypervisor [14/29]
[    0.349689] pkvm-s2mpu-v9 1c1c0000.s2mpu_s2_ispfe: registered with hypervisor [15/29]
[    0.349851] pkvm-s2mpu-v9 1d0d0000.s2mpu_s0_mcsc: registered with hypervisor [16/29]
[    0.350009] pkvm-s2mpu-v9 1a4a0000.s2mpu_s0_mfc: registered with hypervisor [17/29]
[    0.350181] pkvm-s2mpu-v9 101f0000.s2mpu_s0_misc: registered with hypervisor [18/29]
[    0.350482] pkvm-s2mpu-v9 1c4d0000.s2mpu_s0_rgbp: registered with hypervisor [19/29]
[    0.350635] pkvm-s2mpu-v9 1c510000.s2mpu_s1_rgbp: registered with hypervisor [20/29]
[    0.350803] pkvm-s2mpu-v9 1ccb0000.s2mpu_s0_tnr: registered with hypervisor [21/29]
[    0.350992] pkvm-s2mpu-v9 1ccf0000.s2mpu_s1_tnr: registered with hypervisor [22/29]
[    0.351197] pkvm-s2mpu-v9 1cd30000.s2mpu_s2_tnr: registered with hypervisor [23/29]
[    0.351353] pkvm-s2mpu-v9 1a370000.s2mpu_s0_tpu: registered with hypervisor [24/29]
[    0.351468] pkvm-s2mpu-v9 1c8a0000.s2mpu_s0_yuvp: registered with hypervisor [25/29]
[    0.351617] pkvm-s2mpu-v9 16470000.s2mpu_s0_gsa: registered with hypervisor [26/29]
[    0.352359] pkvm-s2mpu-v9 190c0000.s2mpu_s0_aoc: registered with hypervisor [27/29]
[    0.352503] pkvm-s2mpu-v9 155b0000.s2mpu_s0_alive: registered with hypervisor [28/29]
[    0.352506] List of devices successfully finalized for pkvm s2mpu
[    0.355885] registered taskstats version 1
[    0.355924] Loading compiled-in X.509 certificates
[    0.355961] Key type .fscrypt registered
[    0.355966] Key type fscrypt-provisioning registered
[    0.356035] pstore: Invalid compression size for deflate: 0
[    0.357388] input: gpio_keys as /devices/platform/gpio_keys/input/input0
[    0.358399] clk: Not disabling unused clocks
[    0.358460] ALSA device list:
[    0.358467] No soundcards found.
[    0.358866] Freeing unused kernel memory: 2496K
[    0.359001] Failed to set sysctl parameter 'kernel.sched_pelt_multiplier=4': parameter not found
[    0.359079] Run /init as init process
[    0.359082] with arguments:
[    0.359084] /init
[    0.359085] kasan_multi_shot
[    0.359086] with environment:
[    0.359088] HOME=/
[    0.359090] TERM=linux
[    0.359091] stack_depot_disable=on
[    0.359092] softlockup_panic=1
[    0.359094] dyndbg=func alloc_contig_dump_pages +p
[    0.359095] kasan=off
[    0.360786] init: init first stage started!
[    0.361916] init: alias lines in modules.alias must have 3 entries, not 5
[    0.364185] init: Loading module /lib/modules/fips140.ko with args ''
[    0.364393] load_integrated_module: module 'fips140' not found
[    0.364434] init: Loaded kernel module /lib/modules/fips140.ko
[    0.364481] init: Loading module /lib/modules/zsmalloc.ko with args ''
[    0.364598] init: Loaded kernel module /lib/modules/zsmalloc.ko
[    0.364639] init: Loading module /lib/modules/drm_display_helper.ko with args ''
[    0.364790] init: Loaded kernel module /lib/modules/drm_display_helper.ko
[    0.364828] init: Loading module /lib/modules/at24.ko with args 'write_timeout=100'
[    0.364949] init: Loaded kernel module /lib/modules/at24.ko
[    0.364993] init: Loading module /lib/modules/open-dice.ko with args ''
[    0.365251] init: Loaded kernel module /lib/modules/open-dice.ko
[    0.365293] init: Loading module /lib/modules/sg.ko with args ''
[    0.365407] init: Loaded kernel module /lib/modules/sg.ko
[    0.365448] init: Loading module /lib/modules/spidev.ko with args ''
[    0.365539] init: Loaded kernel module /lib/modules/spidev.ko
[    0.365579] init: Loading module /lib/modules/i2c-dev.ko with args ''
[    0.365649] i2c_dev: i2c /dev entries driver
[    0.365667] init: Loaded kernel module /lib/modules/i2c-dev.ko
[    0.365703] init: Loading module /lib/modules/arm-cmn.ko with args ''
[    0.367997] init: Loaded kernel module /lib/modules/arm-cmn.ko
[    0.368096] init: Loading module /lib/modules/exynos-pd_el3.ko with args ''
[    0.368166] init: Loaded kernel module /lib/modules/exynos-pd_el3.ko
[    0.368204] init: Loading module /lib/modules/eusb_repeater.ko with args ''
[    0.368275] init: Loaded kernel module /lib/modules/eusb_repeater.ko
[    0.368312] init: Loading module /lib/modules/exynos-pd_hsi0.ko with args ''
[    0.368381] init: Loaded kernel module /lib/modules/exynos-pd_hsi0.ko
[    0.368394] init: Loading module /lib/modules/phy-exynos-usbdrd-eusb-super.ko with args ''
[    0.368477] init: Loaded kernel module /lib/modules/phy-exynos-usbdrd-eusb-super.ko
[    0.368549] init: Loading module /lib/modules/exynos-pmu-if.ko with args ''
[    0.368604] init: Loaded kernel module /lib/modules/exynos-pmu-if.ko
[    0.368613] init: Loading module /lib/modules/phy-exynos-mipi-dsim.ko with args ''
[    0.368702] exynos-mipi-phy dphy_m4s4_dsim0@19460000: exynos_mipi_phy_probe: isolation 0x3eb8
[    0.368749] exynos-mipi-phy dphy_m4s4_dsim0@19460000: creating exynos-mipi-phy
[    0.369010] init: Loaded kernel module /lib/modules/phy-exynos-mipi-dsim.ko
[    0.369053] init: Loading module /lib/modules/phy-exynos-mipi.ko with args ''
[    0.369463] exynos-mipi-phy-csi 1c101200.dcphy_m0s4s4s4s4s4_csi0: exynos_mipi_phy_probe: isolation 0x3ebc
[    0.369469] exynos-mipi-phy-csi 1c101200.dcphy_m0s4s4s4s4s4_csi0: exynos_mipi_phy_probe: reset 0
[    0.369506] exynos-mipi-phy-csi 1c101200.dcphy_m0s4s4s4s4s4_csi0: creating exynos-mipi-phy
[    0.369550] exynos-mipi-phy-csi 1c101700.dcphy_m0s4s4s4s4s4_csi0: exynos_mipi_phy_probe: isolation 0x3ebc
[    0.369554] exynos-mipi-phy-csi 1c101700.dcphy_m0s4s4s4s4s4_csi0: exynos_mipi_phy_probe: reset 1
[    0.369579] exynos-mipi-phy-csi 1c101700.dcphy_m0s4s4s4s4s4_csi0: creating exynos-mipi-phy
[    0.369618] exynos-mipi-phy-csi 1c102200.dcphy_m0s4s4s4s4s4_csi0: exynos_mipi_phy_probe: isolation 0x3ebc
[    0.369623] exynos-mipi-phy-csi 1c102200.dcphy_m0s4s4s4s4s4_csi0: exynos_mipi_phy_probe: reset 2
[    0.369650] exynos-mipi-phy-csi 1c102200.dcphy_m0s4s4s4s4s4_csi0: creating exynos-mipi-phy
[    0.369685] exynos-mipi-phy-csi 1c102700.dcphy_m0s4s4s4s4s4_csi0: exynos_mipi_phy_probe: isolation 0x3ebc
[    0.369689] exynos-mipi-phy-csi 1c102700.dcphy_m0s4s4s4s4s4_csi0: exynos_mipi_phy_probe: reset 3
[    0.369715] exynos-mipi-phy-csi 1c102700.dcphy_m0s4s4s4s4s4_csi0: creating exynos-mipi-phy
[    0.369749] exynos-mipi-phy-csi 1c102c00.dcphy_m0s4s4s4s4s4_csi0: exynos_mipi_phy_probe: isolation 0x3ebc
[    0.369754] exynos-mipi-phy-csi 1c102c00.dcphy_m0s4s4s4s4s4_csi0: exynos_mipi_phy_probe: reset 4
[    0.369778] exynos-mipi-phy-csi 1c102c00.dcphy_m0s4s4s4s4s4_csi0: creating exynos-mipi-phy
[    0.369810] exynos-mipi-phy-csi 1c103100.dcphy_m0s4s4s4s4s4_csi0: exynos_mipi_phy_probe: isolation 0x3ebc
[    0.369814] exynos-mipi-phy-csi 1c103100.dcphy_m0s4s4s4s4s4_csi0: exynos_mipi_phy_probe: reset 5
[    0.369846] exynos-mipi-phy-csi 1c103100.dcphy_m0s4s4s4s4s4_csi0: creating exynos-mipi-phy
[    0.369883] exynos-mipi-phy-csi 1c103600.dcphy_m0s4s4s4s4s4_csi0: exynos_mipi_phy_probe: isolation 0x3ebc
[    0.369888] exynos-mipi-phy-csi 1c103600.dcphy_m0s4s4s4s4s4_csi0: exynos_mipi_phy_probe: reset 6
[    0.369913] exynos-mipi-phy-csi 1c103600.dcphy_m0s4s4s4s4s4_csi0: creating exynos-mipi-phy
[    0.369948] exynos-mipi-phy-csi 1c103700.dcphy_m0s4s4s4s4s4_csi0: exynos_mipi_phy_probe: isolation 0x3ebc
[    0.369952] exynos-mipi-phy-csi 1c103700.dcphy_m0s4s4s4s4s4_csi0: exynos_mipi_phy_probe: reset 7
[    0.369975] exynos-mipi-phy-csi 1c103700.dcphy_m0s4s4s4s4s4_csi0: creating exynos-mipi-phy
[    0.370008] exynos-mipi-phy-csi 1c103c00.dcphy_m0s4s4s4s4s4_csi0: exynos_mipi_phy_probe: isolation 0x3ebc
[    0.370013] exynos-mipi-phy-csi 1c103c00.dcphy_m0s4s4s4s4s4_csi0: exynos_mipi_phy_probe: reset 8
[    0.370036] exynos-mipi-phy-csi 1c103c00.dcphy_m0s4s4s4s4s4_csi0: creating exynos-mipi-phy
[    0.370191] init: Loaded kernel module /lib/modules/phy-exynos-mipi.ko
[    0.370242] init: Loading module /lib/modules/pinctrl-exynos-gs.ko with args ''
[    0.370336] init: Loaded kernel module /lib/modules/pinctrl-exynos-gs.ko
[    0.370414] init: Loading module /lib/modules/pixel-suspend-diag.ko with args ''
[    0.370454] load_integrated_module: module 'pixel_suspend_diag' not found
[    0.370463] init: Loaded kernel module /lib/modules/pixel-suspend-diag.ko
[    0.370505] init: Loading module /lib/modules/dss.ko with args ''
[    0.370619] init: Loaded kernel module /lib/modules/dss.ko
[    0.370658] init: Loading module /lib/modules/gs_perf_mon.ko with args ''
[    0.370701] load_integrated_module: module 'gs_perf_mon' not found
[    0.370711] init: Loaded kernel module /lib/modules/gs_perf_mon.ko
[    0.370747] init: Loading module /lib/modules/sched_tp.ko with args ''
[    0.370811] load_integrated_module: module 'sched_tp' not found
[    0.370822] init: Loaded kernel module /lib/modules/sched_tp.ko
[    0.370862] init: Loading module /lib/modules/gs-chipid.ko with args ''
[    0.370916] init: Loaded kernel module /lib/modules/gs-chipid.ko
[    0.370956] init: Loading module /lib/modules/ect_parser.ko with args ''
[    0.371029] init: Loaded kernel module /lib/modules/ect_parser.ko
[    0.371068] init: Loading module /lib/modules/systrace.ko with args ''
[    0.371104] load_integrated_module: module 'systrace' not found
[    0.371112] init: Loaded kernel module /lib/modules/systrace.ko
[    0.371153] init: Loading module /lib/modules/kernel-top.ko with args ''
[    0.371189] load_integrated_module: module 'kernel_top' not found
[    0.371197] init: Loaded kernel module /lib/modules/kernel-top.ko
[    0.371237] init: Loading module /lib/modules/gs_acpm.ko with args ''
[    0.371322] init: Loaded kernel module /lib/modules/gs_acpm.ko
[    0.371367] init: Loading module /lib/modules/cmupmucal.ko with args ''
[    0.371978] init: Loaded kernel module /lib/modules/cmupmucal.ko
[    0.372034] init: Loading module /lib/modules/vh_sched.ko with args ''
[    0.372650] load_integrated_module: module 'vh_sched' not found
[    0.372743] init: Loaded kernel module /lib/modules/vh_sched.ko
[    0.372799] init: Loading module /lib/modules/pixel_metrics.ko with args ''
[    0.372885] init: Loaded kernel module /lib/modules/pixel_metrics.ko
[    0.373002] init: Loading module /lib/modules/clk_exynos_gs.ko with args ''
[    0.373084] init: Loaded kernel module /lib/modules/clk_exynos_gs.ko
[    0.373095] init: Loading module /lib/modules/exynos_mct_v3.ko with args ''
[    0.373155] init: Loaded kernel module /lib/modules/exynos_mct_v3.ko
[    0.373188] init: Loading module /lib/modules/exynos-cpupm.ko with args ''
[    0.373247] init: Loaded kernel module /lib/modules/exynos-cpupm.ko
[    0.373291] init: Loading module /lib/modules/logbuffer.ko with args ''
[    0.373327] load_integrated_module: module 'logbuffer' not found
[    0.373335] init: Loaded kernel module /lib/modules/logbuffer.ko
[    0.373380] init: Loading module /lib/modules/exynos_pm_qos.ko with args ''
[    0.373435] init: Loaded kernel module /lib/modules/exynos_pm_qos.ko
[    0.373475] init: Loading module /lib/modules/itmon.ko with args ''
[    0.373530] load_integrated_module: module 'itmon' not found
[    0.373540] init: Loaded kernel module /lib/modules/itmon.ko
[    0.373579] init: Loading module /lib/modules/exynos-pcie-iommu.ko with args ''
[    0.374052] pcie-sysmmu 12060000.sysmmu: Enable map once.
[    0.374059] pcie-sysmmu 12060000.sysmmu: Number of PMMU : 1.
[    0.374108] pcie-sysmmu 12060000.sysmmu: Probe HSI1 block, PCIe VID : 0
[    0.374113] pcie-sysmmu 12060000.sysmmu: L1Page Table Address : 0x0x000000008c440000(phys)
[    0.374118] pcie-sysmmu 12060000.sysmmu: is probed. Version 9.0.0 - MAX VM : 8, 36bit addr : 1
[    0.374274] init: Loaded kernel module /lib/modules/exynos-pcie-iommu.ko
[    0.374318] init: Loading module /lib/modules/sbb-mux.ko with args ''
[    0.374390] sbb-mux: Initializing signal [0, '0']...
[    0.374402] sbb-mux: Initializing signal [1, '1']...
[    0.374408] sbb-mux: Initializing signal [2, 'kernel_test']...
[    0.374414] sbb-mux: Initializing signal [3, 'userland_test']...
[    0.374420] sbb-mux: Initializing signal [4, 'gp_region_0']...
[    0.374425] sbb-mux: Initializing signal [5, 'gp_region_1']...
[    0.374431] sbb-mux: Initializing signal [6, 'gp_region_2']...
[    0.374438] sbb-mux: Initializing signal [7, 'gp_region_3']...
[    0.374444] sbb-mux: Initializing signal [8, 'k_gp_region_0']...
[    0.374449] sbb-mux: Initializing signal [9, 'k_gp_region_1']...
[    0.374454] sbb-mux: Initializing signal [10, 'k_gp_region_2']...
[    0.374460] sbb-mux: Initializing signal [11, 'k_gp_region_3']...
[    0.374467] sbb-mux: Initializing signal [12, 'app_misc0']...
[    0.374472] sbb-mux: Initializing signal [13, 'app_misc1']...
[    0.374477] sbb-mux: Initializing signal [14, 'app_misc2']...
[    0.374487] sbb-mux: Initializing signal [15, 'app_misc3']...
[    0.374493] sbb-mux: Initializing signal [16, 'app_misc4']...
[    0.374499] sbb-mux: Initializing signal [17, 'app_misc5']...
[    0.374504] sbb-mux: Initializing signal [18, 'app_misc6']...
[    0.374510] sbb-mux: Initializing signal [19, 'app_misc7']...
[    0.374515] sbb-mux: Initializing signal [20, 'app_misc8']...
[    0.374533] sbb-mux: Initializing signal [21, 'app_misc9']...
[    0.374539] sbb-mux: Initializing signal [22, 'cam_misc0']...
[    0.374545] sbb-mux: Initializing signal [23, 'cam_misc1']...
[    0.374550] sbb-mux: Initializing signal [24, 'cam_misc2']...
[    0.374556] sbb-mux: Initializing signal [25, 'cam_misc3']...
[    0.374561] sbb-mux: Initializing signal [26, 'cam_misc4']...
[    0.374567] sbb-mux: Initializing signal [27, 'cam_misc5']...
[    0.374572] sbb-mux: Initializing signal [28, 'cam_misc6']...
[    0.374578] sbb-mux: Initializing signal [29, 'cam_misc7']...
[    0.374583] sbb-mux: Initializing signal [30, 'cam_misc8']...
[    0.374589] sbb-mux: Initializing signal [31, 'cam_misc9']...
[    0.374594] sbb-mux: Initializing signal [32, 'ufs_active_idle']...
[    0.374601] sbb-mux: Initializing signal [33, 'ufs_power_on']...
[    0.374606] sbb-mux: Initializing signal [34, 'ufs_io_outstanding']...
[    0.374612] sbb-mux: Initializing signal [35, 'cp2ap_wake_isr']...
[    0.374619] sbb-mux: Initializing signal [36, 'pcie_link_state']...
[    0.374752] sbb-mux: Calling sbb_mux_drv_probe!
[    0.374806] sbb-mux: Num GPIOs: 3.
[    0.374824] sbb-mux: GPIO system id: 18.
[    0.374845] Correctly initialized GPIO tracker #18 for GPIO C1_T0__XAPC_USI2_CTSn_CSn!
[    0.374856] sbb-mux: GPIO system id: 61.
[    0.374870] Correctly initialized GPIO tracker #61 for GPIO C1_T1__XAPC_USI9_RTSn_DI!
[    0.374877] sbb-mux: GPIO system id: 62.
[    0.374889] Correctly initialized GPIO tracker #62 for GPIO C1_T2__XAPC_USI9_CTSn_CSn!
[    0.374934] sbb-mux: Registered! :D
[    0.374961] init: Loaded kernel module /lib/modules/sbb-mux.ko
[    0.375027] init: Loading module /lib/modules/pcie-exynos-zuma-rc-cal.ko with args ''
[    0.375102] init: Loaded kernel module /lib/modules/pcie-exynos-zuma-rc-cal.ko
[    0.375113] init: Loading module /lib/modules/pcie-exynos-gs.ko with args ''
[    0.375448] exynos-pcie-rc 12100000.pcie: ## PCIe RC PROBE start
[    0.375474] exynos-pcie-rc 12100000.pcie: ## PCIe ch 0 ##
[    0.375479] exynos-pcie-rc 12100000.pcie: logbuffer register failed
[    0.375495] exynos-pcie-rc 12100000.pcie: Failed to parse the number of chip-ver, default '0'
[    0.375499] exynos-pcie-rc 12100000.pcie: parse the number of lanes: 2
[    0.375504] exynos-pcie-rc 12100000.pcie: parse the separated msi: 1
[    0.375511] exynos-pcie-rc 12100000.pcie: Cache Coherency unit is ENABLED.
[    0.375515] exynos-pcie-rc 12100000.pcie: MSI is ENABLED.
[    0.375520] exynos-pcie-rc 12100000.pcie: ## PCIe don't support 64-bit MSI addressing
[    0.375525] exynos-pcie-rc 12100000.pcie: ## PCIe use SICD
[    0.375530] exynos-pcie-rc 12100000.pcie: ## PCIe use PCIE ON Sleep
[    0.375535] exynos-pcie-rc 12100000.pcie: PCIe SysMMU is ENABLED.
[    0.375539] exynos-pcie-rc 12100000.pcie: PCIe I/A is DISABLED.
[    0.375545] exynos-pcie-rc 12100000.pcie: PCIe L1SS(L1.2) is ENABLED.
[    0.375553] exynos-pcie-rc 12100000.pcie: exynos_pcie_rc_parse_dt: pcie int_min_lock = 200000
[    0.375649] exynos-pcie-rc 12100000.pcie: wlan gpio is not defined -> don't use wifi through pcie#0
[    0.375656] exynos-pcie-rc 12100000.pcie: ssd gpio is not defined -> don't use ssd through pcie#0
[    0.375662] exynos-pcie-rc 12100000.pcie: customized de-emphasis enable 0 with value: 0
[    0.375714] exynos-pcie-rc 12100000.pcie: No idle pin state(but it's OK)!!
[    0.375762] exynos-pcie-rc 12100000.pcie: Initialize PHY functions.
[    0.375767] exynos-pcie-rc 12100000.pcie: Initialize PCIe function.
[    0.375843] exynos-pcie-rc 12100000.pcie: PCIe cap [0x1][Power Management]: 0x40
[    0.375850] exynos-pcie-rc 12100000.pcie: PCIe cap [0x5][Message Signalled Interrupts]: 0x50
[    0.375855] exynos-pcie-rc 12100000.pcie: PCIe cap [0x10][PCI Express]: 0x70
[    0.375860] exynos-pcie-rc 12100000.pcie: PCIe ext cap [0x1][Advanced Error Reporting]: 0x100
[    0.375865] exynos-pcie-rc 12100000.pcie: PCIe ext cap [0x19][Secondary PCIe Capability]: 0x148
[    0.375870] exynos-pcie-rc 12100000.pcie: PCIe ext cap [0x1e][L1 PM Substates]: 0x160
[    0.375875] exynos-pcie-rc 12100000.pcie: PCIe ext cap [0x25][Data Link Feature]: 0x170
[    0.375935] exynos-pcie-rc 12100000.pcie: 148 separated MSI irq is defined.
[    0.375962] exynos-pcie-rc 12100000.pcie: 149 separated MSI irq is defined.
[    0.375977] exynos-pcie-rc 12100000.pcie: 150 separated MSI irq is defined.
[    0.375992] exynos-pcie-rc 12100000.pcie: 151 separated MSI irq is defined.
[    0.376006] exynos-pcie-rc 12100000.pcie: 152 separated MSI irq is defined.
[    0.376036] exynos-pcie-rc 12100000.pcie: host bridge /pcie@12100000 ranges:
[    0.376043] exynos-pcie-rc 12100000.pcie:   No bus range found for /pcie@12100000, using [bus 00-ff]
[    0.376056] exynos-pcie-rc 12100000.pcie:      MEM 0x0040000000..0x0040feffff -> 0x0040000000
[    0.376128] exynos-pcie-rc 12100000.pcie: No iATU regions found
[    0.376131] exynos-pcie-rc 12100000.pcie: iATU unroll: enabled
[    0.376135] exynos-pcie-rc 12100000.pcie: iATU regions: 0 ob, 0 ib, align 0K, limit 0G
[    0.376530] exynos-pcie-rc 12100000.pcie: PCI host bridge to bus 0000:00
[    0.376539] pci_bus 0000:00: root bus resource [bus 00-ff]
[    0.376546] pci_bus 0000:00: root bus resource [mem 0x40000000-0x40feffff]
[    0.376577] pci 0000:00:00.0: [144d:ecec] type 01 class 0x060400
[    0.376706] pci 0000:00:00.0: PME# supported from D0 D3hot D3cold
[    0.382431] pci 0000:00:00.0: PCI bridge to [bus 01-ff]
[    0.382463] [exynos_pcie_quirks] async suspend disabled
[    0.382992] pcieport 0000:00:00.0: PME: Signaling with IRQ 154
[    0.383524] pcieport 0000:00:00.0: AER: enabled with IRQ 154
[    0.383633] exynos-pcie-rc 12100000.pcie: PCIE idle ip index : 14
[    0.383639] exynos-pcie-rc 12100000.pcie: exynos_pcie_rc_probe, ip idle status : 1, idle_ip_index: 14
[    0.384009] exynos-pcie-rc 12100000.pcie: ## register pcie connection function
[    0.384014] exynos-pcie-rc 12100000.pcie: ## exynos_pcie_rc_probe: PCIe probe success
[    0.384132] exynos-pcie-rc 13120000.pcie: ## PCIe RC PROBE start
[    0.384155] exynos-pcie-rc 13120000.pcie: ## PCIe ch 1 ##
[    0.384160] exynos-pcie-rc 13120000.pcie: logbuffer register failed
[    0.384176] exynos-pcie-rc 13120000.pcie: Failed to parse the number of chip-ver, default '0'
[    0.384180] exynos-pcie-rc 13120000.pcie: parse the number of lanes: 1
[    0.384185] exynos-pcie-rc 13120000.pcie: Unset separated-msi value, default '0'
[    0.384191] exynos-pcie-rc 13120000.pcie: MSI is ENABLED.
[    0.384196] exynos-pcie-rc 13120000.pcie: ## PCIe don't support 64-bit MSI addressing
[    0.384201] exynos-pcie-rc 13120000.pcie: ## PCIe use SICD
[    0.384205] exynos-pcie-rc 13120000.pcie: ## PCIe don't use PCIE ON Sleep
[    0.384209] exynos-pcie-rc 13120000.pcie: PCIe SysMMU is DISABLED.
[    0.384217] exynos-pcie-rc 13120000.pcie: PCIe I/A is DISABLED.
[    0.384221] exynos-pcie-rc 13120000.pcie: PCIe L1SS(L1.2) is ENABLED.
[    0.384227] exynos-pcie-rc 13120000.pcie: exynos_pcie_rc_parse_dt: pcie int_min_lock = 200000
[    0.384318] exynos-pcie-rc 13120000.pcie: ssd gpio is not defined -> don't use ssd through pcie#1
[    0.384325] exynos-pcie-rc 13120000.pcie: customized de-emphasis enable 0 with value: 0
[    0.384390] exynos-pcie-rc 13120000.pcie: No idle pin state(but it's OK)!!
[    0.384440] exynos-pcie-rc 13120000.pcie: Initialize PHY functions.
[    0.384444] exynos-pcie-rc 13120000.pcie: Initialize PCIe function.
[    0.384534] exynos-pcie-rc 13120000.pcie: Disable PCIE2 PHY
[    0.384639] exynos-pcie-rc 13120000.pcie: PCIe cap [0x1][Power Management]: 0x40
[    0.384644] exynos-pcie-rc 13120000.pcie: PCIe cap [0x5][Message Signalled Interrupts]: 0x50
[    0.384649] exynos-pcie-rc 13120000.pcie: PCIe cap [0x10][PCI Express]: 0x70
[    0.384653] exynos-pcie-rc 13120000.pcie: PCIe ext cap [0x1][Advanced Error Reporting]: 0x100
[    0.384658] exynos-pcie-rc 13120000.pcie: PCIe ext cap [0x19][Secondary PCIe Capability]: 0x148
[    0.384663] exynos-pcie-rc 13120000.pcie: PCIe ext cap [0x1e][L1 PM Substates]: 0x160
[    0.384667] exynos-pcie-rc 13120000.pcie: PCIe ext cap [0x25][Data Link Feature]: 0x170
[    0.384733] exynos-pcie-rc 13120000.pcie: host bridge /pcie@13120000 ranges:
[    0.384742] exynos-pcie-rc 13120000.pcie:   No bus range found for /pcie@13120000, using [bus 00-ff]
[    0.384753] exynos-pcie-rc 13120000.pcie:      MEM 0x0060000000..0x0060feffff -> 0x0060000000
[    0.384826] exynos-pcie-rc 13120000.pcie: No iATU regions found
[    0.384830] exynos-pcie-rc 13120000.pcie: iATU unroll: enabled
[    0.384835] exynos-pcie-rc 13120000.pcie: iATU regions: 0 ob, 0 ib, align 0K, limit 0G
[    0.384914] exynos-pcie-rc 13120000.pcie: PCI host bridge to bus 0001:00
[    0.384920] pci_bus 0001:00: root bus resource [bus 00-ff]
[    0.384925] pci_bus 0001:00: root bus resource [mem 0x60000000-0x60feffff]
[    0.384955] pci 0001:00:00.0: [144d:eced] type 01 class 0x060400
[    0.384978] pci 0001:00:00.0: reg 0x10: [mem 0x00000000-0x000fffff]
[    0.385001] pci 0001:00:00.0: reg 0x38: [mem 0x00000000-0x0000ffff pref]
[    0.385111] pci 0001:00:00.0: PME# supported from D0 D3hot D3cold
[    0.390394] pci 0001:00:00.0: BAR 0: assigned [mem 0x60000000-0x600fffff]
[    0.390406] pci 0001:00:00.0: BAR 6: assigned [mem 0x60100000-0x6010ffff pref]
[    0.390412] pci 0001:00:00.0: PCI bridge to [bus 01-ff]
[    0.390437] [exynos_pcie_quirks] async suspend disabled
[    0.391007] pcieport 0001:00:00.0: PME: Signaling with IRQ 156
[    0.391407] pcieport 0001:00:00.0: AER: enabled with IRQ 156
[    0.391506] exynos-pcie-rc 13120000.pcie: PCIE idle ip index : 15
[    0.391511] exynos-pcie-rc 13120000.pcie: exynos_pcie_rc_probe, ip idle status : 1, idle_ip_index: 15
[    0.391801] exynos-pcie-rc 13120000.pcie: ## exynos_pcie_rc_probe: PCIe probe success
[    0.391898] init: Loaded kernel module /lib/modules/pcie-exynos-gs.ko
[    0.391955] init: Loading module /lib/modules/pl330.ko with args ''
[    0.393202] dma-pl330 10110000.pdma0: Loaded driver for PL330 DMAC-341330
[    0.393210] dma-pl330 10110000.pdma0: 	DBUFF-32x4bytes Num_Chans-8 Num_Peri-32 Num_Events-32
[    0.394071] dma-pl330 10130000.pdma1: Loaded driver for PL330 DMAC-341330
[    0.394079] dma-pl330 10130000.pdma1: 	DBUFF-32x4bytes Num_Chans-8 Num_Peri-32 Num_Events-32
[    0.394138] init: Loaded kernel module /lib/modules/pl330.ko
[    0.394192] init: Loading module /lib/modules/samsung-dma.ko with args ''
[    0.394270] init: Loaded kernel module /lib/modules/samsung-dma.ko
[    0.394313] init: Loading module /lib/modules/debug-snapshot-debug-kinfo.ko with args ''
[    0.394651] init: Loaded kernel module /lib/modules/debug-snapshot-debug-kinfo.ko
[    0.394731] init: Loading module /lib/modules/trusty-core.ko with args ''
[    0.395370] trusty trusty: trusty version: Project: ripcurrentpro, Build: 14060607, Built: 08:47:58 Sep  8 2025
[    0.395382] trusty trusty: selected api version: 5 (requested 5)
[    0.400202] init: Loaded kernel module /lib/modules/trusty-core.ko
[    0.400258] init: Loading module /lib/modules/hardlockup-watchdog.ko with args ''
[    0.400414] hardlockup-watchdog hardlockup-watchdog: sampling_time = 4sec, opportunity_cnt = 3, panic = 1
[    0.401445] hardlockup-watchdog hardlockup-watchdog: Hardlockup Watchdog driver
[    0.401662] init: Loaded kernel module /lib/modules/hardlockup-watchdog.ko
[    0.401711] init: Loading module /lib/modules/trusty-ipc.ko with args ''
[    0.401838] init: Loaded kernel module /lib/modules/trusty-ipc.ko
[    0.401907] init: Loading module /lib/modules/gsa.ko with args ''
[    0.402097] gsa 16490000.gsa-ns: linked to 16470000.s2mpu_s0_gsa
[    0.402518] init: Loaded kernel module /lib/modules/gsa.ko
[    0.402572] init: Loading module /lib/modules/exynos-adv-tracer.ko with args ''
[    0.402623] load_integrated_module: module 'exynos_adv_tracer' not found
[    0.402634] init: Loaded kernel module /lib/modules/exynos-adv-tracer.ko
[    0.402681] init: Loading module /lib/modules/sjtag-driver.ko with args ''
[    0.402724] load_integrated_module: module 'sjtag_driver' not found
[    0.402734] init: Loaded kernel module /lib/modules/sjtag-driver.ko
[    0.402756] init: Loading module /lib/modules/ehld.ko with args ''
[    0.402802] load_integrated_module: module 'ehld' not found
[    0.402812] init: Loaded kernel module /lib/modules/ehld.ko
[    0.402885] init: Loading module /lib/modules/pixel-debug-test.ko with args ''
[    0.402929] load_integrated_module: module 'pixel_debug_test' not found
[    0.402937] init: Loaded kernel module /lib/modules/pixel-debug-test.ko
[    0.402947] init: Loading module /lib/modules/exynos-debug-test.ko with args ''
[    0.402990] load_integrated_module: module 'exynos_debug_test' not found
[    0.402998] init: Loaded kernel module /lib/modules/exynos-debug-test.ko
[    0.403037] init: Loading module /lib/modules/bookerci.ko with args ''
[    0.403083] load_integrated_module: module 'bookerci' not found
[    0.403091] init: Loaded kernel module /lib/modules/bookerci.ko
[    0.403138] init: Loading module /lib/modules/exynos-coresight.ko with args ''
[    0.403332] debug-snapshot dss: Add halt,  functions from really_probe+0x538/0x744
[    0.403351] exynos-coresight coresight@2B000000: exynos_coresight_probe Successful
[    0.403553] init: Loaded kernel module /lib/modules/exynos-coresight.ko
[    0.403598] init: Loading module /lib/modules/exynos-ecc-handler.ko with args ''
[    0.403641] load_integrated_module: module 'exynos_ecc_handler' not found
[    0.403650] init: Loaded kernel module /lib/modules/exynos-ecc-handler.ko
[    0.403695] init: Loading module /lib/modules/exynos-coresight-etm.ko with args ''
[    0.403742] load_integrated_module: module 'exynos_coresight_etm' not found
[    0.403751] init: Loaded kernel module /lib/modules/exynos-coresight-etm.ko
[    0.403827] init: Loading module /lib/modules/keydebug.ko with args ''
[    0.403866] load_integrated_module: module 'keydebug' not found
[    0.403874] init: Loaded kernel module /lib/modules/keydebug.ko
[    0.403885] init: Loading module /lib/modules/exynos-adv-tracer-s2d.ko with args ''
[    0.403916] load_integrated_module: module 'exynos_adv_tracer_s2d' not found
[    0.403924] init: Loaded kernel module /lib/modules/exynos-adv-tracer-s2d.ko
[    0.403962] init: Loading module /lib/modules/pixel-boot-metrics.ko with args ''
[    0.403993] load_integrated_module: module 'pixel_boot_metrics' not found
[    0.404001] init: Loaded kernel module /lib/modules/pixel-boot-metrics.ko
[    0.404039] init: Loading module /lib/modules/vh_fs.ko with args ''
[    0.404139] init: Loaded kernel module /lib/modules/vh_fs.ko
[    0.404176] init: Loading module /lib/modules/vh_mm.ko with args ''
[    0.404217] load_integrated_module: module 'vh_mm' not found
[    0.404226] init: Loaded kernel module /lib/modules/vh_mm.ko
[    0.404263] init: Loading module /lib/modules/vh_cgroup.ko with args ''
[    0.404295] load_integrated_module: module 'vh_cgroup' not found
[    0.404306] init: Loaded kernel module /lib/modules/vh_cgroup.ko
[    0.404401] init: Loading module /lib/modules/exynos-cpuhp.ko with args ''
[    0.404435] load_integrated_module: module 'exynos_cpuhp' not found
[    0.404452] init: Loaded kernel module /lib/modules/exynos-cpuhp.ko
[    0.404490] init: Loading module /lib/modules/vh_thermal.ko with args ''
[    0.404555] init: Loaded kernel module /lib/modules/vh_thermal.ko
[    0.404610] init: Loading module /lib/modules/gs_thermal.ko with args ''
[    0.404956] gs-tmu 100a0000.BIG: Failed to get TMU type
[    0.404962] gs-tmu 100a0000.BIG: tmu type: 0 
[    0.405331] GOV: Asynchronous notification enabled
[    0.405976] thermal thermal_zone0: failed to read out thermal zone (-22)
[    0.406123] [acpm_tmu] tz 0 threshold: 0:20 1:65 2:90 3:93 4:70 5:97 6:100 7:112
[    0.406263] [acpm_tmu] tz 0 hysteresis: 0:5 1:5 2:0 3:93 4:5 5:2 6:5 7:3
[    0.412910] Disable tz_id: 0 thermal genl event
[    0.413244] gs-tmu 100a0000.MID: Failed to get TMU type
[    0.413251] gs-tmu 100a0000.MID: tmu type: 0 
[    0.413683] thermal thermal_zone1: failed to read out thermal zone (-22)
[    0.413810] [acpm_tmu] tz 1 threshold: 0:20 1:75 2:95 3:97 4:99 5:101 6:105 7:112
[    0.413932] [acpm_tmu] tz 1 hysteresis: 0:5 1:5 2:0 3:93 4:0 5:2 6:5 7:3
[    0.416429] Disable tz_id: 1 thermal genl event
[    0.416789] gs-tmu 100a0000.LITTLE: Failed to get TMU type
[    0.416796] gs-tmu 100a0000.LITTLE: tmu type: 0 
[    0.417321] thermal thermal_zone2: failed to read out thermal zone (-22)
[    0.417446] [acpm_tmu] tz 2 threshold: 0:20 1:75 2:95 3:97 4:98 5:99 6:105 7:112
[    0.417564] [acpm_tmu] tz 2 hysteresis: 0:5 1:5 2:0 3:97 4:0 5:0 6:5 7:3
[    0.419922] Disable tz_id: 2 thermal genl event
[    0.420372] gs-tmu 100b0000.G3D: Failed to get TMU type
[    0.420377] gs-tmu 100b0000.G3D: tmu type: 0 
[    0.420395] gs-tmu 100b0000.G3D: No input mpmm_enable
[    0.420400] gs-tmu 100b0000.G3D: No input mpmm_throttle_level
[    0.420404] gs-tmu 100b0000.G3D: No input mpmm_clr_throttle_level
[    0.421005] thermal thermal_zone3: failed to read out thermal zone (-22)
[    0.421130] [acpm_tmu] tz 3 threshold: 0:20 1:70 2:90 3:95 4:98 5:102 6:100 7:115
[    0.421247] [acpm_tmu] tz 3 hysteresis: 0:5 1:5 2:0 3:0 4:98 5:2 6:5 7:3
[    0.423538] Disable tz_id: 3 thermal genl event
[    0.424058] gs-tmu 100b0000.ISP: Failed to get TMU type
[    0.424063] gs-tmu 100b0000.ISP: tmu type: 0 
[    0.424070] gs-tmu 100b0000.ISP: polling_delay_on is out of range, using min value 10
[    0.424075] gs-tmu 100b0000.ISP: No input control_temp_step
[    0.424084] gs-tmu 100b0000.ISP: No input mpmm_enable
[    0.424089] gs-tmu 100b0000.ISP: No input mpmm_throttle_level
[    0.424093] gs-tmu 100b0000.ISP: No input mpmm_clr_throttle_level
[    0.424741] thermal thermal_zone4: failed to read out thermal zone (-22)
[    0.424864] [acpm_tmu] tz 4 threshold: 0:20 1:70 2:90 3:95 4:98 5:102 6:100 7:115
[    0.424981] [acpm_tmu] tz 4 hysteresis: 0:5 1:5 2:0 3:0 4:98 5:102 6:100 7:3
[    0.425913] [ISP TMU] index : 0, fps : 60
[    0.425917] [ISP TMU] index : 1, fps : 15
[    0.425920] [ISP TMU] index : 2, fps : 5
[    0.426109] Fail to find device node
[    0.426112] Disable tz_id: 4 thermal genl event
[    0.426736] gs-tmu 100b0000.TPU: Failed to get TMU type
[    0.426741] gs-tmu 100b0000.TPU: tmu type: 0 
[    0.426762] gs-tmu 100b0000.TPU: No input mpmm_enable
[    0.426766] gs-tmu 100b0000.TPU: No input mpmm_throttle_level
[    0.426770] gs-tmu 100b0000.TPU: No input mpmm_clr_throttle_level
[    0.427592] thermal thermal_zone5: failed to read out thermal zone (-22)
[    0.427715] [acpm_tmu] tz 5 threshold: 0:20 1:70 2:90 3:95 4:98 5:102 6:100 7:115
[    0.427832] [acpm_tmu] tz 5 hysteresis: 0:5 1:5 2:0 3:0 4:98 5:2 6:5 7:3
[    0.430185] Disable tz_id: 5 thermal genl event
[    0.430900] gs-tmu 100b0000.AUR: Failed to get TMU type
[    0.430905] gs-tmu 100b0000.AUR: tmu type: 0 
[    0.430913] gs-tmu 100b0000.AUR: No input control_temp_step
[    0.430925] gs-tmu 100b0000.AUR: No input mpmm_enable
[    0.430931] gs-tmu 100b0000.AUR: No input mpmm_throttle_level
[    0.430935] gs-tmu 100b0000.AUR: No input mpmm_clr_throttle_level
[    0.431859] thermal thermal_zone6: failed to read out thermal zone (-22)
[    0.431982] [acpm_tmu] tz 6 threshold: 0:20 1:70 2:90 3:95 4:98 5:102 6:100 7:115
[    0.432100] [acpm_tmu] tz 6 hysteresis: 0:5 1:5 2:0 3:0 4:98 5:2 6:5 7:3
[    0.433803] Disable tz_id: 6 thermal genl event
[    0.434660] init: Loaded kernel module /lib/modules/gs_thermal.ko
[    0.434762] init: Loading module /lib/modules/exynos-dm.ko with args ''
[    0.434814] load_integrated_module: module 'exynos_dm' not found
[    0.434824] init: Loaded kernel module /lib/modules/exynos-dm.ko
[    0.434835] init: Loading module /lib/modules/exynos-acme.ko with args ''
[    0.435243] exynos_acme: Complete to initialize cpufreq-domain0
[    0.435248] exynos_acme: CPUFREQ of domain0 cal-id : 0xb040002
[    0.435255] exynos_acme: CPUFREQ of domain0 sibling cpus : 0-3
[    0.435259] exynos_acme: CPUFREQ of domain0 boot freq = 1197000 kHz, resume freq = 1425000 kHz
[    0.435263] exynos_acme: CPUFREQ of domain0 max freq : 1950000 kHz, min freq : 820000 kHz
[    0.435267] exynos_acme: CPUFREQ of domain0 table size = 10
[    0.435271] exynos_acme: CPUFREQ of domain0 : L0    820000 kHz
[    0.435275] exynos_acme: CPUFREQ of domain0 : L1    955000 kHz
[    0.435279] exynos_acme: CPUFREQ of domain0 : L2   1098000 kHz
[    0.435288] exynos_acme: CPUFREQ of domain0 : L3   1197000 kHz
[    0.435291] exynos_acme: CPUFREQ of domain0 : L4   1328000 kHz
[    0.435294] exynos_acme: CPUFREQ of domain0 : L5   1425000 kHz
[    0.435297] exynos_acme: CPUFREQ of domain0 : L6   1548000 kHz
[    0.435300] exynos_acme: CPUFREQ of domain0 : L7   1696000 kHz
[    0.435303] exynos_acme: CPUFREQ of domain0 : L8   1849000 kHz
[    0.435307] exynos_acme: CPUFREQ of domain0 : L9   1950000 kHz
[    0.435994] exynos_acme: Complete to initialize cpufreq-domain1
[    0.435998] exynos_acme: CPUFREQ of domain1 cal-id : 0xb040003
[    0.436001] exynos_acme: CPUFREQ of domain1 sibling cpus : 4-6
[    0.436004] exynos_acme: CPUFREQ of domain1 boot freq = 1065000 kHz, resume freq = 1795000 kHz
[    0.436008] exynos_acme: CPUFREQ of domain1 max freq : 2600000 kHz, min freq : 357000 kHz
[    0.436011] exynos_acme: CPUFREQ of domain1 table size = 17
[    0.436014] exynos_acme: CPUFREQ of domain1 : L0    357000 kHz
[    0.436018] exynos_acme: CPUFREQ of domain1 : L1    578000 kHz
[    0.436021] exynos_acme: CPUFREQ of domain1 : L2    648000 kHz
[    0.436024] exynos_acme: CPUFREQ of domain1 : L3    787000 kHz
[    0.436027] exynos_acme: CPUFREQ of domain1 : L4    910000 kHz
[    0.436031] exynos_acme: CPUFREQ of domain1 : L5   1065000 kHz
[    0.436034] exynos_acme: CPUFREQ of domain1 : L6   1221000 kHz
[    0.436037] exynos_acme: CPUFREQ of domain1 : L7   1328000 kHz
[    0.436040] exynos_acme: CPUFREQ of domain1 : L8   1418000 kHz
[    0.436043] exynos_acme: CPUFREQ of domain1 : L9   1549000 kHz
[    0.436046] exynos_acme: CPUFREQ of domain1 : L10  1795000 kHz
[    0.436049] exynos_acme: CPUFREQ of domain1 : L11  1945000 kHz
[    0.436053] exynos_acme: CPUFREQ of domain1 : L12  2130000 kHz
[    0.436056] exynos_acme: CPUFREQ of domain1 : L13  2245000 kHz
[    0.436059] exynos_acme: CPUFREQ of domain1 : L14  2367000 kHz
[    0.436062] exynos_acme: CPUFREQ of domain1 : L15  2450000 kHz
[    0.436065] exynos_acme: CPUFREQ of domain1 : L16  2600000 kHz
[    0.437097] exynos_acme: Complete to initialize cpufreq-domain2
[    0.437100] exynos_acme: CPUFREQ of domain2 cal-id : 0xb040004
[    0.437104] exynos_acme: CPUFREQ of domain2 sibling cpus : 7
[    0.437107] exynos_acme: CPUFREQ of domain2 boot freq = 1164000 kHz, resume freq = 1164000 kHz
[    0.437111] exynos_acme: CPUFREQ of domain2 max freq : 3105000 kHz, min freq : 700000 kHz
[    0.437114] exynos_acme: CPUFREQ of domain2 table size = 18
[    0.437118] exynos_acme: CPUFREQ of domain2 : L0    700000 kHz
[    0.437121] exynos_acme: CPUFREQ of domain2 : L1   1164000 kHz
[    0.437124] exynos_acme: CPUFREQ of domain2 : L2   1396000 kHz
[    0.437128] exynos_acme: CPUFREQ of domain2 : L3   1557000 kHz
[    0.437131] exynos_acme: CPUFREQ of domain2 : L4   1745000 kHz
[    0.437134] exynos_acme: CPUFREQ of domain2 : L5   1885000 kHz
[    0.437137] exynos_acme: CPUFREQ of domain2 : L6   1999000 kHz
[    0.437140] exynos_acme: CPUFREQ of domain2 : L7   2147000 kHz
[    0.437143] exynos_acme: CPUFREQ of domain2 : L8   2294000 kHz
[    0.437146] exynos_acme: CPUFREQ of domain2 : L9   2363000 kHz
[    0.437149] exynos_acme: CPUFREQ of domain2 : L10  2499000 kHz
[    0.437152] exynos_acme: CPUFREQ of domain2 : L11  2687000 kHz
[    0.437156] exynos_acme: CPUFREQ of domain2 : L12  2802000 kHz
[    0.437159] exynos_acme: CPUFREQ of domain2 : L13  2914000 kHz
[    0.437162] exynos_acme: CPUFREQ of domain2 : L14  2943000 kHz
[    0.437165] exynos_acme: CPUFREQ of domain2 : L15  2970000 kHz
[    0.437168] exynos_acme: CPUFREQ of domain2 : L16  3015000 kHz
[    0.437171] exynos_acme: CPUFREQ of domain2 : L17  3105000 kHz
[    0.438143] exynos_acme: CPUFREQ domain0 registered
[    0.438425] cpufreq: __target_index: Failed to change cpu frequency: -22
[    0.438570] exynos_acme: CPUFREQ domain1 registered
[    0.438842] cpufreq: __target_index: Failed to change cpu frequency: -22
[    0.438987] exynos_acme: CPUFREQ domain2 registered
[    0.439805] cpufreq: __target_index: Failed to change cpu frequency: -22
[    0.439831] cpu cpu0: EM: created perf domain
[    0.439849] cpu cpu4: EM: created perf domain
[    0.439863] cpu cpu7: EM: created perf domain
[    0.439879] cpufreq: __target_index: Failed to change cpu frequency: -22
[    0.439887] cpufreq: __target_index: Failed to change cpu frequency: -22
[    0.439912] cpu_cooling 0: freq:1950000 KHz
[    0.439915] cpu_cooling 0: freq:1849000 KHz
[    0.439917] cpu_cooling 0: freq:1696000 KHz
[    0.439919] cpu_cooling 0: freq:1548000 KHz
[    0.439922] cpu_cooling 0: freq:1425000 KHz
[    0.439924] cpu_cooling 0: freq:1328000 KHz
[    0.439926] cpu_cooling 0: freq:1197000 KHz
[    0.439928] cpu_cooling 0: freq:1098000 KHz
[    0.439930] cpu_cooling 0: freq:955000 KHz
[    0.439932] cpu_cooling 0: freq:820000 KHz
[    0.439936] cpu_cooling 0: freq:1950000 power: 243, mV: 843, cap: 176
[    0.439940] cpu_cooling 0: freq:1849000 power: 204, mV: 793, cap: 176
[    0.439943] cpu_cooling 0: freq:1696000 power: 176, mV: 768, cap: 176
[    0.439946] cpu_cooling 0: freq:1548000 power: 147, mV: 737, cap: 176
[    0.439949] cpu_cooling 0: freq:1425000 power: 127, mV: 712, cap: 176
[    0.439952] cpu_cooling 0: freq:1328000 power: 112, mV: 693, cap: 176
[    0.439955] cpu_cooling 0: freq:1197000 power: 92, mV: 662, cap: 176
[    0.439958] cpu_cooling 0: freq:1098000 power: 81, mV: 650, cap: 176
[    0.439961] cpu_cooling 0: freq:955000 power: 66, mV: 631, cap: 176
[    0.439964] cpu_cooling 0: freq:820000 power: 52, mV: 606, cap: 176
[    0.439975] build_static_power_table: Failed to get param table from ECT
[    0.440631] parse_ect_cooling_level: (LITTLE, 0)instance isn't valid
[    0.440638] cpu cooling registered for cpu: 0, capacitance: 176, power_callback: true, static_power: false
[    0.440647] exynos_acme: Skipping boot pm_qos domain0
[    0.440686] cpufreq: __target_index: Failed to change cpu frequency: -22
[    0.440691] cpufreq: __target_index: Failed to change cpu frequency: -22
[    0.440705] cpu_cooling 4: freq:2600000 KHz
[    0.440708] cpu_cooling 4: freq:2450000 KHz
[    0.440710] cpu_cooling 4: freq:2367000 KHz
[    0.440712] cpu_cooling 4: freq:2245000 KHz
[    0.440714] cpu_cooling 4: freq:2130000 KHz
[    0.440717] cpu_cooling 4: freq:1945000 KHz
[    0.440719] cpu_cooling 4: freq:1795000 KHz
[    0.440721] cpu_cooling 4: freq:1549000 KHz
[    0.440723] cpu_cooling 4: freq:1418000 KHz
[    0.440725] cpu_cooling 4: freq:1328000 KHz
[    0.440727] cpu_cooling 4: freq:1221000 KHz
[    0.440729] cpu_cooling 4: freq:1065000 KHz
[    0.440731] cpu_cooling 4: freq:910000 KHz
[    0.440734] cpu_cooling 4: freq:787000 KHz
[    0.440736] cpu_cooling 4: freq:648000 KHz
[    0.440738] cpu_cooling 4: freq:578000 KHz
[    0.440741] cpu_cooling 4: freq:357000 KHz
[    0.440744] cpu_cooling 4: freq:2600000 power: 833, mV: 993, cap: 325
[    0.440747] cpu_cooling 4: freq:2450000 power: 699, mV: 937, cap: 325
[    0.440750] cpu_cooling 4: freq:2367000 power: 639, mV: 912, cap: 325
[    0.440753] cpu_cooling 4: freq:2245000 power: 558, mV: 875, cap: 325
[    0.440756] cpu_cooling 4: freq:2130000 power: 500, mV: 850, cap: 325
[    0.440759] cpu_cooling 4: freq:1945000 power: 404, mV: 800, cap: 325
[    0.440762] cpu_cooling 4: freq:1795000 power: 333, mV: 756, cap: 325
[    0.440765] cpu_cooling 4: freq:1549000 power: 246, mV: 700, cap: 325
[    0.440767] cpu_cooling 4: freq:1418000 power: 205, mV: 668, cap: 325
[    0.440770] cpu_cooling 4: freq:1328000 power: 182, mV: 650, cap: 325
[    0.440773] cpu_cooling 4: freq:1221000 power: 161, mV: 637, cap: 325
[    0.440776] cpu_cooling 4: freq:1065000 power: 129, mV: 612, cap: 325
[    0.440778] cpu_cooling 4: freq:910000 power: 101, mV: 587, cap: 325
[    0.440781] cpu_cooling 4: freq:787000 power: 86, mV: 581, cap: 325
[    0.440784] cpu_cooling 4: freq:648000 power: 66, mV: 562, cap: 325
[    0.440787] cpu_cooling 4: freq:578000 power: 58, mV: 556, cap: 325
[    0.440790] cpu_cooling 4: freq:357000 power: 31, mV: 525, cap: 325
[    0.441284] cpu cooling registered for cpu: 4, capacitance: 325, power_callback: true, static_power: true
[    0.441294] exynos_acme: Skipping boot pm_qos domain1
[    0.441314] cpufreq: __target_index: Failed to change cpu frequency: -22
[    0.441318] cpufreq: __target_index: Failed to change cpu frequency: -22
[    0.441332] cpu_cooling 7: freq:3105000 KHz
[    0.441335] cpu_cooling 7: freq:3015000 KHz
[    0.441337] cpu_cooling 7: freq:2970000 KHz
[    0.441339] cpu_cooling 7: freq:2943000 KHz
[    0.441341] cpu_cooling 7: freq:2914000 KHz
[    0.441343] cpu_cooling 7: freq:2802000 KHz
[    0.441345] cpu_cooling 7: freq:2687000 KHz
[    0.441348] cpu_cooling 7: freq:2499000 KHz
[    0.441350] cpu_cooling 7: freq:2363000 KHz
[    0.441352] cpu_cooling 7: freq:2294000 KHz
[    0.441354] cpu_cooling 7: freq:2147000 KHz
[    0.441356] cpu_cooling 7: freq:1999000 KHz
[    0.441358] cpu_cooling 7: freq:1885000 KHz
[    0.441361] cpu_cooling 7: freq:1745000 KHz
[    0.441363] cpu_cooling 7: freq:1557000 KHz
[    0.441365] cpu_cooling 7: freq:1396000 KHz
[    0.441367] cpu_cooling 7: freq:1164000 KHz
[    0.441369] cpu_cooling 7: freq:700000 KHz
[    0.441373] cpu_cooling 7: freq:3105000 power: 2774, mV: 1093, cap: 748
[    0.441376] cpu_cooling 7: freq:3015000 power: 2486, mV: 1050, cap: 748
[    0.441379] cpu_cooling 7: freq:2970000 power: 2416, mV: 1043, cap: 748
[    0.441381] cpu_cooling 7: freq:2943000 power: 2367, mV: 1037, cap: 748
[    0.441384] cpu_cooling 7: freq:2914000 power: 2290, mV: 1025, cap: 748
[    0.441387] cpu_cooling 7: freq:2802000 power: 1992, mV: 975, cap: 748
[    0.441389] cpu_cooling 7: freq:2687000 power: 1742, mV: 931, cap: 748
[    0.441392] cpu_cooling 7: freq:2499000 power: 1431, mV: 875, cap: 748
[    0.441395] cpu_cooling 7: freq:2363000 power: 1238, mV: 837, cap: 748
[    0.441397] cpu_cooling 7: freq:2294000 power: 1148, mV: 818, cap: 748
[    0.441401] cpu_cooling 7: freq:2147000 power: 994, mV: 787, cap: 748
[    0.441403] cpu_cooling 7: freq:1999000 power: 812, mV: 737, cap: 748
[    0.441406] cpu_cooling 7: freq:1885000 power: 726, mV: 718, cap: 748
[    0.441409] cpu_cooling 7: freq:1745000 power: 626, mV: 693, cap: 748
[    0.441412] cpu_cooling 7: freq:1557000 power: 510, mV: 662, cap: 748
[    0.441414] cpu_cooling 7: freq:1396000 power: 415, mV: 631, cap: 748
[    0.441417] cpu_cooling 7: freq:1164000 power: 313, mV: 600, cap: 748
[    0.441419] cpu_cooling 7: freq:700000 power: 161, mV: 556, cap: 748
[    0.441932] cpu cooling registered for cpu: 7, capacitance: 748, power_callback: true, static_power: true
[    0.441940] exynos_acme: Skipping boot pm_qos domain2
[    0.441962] exynos_acme: Initialized Exynos cpufreq driver
[    0.442098] init: Loaded kernel module /lib/modules/exynos-acme.ko
[    0.442120] init: Loading module /lib/modules/pixel_em.ko with args ''
[    0.442178] load_integrated_module: module 'pixel_em' not found
[    0.442185] init: Loaded kernel module /lib/modules/pixel_em.ko
[    0.442255] init: Loading module /lib/modules/gvotable.ko with args ''
[    0.442307] init: Loaded kernel module /lib/modules/gvotable.ko
[    0.442334] init: Loading module /lib/modules/xhci-goog-dma.ko with args ''
[    0.442335] exynos-devfreq-driver 17000020.devfreq_int: Registered device successfully
[    0.442378] init: Loaded kernel module /lib/modules/xhci-goog-dma.ko
[    0.442439] init: Loading module /lib/modules/dwc3-exynos-usb.ko with args ''
[    0.442496] init: Loaded kernel module /lib/modules/dwc3-exynos-usb.ko
[    0.442504] init: Loading module /lib/modules/exynos-pd.ko with args ''
[    0.442546] exynos-devfreq-driver 17000030.devfreq_intcam: Registered device successfully
[    0.442547] init: Loaded kernel module /lib/modules/exynos-pd.ko
[    0.442575] init: Loading module /lib/modules/exynos-pd-dbg.ko with args ''
[    0.442737] exynos_pd: pd-dpub sync_state: children need sync
[    0.442954] exynos-devfreq-driver 17000040.devfreq_disp: Registered device successfully
[    0.443075] init: Loaded kernel module /lib/modules/exynos-pd-dbg.ko
[    0.443141] init: Loading module /lib/modules/acpm_flexpmu_dbg.ko with args ''
[    0.443147] exynos-devfreq-driver 17000050.devfreq_cam: Registered device successfully
[    0.443278] ACPM-FLEXPMU-DBG:  exynos_flexpmu_dbg_probe: FLEXPMU_DBG buffer with size 1024 found
[    0.443311] exynos-devfreq-driver 17000060.devfreq_tnr: Registered device successfully
[    0.443320] init: Loaded kernel module /lib/modules/acpm_flexpmu_dbg.ko
[    0.443328] init: Loading module /lib/modules/exynos-pm.ko with args ''
[    0.443453] exynos-pm 154d0000.exynos-pm: can't request region for resource [mem 0x10400204-0x10400303]
[    0.443459] exynos-pm 154d0000.exynos-pm: drvinit: unable to map gic dist registers, ret=-16
[    0.443493] exynos-devfreq-driver 17000070.devfreq_mfc: Registered device successfully
[    0.443536] init: Loaded kernel module /lib/modules/exynos-pm.ko
[    0.443578] init: Loading module /lib/modules/power_stats.ko with args ''
[    0.443682] exynos-devfreq-driver 17000080.devfreq_bw: Registered device successfully
[    0.443782] exynos-devfreq-driver 170000a0.devfreq_bci: Registered device successfully
[    0.443967] exynos-devfreq-driver 17000090.devfreq_dsu: Registered device successfully
[    0.444176] init: Loaded kernel module /lib/modules/power_stats.ko
[    0.444207] init: Loading module /lib/modules/slc_pt.ko with args ''
[    0.444510] exynos-devfreq-driver 17000010.devfreq_mif: Registered device successfully
[    0.444528] init: Loaded kernel module /lib/modules/slc_pt.ko
[    0.444557] init: Loading module /lib/modules/slc_dummy.ko with args ''
[    0.444715] init: Loaded kernel module /lib/modules/slc_dummy.ko
[    0.444771] init: Loading module /lib/modules/slc_pmon.ko with args ''
[    0.444815] init: Loaded kernel module /lib/modules/slc_pmon.ko
[    0.444823] init: Loading module /lib/modules/slc_acpm.ko with args ''
[    0.444928] google,slc-acpm slc-acpm: channel 10
[    0.445280] google,slc-acpm slc-acpm: found valid acpm firmware 1.8.
[    0.445285] google,slc-acpm slc-acpm: Asynchronous notification enabled
[    0.445350] init: Loaded kernel module /lib/modules/slc_acpm.ko
[    0.445382] init: Loading module /lib/modules/gsa_gsc.ko with args ''
[    0.445589] gsa-gsc 16490000.gsa-ns:gsa_gsc@0: Initiliazed
[    0.445608] init: Loaded kernel module /lib/modules/gsa_gsc.ko
[    0.445637] init: Loading module /lib/modules/exynos-bcm_dbg-dump.ko with args ''
[    0.445661] load_integrated_module: module 'exynos_bcm_dbg_dump' not found
[    0.445668] init: Loaded kernel module /lib/modules/exynos-bcm_dbg-dump.ko
[    0.445697] init: Loading module /lib/modules/gnss_spi.ko with args ''
[    0.445740] SPI driver gnss_spi has no spi_device_id for samsung,gnss-spi
[    0.445752] init: Loaded kernel module /lib/modules/gnss_spi.ko
[    0.445780] init: Loading module /lib/modules/gnssif.ko with args ''
[    0.445958] gif: gnss_probe: Exynos GNSS interface driver probe begins
[    0.445961] gif: gnss_probe: gnssif: +++
[    0.445965] gif: parse_dt_common_pdata: device name: KEPLER node name: gnss_ipc
[    0.445968] gif: gnss_if_parse_dt_pdata: DT parse complete!
[    0.445984] gif: gif_configure_irq: name:kepler_spi_irq_handler num:164 flags:0x00080004
[    0.445995] gif: gif_request_irq: kepler_spi_irq_handler(#164) handler registered (flags:0x00080004)
[    0.446013] gif: create_link_device: +++
[    0.446101] gif: create_link_device: ---
[    0.446104] gif: create_io_device: +++
[    0.446106] gif: init_io_device: +++
[    0.446130] gif: init_io_device: ---
[    0.446133] gif: create_io_device: ---
[    0.446187] gif: gnss_probe: gnssif: ---
[    0.446227] init: Loaded kernel module /lib/modules/gnssif.ko
[    0.446292] init: Loading module /lib/modules/pkvm-s2mpu-v9.ko with args ''
[    0.446351] init: Loaded kernel module /lib/modules/pkvm-s2mpu-v9.ko
[    0.446374] init: Loading module /lib/modules/eh.ko with args ''
[    0.446481] eh: starting probing
[    0.452824] eh: starting probing done
[    0.453082] init: Loaded kernel module /lib/modules/eh.ko
[    0.453203] init: Loading module /lib/modules/gcma.ko with args ''
[    0.453686] init: Loaded kernel module /lib/modules/gcma.ko
[    0.453759] init: Loading module /lib/modules/s3c2410_wdt.ko with args ''
[    0.454346] s3c2410-wdt 10060000.watchdog_cl0: watchdog cluster0 probe
[    0.454353] s3c2410-wdt 10060000.watchdog_cl0: It is not a multistage watchdog.
[    0.454696] s3c2410-wdt 10060000.watchdog_cl0: NONCPU_INT_EN reg val: 32c
[    0.454759] s3c2410-wdt 10060000.watchdog_cl0: probe: mapped reg_base=00000000b640542e
[    0.454888] s3c2410-wdt 10060000.watchdog_cl0: Watchdog cluster 0 stop done, WTCON = 15718
[    0.454904] s3c2410-wdt 10060000.watchdog_cl0: NONCPU_OUT set true done, val = 33fff10, en= 1
[    0.454912] s3c2410-wdt 10060000.watchdog_cl0: NONCPU_INT_EN set true done, val = 32c, mask = 0
[    0.455111] s3c2410-wdt 10060000.watchdog_cl0: Watchdog cluster 0 stop done, WTCON = 15718
[    0.455119] debug-snapshot dss: Add wdt start, wdt expire, wdt stop functions from platform_probe.lto_priv.0+0x78/0x140
[    0.455146] s3c2410-wdt 10060000.watchdog_cl0: watchdog cluster 0, inactive, reset disabled, irq disabled
[    0.455152] s3c2410-wdt 10060000.watchdog_cl0: DBGACK enabled
[    0.455159] s3c2410-wdt 10060000.watchdog_cl0: windowed watchdog disabled, wtmincnt=1ff5e
[    0.455164] Multistage watchdog disabled
[    0.455198] s3c2410-wdt 10070000.watchdog_cl1: watchdog cluster1 probe
[    0.455218] s3c2410-wdt 10070000.watchdog_cl1: NONCPU_INT_EN reg val: 1
[    0.455241] s3c2410-wdt 10070000.watchdog_cl1: probe: mapped reg_base=00000000610f1569
[    0.455275] s3c2410-wdt 10070000.watchdog_cl1: Watchdog cluster 1 stop done, WTCON = 15700
[    0.455307] s3c2410-wdt 10070000.watchdog_cl1: NONCPU_OUT set true done, val = 10, en= 1
[    0.455318] s3c2410-wdt 10070000.watchdog_cl1: Watchdog cluster 1 stop done, WTCON = 15700
[    0.455325] s3c2410-wdt 10070000.watchdog_cl1: watchdog cluster 1, inactive, reset disabled, irq disabled
[    0.455329] s3c2410-wdt 10070000.watchdog_cl1: DBGACK enabled
[    0.455335] s3c2410-wdt 10070000.watchdog_cl1: windowed watchdog disabled, wtmincnt=1ff5e
[    0.455339] Multistage watchdog enabled
[    0.455500] init: Loaded kernel module /lib/modules/s3c2410_wdt.ko
[    0.455516] init: Loading module /lib/modules/hardlockup-debug.ko with args ''
[    0.455682] hardlockup-debug-driver hardlockup-debugger: success to register all-core lockup detector - ret: 0
[    0.455698] hardlockup-debug-driver hardlockup-debugger: Initialized hardlockup debug dump successfully.
[    0.455883] init: Loaded kernel module /lib/modules/hardlockup-debug.ko
[    0.455924] init: Loading module /lib/modules/pixel_stat_sysfs.ko with args ''
[    0.455962] load_integrated_module: module 'pixel_stat_sysfs' not found
[    0.455975] init: Loaded kernel module /lib/modules/pixel_stat_sysfs.ko
[    0.456017] init: Loading module /lib/modules/pixel_stat_mm.ko with args ''
[    0.456093] load_integrated_module: module 'pixel_stat_mm' not found
[    0.456105] init: Loaded kernel module /lib/modules/pixel_stat_mm.ko
[    0.456158] init: Loading module /lib/modules/perf_trace_counters.ko with args ''
[    0.456206] load_integrated_module: module 'perf_trace_counters' not found
[    0.456217] init: Loaded kernel module /lib/modules/perf_trace_counters.ko
[    0.456266] init: Loading module /lib/modules/google_modemctl.ko with args ''
[    0.456324] init: Loaded kernel module /lib/modules/google_modemctl.ko
[    0.456370] init: Loading module /lib/modules/pmic_class.ko with args ''
[    0.456457] init: Loaded kernel module /lib/modules/pmic_class.ko
[    0.456552] init: Loading module /lib/modules/s2mpg15-mfd.ko with args ''
[    0.456658] init: Loaded kernel module /lib/modules/s2mpg15-mfd.ko
[    0.456716] init: Loading module /lib/modules/s2mpg14-mfd.ko with args ''
[    0.456801] init: Loaded kernel module /lib/modules/s2mpg14-mfd.ko
[    0.456813] init: Loading module /lib/modules/s2mpg14-regulator.ko with args ''
[    0.456949] init: Loaded kernel module /lib/modules/s2mpg14-regulator.ko
[    0.457008] init: Loading module /lib/modules/s2mpg14-powermeter.ko with args ''
[    0.457116] init: Loaded kernel module /lib/modules/s2mpg14-powermeter.ko
[    0.457166] init: Loading module /lib/modules/s2mpg15-regulator.ko with args ''
[    0.457283] init: Loaded kernel module /lib/modules/s2mpg15-regulator.ko
[    0.457381] init: Loading module /lib/modules/s2mpg15-powermeter.ko with args ''
[    0.457511] init: Loaded kernel module /lib/modules/s2mpg15-powermeter.ko
[    0.457552] init: Loading module /lib/modules/slg51002-regulator.ko with args ''
[    0.457650] init: Loaded kernel module /lib/modules/slg51002-regulator.ko
[    0.457712] init: Loading module /lib/modules/exynos_tty.ko with args ''
[    0.458019] exynos-uart 155d0000.serial: set usi mode - 0x1
[    0.458069] exynos-uart 155d0000.serial: error -6: IRQ index 1 not found
[    0.458078] exynos-uart 155d0000.serial: No explicit src-clk. Use default src-clk
[    0.458131] 155d0000.serial: ttySAC18 at MMIO 0x155d0000 (irq = 169, base_baud = 0) is a S3C6400/10
[    0.458430] exynos-uart 155d0000.serial: probe: logbuffer get failed
[    0.458513] exynos-uart 10870000.uart: usi offset is not specified
[    0.458518] exynos-uart 10870000.uart: no lookup for usi-phandle.
[    0.458556] exynos-uart 10870000.uart: error -6: IRQ index 1 not found
[    0.458563] exynos-uart 10870000.uart: No explicit src-clk. Use default src-clk
[    0.458595] 10870000.uart: ttySAC0 at MMIO 0x10870000 (irq = 170, base_baud = 0) is a S3C6400/10
[    0.458819] init: Loaded kernel module /lib/modules/exynos_tty.ko
[    0.458864] init: Loading module /lib/modules/samsung-iommu-group.ko with args ''
[    0.459484] init: Loaded kernel module /lib/modules/samsung-iommu-group.ko
[    0.459524] init: Loading module /lib/modules/samsung-secure-iova.ko with args ''
[    0.459604] init: Loaded kernel module /lib/modules/samsung-secure-iova.ko
[    0.459644] init: Loading module /lib/modules/iovad-vendor-hooks.ko with args ''
[    0.460082] init: Loaded kernel module /lib/modules/iovad-vendor-hooks.ko
[    0.460155] init: Loading module /lib/modules/samsung_iommu_v9.ko with args ''
[    0.462430] samsung-sysmmu-v9 1a640000.sysmmu: initialized IOMMU. Ver 9.0.0, no gate clock
[    0.464249] samsung-sysmmu-v9 1a870000.sysmmu: initialized IOMMU. Ver 9.0.0, no gate clock
[    0.466374] samsung-sysmmu-v9 19840000.sysmmu: initialized IOMMU. Ver 9.0.0, no gate clock
[    0.468877] samsung-sysmmu-v9 19c40000.sysmmu: initialized IOMMU. Ver 9.0.0, no gate clock
[    0.471154] samsung-sysmmu-v9 1c110000.sysmmu: initialized IOMMU. Ver 9.0.0, no gate clock
[    0.473036] samsung-sysmmu-v9 1c150000.sysmmu: initialized IOMMU. Ver 9.0.0, no gate clock
[    0.475231] samsung-sysmmu-v9 1c190000.sysmmu: initialized IOMMU. Ver 9.0.0, no gate clock
[    0.475244] exynos_pd: pd-ispfe sync_state: turn_off = 1
[    0.477473] samsung-sysmmu-v9 1d870000.sysmmu: initialized IOMMU. Ver 9.0.0, no gate clock
[    0.479475] samsung-sysmmu-v9 1a340000.sysmmu: initialized IOMMU. Ver 9.0.0, no gate clock
[    0.479487] exynos_pd: pd-tpu sync_state: turn_off = 1
[    0.481679] samsung-sysmmu-v9 1c870000.sysmmu: initialized IOMMU. Ver 9.0.0, no gate clock
[    0.484264] samsung-sysmmu-v9 1cc80000.sysmmu: initialized IOMMU. Ver 9.0.0, no gate clock
[    0.486523] samsung-sysmmu-v9 1ccc0000.sysmmu: initialized IOMMU. Ver 9.0.0, no gate clock
[    0.488474] samsung-sysmmu-v9 1cd00000.sysmmu: initialized IOMMU. Ver 9.0.0, no gate clock
[    0.490687] samsung-sysmmu-v9 1c4a0000.sysmmu: initialized IOMMU. Ver 9.0.0, no gate clock
[    0.492866] samsung-sysmmu-v9 1c4e0000.sysmmu: initialized IOMMU. Ver 9.0.0, no gate clock
[    0.493224] samsung-sysmmu-v9 101c0000.sysmmu: initialized IOMMU. Ver 9.0.0, no gate clock
[    0.495183] samsung-sysmmu-v9 1a470000.sysmmu: initialized IOMMU. Ver 9.0.0, no gate clock
[    0.495196] exynos_pd: pd-mfc sync_state: turn_off = 1
[    0.497508] samsung-sysmmu-v9 1d0a0000.sysmmu: initialized IOMMU. Ver 9.0.0, no gate clock
[    0.497856] samsung-sysmmu-v9 11040000.sysmmu: initialized IOMMU. Ver 9.0.0, no gate clock
[    0.498267] samsung-sysmmu-v9 16440000.sysmmu: initialized IOMMU. Ver 9.0.0, no gate clock
[    0.500297] samsung-sysmmu-v9 1d4c0000.sysmmu: initialized IOMMU. Ver 9.0.0, no gate clock
[    0.500701] samsung-sysmmu-v9 16c40000.sysmmu: initialized IOMMU. Ver 9.0.0, no gate clock
[    0.500713] exynos_pd: pd-eh sync_state: turn_off = 0
[    0.502858] samsung-sysmmu-v9 20a50000.sysmmu: initialized IOMMU. Ver 9.0.0, no gate clock
[    0.502872] exynos_pd: pd-aur sync_state: turn_off = 1
[    0.503657] samsung-sysmmu-v9 19090000.sysmmu: initialized IOMMU. Ver 9.0.0, no gate clock
[    0.503881] init: Loaded kernel module /lib/modules/samsung_iommu_v9.ko
[    0.504054] init: Loading module /lib/modules/bts.ko with args ''
[    0.504373] exynos-bts exynos-bts: failed to get address_to_resource
[    0.504380] exynos-bts exynos-bts: failed to get address_to_resource
[    0.504392] exynos-bts exynos-bts: failed to get address_to_resource
[    0.504400] exynos-bts exynos-bts: failed to get address_to_resource
[    0.506008] exynos-bts exynos-bts: exynos_bts_debugfs_init failed
[    0.506015] bts_probe successfully done.
[    0.506217] init: Loaded kernel module /lib/modules/bts.ko
[    0.506302] init: Loading module /lib/modules/exynos_devfreq.ko with args ''
[    0.506416] load_integrated_module: module 'exynos_devfreq' not found
[    0.506429] init: Loaded kernel module /lib/modules/exynos_devfreq.ko
[    0.506445] init: Loading module /lib/modules/g2d.ko with args ''
[    0.506788] exynos-g2d 1a840000.g2d: has sysmmu 1a870000.sysmmu (total count:1)
[    0.506832] exynos-g2d 1a840000.g2d: Adding to iommu group 0
[    0.506940] exynos-g2d 1a840000.g2d: SysMMU not powered on
[    0.506948] exynos-g2d 1a840000.g2d: attached with pgtable 0x00000000863c0000
[    0.509741] exynos-g2d 1a840000.g2d: Probed FIMG2D version 0xa0020004
[    0.509869] init: Loaded kernel module /lib/modules/g2d.ko
[    0.509939] init: Loading module /lib/modules/s5910.ko with args ''
[    0.510036] init: Loaded kernel module /lib/modules/s5910.ko
[    0.510076] init: Loading module /lib/modules/sscoredump.ko with args ''
[    0.510128] load_integrated_module: module 'sscoredump' not found
[    0.510139] init: Loaded kernel module /lib/modules/sscoredump.ko
[    0.510186] init: Loading module /lib/modules/s2mpg1415-gpio.ko with args ''
[    0.510315] init: Loaded kernel module /lib/modules/s2mpg1415-gpio.ko
[    0.510359] init: Loading module /lib/modules/slg51002-core.ko with args ''
[    0.510436] init: Loaded kernel module /lib/modules/slg51002-core.ko
[    0.510488] init: Loading module /lib/modules/samsung_dma_heap.ko with args ''
[    0.510711] samsung,dma-heap-chunk trusty:video_stream_dma_heap: assigned reserved memory node vstream
[    0.510758] Registered vstream-secure dma-heap successfully
[    0.510804] samsung,dma-heap-chunk trusty:video_frame_dma_heap: assigned reserved memory node vframe
[    0.510824] Registered vframe-secure dma-heap successfully
[    0.510867] samsung,dma-heap-chunk trusty:video_scaler_dma_heap: assigned reserved memory node vscaler
[    0.510887] Registered vscaler-secure dma-heap successfully
[    0.511075] samsung,dma-heap-cma trusty:faceauth_preview_heap: assigned reserved memory node faprev
[    0.511096] Registered faprev-secure dma-heap successfully
[    0.511321] Registered mfc_fw-secure dma-heap successfully
[    0.512897] gcma: Reserved memory: created GCMA memory pool at 0x00000009f4d00000, size 75 MiB for famodel
[    0.512947] Registered famodel-secure dma-heap successfully
[    0.513515] gcma: Reserved memory: created GCMA memory pool at 0x00000000fe3f0000, size 24 MiB for tui
[    0.513560] Registered tui-secure dma-heap successfully
[    0.514184] gcma: Reserved memory: created GCMA memory pool at 0x00000009f9800000, size 32 MiB for faceauth_dsp
[    0.514203] Registered faceauth_dsp-secure dma-heap successfully
[    0.514530] gcma: Reserved memory: created GCMA memory pool at 0x00000009ced00000, size 16 MiB for faceauth_tpu
[    0.514575] Registered faceauth_tpu-secure dma-heap successfully
[    0.516143] gcma: Reserved memory: created GCMA memory pool at 0x00000009cfd00000, size 80 MiB for farawimg
[    0.516188] Registered farawimg-secure dma-heap successfully
[    0.516312] Registered system dma-heap successfully
[    0.516331] Registered system-uncached dma-heap successfully
[    0.516381] Registered video_system dma-heap successfully
[    0.516399] Registered video_system-uncached dma-heap successfully
[    0.516588] init: Loaded kernel module /lib/modules/samsung_dma_heap.ko
[    0.516715] init: Loading module /lib/modules/ufs-pixel-fips140.ko with args 'fips_first_lba=151942 fips_last_lba=152453 fips_lu=0 use_hw_keys=true'
[    0.516794] load_integrated_module: module 'ufs_pixel_fips140' not found
