[    0.000000] Booting Linux on physical CPU 0x0000000000 [0x410fd801]
[    0.000000] Linux version 6.1.145-Sultan-Wild+ (runner@runnervm0kj6c) (aarch64-linux-gcc (GCC) 14.2.0, GNU ld (GNU Binutils) 2.42) #1 SMP PREEMPT Sat Mar  7 12:13:21 UTC 2026
[    0.000000] Machine model: ZUMA PRO TOKAY MP board based on ZUMA PRO
[    0.000000] Reserved memory: created CMA memory pool at 0x00000009fb800000, size 72 MiB
[    0.000000] OF: reserved mem: initialized node vstream, compatible id shared-dma-pool
[    0.000000] OF: reserved mem: 0x00000009fb800000..0x00000009ffffffff (73728 KiB) map reusable vstream
[    0.000000] OF: reserved mem: 0x00000000ffe00000..0x00000000ffffffff (2048 KiB) map non-reusable dpado-rmem
[    0.000000] OF: reserved mem: 0x00000009f9800000..0x00000009fb7fffff (32768 KiB) map non-reusable faceauth_dsp
[    0.000000] OF: reserved mem: 0x00000009f4d00000..0x00000009f97fffff (76800 KiB) map non-reusable famodel
[    0.000000] OF: reserved mem: 0x00000000ffbf0000..0x00000000ffdfffff (2112 KiB) map non-reusable mfc_fw
[    0.000000] Reserved memory: created CMA memory pool at 0x00000009d4d00000, size 512 MiB
[    0.000000] OF: reserved mem: initialized node vframe, compatible id shared-dma-pool
[    0.000000] OF: reserved mem: 0x00000009d4d00000..0x00000009f4cfffff (524288 KiB) map reusable vframe
[    0.000000] OF: reserved mem: 0x00000009cfd00000..0x00000009d4cfffff (81920 KiB) map non-reusable farawimg
[    0.000000] OF: reserved mem: 0x00000000fe3f0000..0x00000000ffbeffff (24576 KiB) map non-reusable tui
[    0.000000] OF: reserved mem: 0x00000009ced00000..0x00000009cfcfffff (16384 KiB) map non-reusable faceauth_tpu
[    0.000000] Reserved memory: created CMA memory pool at 0x00000009cb900000, size 52 MiB
[    0.000000] OF: reserved mem: initialized node vscaler, compatible id shared-dma-pool
[    0.000000] OF: reserved mem: 0x00000009cb900000..0x00000009cecfffff (53248 KiB) map reusable vscaler
[    0.000000] Reserved memory: created CMA memory pool at 0x00000009cad00000, size 12 MiB
[    0.000000] OF: reserved mem: initialized node faprev, compatible id shared-dma-pool
[    0.000000] OF: reserved mem: 0x00000009cad00000..0x00000009cb8fffff (12288 KiB) map reusable faprev
[    0.000000] OF: reserved mem: 0x0000000017bb5000..0x0000000017bbffff (44 KiB) nomap non-reusable xhci_dma_buffer@17BB5000
[    0.000000] OF: reserved mem: 0x0000000017bc0000..0x0000000017bfffff (256 KiB) nomap non-reusable xhci_dma@17BC0000
[    0.000000] OF: reserved mem: 0x00000000197fd000..0x00000000197fffff (12 KiB) map non-reusable cp_aoc_rmem
[    0.000000] OF: reserved mem: initialized node pkvm_guest_firmware, compatible id linux,pkvm-guest-firmware-memory
[    0.000000] OF: reserved mem: 0x000000008b000000..0x000000008b0c3fff (784 KiB) nomap non-reusable pkvm_guest_firmware
[    0.000000] OF: reserved mem: 0x0000000090000000..0x000000009005ffff (384 KiB) map non-reusable ect_binary
[    0.000000] OF: reserved mem: 0x0000000090200000..0x00000000905fefff (4092 KiB) nomap non-reusable gsa@90200000
[    0.000000] OF: reserved mem: 0x00000000905ff000..0x00000000905fffff (4 KiB) nomap non-reusable gsa@905FF000
[    0.000000] OF: reserved mem: 0x0000000091300000..0x000000009135ffff (384 KiB) nomap non-reusable gxp_scratchpad@91300000
[    0.000000] OF: reserved mem: 0x0000000091360000..0x000000009137ffff (128 KiB) nomap non-reusable iif_wait_table@91360000
[    0.000000] OF: reserved mem: 0x0000000091380000..0x000000009139ffff (128 KiB) nomap non-reusable iif_signal_table@91380000
[    0.000000] OF: reserved mem: 0x0000000091400000..0x0000000091cfffff (9216 KiB) nomap non-reusable gxp_secure_data@91400000
[    0.000000] OF: reserved mem: 0x0000000091d00000..0x0000000091ffffff (3072 KiB) nomap non-reusable gxp_fw@91D00000
[    0.000000] OF: reserved mem: 0x0000000092000000..0x00000000923fffff (4096 KiB) nomap non-reusable gxp_mcu_fw@92000000
[    0.000000] OF: reserved mem: 0x0000000092e00000..0x0000000093ffffff (18432 KiB) nomap non-reusable tpu_fw@92e00000
[    0.000000] OF: reserved mem: 0x0000000094000000..0x0000000096ffffff (49152 KiB) nomap non-reusable aoc@94000000
[    0.000000] OF: reserved mem: 0x0000000097000000..0x00000000973fffff (4096 KiB) nomap non-reusable xhci_dma_dram@97000000
[    0.000000] OF: reserved mem: 0x00000000b6200000..0x00000000bfffffff (161792 KiB) nomap non-reusable sec_dram
[    0.000000] OF: reserved mem: 0x00000000c3000000..0x00000000c307ffff (512 KiB) map non-reusable seclog_mem
[    0.000000] OF: reserved mem: 0x00000000d8100000..0x00000000d810ffff (64 KiB) nomap non-reusable header
[    0.000000] OF: reserved mem: 0x00000000d8110000..0x00000000d880ffff (7168 KiB) nomap non-reusable log_kevents
[    0.000000] OF: reserved mem: 0x00000000d8810000..0x00000000da00ffff (24576 KiB) nomap non-reusable log_s2d
[    0.000000] OF: reserved mem: 0x00000000da010000..0x00000000daa0ffff (10240 KiB) nomap non-reusable log_array_reset
[    0.000000] OF: reserved mem: 0x00000000dda10000..0x00000000dda1ffff (64 KiB) nomap non-reusable log_itmon
[    0.000000] OF: reserved mem: 0x00000000dda20000..0x00000000de01ffff (6144 KiB) nomap non-reusable log_s2d_extract
[    0.000000] OF: reserved mem: 0x00000000e0000000..0x00000000e37fffff (57344 KiB) nomap non-reusable sec_pt
[    0.000000] OF: reserved mem: 0x00000000e8000000..0x00000000e9ffffff (32768 KiB) map non-reusable cp_rmem_1
[    0.000000] OF: reserved mem: 0x00000000ea400000..0x00000000eaffffff (12288 KiB) map non-reusable cp_rmem
[    0.000000] OF: reserved mem: 0x00000000f6200000..0x00000000f6200fff (4 KiB) map non-reusable cp_msi_rmem
[    0.000000] OF: reserved mem: 0x00000000f8800000..0x00000000f97fffff (16384 KiB) nomap non-reusable abl@f8800000
[    0.000000] OF: reserved mem: 0x00000000fd3f0000..0x00000000fd3fdfff (56 KiB) nomap non-reusable dss_log_reserved@fd3f0000
[    0.000000] OF: reserved mem: 0x00000000fd3fe000..0x00000000fd3fefff (4 KiB) nomap non-reusable debug_kinfo_reserved@fd3fe000
[    0.000000] OF: reserved mem: 0x00000000fd3ff000..0x00000000fd7fefff (4096 KiB) map non-reusable ramoops_mem@fd3ff000
[    0.000000] OF: reserved mem: 0x00000000fd800000..0x00000000fd8fffff (1024 KiB) nomap non-reusable bldr_log_reserved@fd800000
[    0.000000] kvm [0]: Reserved 66 MiB at 0xafba00000
[    0.000000] Zone ranges:
[    0.000000] Normal   [mem 0x0000000080000000-0x0000000affffffff]
[    0.000000] Movable zone start for each node
[    0.000000] Early memory node ranges
[    0.000000] node   0: [mem 0x0000000080000000-0x000000008affffff]
[    0.000000] node   0: [mem 0x000000008b000000-0x000000008b0c3fff]
[    0.000000] node   0: [mem 0x000000008b0c4000-0x00000000901fffff]
[    0.000000] node   0: [mem 0x0000000090200000-0x00000000905fffff]
[    0.000000] node   0: [mem 0x0000000090600000-0x00000000912fffff]
[    0.000000] node   0: [mem 0x0000000091300000-0x000000009139ffff]
[    0.000000] node   0: [mem 0x00000000913a0000-0x00000000913fffff]
[    0.000000] node   0: [mem 0x0000000091400000-0x00000000923fffff]
[    0.000000] node   0: [mem 0x0000000092400000-0x0000000092dfffff]
[    0.000000] node   0: [mem 0x0000000092e00000-0x00000000973fffff]
[    0.000000] node   0: [mem 0x0000000097400000-0x00000000b61fffff]
[    0.000000] node   0: [mem 0x00000000b6200000-0x00000000bfffffff]
[    0.000000] node   0: [mem 0x00000000c0000000-0x00000000d80fffff]
[    0.000000] node   0: [mem 0x00000000d8100000-0x00000000daa0ffff]
[    0.000000] node   0: [mem 0x00000000daa10000-0x00000000dda0ffff]
[    0.000000] node   0: [mem 0x00000000dda10000-0x00000000de01ffff]
[    0.000000] node   0: [mem 0x00000000de020000-0x00000000dfffffff]
[    0.000000] node   0: [mem 0x00000000e0000000-0x00000000e37fffff]
[    0.000000] node   0: [mem 0x00000000e3800000-0x00000000f87fffff]
[    0.000000] node   0: [mem 0x00000000f8800000-0x00000000f97fffff]
[    0.000000] node   0: [mem 0x00000000f9800000-0x00000000fd3effff]
[    0.000000] node   0: [mem 0x00000000fd3f0000-0x00000000fd3fefff]
[    0.000000] node   0: [mem 0x00000000fd3ff000-0x00000000fd7fffff]
[    0.000000] node   0: [mem 0x00000000fd800000-0x00000000fd8fffff]
[    0.000000] node   0: [mem 0x00000000fd900000-0x00000000ffffffff]
[    0.000000] node   0: [mem 0x0000000880000000-0x0000000affffffff]
[    0.000000] Initmem setup node 0 [mem 0x0000000080000000-0x0000000affffffff]
[    0.000000] cma: Reserved 16 MiB at 0x0000000880000000
[    0.000000] psci: probing for conduit method from DT.
[    0.000000] psci: PSCIv1.1 detected in firmware.
[    0.000000] psci: Using standard PSCI v0.2 function IDs
[    0.000000] psci: MIGRATE_INFO_TYPE not supported.
[    0.000000] psci: SMC Calling Convention v1.2
[    0.000000] Load bootconfig: 3981 bytes 136 nodes
[    0.000000] percpu: Embedded 26 pages/cpu s73888 r0 d32608 u106496
[    0.000000] pcpu-alloc: s73888 r0 d32608 u106496 alloc=26*4096
[    0.000000] pcpu-alloc: [0] 0 [0] 1 [0] 2 [0] 3 [0] 4 [0] 5 [0] 6 [0] 7 
[    0.000000] Detected PIPT I-cache on CPU0
[    0.000000] CPU features: SYS_ID_AA64MMFR1_EL1[11:8]: forced to 0
[    0.000000] CPU features: SYS_ID_AA64PFR1_EL1[11:8]: forced to 0
[    0.000000] CPU features: detected: Address authentication (architected QARMA3 algorithm)
[    0.000000] CPU features: detected: GIC system register CPU interface
[    0.000000] CPU features: detected: Hardware dirty bit management
[    0.000000] CPU features: detected: Spectre-v4
[    0.000000] CPU features: kernel page table isolation disabled by kernel configuration
[    0.000000] CPU features: detected: ARM erratum 2966298
[    0.000000] alternatives: applying boot alternatives
[    0.000000] Built 1 zonelists, mobility grouping on.  Total pages: 3096576
[    0.000000] Kernel command line: console=ttynull stack_depot_disable=on cgroup_disable=pressure kasan.page_alloc.sample=10 kasan.stacktrace=off kvm-arm.mode=protected bootconfig ioremap_guard root=/dev/ram0 rw clocksource=arch_sys_counter clk_ignore_unused loop.max_part=7 loop.hw_queue_depth=31 coherent_pool=4M firmware_class.path=/vendor/firmware irqaffinity=0 sysrq_always_enabled no_console_suspend softlockup_panic=1 kasan_multi_shot kvm-arm.protected_modules=exynos-pd,pkvm_s2mpu-v9 dyndbg="func alloc_contig_dump_pages +p" printk.devkmsg=on cma_sysfs.experimental=Y cgroup.memory=nokmem rcupdate.rcu_expedited=1 rcu_nocbs=all rcutree.enable_rcu_lazy swiotlb=noforce disable_dma32=on sysctl.kernel.sched_pelt_multiplier=4 kasan=off at24.write_timeout=100 log_buf_len=1024K bootconfig console=null exynos_drm.panel_name=google-tk4b.2504a080 tcpci_max77759.conf_sbu=0 arm64.nomte ufs_pixel_fips140.fips_first_lba=151942 ufs_pixel_fips140.fips_last_lba=152453 ufs_pixel_fips140.fips_lu=0 ufs_pixel
[    0.000000] sysrq: sysrq always enabled.
[    0.000000] Unknown kernel command line parameters "kasan_multi_shot stack_depot_disable=on softlockup_panic=1 dyndbg=func alloc_contig_dump_pages +p kasan=off", will be passed to user space.
[    0.000000] random: crng init done
[    0.000000] printk: log_buf_len: 1048576 bytes
[    0.000000] printk: early log buf free: 120624(92%)
[    0.000000] Dentry cache hash table entries: 2097152 (order: 12, 16777216 bytes, linear)
[    0.000000] Inode-cache hash table entries: 1048576 (order: 11, 8388608 bytes, linear)
[    0.000000] mem auto-init: stack:all(zero), heap alloc:on, heap free:off
[    0.000000] Memory: 10877312K/12582912K available (20288K kernel code, 3066K rwdata, 5184K rodata, 2496K init, 985K bss, 1025664K reserved, 679936K cma-reserved)
[    0.000000] SLUB: HWalign=64, Order=0-3, MinObjects=0, CPUs=8, Nodes=1
[    0.000000] rcu: Preemptible hierarchical RCU implementation.
[    0.000000] 	All grace periods are expedited (rcu_expedited).
[    0.000000] 	Trampoline variant of Tasks RCU enabled.
[    0.000000] 	Tracing variant of Tasks RCU enabled.
[    0.000000] rcu: RCU calculated value of scheduler-enlistment delay is 25 jiffies.
[    0.000000] NR_IRQS: 64, nr_irqs: 64, preallocated irqs: 0
[    0.000000] GICv3: GIC: Using split EOI/Deactivate mode
[    0.000000] GICv3: 960 SPIs implemented
[    0.000000] GICv3: 0 Extended SPIs implemented
[    0.000000] Root IRQ handler: gic_handle_irq.lto_priv.1
[    0.000000] GICv3: GICv3 features: 16 PPIs
[    0.000000] GICv3: CPU0: found redistributor 0 region 0:0x0000000010440000
[    0.000000] GICv3: GIC: PPI partition interrupt-partition-0[0] { /cpus/cpu@0[0] /cpus/cpu@100[1] /cpus/cpu@200[2] /cpus/cpu@300[3] /cpus/cpu@400[4] /cpus/cpu@500[5] /cpus/cpu@600[6] }
[    0.000000] GICv3: GIC: PPI partition interrupt-partition-1[1] { /cpus/cpu@700[7] }
[    0.000000] rcu: 	Offload RCU callbacks from CPUs: 0-7.
[    0.000000] rcu: srcu_init: Setting srcu_struct sizes based on contention.
[    0.000000] arch_timer: cp15 timer(s) running at 24.57MHz (phys).
[    0.000000] clocksource: arch_sys_counter: mask: 0xffffffffffffff max_cycles: 0x5ab00a189, max_idle_ns: 440795202599 ns
[    0.000000] sched_clock: 56 bits at 25MHz, resolution 40ns, wraps every 4398046511099ns
[    0.000321] Calibrating delay loop (skipped), value calculated using timer frequency.. 49.15 BogoMIPS (lpj=98304)
[    0.000330] pid_max: default: 32768 minimum: 301
[    0.000353] LSM: Security Framework initializing
[    0.000384] SELinux:  Initializing.
[    0.000444] Mount-cache hash table entries: 32768 (order: 6, 262144 bytes, linear)
[    0.000460] Mountpoint-cache hash table entries: 32768 (order: 6, 262144 bytes, linear)
[    0.001293] cacheinfo: Unable to detect cache hierarchy for CPU 0
[    0.001497] cblist_init_generic: Setting adjustable number of callback queues.
[    0.001500] cblist_init_generic: Setting shift to 3 and lim to 1.
[    0.001526] cblist_init_generic: Setting adjustable number of callback queues.
[    0.001528] cblist_init_generic: Setting shift to 3 and lim to 1.
[    0.001580] rcu: Hierarchical SRCU implementation.
[    0.001581] rcu: 	Max phase no-delay instances is 1000.
[    0.002593] smp: Bringing up secondary CPUs ...
[    0.003102] Detected PIPT I-cache on CPU1
[    0.003168] cacheinfo: Unable to detect cache hierarchy for CPU 1
[    0.003177] GICv3: CPU1: found redistributor 100 region 0:0x0000000010460000
[    0.003212] CPU1: Booted secondary processor 0x0000000100 [0x410fd801]
[    0.003808] Detected PIPT I-cache on CPU2
[    0.003879] cacheinfo: Unable to detect cache hierarchy for CPU 2
[    0.003887] GICv3: CPU2: found redistributor 200 region 0:0x0000000010480000
[    0.003911] CPU2: Booted secondary processor 0x0000000200 [0x410fd801]
[    0.004430] Detected PIPT I-cache on CPU3
[    0.004468] cacheinfo: Unable to detect cache hierarchy for CPU 3
[    0.004476] GICv3: CPU3: found redistributor 300 region 0:0x00000000104a0000
[    0.004495] CPU3: Booted secondary processor 0x0000000300 [0x410fd801]
[    0.005015] CPU features: detected: Spectre-BHB
[    0.005021] CPU features: detected: SSBS not fully self-synchronizing
[    0.005023] Detected PIPT I-cache on CPU4
[    0.005027] CPU features: SANITY CHECK: Unexpected variation in SYS_ID_AA64MMFR1_EL1. Boot CPU: 0x1001111011312122, CPU4: 0x1001111010312122
[    0.005033] CPU features: Unsupported CPU feature variation detected.
[    0.005079] cacheinfo: Unable to detect cache hierarchy for CPU 4
[    0.005088] GICv3: CPU4: found redistributor 400 region 0:0x00000000104c0000
[    0.005108] CPU4: Booted secondary processor 0x0000000400 [0x410fd811]
[    0.005613] Detected PIPT I-cache on CPU5
[    0.005621] CPU features: SANITY CHECK: Unexpected variation in SYS_ID_AA64MMFR1_EL1. Boot CPU: 0x1001111011312122, CPU5: 0x1001111010312122
[    0.005673] cacheinfo: Unable to detect cache hierarchy for CPU 5
[    0.005683] GICv3: CPU5: found redistributor 500 region 0:0x00000000104e0000
[    0.005704] CPU5: Booted secondary processor 0x0000000500 [0x410fd811]
[    0.006261] Detected PIPT I-cache on CPU6
[    0.006269] CPU features: SANITY CHECK: Unexpected variation in SYS_ID_AA64MMFR1_EL1. Boot CPU: 0x1001111011312122, CPU6: 0x1001111010312122
[    0.006322] cacheinfo: Unable to detect cache hierarchy for CPU 6
[    0.006334] GICv3: CPU6: found redistributor 600 region 0:0x0000000010500000
[    0.006356] CPU6: Booted secondary processor 0x0000000600 [0x410fd811]
[    0.006984] Detected PIPT I-cache on CPU7
[    0.006991] CPU features: SANITY CHECK: Unexpected variation in SYS_ID_AA64MMFR1_EL1. Boot CPU: 0x1001111011312122, CPU7: 0x1001111010312122
[    0.007039] cacheinfo: Unable to detect cache hierarchy for CPU 7
[    0.007049] GICv3: CPU7: found redistributor 700 region 0:0x0000000010520000
[    0.007068] CPU7: Booted secondary processor 0x0000000700 [0x410fd821]
[    0.007106] smp: Brought up 1 node, 8 CPUs
[    0.007110] SMP: Total of 8 processors activated.
[    0.007113] CPU features: detected: Branch Target Identification
[    0.007116] CPU features: detected: ARMv8.4 Translation Table Level
[    0.007118] CPU features: detected: Data cache clean to the PoU not required for I/D coherence
[    0.007121] CPU features: detected: Common not Private translations
[    0.007123] CPU features: detected: CRC32 instructions
[    0.007124] CPU features: detected: E0PD
[    0.007127] CPU features: detected: Enhanced Counter Virtualization
[    0.007130] CPU features: detected: Enhanced Privileged Access Never
[    0.007132] CPU features: detected: Generic authentication (architected QARMA3 algorithm)
[    0.007134] CPU features: detected: RCpc load-acquire (LDAPR)
[    0.007136] CPU features: detected: LSE atomic instructions
[    0.007138] CPU features: detected: Privileged Access Never
[    0.007139] CPU features: detected: RAS Extension Support
[    0.007140] CPU features: detected: Speculation barrier (SB)
[    0.007142] CPU features: detected: Stage-2 Force Write-Back
[    0.007143] CPU features: detected: TLB range maintenance instructions
[    0.007144] CPU features: detected: WFx with timeout
[    0.007146] CPU features: detected: Protected KVM
[    0.007147] CPU features: detected: Speculative Store Bypassing Safe (SSBS)
[    0.007149] CPU features: detected: Scalable Vector Extension
[    0.007175] CPU features: detected CPU7: Activity Monitors Unit (AMU)
[    0.007176] CPU features: detected CPU3: Activity Monitors Unit (AMU)
[    0.007176] CPU features: detected CPU0: Activity Monitors Unit (AMU)
[    0.007176] CPU features: detected CPU2: Activity Monitors Unit (AMU)
[    0.007176] CPU features: detected CPU5: Activity Monitors Unit (AMU)
[    0.007176] CPU features: detected CPU1: Activity Monitors Unit (AMU)
[    0.007176] CPU features: detected CPU6: Activity Monitors Unit (AMU)
[    0.007176] CPU features: detected CPU4: Activity Monitors Unit (AMU)
[    0.007184] spectre-bhb mitigation disabled by compile time option
[    0.007201] SVE: maximum available vector length 16 bytes per vector
[    0.007204] SVE: default vector length 16 bytes per vector
[    0.007208] CPU: All CPU(s) started at EL2
[    0.007220] alternatives: applying system-wide alternatives
[    0.025729] clocksource: jiffies: mask: 0xffffffff max_cycles: 0xffffffff, max_idle_ns: 7645041785100000 ns
[    0.025745] futex hash table entries: 2048 (order: 5, 131072 bytes, linear)
[    0.033400] pinctrl core: initialized pinctrl subsystem
[    0.033672] NET: Registered PF_NETLINK/PF_ROUTE protocol family
[    0.034763] DMA: preallocated 4096 KiB GFP_KERNEL pool for atomic allocations
[    0.034900] thermal_sys: Registered thermal governor 'step_wise'
[    0.034902] thermal_sys: Registered thermal governor 'user_space'
[    0.034904] thermal_sys: Registered thermal governor 'power_allocator'
[    0.034928] cpuidle: using governor teo
[    0.035086] hw-breakpoint: found 6 breakpoint and 4 watchpoint registers.
[    0.035190] ASID allocator initialised with 65536 entries
[    0.035936] printk: console [ramoops-1] enabled
[    0.035963] pstore: Registered ramoops as persistent store backend
[    0.035967] ramoops: using 0x400000@0xfd3ff000, ecc: 0
[    0.041045] /ete7: Fixed dependency cycle(s) with /funnel0
[    0.041072] /ete6: Fixed dependency cycle(s) with /funnel0
[    0.041088] /ete5: Fixed dependency cycle(s) with /funnel0
[    0.041103] /ete4: Fixed dependency cycle(s) with /funnel0
[    0.041118] /ete3: Fixed dependency cycle(s) with /funnel0
[    0.041131] /ete2: Fixed dependency cycle(s) with /funnel0
[    0.041147] /ete1: Fixed dependency cycle(s) with /funnel0
[    0.041161] /ete0: Fixed dependency cycle(s) with /funnel0
[    0.041176] /funnel0: Fixed dependency cycle(s) with /ete7
[    0.041189] /funnel0: Fixed dependency cycle(s) with /ete6
[    0.041203] /funnel0: Fixed dependency cycle(s) with /ete5
[    0.041216] /funnel0: Fixed dependency cycle(s) with /ete4
[    0.041229] /funnel0: Fixed dependency cycle(s) with /ete3
[    0.041243] /funnel0: Fixed dependency cycle(s) with /ete2
[    0.041256] /funnel0: Fixed dependency cycle(s) with /ete1
[    0.041269] /funnel0: Fixed dependency cycle(s) with /ete0
[    0.041354] /funnel0: Fixed dependency cycle(s) with /funnel@2a007000
[    0.041373] /funnel@2a007000: Fixed dependency cycle(s) with /funnel0
[    0.041486] /funnel@2a009000: Fixed dependency cycle(s) with /etf@2a004000
[    0.041503] /funnel@2a007000: Fixed dependency cycle(s) with /etf@2a004000
[    0.041517] /etf@2a004000: Fixed dependency cycle(s) with /funnel@2a009000
[    0.041532] /etf@2a004000: Fixed dependency cycle(s) with /funnel@2a007000
[    0.041586] /funnel@2a009000: Fixed dependency cycle(s) with /etr@2a00a000
[    0.041602] /etr@2a00a000: Fixed dependency cycle(s) with /funnel@2a009000
[    0.047937] /hsi2c@108D0000/max77759tcpc@25: Fixed dependency cycle(s) with /hsi2c@108D0000/max77759tcpc@25/connector
[    0.047951] /hsi2c@108D0000/max77759tcpc@25/connector: Fixed dependency cycle(s) with /hsi2c@108D0000/max77759tcpc@25
[    0.055258] /mct@10050000: Fixed dependency cycle(s) with /mct@10050000/mct-map
[    0.055358] /mct-v3@100D0000: Fixed dependency cycle(s) with /mct-v3@100D0000/mct-v3-map
[    0.060253] /drmdsim@19440000: Fixed dependency cycle(s) with /gs-drm-connector
[    0.060272] /gs-drm-connector: Fixed dependency cycle(s) with /drmdsim@19440000
[    0.060592] KASLR enabled
[    0.064366] iommu: Default domain type: Translated 
[    0.064370] iommu: DMA domain TLB invalidation policy: strict mode 
[    0.064447] SCSI subsystem initialized
[    0.064473] usbcore: registered new interface driver usbfs
[    0.064480] usbcore: registered new interface driver hub
[    0.064490] usbcore: registered new device driver usb
[    0.064530] mc: Linux media interface: v0.10
[    0.064537] videodev: Linux video capture interface: v2.00
[    0.064549] pps_core: LinuxPPS API ver. 1 registered
[    0.064552] pps_core: Software ver. 5.3.6 - Copyright 2005-2007 Rodolfo Giometti <giometti@linux.it>
[    0.064564] EDAC MC: Ver: 3.0.0
[    0.064771] Advanced Linux Sound Architecture Driver Initialized.
[    0.065082] clocksource: Switched to clocksource arch_sys_counter
[    0.065140] VFS: Disk quotas dquot_6.6.0
[    0.065152] VFS: Dquot-cache hash table entries: 512 (order 0, 4096 bytes)
[    0.065393] NET: Registered PF_INET protocol family
[    0.065515] IP idents hash table entries: 262144 (order: 9, 2097152 bytes, linear)
[    0.069560] tcp_listen_portaddr_hash hash table entries: 8192 (order: 5, 131072 bytes, linear)
[    0.069609] Table-perturb hash table entries: 65536 (order: 6, 262144 bytes, linear)
[    0.069659] TCP established hash table entries: 131072 (order: 8, 1048576 bytes, linear)
[    0.069863] TCP bind hash table entries: 65536 (order: 9, 2097152 bytes, linear)
[    0.070153] TCP: Hash tables configured (established 131072 bind 65536)
[    0.070201] UDP hash table entries: 8192 (order: 6, 262144 bytes, linear)
[    0.070264] UDP-Lite hash table entries: 8192 (order: 6, 262144 bytes, linear)
[    0.070348] NET: Registered PF_UNIX/PF_LOCAL protocol family
[    0.070364] NET: Registered PF_XDP protocol family
[    0.070370] PCI: CLS 0 bytes, default 64
[    0.070566] Trying to unpack rootfs image as initramfs...
[    0.085273] kvm [1]: IPA Size Limit: 40 bits
[    0.115560] kvm [1]: GICv3: no GICV resource entry
[    0.115570] kvm [1]: disabling GICv2 emulation
[    0.115589] kvm [1]: GIC system register CPU interface enabled
[    0.115739] kvm [1]: vgic interrupt IRQ18
[    0.115882] kvm [1]: Protected nVHE mode initialized successfully
[    0.116388] Initialise system trusted keyrings
[    0.116509] workingset: timestamp_bits=62 max_order=22 bucket_order=0
[    0.117545] fuse: init (API version 7.38)
[    0.141772] Key type asymmetric registered
[    0.141780] Asymmetric key parser 'x509' registered
[    0.141811] Block layer SCSI generic (bsg) driver version 0.4 loaded (major 244)
[    0.141830] io scheduler mq-deadline registered
[    0.141875] io scheduler bfq registered
[    0.143971] printk: console [ttynull0] enabled
[    0.144133] cacheinfo: Unable to detect cache hierarchy for CPU 0
[    0.145473] brd: module loaded
[    0.146679] loop: module loaded
[    0.146993] wireguard: WireGuard 1.0.0 loaded. See www.wireguard.com for information.
[    0.146998] wireguard: Copyright (C) 2015-2019 Jason A. Donenfeld <Jason@zx2c4.com>. All Rights Reserved.
[    0.147156] MACsec IEEE 802.1AE
[    0.147301] tun: Universal TUN/TAP device driver, 1.6
[    0.148175] usbcore: registered new interface driver uas
[    0.148190] usbcore: registered new interface driver usb-storage
[    0.148283] usbcore: registered new interface driver xpad
[    0.148321] gspca_main: v2.14.0 registered
[    0.148328] usbcore: registered new interface driver uvcvideo
[    0.148452] device-mapper: uevent: version 1.0.3
[    0.148495] device-mapper: ioctl: 4.47.0-ioctl (2022-07-28) initialised: dm-devel@redhat.com
[    0.148928] sdhci: Secure Digital Host Controller Interface driver
[    0.148935] sdhci: Copyright(c) Pierre Ossman
[    0.148937] sdhci-pltfm: SDHCI platform and OF driver helper
[    0.149277] SMCCC: SOC_ID: ARCH_SOC_ID not implemented, skipping ....
[    0.149296] hid: raw HID events driver (C) Jiri Kosina
[    0.149507] usbcore: registered new interface driver usbhid
[    0.149511] usbhid: USB HID core driver
[    0.149538] ashmem: initialized
[    0.152043] hw perfevents: enabled with armv8_pmuv3 PMU driver, 21 counters available
[    0.152395] hw perfevents: enabled with armv9_cortex_x2 PMU driver, 32 counters available
[    0.152702] gnss: GNSS driver registered with major 236
[    0.153537] KernelSU: feature: feature management initialized
[    0.153543] KernelSU: KernelSU IOCTL Commands:
[    0.153547] KernelSU:   GRANT_ROOT         = 0x00004b01
[    0.153552] KernelSU:   GET_INFO           = 0x80004b02
[    0.153556] KernelSU:   REPORT_EVENT       = 0x40004b03
[    0.153559] KernelSU:   SET_SEPOLICY       = 0xc0004b04
[    0.153563] KernelSU:   CHECK_SAFEMODE     = 0x80004b05
[    0.153566] KernelSU:   GET_ALLOW_LIST     = 0xc0004b06
[    0.153569] KernelSU:   GET_DENY_LIST      = 0xc0004b07
[    0.153572] KernelSU:   NEW_GET_ALLOW_LIST = 0xc0044b06
[    0.153575] KernelSU:   NEW_GET_DENY_LIST  = 0xc0044b07
[    0.153578] KernelSU:   UID_GRANTED_ROOT   = 0xc0004b08
[    0.153581] KernelSU:   UID_SHOULD_UMOUNT  = 0xc0004b09
[    0.153584] KernelSU:   GET_MANAGER_APPID  = 0x80004b0a
[    0.153587] KernelSU:   GET_APP_PROFILE    = 0xc0004b0b
[    0.153590] KernelSU:   SET_APP_PROFILE    = 0x40004b0c
[    0.153593] KernelSU:   GET_FEATURE        = 0xc0004b0d
[    0.153596] KernelSU:   SET_FEATURE        = 0x40004b0e
[    0.153599] KernelSU:   GET_WRAPPER_FD     = 0x40004b0f
[    0.153602] KernelSU:   MANAGE_MARK        = 0xc0004b10
[    0.153605] KernelSU:   NUKE_EXT4_SYSFS    = 0x40004b11
[    0.153609] KernelSU:   ADD_TRY_UMOUNT     = 0x40004b12
[    0.153611] KernelSU:   GET_HOOK_MODE      = 0x80004b62
[    0.153614] KernelSU:   GET_VERSION_TAG    = 0x80004b63
[    0.153622] KernelSU: sulog_init: allocated 2000 bytes on 0x000000000ff22110 
[    0.153628] KernelSU: feature: registered handler for kernel_umount (id=1)
[    0.153632] KernelSU: feature: registered handler for su_compat (id=0)
[    0.153636] susfs:[0][1][susfs_init] susfs is initialized! version: v2.0.0 
[    0.153706] usbcore: registered new interface driver snd-usb-audio
[    0.153967] GACT probability NOT on
[    0.153982] Mirror/redirect action on
[    0.153995] netem: version 1.3
[    0.154010] u32 classifier
[    0.154013] input device check on
[    0.154016] Actions configured
[    0.154946] xt_time: kernel timezone is -0000
[    0.155040] ipip: IPv4 and MPLS over IPv4 tunneling driver
[    0.155221] gre: GRE over IPv4 demultiplexor driver
[    0.155227] ip_gre: GRE over IPv4 tunneling driver
[    0.155524] IPv4 over IPsec tunneling driver
[    0.155643] Initializing XFRM netlink socket
[    0.155654] IPsec XFRM device driver
[    0.155751] NET: Registered PF_INET6 protocol family
[    0.156233] Segment Routing with IPv6
[    0.156245] In-situ OAM (IOAM) with IPv6
[    0.156279] mip6: Mobile IPv6
[    0.156435] sit: IPv6, IPv4 and MPLS over IPv4 tunneling driver
[    0.156647] ip6_gre: GRE over IPv6 tunneling driver
[    0.156759] NET: Registered PF_PACKET protocol family
[    0.156766] NET: Registered PF_KEY protocol family
[    0.156813] NET: Registered PF_VSOCK protocol family
[    0.157045] wc-mbox 15200000.mbox: probe completed successfully
[    0.157120] wc-mbox 15220000.mbox: probe completed successfully
[    0.157160] wc-mbox 15240000.mbox: probe completed successfully
[    0.183498] Freeing initrd memory: 31140K
[    0.190218] exynos-pmu-if 15460000.exynos-pmu: exynos_pmu_if probe
[    0.190503] load_integrated_module: module 'pixel_suspend_diag' not found
[    0.190820] dpm: v1.01
[    0.190829] dpm: found features of debug policy
[    0.190835] dpm: dump-mode is Full Dump
[    0.190840] dpm: file-support of dump-mode is disabled
[    0.190846] dpm: debug-kinfo is enabled
[    0.190851] dpm: found policy of debug policy
[    0.190856] dpm: run [default] at [el1_da]
[    0.190861] dpm: run [default] at [el1_ia]
[    0.190866] dpm: run [default] at [el1_undef]
[    0.190870] dpm: run [default] at [el1_sp_pc]
[    0.190875] dpm: run [default] at [el1_inv]
[    0.190879] dpm: run [default] at [el1_serror]
[    0.190891] debug-snapshot dss: SJTAG is enabled
[    0.190908] item - header is enabled
[    0.190919] item - log_kevents is enabled
[    0.191001] debug-snapshot dss: log_bcm item is disabled, Skip alloc reserved memory
[    0.191009] item - log_s2d is enabled
[    0.191223] item - log_array_reset is enabled
[    0.191315] debug-snapshot dss: log_array_panic item is disabled, Skip alloc reserved memory
[    0.191323] debug-snapshot dss: log_slcdump item is disabled, Skip alloc reserved memory
[    0.191330] debug-snapshot dss: log_preslcdump item is disabled, Skip alloc reserved memory
[    0.191338] item - log_itmon is enabled
[    0.193013] debug-snapshot dss: debug-snapshot physical / virtual memory layout:
[    0.193019] header          : phys:0x00000000d8100000 / virt:00000000253be273 / size:0x10000 / en:1
[    0.193027] log_kevents     : phys:0x00000000d8110000 / virt:000000000f28c6ee / size:0x700000 / en:1
[    0.193033] log_s2d         : phys:0x00000000d8810000 / virt:000000000b0a0a9a / size:0x1800000 / en:1
[    0.193039] log_array_reset : phys:0x00000000da010000 / virt:000000007885fc3a / size:0xa00000 / en:1
[    0.193045] log_itmon       : phys:0x00000000dda10000 / virt:000000007336716f / size:0x10000 / en:1
[    0.193052] debug-snapshot dss: total_item_size: 42112KB, dbg_snapshot_log struct size: 4120KB
[    0.193116] dss task log VH register failed
[    0.193120] dss wq start log VH register failed
[    0.193123] dss wq end log VH register failed
[    0.193129] debug-snapshot dss: enabled
[    0.193135] debug-snapshot-log physical / virtual memory layout:
[    0.193140] task_log    : phys:0x00000000d8110000 / virt:000000000f28c6ee / size:0x6c000 / en:1
[    0.193146] work_log    : phys:0x00000000d817c000 / virt:000000005b1bcc48 / size:0x36000 / en:1
[    0.193151] cpuidle_log : phys:0x00000000d81b2000 / virt:000000007dd3dc1f / size:0x48000 / en:1
[    0.193157] suspend_log : phys:0x00000000d81fa000 / virt:0000000036b4e2a1 / size:0x14000 / en:1
[    0.193163] clk_log     : phys:0x00000000d8376000 / virt:000000009430154d / size:0xa000 / en:1
[    0.193169] pmu_log     : phys:0x00000000d8380000 / virt:00000000260d4c3e / size:0x8000 / en:1
[    0.193175] freq_log    : phys:0x00000000d8388000 / virt:0000000079311994 / size:0xc0000 / en:1
[    0.193180] dm_log      : phys:0x00000000d8448000 / virt:00000000b18a12e2 / size:0xa000 / en:1
[    0.193186] regulator_log: phys:0x00000000d84ac000 / virt:00000000636631f1 / size:0xe000 / en:1
[    0.193191] thermal_log : phys:0x00000000d84ba000 / virt:000000003a8dd25d / size:0xc000 / en:1
[    0.193197] acpm_log    : phys:0x00000000d84c6000 / virt:00000000360ce032 / size:0x8000 / en:1
[    0.193203] printk_log  : phys:0x00000000d84ce000 / virt:00000000f8a4c11c / size:0x48000 / en:1
[    0.193214] debug-snapshot dss: dbg_snapshot_probe successful.
[    0.193585] load_integrated_module: module 'gs_perf_mon' not found
[    0.193724] load_integrated_module: module 'sched_tp' not found
[    0.194807] gs-chipid 10000000.chipid: CPU[ZUMAPRO] CPU_REV[0x1] Detected
[    0.195259] ect_probe: Reserved memory for ect: addr=0x0000000090000000, size=60000
[    0.195274] exynos-ect exynos-ect: Exynos ect driver probe done!
[    0.195464] load_integrated_module: module 'systrace' not found
[    0.195562] load_integrated_module: module 'kernel_top' not found
[    0.195830] gs-acpm-ipc 15110000.acpm_ipc: acpm_ipc probe
[    0.196256] [ACPM] acpm framework SRAM dump to dram base: 0x83280000
[    0.196336] gs-acpm-ipc 15110000.acpm_ipc: acpm_ipc probe done.
[    0.196496] gs-acpm 15440000.acpm: acpm probe
[    0.196502] gs-acpm 15440000.acpm: acpm probe done.
[    0.197223] ECT version: 3020
[    0.197461] vclk initialize for cmucal
[    0.198911] cannot found vclk node f
[    0.198971] zuma_cal_data_init: cal data init
[    0.199730] async_dvfs_enable : Enabling Async DVFS
[    0.200419] load_integrated_module: module 'vh_sched' not found
[    0.200641] pixel_metrics: thermal_metrics driver initialized! :D
[    0.204667] samsung-pinctrl 16280000.pinctrl: irq number not available
[    0.204714] samsung-pinctrl 16290000.pinctrl: irq number not available
[    0.204756] samsung-pinctrl 162a0000.pinctrl: irq number not available
[    0.204797] samsung-pinctrl 162b0000.pinctrl: irq number not available
[    0.207036] ZUMA: Clock setup completed
[    0.207565] exynos-mct: osc-24576000 rtc-32768 incr_rtcclk:0x000002ee compen_val:0x00000000
[    0.207845] clocksource: mct-frc: mask: 0xffffffff max_cycles: 0xffffffff, max_idle_ns: 77769386669 ns
[    0.209828] exynos-pd 15461a80.pd-g3d: on
[    0.209877] exynos-pd 15461c80.pd-embedded_g3d: on
[    0.209892] exynos-pd 15461a80.pd-g3d: has new subdomain pd-embedded_g3d
[    0.209935] exynos-pd 15461d00.pd-dpub: on
[    0.209971] exynos-pd 15461d80.pd-dpuf0: on
[    0.209987] exynos-pd 15461d00.pd-dpub: has new subdomain pd-dpuf0
[    0.210018] exynos-pd 15461e00.pd-dpuf1: on
[    0.210032] exynos-pd 15461d00.pd-dpub: has new subdomain pd-dpuf1
[    0.210059] exynos-pd 15461e80.pd-g2d: on
[    0.210081] exynos-pd 15461f00.pd-gdc: on
[    0.210102] exynos-pd 15461f80.pd-gse: on
[    0.210123] exynos-pd 15462000.pd-mcsc: on
[    0.210144] exynos-pd 15462080.pd-mfc: on
[    0.210165] exynos-pd 15462100.pd-rgbp: on
[    0.210190] exynos-pd 15462180.pd-tnr: on
[    0.210212] exynos-pd 15462200.pd-yuvp: on
[    0.210233] exynos-pd 15462300.pd-aur: on
[    0.210254] exynos-pd 15462380.pd-bw: on
[    0.210276] exynos-pd 15462400.pd-eh: on
[    0.210297] exynos-pd 15462480.pd-ispfe: on
[    0.210318] exynos-pd 15462500.pd-tpu: on
[    0.210338] exynos-pd 15462a80.pd-hsi0: on
[    0.345247] pkvm-s2mpu-v9 20a80000.s2mpu_s0_aur: registered with hypervisor [0/29]
[    0.345544] pkvm-s2mpu-v9 1a670000.s2mpu_s0_bw: registered with hypervisor [1/29]
[    0.345724] pkvm-s2mpu-v9 29c50000.s2mpu_s0_cpucl0: registered with hypervisor [2/29]
[    0.345917] pkvm-s2mpu-v9 19870000.s2mpu_s0_dpuf0: registered with hypervisor [3/29]
[    0.346060] pkvm-s2mpu-v9 19c70000.s2mpu_s0_dpuf1: registered with hypervisor [4/29]
[    0.346194] pkvm-s2mpu-v9 16c70000.s2mpu_s0_eh: registered with hypervisor [5/29]
[    0.346329] pkvm-s2mpu-v9 1a8a0000.s2mpu_s0_g2d: registered with hypervisor [6/29]
[    0.346476] pkvm-s2mpu-v9 1ee70000.s2mpu_s0_g3d: registered with hypervisor [7/29]
[    0.346715] pkvm-s2mpu-v9 1d4f0000.s2mpu_s0_gdc: registered with hypervisor [8/29]
[    0.346914] pkvm-s2mpu-v9 1d8a0000.s2mpu_s0_gse: registered with hypervisor [9/29]
[    0.347084] pkvm-s2mpu-v9 11070000.s2mpu_s0_hsi0: registered with hypervisor [10/29]
[    0.347213] pkvm-s2mpu-v9 12090000.s2mpu_s0_hsi1: registered with hypervisor [11/29]
[    0.347446] pkvm-s2mpu-v9 131f0000.s2mpu_s0_hsi2: registered with hypervisor [12/29]
[    0.347763] pkvm-s2mpu-v9 1c140000.s2mpu_s0_ispfe: registered with hypervisor [13/29]
[    0.347935] pkvm-s2mpu-v9 1c180000.s2mpu_s1_ispfe: registered with hypervisor [14/29]
[    0.348111] pkvm-s2mpu-v9 1c1c0000.s2mpu_s2_ispfe: registered with hypervisor [15/29]
[    0.348288] pkvm-s2mpu-v9 1d0d0000.s2mpu_s0_mcsc: registered with hypervisor [16/29]
[    0.348461] pkvm-s2mpu-v9 1a4a0000.s2mpu_s0_mfc: registered with hypervisor [17/29]
[    0.348648] pkvm-s2mpu-v9 101f0000.s2mpu_s0_misc: registered with hypervisor [18/29]
[    0.348972] pkvm-s2mpu-v9 1c4d0000.s2mpu_s0_rgbp: registered with hypervisor [19/29]
[    0.349150] pkvm-s2mpu-v9 1c510000.s2mpu_s1_rgbp: registered with hypervisor [20/29]
[    0.349332] pkvm-s2mpu-v9 1ccb0000.s2mpu_s0_tnr: registered with hypervisor [21/29]
[    0.349539] pkvm-s2mpu-v9 1ccf0000.s2mpu_s1_tnr: registered with hypervisor [22/29]
[    0.349765] pkvm-s2mpu-v9 1cd30000.s2mpu_s2_tnr: registered with hypervisor [23/29]
[    0.349942] pkvm-s2mpu-v9 1a370000.s2mpu_s0_tpu: registered with hypervisor [24/29]
[    0.350077] pkvm-s2mpu-v9 1c8a0000.s2mpu_s0_yuvp: registered with hypervisor [25/29]
[    0.350240] pkvm-s2mpu-v9 16470000.s2mpu_s0_gsa: registered with hypervisor [26/29]
[    0.351023] pkvm-s2mpu-v9 190c0000.s2mpu_s0_aoc: registered with hypervisor [27/29]
[    0.351185] pkvm-s2mpu-v9 155b0000.s2mpu_s0_alive: registered with hypervisor [28/29]
[    0.351190] List of devices successfully finalized for pkvm s2mpu
[    0.355585] registered taskstats version 1
[    0.355612] Loading compiled-in X.509 certificates
[    0.355644] Key type .fscrypt registered
[    0.355649] Key type fscrypt-provisioning registered
[    0.355717] pstore: Invalid compression size for deflate: 0
[    0.356836] input: gpio_keys as /devices/platform/gpio_keys/input/input0
[    0.357860] clk: Not disabling unused clocks
[    0.357909] ALSA device list:
[    0.357916] No soundcards found.
[    0.358227] Freeing unused kernel memory: 2496K
[    0.358372] Failed to set sysctl parameter 'kernel.sched_pelt_multiplier=4': parameter not found
[    0.358438] Run /init as init process
[    0.358442] with arguments:
[    0.358443] /init
[    0.358445] kasan_multi_shot
[    0.358446] with environment:
[    0.358448] HOME=/
[    0.358449] TERM=linux
[    0.358450] stack_depot_disable=on
[    0.358452] softlockup_panic=1
[    0.358453] dyndbg=func alloc_contig_dump_pages +p
[    0.358454] kasan=off
[    0.360104] init: init first stage started!
[    0.361232] init: alias lines in modules.alias must have 3 entries, not 5
[    0.363496] init: Loading module /lib/modules/fips140.ko with args ''
[    0.363700] load_integrated_module: module 'fips140' not found
[    0.363769] init: Loaded kernel module /lib/modules/fips140.ko
[    0.363818] init: Loading module /lib/modules/zsmalloc.ko with args ''
[    0.363935] init: Loaded kernel module /lib/modules/zsmalloc.ko
[    0.363977] init: Loading module /lib/modules/drm_display_helper.ko with args ''
[    0.364130] init: Loaded kernel module /lib/modules/drm_display_helper.ko
[    0.364171] init: Loading module /lib/modules/at24.ko with args 'write_timeout=100'
[    0.364285] init: Loaded kernel module /lib/modules/at24.ko
[    0.364329] init: Loading module /lib/modules/open-dice.ko with args ''
[    0.364560] init: Loaded kernel module /lib/modules/open-dice.ko
[    0.364603] init: Loading module /lib/modules/sg.ko with args ''
[    0.364720] init: Loaded kernel module /lib/modules/sg.ko
[    0.364761] init: Loading module /lib/modules/spidev.ko with args ''
[    0.364859] init: Loaded kernel module /lib/modules/spidev.ko
[    0.364898] init: Loading module /lib/modules/i2c-dev.ko with args ''
[    0.364969] i2c_dev: i2c /dev entries driver
[    0.364997] init: Loaded kernel module /lib/modules/i2c-dev.ko
[    0.365033] init: Loading module /lib/modules/arm-cmn.ko with args ''
[    0.367324] init: Loaded kernel module /lib/modules/arm-cmn.ko
[    0.367426] init: Loading module /lib/modules/exynos-pd_el3.ko with args ''
[    0.367493] init: Loaded kernel module /lib/modules/exynos-pd_el3.ko
[    0.367533] init: Loading module /lib/modules/eusb_repeater.ko with args ''
[    0.367605] init: Loaded kernel module /lib/modules/eusb_repeater.ko
[    0.367645] init: Loading module /lib/modules/exynos-pd_hsi0.ko with args ''
[    0.367694] init: Loaded kernel module /lib/modules/exynos-pd_hsi0.ko
[    0.367708] init: Loading module /lib/modules/phy-exynos-usbdrd-eusb-super.ko with args ''
[    0.367787] init: Loaded kernel module /lib/modules/phy-exynos-usbdrd-eusb-super.ko
[    0.367857] init: Loading module /lib/modules/exynos-pmu-if.ko with args ''
[    0.367913] init: Loaded kernel module /lib/modules/exynos-pmu-if.ko
[    0.367922] init: Loading module /lib/modules/phy-exynos-mipi-dsim.ko with args ''
[    0.368009] exynos-mipi-phy dphy_m4s4_dsim0@19460000: exynos_mipi_phy_probe: isolation 0x3eb8
[    0.368049] exynos-mipi-phy dphy_m4s4_dsim0@19460000: creating exynos-mipi-phy
[    0.368312] init: Loaded kernel module /lib/modules/phy-exynos-mipi-dsim.ko
[    0.368356] init: Loading module /lib/modules/phy-exynos-mipi.ko with args ''
[    0.368745] exynos-mipi-phy-csi 1c101200.dcphy_m0s4s4s4s4s4_csi0: exynos_mipi_phy_probe: isolation 0x3ebc
[    0.368752] exynos-mipi-phy-csi 1c101200.dcphy_m0s4s4s4s4s4_csi0: exynos_mipi_phy_probe: reset 0
[    0.368790] exynos-mipi-phy-csi 1c101200.dcphy_m0s4s4s4s4s4_csi0: creating exynos-mipi-phy
[    0.368834] exynos-mipi-phy-csi 1c101700.dcphy_m0s4s4s4s4s4_csi0: exynos_mipi_phy_probe: isolation 0x3ebc
[    0.368839] exynos-mipi-phy-csi 1c101700.dcphy_m0s4s4s4s4s4_csi0: exynos_mipi_phy_probe: reset 1
[    0.368864] exynos-mipi-phy-csi 1c101700.dcphy_m0s4s4s4s4s4_csi0: creating exynos-mipi-phy
[    0.368908] exynos-mipi-phy-csi 1c102200.dcphy_m0s4s4s4s4s4_csi0: exynos_mipi_phy_probe: isolation 0x3ebc
[    0.368914] exynos-mipi-phy-csi 1c102200.dcphy_m0s4s4s4s4s4_csi0: exynos_mipi_phy_probe: reset 2
[    0.368945] exynos-mipi-phy-csi 1c102200.dcphy_m0s4s4s4s4s4_csi0: creating exynos-mipi-phy
[    0.368984] exynos-mipi-phy-csi 1c102700.dcphy_m0s4s4s4s4s4_csi0: exynos_mipi_phy_probe: isolation 0x3ebc
[    0.368989] exynos-mipi-phy-csi 1c102700.dcphy_m0s4s4s4s4s4_csi0: exynos_mipi_phy_probe: reset 3
[    0.369015] exynos-mipi-phy-csi 1c102700.dcphy_m0s4s4s4s4s4_csi0: creating exynos-mipi-phy
[    0.369049] exynos-mipi-phy-csi 1c102c00.dcphy_m0s4s4s4s4s4_csi0: exynos_mipi_phy_probe: isolation 0x3ebc
[    0.369054] exynos-mipi-phy-csi 1c102c00.dcphy_m0s4s4s4s4s4_csi0: exynos_mipi_phy_probe: reset 4
[    0.369077] exynos-mipi-phy-csi 1c102c00.dcphy_m0s4s4s4s4s4_csi0: creating exynos-mipi-phy
[    0.369122] exynos-mipi-phy-csi 1c103100.dcphy_m0s4s4s4s4s4_csi0: exynos_mipi_phy_probe: isolation 0x3ebc
[    0.369127] exynos-mipi-phy-csi 1c103100.dcphy_m0s4s4s4s4s4_csi0: exynos_mipi_phy_probe: reset 5
[    0.369150] exynos-mipi-phy-csi 1c103100.dcphy_m0s4s4s4s4s4_csi0: creating exynos-mipi-phy
[    0.369184] exynos-mipi-phy-csi 1c103600.dcphy_m0s4s4s4s4s4_csi0: exynos_mipi_phy_probe: isolation 0x3ebc
[    0.369188] exynos-mipi-phy-csi 1c103600.dcphy_m0s4s4s4s4s4_csi0: exynos_mipi_phy_probe: reset 6
[    0.369216] exynos-mipi-phy-csi 1c103600.dcphy_m0s4s4s4s4s4_csi0: creating exynos-mipi-phy
[    0.369252] exynos-mipi-phy-csi 1c103700.dcphy_m0s4s4s4s4s4_csi0: exynos_mipi_phy_probe: isolation 0x3ebc
[    0.369256] exynos-mipi-phy-csi 1c103700.dcphy_m0s4s4s4s4s4_csi0: exynos_mipi_phy_probe: reset 7
[    0.369281] exynos-mipi-phy-csi 1c103700.dcphy_m0s4s4s4s4s4_csi0: creating exynos-mipi-phy
[    0.369316] exynos-mipi-phy-csi 1c103c00.dcphy_m0s4s4s4s4s4_csi0: exynos_mipi_phy_probe: isolation 0x3ebc
[    0.369321] exynos-mipi-phy-csi 1c103c00.dcphy_m0s4s4s4s4s4_csi0: exynos_mipi_phy_probe: reset 8
[    0.369343] exynos-mipi-phy-csi 1c103c00.dcphy_m0s4s4s4s4s4_csi0: creating exynos-mipi-phy
[    0.369503] init: Loaded kernel module /lib/modules/phy-exynos-mipi.ko
[    0.369560] init: Loading module /lib/modules/pinctrl-exynos-gs.ko with args ''
[    0.369658] init: Loaded kernel module /lib/modules/pinctrl-exynos-gs.ko
[    0.369737] init: Loading module /lib/modules/pixel-suspend-diag.ko with args ''
[    0.369779] load_integrated_module: module 'pixel_suspend_diag' not found
[    0.369789] init: Loaded kernel module /lib/modules/pixel-suspend-diag.ko
[    0.369827] init: Loading module /lib/modules/dss.ko with args ''
[    0.369939] init: Loaded kernel module /lib/modules/dss.ko
[    0.369978] init: Loading module /lib/modules/gs_perf_mon.ko with args ''
[    0.370020] load_integrated_module: module 'gs_perf_mon' not found
[    0.370030] init: Loaded kernel module /lib/modules/gs_perf_mon.ko
[    0.370069] init: Loading module /lib/modules/sched_tp.ko with args ''
[    0.370129] load_integrated_module: module 'sched_tp' not found
[    0.370141] init: Loaded kernel module /lib/modules/sched_tp.ko
[    0.370179] init: Loading module /lib/modules/gs-chipid.ko with args ''
[    0.370230] init: Loaded kernel module /lib/modules/gs-chipid.ko
[    0.370270] init: Loading module /lib/modules/ect_parser.ko with args ''
[    0.370342] init: Loaded kernel module /lib/modules/ect_parser.ko
[    0.370382] init: Loading module /lib/modules/systrace.ko with args ''
[    0.370417] load_integrated_module: module 'systrace' not found
[    0.370426] init: Loaded kernel module /lib/modules/systrace.ko
[    0.370467] init: Loading module /lib/modules/kernel-top.ko with args ''
[    0.370502] load_integrated_module: module 'kernel_top' not found
[    0.370511] init: Loaded kernel module /lib/modules/kernel-top.ko
[    0.370551] init: Loading module /lib/modules/gs_acpm.ko with args ''
[    0.370624] init: Loaded kernel module /lib/modules/gs_acpm.ko
[    0.370670] init: Loading module /lib/modules/cmupmucal.ko with args ''
[    0.371301] init: Loaded kernel module /lib/modules/cmupmucal.ko
[    0.371355] init: Loading module /lib/modules/vh_sched.ko with args ''
[    0.371904] load_integrated_module: module 'vh_sched' not found
[    0.372024] init: Loaded kernel module /lib/modules/vh_sched.ko
[    0.372079] init: Loading module /lib/modules/pixel_metrics.ko with args ''
[    0.372163] init: Loaded kernel module /lib/modules/pixel_metrics.ko
[    0.372279] init: Loading module /lib/modules/clk_exynos_gs.ko with args ''
[    0.372361] init: Loaded kernel module /lib/modules/clk_exynos_gs.ko
[    0.372372] init: Loading module /lib/modules/exynos_mct_v3.ko with args ''
[    0.372432] init: Loaded kernel module /lib/modules/exynos_mct_v3.ko
[    0.372468] init: Loading module /lib/modules/exynos-cpupm.ko with args ''
[    0.372527] init: Loaded kernel module /lib/modules/exynos-cpupm.ko
[    0.372571] init: Loading module /lib/modules/logbuffer.ko with args ''
[    0.372608] load_integrated_module: module 'logbuffer' not found
[    0.372616] init: Loaded kernel module /lib/modules/logbuffer.ko
[    0.372660] init: Loading module /lib/modules/exynos_pm_qos.ko with args ''
[    0.372714] init: Loaded kernel module /lib/modules/exynos_pm_qos.ko
[    0.372753] init: Loading module /lib/modules/itmon.ko with args ''
[    0.372803] load_integrated_module: module 'itmon' not found
[    0.372812] init: Loaded kernel module /lib/modules/itmon.ko
[    0.372851] init: Loading module /lib/modules/exynos-pcie-iommu.ko with args ''
[    0.373328] pcie-sysmmu 12060000.sysmmu: Enable map once.
[    0.373335] pcie-sysmmu 12060000.sysmmu: Number of PMMU : 1.
[    0.373376] pcie-sysmmu 12060000.sysmmu: Probe HSI1 block, PCIe VID : 0
[    0.373381] pcie-sysmmu 12060000.sysmmu: L1Page Table Address : 0x0x0000000083500000(phys)
[    0.373387] pcie-sysmmu 12060000.sysmmu: is probed. Version 9.0.0 - MAX VM : 8, 36bit addr : 1
[    0.373546] init: Loaded kernel module /lib/modules/exynos-pcie-iommu.ko
[    0.373592] init: Loading module /lib/modules/sbb-mux.ko with args ''
[    0.373667] sbb-mux: Initializing signal [0, '0']...
[    0.373677] sbb-mux: Initializing signal [1, '1']...
[    0.373683] sbb-mux: Initializing signal [2, 'kernel_test']...
[    0.373689] sbb-mux: Initializing signal [3, 'userland_test']...
[    0.373697] sbb-mux: Initializing signal [4, 'gp_region_0']...
[    0.373702] sbb-mux: Initializing signal [5, 'gp_region_1']...
[    0.373709] sbb-mux: Initializing signal [6, 'gp_region_2']...
[    0.373714] sbb-mux: Initializing signal [7, 'gp_region_3']...
[    0.373720] sbb-mux: Initializing signal [8, 'k_gp_region_0']...
[    0.373726] sbb-mux: Initializing signal [9, 'k_gp_region_1']...
[    0.373735] sbb-mux: Initializing signal [10, 'k_gp_region_2']...
[    0.373742] sbb-mux: Initializing signal [11, 'k_gp_region_3']...
[    0.373748] sbb-mux: Initializing signal [12, 'app_misc0']...
[    0.373754] sbb-mux: Initializing signal [13, 'app_misc1']...
[    0.373760] sbb-mux: Initializing signal [14, 'app_misc2']...
[    0.373768] sbb-mux: Initializing signal [15, 'app_misc3']...
[    0.373773] sbb-mux: Initializing signal [16, 'app_misc4']...
[    0.373779] sbb-mux: Initializing signal [17, 'app_misc5']...
[    0.373784] sbb-mux: Initializing signal [18, 'app_misc6']...
[    0.373790] sbb-mux: Initializing signal [19, 'app_misc7']...
[    0.373796] sbb-mux: Initializing signal [20, 'app_misc8']...
[    0.373802] sbb-mux: Initializing signal [21, 'app_misc9']...
[    0.373807] sbb-mux: Initializing signal [22, 'cam_misc0']...
[    0.373812] sbb-mux: Initializing signal [23, 'cam_misc1']...
[    0.373817] sbb-mux: Initializing signal [24, 'cam_misc2']...
[    0.373824] sbb-mux: Initializing signal [25, 'cam_misc3']...
[    0.373829] sbb-mux: Initializing signal [26, 'cam_misc4']...
[    0.373834] sbb-mux: Initializing signal [27, 'cam_misc5']...
[    0.373840] sbb-mux: Initializing signal [28, 'cam_misc6']...
[    0.373845] sbb-mux: Initializing signal [29, 'cam_misc7']...
[    0.373850] sbb-mux: Initializing signal [30, 'cam_misc8']...
[    0.373856] sbb-mux: Initializing signal [31, 'cam_misc9']...
[    0.373862] sbb-mux: Initializing signal [32, 'ufs_active_idle']...
[    0.373867] sbb-mux: Initializing signal [33, 'ufs_power_on']...
[    0.373872] sbb-mux: Initializing signal [34, 'ufs_io_outstanding']...
[    0.373878] sbb-mux: Initializing signal [35, 'cp2ap_wake_isr']...
[    0.373884] sbb-mux: Initializing signal [36, 'pcie_link_state']...
[    0.374003] sbb-mux: Calling sbb_mux_drv_probe!
[    0.374043] sbb-mux: Num GPIOs: 3.
[    0.374056] sbb-mux: GPIO system id: 18.
[    0.374077] Correctly initialized GPIO tracker #18 for GPIO C1_T0__XAPC_USI2_CTSn_CSn!
[    0.374087] sbb-mux: GPIO system id: 61.
[    0.374100] Correctly initialized GPIO tracker #61 for GPIO C1_T1__XAPC_USI9_RTSn_DI!
[    0.374108] sbb-mux: GPIO system id: 62.
[    0.374119] Correctly initialized GPIO tracker #62 for GPIO C1_T2__XAPC_USI9_CTSn_CSn!
[    0.374160] sbb-mux: Registered! :D
[    0.374173] init: Loaded kernel module /lib/modules/sbb-mux.ko
[    0.374236] init: Loading module /lib/modules/pcie-exynos-zuma-rc-cal.ko with args ''
[    0.374309] init: Loaded kernel module /lib/modules/pcie-exynos-zuma-rc-cal.ko
[    0.374320] init: Loading module /lib/modules/pcie-exynos-gs.ko with args ''
[    0.374572] exynos-pcie-rc 12100000.pcie: ## PCIe RC PROBE start
[    0.374597] exynos-pcie-rc 12100000.pcie: ## PCIe ch 0 ##
[    0.374602] exynos-pcie-rc 12100000.pcie: logbuffer register failed
[    0.374616] exynos-pcie-rc 12100000.pcie: Failed to parse the number of chip-ver, default '0'
[    0.374620] exynos-pcie-rc 12100000.pcie: parse the number of lanes: 2
[    0.374624] exynos-pcie-rc 12100000.pcie: parse the separated msi: 1
[    0.374629] exynos-pcie-rc 12100000.pcie: Cache Coherency unit is ENABLED.
[    0.374633] exynos-pcie-rc 12100000.pcie: MSI is ENABLED.
[    0.374637] exynos-pcie-rc 12100000.pcie: ## PCIe don't support 64-bit MSI addressing
[    0.374641] exynos-pcie-rc 12100000.pcie: ## PCIe use SICD
[    0.374645] exynos-pcie-rc 12100000.pcie: ## PCIe use PCIE ON Sleep
[    0.374650] exynos-pcie-rc 12100000.pcie: PCIe SysMMU is ENABLED.
[    0.374654] exynos-pcie-rc 12100000.pcie: PCIe I/A is DISABLED.
[    0.374658] exynos-pcie-rc 12100000.pcie: PCIe L1SS(L1.2) is ENABLED.
[    0.374665] exynos-pcie-rc 12100000.pcie: exynos_pcie_rc_parse_dt: pcie int_min_lock = 200000
[    0.374747] exynos-pcie-rc 12100000.pcie: wlan gpio is not defined -> don't use wifi through pcie#0
[    0.374753] exynos-pcie-rc 12100000.pcie: ssd gpio is not defined -> don't use ssd through pcie#0
[    0.374757] exynos-pcie-rc 12100000.pcie: customized de-emphasis enable 0 with value: 0
[    0.374801] exynos-pcie-rc 12100000.pcie: No idle pin state(but it's OK)!!
[    0.374854] exynos-pcie-rc 12100000.pcie: Initialize PHY functions.
[    0.374858] exynos-pcie-rc 12100000.pcie: Initialize PCIe function.
[    0.374935] exynos-pcie-rc 12100000.pcie: PCIe cap [0x1][Power Management]: 0x40
[    0.374942] exynos-pcie-rc 12100000.pcie: PCIe cap [0x5][Message Signalled Interrupts]: 0x50
[    0.374947] exynos-pcie-rc 12100000.pcie: PCIe cap [0x10][PCI Express]: 0x70
[    0.374951] exynos-pcie-rc 12100000.pcie: PCIe ext cap [0x1][Advanced Error Reporting]: 0x100
[    0.374957] exynos-pcie-rc 12100000.pcie: PCIe ext cap [0x19][Secondary PCIe Capability]: 0x148
[    0.374961] exynos-pcie-rc 12100000.pcie: PCIe ext cap [0x1e][L1 PM Substates]: 0x160
[    0.374966] exynos-pcie-rc 12100000.pcie: PCIe ext cap [0x25][Data Link Feature]: 0x170
[    0.375018] exynos-pcie-rc 12100000.pcie: 148 separated MSI irq is defined.
[    0.375043] exynos-pcie-rc 12100000.pcie: 149 separated MSI irq is defined.
[    0.375057] exynos-pcie-rc 12100000.pcie: 150 separated MSI irq is defined.
[    0.375070] exynos-pcie-rc 12100000.pcie: 151 separated MSI irq is defined.
[    0.375083] exynos-pcie-rc 12100000.pcie: 152 separated MSI irq is defined.
[    0.375113] exynos-pcie-rc 12100000.pcie: host bridge /pcie@12100000 ranges:
[    0.375122] exynos-pcie-rc 12100000.pcie:   No bus range found for /pcie@12100000, using [bus 00-ff]
[    0.375134] exynos-pcie-rc 12100000.pcie:      MEM 0x0040000000..0x0040feffff -> 0x0040000000
[    0.375202] exynos-pcie-rc 12100000.pcie: No iATU regions found
[    0.375206] exynos-pcie-rc 12100000.pcie: iATU unroll: enabled
[    0.375211] exynos-pcie-rc 12100000.pcie: iATU regions: 0 ob, 0 ib, align 0K, limit 0G
[    0.375623] exynos-pcie-rc 12100000.pcie: PCI host bridge to bus 0000:00
[    0.375630] pci_bus 0000:00: root bus resource [bus 00-ff]
[    0.375636] pci_bus 0000:00: root bus resource [mem 0x40000000-0x40feffff]
[    0.375667] pci 0000:00:00.0: [144d:ecec] type 01 class 0x060400
[    0.375792] pci 0000:00:00.0: PME# supported from D0 D3hot D3cold
[    0.381671] pci 0000:00:00.0: PCI bridge to [bus 01-ff]
[    0.381700] [exynos_pcie_quirks] async suspend disabled
[    0.382192] pcieport 0000:00:00.0: PME: Signaling with IRQ 154
[    0.382800] pcieport 0000:00:00.0: AER: enabled with IRQ 154
[    0.382906] exynos-pcie-rc 12100000.pcie: PCIE idle ip index : 14
[    0.382912] exynos-pcie-rc 12100000.pcie: exynos_pcie_rc_probe, ip idle status : 1, idle_ip_index: 14
[    0.383279] exynos-pcie-rc 12100000.pcie: ## register pcie connection function
[    0.383283] exynos-pcie-rc 12100000.pcie: ## exynos_pcie_rc_probe: PCIe probe success
[    0.383414] exynos-pcie-rc 13120000.pcie: ## PCIe RC PROBE start
[    0.383435] exynos-pcie-rc 13120000.pcie: ## PCIe ch 1 ##
[    0.383440] exynos-pcie-rc 13120000.pcie: logbuffer register failed
[    0.383454] exynos-pcie-rc 13120000.pcie: Failed to parse the number of chip-ver, default '0'
[    0.383459] exynos-pcie-rc 13120000.pcie: parse the number of lanes: 1
[    0.383463] exynos-pcie-rc 13120000.pcie: Unset separated-msi value, default '0'
[    0.383469] exynos-pcie-rc 13120000.pcie: MSI is ENABLED.
[    0.383474] exynos-pcie-rc 13120000.pcie: ## PCIe don't support 64-bit MSI addressing
[    0.383478] exynos-pcie-rc 13120000.pcie: ## PCIe use SICD
[    0.383483] exynos-pcie-rc 13120000.pcie: ## PCIe don't use PCIE ON Sleep
[    0.383487] exynos-pcie-rc 13120000.pcie: PCIe SysMMU is DISABLED.
[    0.383492] exynos-pcie-rc 13120000.pcie: PCIe I/A is DISABLED.
[    0.383496] exynos-pcie-rc 13120000.pcie: PCIe L1SS(L1.2) is ENABLED.
[    0.383504] exynos-pcie-rc 13120000.pcie: exynos_pcie_rc_parse_dt: pcie int_min_lock = 200000
[    0.383590] exynos-pcie-rc 13120000.pcie: ssd gpio is not defined -> don't use ssd through pcie#1
[    0.383597] exynos-pcie-rc 13120000.pcie: customized de-emphasis enable 0 with value: 0
[    0.383656] exynos-pcie-rc 13120000.pcie: No idle pin state(but it's OK)!!
[    0.383710] exynos-pcie-rc 13120000.pcie: Initialize PHY functions.
[    0.383714] exynos-pcie-rc 13120000.pcie: Initialize PCIe function.
[    0.383828] exynos-pcie-rc 13120000.pcie: Disable PCIE2 PHY
[    0.383954] exynos-pcie-rc 13120000.pcie: PCIe cap [0x1][Power Management]: 0x40
[    0.383962] exynos-pcie-rc 13120000.pcie: PCIe cap [0x5][Message Signalled Interrupts]: 0x50
[    0.383967] exynos-pcie-rc 13120000.pcie: PCIe cap [0x10][PCI Express]: 0x70
[    0.383972] exynos-pcie-rc 13120000.pcie: PCIe ext cap [0x1][Advanced Error Reporting]: 0x100
[    0.383977] exynos-pcie-rc 13120000.pcie: PCIe ext cap [0x19][Secondary PCIe Capability]: 0x148
[    0.383982] exynos-pcie-rc 13120000.pcie: PCIe ext cap [0x1e][L1 PM Substates]: 0x160
[    0.383986] exynos-pcie-rc 13120000.pcie: PCIe ext cap [0x25][Data Link Feature]: 0x170
[    0.384046] exynos-pcie-rc 13120000.pcie: host bridge /pcie@13120000 ranges:
[    0.384054] exynos-pcie-rc 13120000.pcie:   No bus range found for /pcie@13120000, using [bus 00-ff]
[    0.384065] exynos-pcie-rc 13120000.pcie:      MEM 0x0060000000..0x0060feffff -> 0x0060000000
[    0.384136] exynos-pcie-rc 13120000.pcie: No iATU regions found
[    0.384140] exynos-pcie-rc 13120000.pcie: iATU unroll: enabled
[    0.384144] exynos-pcie-rc 13120000.pcie: iATU regions: 0 ob, 0 ib, align 0K, limit 0G
[    0.384223] exynos-pcie-rc 13120000.pcie: PCI host bridge to bus 0001:00
[    0.384228] pci_bus 0001:00: root bus resource [bus 00-ff]
[    0.384233] pci_bus 0001:00: root bus resource [mem 0x60000000-0x60feffff]
[    0.384266] pci 0001:00:00.0: [144d:eced] type 01 class 0x060400
[    0.384288] pci 0001:00:00.0: reg 0x10: [mem 0x00000000-0x000fffff]
[    0.384311] pci 0001:00:00.0: reg 0x38: [mem 0x00000000-0x0000ffff pref]
[    0.384421] pci 0001:00:00.0: PME# supported from D0 D3hot D3cold
[    0.389858] pci 0001:00:00.0: BAR 0: assigned [mem 0x60000000-0x600fffff]
[    0.389871] pci 0001:00:00.0: BAR 6: assigned [mem 0x60100000-0x6010ffff pref]
[    0.389877] pci 0001:00:00.0: PCI bridge to [bus 01-ff]
[    0.389900] [exynos_pcie_quirks] async suspend disabled
[    0.390468] pcieport 0001:00:00.0: PME: Signaling with IRQ 156
[    0.390921] pcieport 0001:00:00.0: AER: enabled with IRQ 156
[    0.391023] exynos-pcie-rc 13120000.pcie: PCIE idle ip index : 15
[    0.391027] exynos-pcie-rc 13120000.pcie: exynos_pcie_rc_probe, ip idle status : 1, idle_ip_index: 15
[    0.391215] exynos-pcie-rc 13120000.pcie: ## exynos_pcie_rc_probe: PCIe probe success
[    0.391355] init: Loaded kernel module /lib/modules/pcie-exynos-gs.ko
[    0.391414] init: Loading module /lib/modules/pl330.ko with args ''
[    0.393181] dma-pl330 10110000.pdma0: Loaded driver for PL330 DMAC-341330
[    0.393189] dma-pl330 10110000.pdma0: 	DBUFF-32x4bytes Num_Chans-8 Num_Peri-32 Num_Events-32
[    0.393991] dma-pl330 10130000.pdma1: Loaded driver for PL330 DMAC-341330
[    0.393999] dma-pl330 10130000.pdma1: 	DBUFF-32x4bytes Num_Chans-8 Num_Peri-32 Num_Events-32
[    0.394056] init: Loaded kernel module /lib/modules/pl330.ko
[    0.394111] init: Loading module /lib/modules/samsung-dma.ko with args ''
[    0.394190] init: Loaded kernel module /lib/modules/samsung-dma.ko
[    0.394236] init: Loading module /lib/modules/debug-snapshot-debug-kinfo.ko with args ''
[    0.394555] init: Loaded kernel module /lib/modules/debug-snapshot-debug-kinfo.ko
[    0.394632] init: Loading module /lib/modules/trusty-core.ko with args ''
[    0.395242] trusty trusty: trusty version: Project: ripcurrentpro, Build: 14060607, Built: 08:47:58 Sep  8 2025
[    0.395302] trusty trusty: selected api version: 5 (requested 5)
[    0.400223] init: Loaded kernel module /lib/modules/trusty-core.ko
[    0.400285] init: Loading module /lib/modules/hardlockup-watchdog.ko with args ''
[    0.400431] hardlockup-watchdog hardlockup-watchdog: sampling_time = 4sec, opportunity_cnt = 3, panic = 1
[    0.401800] hardlockup-watchdog hardlockup-watchdog: Hardlockup Watchdog driver
[    0.402031] init: Loaded kernel module /lib/modules/hardlockup-watchdog.ko
[    0.402082] init: Loading module /lib/modules/trusty-ipc.ko with args ''
[    0.402220] init: Loaded kernel module /lib/modules/trusty-ipc.ko
[    0.402291] init: Loading module /lib/modules/gsa.ko with args ''
[    0.402487] gsa 16490000.gsa-ns: linked to 16470000.s2mpu_s0_gsa
[    0.402898] init: Loaded kernel module /lib/modules/gsa.ko
[    0.402953] init: Loading module /lib/modules/exynos-adv-tracer.ko with args ''
[    0.403007] load_integrated_module: module 'exynos_adv_tracer' not found
[    0.403018] init: Loaded kernel module /lib/modules/exynos-adv-tracer.ko
[    0.403067] init: Loading module /lib/modules/sjtag-driver.ko with args ''
[    0.403113] load_integrated_module: module 'sjtag_driver' not found
[    0.403122] init: Loaded kernel module /lib/modules/sjtag-driver.ko
[    0.403143] init: Loading module /lib/modules/ehld.ko with args ''
[    0.403189] load_integrated_module: module 'ehld' not found
[    0.403199] init: Loaded kernel module /lib/modules/ehld.ko
[    0.403270] init: Loading module /lib/modules/pixel-debug-test.ko with args ''
[    0.403311] load_integrated_module: module 'pixel_debug_test' not found
[    0.403320] init: Loaded kernel module /lib/modules/pixel-debug-test.ko
[    0.403330] init: Loading module /lib/modules/exynos-debug-test.ko with args ''
[    0.403370] load_integrated_module: module 'exynos_debug_test' not found
[    0.403380] init: Loaded kernel module /lib/modules/exynos-debug-test.ko
[    0.403419] init: Loading module /lib/modules/bookerci.ko with args ''
[    0.403464] load_integrated_module: module 'bookerci' not found
[    0.403473] init: Loaded kernel module /lib/modules/bookerci.ko
[    0.403518] init: Loading module /lib/modules/exynos-coresight.ko with args ''
[    0.403727] debug-snapshot dss: Add halt,  functions from really_probe+0x538/0x744
[    0.403747] exynos-coresight coresight@2B000000: exynos_coresight_probe Successful
[    0.403957] init: Loaded kernel module /lib/modules/exynos-coresight.ko
[    0.404003] init: Loading module /lib/modules/exynos-ecc-handler.ko with args ''
[    0.404044] load_integrated_module: module 'exynos_ecc_handler' not found
[    0.404054] init: Loaded kernel module /lib/modules/exynos-ecc-handler.ko
[    0.404099] init: Loading module /lib/modules/exynos-coresight-etm.ko with args ''
[    0.404144] load_integrated_module: module 'exynos_coresight_etm' not found
[    0.404154] init: Loaded kernel module /lib/modules/exynos-coresight-etm.ko
[    0.404228] init: Loading module /lib/modules/keydebug.ko with args ''
[    0.404266] load_integrated_module: module 'keydebug' not found
[    0.404276] init: Loaded kernel module /lib/modules/keydebug.ko
[    0.404285] init: Loading module /lib/modules/exynos-adv-tracer-s2d.ko with args ''
[    0.404317] load_integrated_module: module 'exynos_adv_tracer_s2d' not found
[    0.404326] init: Loaded kernel module /lib/modules/exynos-adv-tracer-s2d.ko
[    0.404366] init: Loading module /lib/modules/pixel-boot-metrics.ko with args ''
[    0.404398] load_integrated_module: module 'pixel_boot_metrics' not found
[    0.404406] init: Loaded kernel module /lib/modules/pixel-boot-metrics.ko
[    0.404443] init: Loading module /lib/modules/vh_fs.ko with args ''
[    0.404629] init: Loaded kernel module /lib/modules/vh_fs.ko
[    0.404665] init: Loading module /lib/modules/vh_mm.ko with args ''
[    0.404702] load_integrated_module: module 'vh_mm' not found
[    0.404713] init: Loaded kernel module /lib/modules/vh_mm.ko
[    0.404749] init: Loading module /lib/modules/vh_cgroup.ko with args ''
[    0.404781] load_integrated_module: module 'vh_cgroup' not found
[    0.404809] init: Loaded kernel module /lib/modules/vh_cgroup.ko
[    0.404888] init: Loading module /lib/modules/exynos-cpuhp.ko with args ''
[    0.404923] load_integrated_module: module 'exynos_cpuhp' not found
[    0.404939] init: Loaded kernel module /lib/modules/exynos-cpuhp.ko
[    0.404976] init: Loading module /lib/modules/vh_thermal.ko with args ''
[    0.405043] init: Loaded kernel module /lib/modules/vh_thermal.ko
[    0.405108] init: Loading module /lib/modules/gs_thermal.ko with args ''
[    0.405473] gs-tmu 100a0000.BIG: Failed to get TMU type
[    0.405478] gs-tmu 100a0000.BIG: tmu type: 0 
[    0.405851] GOV: Asynchronous notification enabled
[    0.406566] thermal thermal_zone0: failed to read out thermal zone (-22)
[    0.406712] [acpm_tmu] tz 0 threshold: 0:20 1:65 2:90 3:93 4:70 5:97 6:100 7:112
[    0.406855] [acpm_tmu] tz 0 hysteresis: 0:5 1:5 2:0 3:93 4:5 5:2 6:5 7:3
[    0.410227] Disable tz_id: 0 thermal genl event
[    0.410592] gs-tmu 100a0000.MID: Failed to get TMU type
[    0.410598] gs-tmu 100a0000.MID: tmu type: 0 
[    0.411076] thermal thermal_zone1: failed to read out thermal zone (-22)
[    0.411202] [acpm_tmu] tz 1 threshold: 0:20 1:75 2:95 3:97 4:99 5:101 6:105 7:112
[    0.411320] [acpm_tmu] tz 1 hysteresis: 0:5 1:5 2:0 3:93 4:0 5:2 6:5 7:3
[    0.413718] Disable tz_id: 1 thermal genl event
[    0.414098] gs-tmu 100a0000.LITTLE: Failed to get TMU type
[    0.414103] gs-tmu 100a0000.LITTLE: tmu type: 0 
[    0.414648] thermal thermal_zone2: failed to read out thermal zone (-22)
[    0.414774] [acpm_tmu] tz 2 threshold: 0:20 1:75 2:95 3:97 4:98 5:99 6:105 7:112
[    0.414893] [acpm_tmu] tz 2 hysteresis: 0:5 1:5 2:0 3:97 4:0 5:0 6:5 7:3
[    0.417236] Disable tz_id: 2 thermal genl event
[    0.417723] gs-tmu 100b0000.G3D: Failed to get TMU type
[    0.417728] gs-tmu 100b0000.G3D: tmu type: 0 
[    0.417750] gs-tmu 100b0000.G3D: No input mpmm_enable
[    0.417754] gs-tmu 100b0000.G3D: No input mpmm_throttle_level
[    0.417758] gs-tmu 100b0000.G3D: No input mpmm_clr_throttle_level
[    0.418377] thermal thermal_zone3: failed to read out thermal zone (-22)
[    0.418501] [acpm_tmu] tz 3 threshold: 0:20 1:70 2:90 3:95 4:98 5:102 6:100 7:115
[    0.418621] [acpm_tmu] tz 3 hysteresis: 0:5 1:5 2:0 3:0 4:98 5:2 6:5 7:3
[    0.420956] Disable tz_id: 3 thermal genl event
[    0.421513] gs-tmu 100b0000.ISP: Failed to get TMU type
[    0.421519] gs-tmu 100b0000.ISP: tmu type: 0 
[    0.421525] gs-tmu 100b0000.ISP: polling_delay_on is out of range, using min value 10
[    0.421531] gs-tmu 100b0000.ISP: No input control_temp_step
[    0.421540] gs-tmu 100b0000.ISP: No input mpmm_enable
[    0.421544] gs-tmu 100b0000.ISP: No input mpmm_throttle_level
[    0.421547] gs-tmu 100b0000.ISP: No input mpmm_clr_throttle_level
[    0.422204] thermal thermal_zone4: failed to read out thermal zone (-22)
[    0.422330] [acpm_tmu] tz 4 threshold: 0:20 1:70 2:90 3:95 4:98 5:102 6:100 7:115
[    0.422448] [acpm_tmu] tz 4 hysteresis: 0:5 1:5 2:0 3:0 4:98 5:102 6:100 7:3
[    0.423378] [ISP TMU] index : 0, fps : 60
[    0.423383] [ISP TMU] index : 1, fps : 15
[    0.423386] [ISP TMU] index : 2, fps : 5
[    0.423576] Fail to find device node
[    0.423579] Disable tz_id: 4 thermal genl event
[    0.424232] gs-tmu 100b0000.TPU: Failed to get TMU type
[    0.424238] gs-tmu 100b0000.TPU: tmu type: 0 
[    0.424266] gs-tmu 100b0000.TPU: No input mpmm_enable
[    0.424270] gs-tmu 100b0000.TPU: No input mpmm_throttle_level
[    0.424274] gs-tmu 100b0000.TPU: No input mpmm_clr_throttle_level
[    0.425118] thermal thermal_zone5: failed to read out thermal zone (-22)
[    0.425239] [acpm_tmu] tz 5 threshold: 0:20 1:70 2:90 3:95 4:98 5:102 6:100 7:115
[    0.425357] [acpm_tmu] tz 5 hysteresis: 0:5 1:5 2:0 3:0 4:98 5:2 6:5 7:3
[    0.427707] Disable tz_id: 5 thermal genl event
[    0.428447] gs-tmu 100b0000.AUR: Failed to get TMU type
[    0.428452] gs-tmu 100b0000.AUR: tmu type: 0 
[    0.428458] gs-tmu 100b0000.AUR: No input control_temp_step
[    0.428470] gs-tmu 100b0000.AUR: No input mpmm_enable
[    0.428474] gs-tmu 100b0000.AUR: No input mpmm_throttle_level
[    0.428478] gs-tmu 100b0000.AUR: No input mpmm_clr_throttle_level
[    0.429417] thermal thermal_zone6: failed to read out thermal zone (-22)
[    0.429540] [acpm_tmu] tz 6 threshold: 0:20 1:70 2:90 3:95 4:98 5:102 6:100 7:115
[    0.429658] [acpm_tmu] tz 6 hysteresis: 0:5 1:5 2:0 3:0 4:98 5:2 6:5 7:3
[    0.431352] Disable tz_id: 6 thermal genl event
[    0.432215] init: Loaded kernel module /lib/modules/gs_thermal.ko
[    0.432321] init: Loading module /lib/modules/exynos-dm.ko with args ''
[    0.432408] load_integrated_module: module 'exynos_dm' not found
[    0.432419] init: Loaded kernel module /lib/modules/exynos-dm.ko
[    0.432430] init: Loading module /lib/modules/exynos-acme.ko with args ''
[    0.432866] exynos_acme: Complete to initialize cpufreq-domain0
[    0.432871] exynos_acme: CPUFREQ of domain0 cal-id : 0xb040002
[    0.432879] exynos_acme: CPUFREQ of domain0 sibling cpus : 0-3
[    0.432882] exynos_acme: CPUFREQ of domain0 boot freq = 1197000 kHz, resume freq = 1425000 kHz
[    0.432887] exynos_acme: CPUFREQ of domain0 max freq : 1950000 kHz, min freq : 820000 kHz
[    0.432891] exynos_acme: CPUFREQ of domain0 table size = 10
[    0.432895] exynos_acme: CPUFREQ of domain0 : L0    820000 kHz
[    0.432899] exynos_acme: CPUFREQ of domain0 : L1    955000 kHz
[    0.432903] exynos_acme: CPUFREQ of domain0 : L2   1098000 kHz
[    0.432907] exynos_acme: CPUFREQ of domain0 : L3   1197000 kHz
[    0.432910] exynos_acme: CPUFREQ of domain0 : L4   1328000 kHz
[    0.432913] exynos_acme: CPUFREQ of domain0 : L5   1425000 kHz
[    0.432916] exynos_acme: CPUFREQ of domain0 : L6   1548000 kHz
[    0.432919] exynos_acme: CPUFREQ of domain0 : L7   1696000 kHz
[    0.432922] exynos_acme: CPUFREQ of domain0 : L8   1849000 kHz
[    0.432925] exynos_acme: CPUFREQ of domain0 : L9   1950000 kHz
[    0.433350] exynos_acme: Complete to initialize cpufreq-domain1
[    0.433356] exynos_acme: CPUFREQ of domain1 cal-id : 0xb040003
[    0.433360] exynos_acme: CPUFREQ of domain1 sibling cpus : 4-6
[    0.433363] exynos_acme: CPUFREQ of domain1 boot freq = 1065000 kHz, resume freq = 1795000 kHz
[    0.433367] exynos_acme: CPUFREQ of domain1 max freq : 2600000 kHz, min freq : 357000 kHz
[    0.433371] exynos_acme: CPUFREQ of domain1 table size = 17
[    0.433374] exynos_acme: CPUFREQ of domain1 : L0    357000 kHz
[    0.433377] exynos_acme: CPUFREQ of domain1 : L1    578000 kHz
[    0.433380] exynos_acme: CPUFREQ of domain1 : L2    648000 kHz
[    0.433383] exynos_acme: CPUFREQ of domain1 : L3    787000 kHz
[    0.433387] exynos_acme: CPUFREQ of domain1 : L4    910000 kHz
[    0.433390] exynos_acme: CPUFREQ of domain1 : L5   1065000 kHz
[    0.433393] exynos_acme: CPUFREQ of domain1 : L6   1221000 kHz
[    0.433396] exynos_acme: CPUFREQ of domain1 : L7   1328000 kHz
[    0.433399] exynos_acme: CPUFREQ of domain1 : L8   1418000 kHz
[    0.433402] exynos_acme: CPUFREQ of domain1 : L9   1549000 kHz
[    0.433405] exynos_acme: CPUFREQ of domain1 : L10  1795000 kHz
[    0.433408] exynos_acme: CPUFREQ of domain1 : L11  1945000 kHz
[    0.433411] exynos_acme: CPUFREQ of domain1 : L12  2130000 kHz
[    0.433415] exynos_acme: CPUFREQ of domain1 : L13  2245000 kHz
[    0.433418] exynos_acme: CPUFREQ of domain1 : L14  2367000 kHz
[    0.433421] exynos_acme: CPUFREQ of domain1 : L15  2450000 kHz
[    0.433424] exynos_acme: CPUFREQ of domain1 : L16  2600000 kHz
[    0.434457] exynos_acme: Complete to initialize cpufreq-domain2
[    0.434461] exynos_acme: CPUFREQ of domain2 cal-id : 0xb040004
[    0.434464] exynos_acme: CPUFREQ of domain2 sibling cpus : 7
[    0.434467] exynos_acme: CPUFREQ of domain2 boot freq = 1164000 kHz, resume freq = 1164000 kHz
[    0.434471] exynos_acme: CPUFREQ of domain2 max freq : 3105000 kHz, min freq : 700000 kHz
[    0.434474] exynos_acme: CPUFREQ of domain2 table size = 18
[    0.434478] exynos_acme: CPUFREQ of domain2 : L0    700000 kHz
[    0.434481] exynos_acme: CPUFREQ of domain2 : L1   1164000 kHz
[    0.434484] exynos_acme: CPUFREQ of domain2 : L2   1396000 kHz
[    0.434487] exynos_acme: CPUFREQ of domain2 : L3   1557000 kHz
[    0.434490] exynos_acme: CPUFREQ of domain2 : L4   1745000 kHz
[    0.434493] exynos_acme: CPUFREQ of domain2 : L5   1885000 kHz
[    0.434496] exynos_acme: CPUFREQ of domain2 : L6   1999000 kHz
[    0.434499] exynos_acme: CPUFREQ of domain2 : L7   2147000 kHz
[    0.434502] exynos_acme: CPUFREQ of domain2 : L8   2294000 kHz
[    0.434505] exynos_acme: CPUFREQ of domain2 : L9   2363000 kHz
[    0.434508] exynos_acme: CPUFREQ of domain2 : L10  2499000 kHz
[    0.434511] exynos_acme: CPUFREQ of domain2 : L11  2687000 kHz
[    0.434515] exynos_acme: CPUFREQ of domain2 : L12  2802000 kHz
[    0.434518] exynos_acme: CPUFREQ of domain2 : L13  2914000 kHz
[    0.434521] exynos_acme: CPUFREQ of domain2 : L14  2943000 kHz
[    0.434524] exynos_acme: CPUFREQ of domain2 : L15  2970000 kHz
[    0.434527] exynos_acme: CPUFREQ of domain2 : L16  3015000 kHz
[    0.434530] exynos_acme: CPUFREQ of domain2 : L17  3105000 kHz
[    0.435501] exynos_acme: CPUFREQ domain0 registered
[    0.435784] cpufreq: __target_index: Failed to change cpu frequency: -22
[    0.435930] exynos_acme: CPUFREQ domain1 registered
[    0.436201] cpufreq: __target_index: Failed to change cpu frequency: -22
[    0.436345] exynos_acme: CPUFREQ domain2 registered
[    0.437683] cpufreq: __target_index: Failed to change cpu frequency: -22
[    0.437704] cpu cpu0: EM: created perf domain
[    0.437722] cpu cpu4: EM: created perf domain
[    0.437735] cpu cpu7: EM: created perf domain
[    0.437747] cpufreq: __target_index: Failed to change cpu frequency: -22
[    0.437754] cpufreq: __target_index: Failed to change cpu frequency: -22
[    0.437780] cpu_cooling 0: freq:1950000 KHz
[    0.437784] cpu_cooling 0: freq:1849000 KHz
[    0.437787] cpu_cooling 0: freq:1696000 KHz
[    0.437790] cpu_cooling 0: freq:1548000 KHz
[    0.437793] cpu_cooling 0: freq:1425000 KHz
[    0.437796] cpu_cooling 0: freq:1328000 KHz
[    0.437799] cpu_cooling 0: freq:1197000 KHz
[    0.437801] cpu_cooling 0: freq:1098000 KHz
[    0.437804] cpu_cooling 0: freq:955000 KHz
[    0.437807] cpu_cooling 0: freq:820000 KHz
[    0.437812] cpu_cooling 0: freq:1950000 power: 243, mV: 843, cap: 176
[    0.437817] cpu_cooling 0: freq:1849000 power: 204, mV: 793, cap: 176
[    0.437822] cpu_cooling 0: freq:1696000 power: 176, mV: 768, cap: 176
[    0.437826] cpu_cooling 0: freq:1548000 power: 147, mV: 737, cap: 176
[    0.437830] cpu_cooling 0: freq:1425000 power: 127, mV: 712, cap: 176
[    0.437834] cpu_cooling 0: freq:1328000 power: 112, mV: 693, cap: 176
[    0.437838] cpu_cooling 0: freq:1197000 power: 92, mV: 662, cap: 176
[    0.437842] cpu_cooling 0: freq:1098000 power: 81, mV: 650, cap: 176
[    0.437847] cpu_cooling 0: freq:955000 power: 66, mV: 631, cap: 176
[    0.437851] cpu_cooling 0: freq:820000 power: 52, mV: 606, cap: 176
[    0.437898] build_static_power_table: Failed to get param table from ECT
[    0.438701] parse_ect_cooling_level: (LITTLE, 0)instance isn't valid
[    0.438707] cpu cooling registered for cpu: 0, capacitance: 176, power_callback: true, static_power: false
[    0.438722] exynos_acme: Skipping boot pm_qos domain0
[    0.438772] cpufreq: __target_index: Failed to change cpu frequency: -22
[    0.438780] cpufreq: __target_index: Failed to change cpu frequency: -22
[    0.438804] cpu_cooling 4: freq:2600000 KHz
[    0.438807] cpu_cooling 4: freq:2450000 KHz
[    0.438811] cpu_cooling 4: freq:2367000 KHz
[    0.438814] cpu_cooling 4: freq:2245000 KHz
[    0.438817] cpu_cooling 4: freq:2130000 KHz
[    0.438820] cpu_cooling 4: freq:1945000 KHz
[    0.438823] cpu_cooling 4: freq:1795000 KHz
[    0.438826] cpu_cooling 4: freq:1549000 KHz
[    0.438829] cpu_cooling 4: freq:1418000 KHz
[    0.438832] cpu_cooling 4: freq:1328000 KHz
[    0.438835] cpu_cooling 4: freq:1221000 KHz
[    0.438838] cpu_cooling 4: freq:1065000 KHz
[    0.438841] cpu_cooling 4: freq:910000 KHz
[    0.438844] cpu_cooling 4: freq:787000 KHz
[    0.438846] cpu_cooling 4: freq:648000 KHz
[    0.438849] cpu_cooling 4: freq:578000 KHz
[    0.438852] cpu_cooling 4: freq:357000 KHz
[    0.438857] cpu_cooling 4: freq:2600000 power: 833, mV: 993, cap: 325
[    0.438861] cpu_cooling 4: freq:2450000 power: 699, mV: 937, cap: 325
[    0.438866] cpu_cooling 4: freq:2367000 power: 639, mV: 912, cap: 325
[    0.438870] cpu_cooling 4: freq:2245000 power: 558, mV: 875, cap: 325
[    0.438874] cpu_cooling 4: freq:2130000 power: 500, mV: 850, cap: 325
[    0.438878] cpu_cooling 4: freq:1945000 power: 404, mV: 800, cap: 325
[    0.438882] cpu_cooling 4: freq:1795000 power: 333, mV: 756, cap: 325
[    0.438886] cpu_cooling 4: freq:1549000 power: 246, mV: 700, cap: 325
[    0.438890] cpu_cooling 4: freq:1418000 power: 205, mV: 668, cap: 325
[    0.438893] cpu_cooling 4: freq:1328000 power: 182, mV: 650, cap: 325
[    0.438897] cpu_cooling 4: freq:1221000 power: 161, mV: 637, cap: 325
[    0.438901] cpu_cooling 4: freq:1065000 power: 129, mV: 612, cap: 325
[    0.438905] cpu_cooling 4: freq:910000 power: 101, mV: 587, cap: 325
[    0.438908] cpu_cooling 4: freq:787000 power: 86, mV: 581, cap: 325
[    0.438912] cpu_cooling 4: freq:648000 power: 66, mV: 562, cap: 325
[    0.438916] cpu_cooling 4: freq:578000 power: 58, mV: 556, cap: 325
[    0.438920] cpu_cooling 4: freq:357000 power: 31, mV: 525, cap: 325
[    0.439717] cpu cooling registered for cpu: 4, capacitance: 325, power_callback: true, static_power: true
[    0.439735] exynos_acme: Skipping boot pm_qos domain1
[    0.439775] cpufreq: __target_index: Failed to change cpu frequency: -22
[    0.439784] cpufreq: __target_index: Failed to change cpu frequency: -22
[    0.439806] cpu_cooling 7: freq:3105000 KHz
[    0.439810] cpu_cooling 7: freq:3015000 KHz
[    0.439813] cpu_cooling 7: freq:2970000 KHz
[    0.439815] cpu_cooling 7: freq:2943000 KHz
[    0.439818] cpu_cooling 7: freq:2914000 KHz
[    0.439821] cpu_cooling 7: freq:2802000 KHz
[    0.439824] cpu_cooling 7: freq:2687000 KHz
[    0.439827] cpu_cooling 7: freq:2499000 KHz
[    0.439830] cpu_cooling 7: freq:2363000 KHz
[    0.439833] cpu_cooling 7: freq:2294000 KHz
[    0.439836] cpu_cooling 7: freq:2147000 KHz
[    0.439838] cpu_cooling 7: freq:1999000 KHz
[    0.439841] cpu_cooling 7: freq:1885000 KHz
[    0.439844] cpu_cooling 7: freq:1745000 KHz
[    0.439847] cpu_cooling 7: freq:1557000 KHz
[    0.439849] cpu_cooling 7: freq:1396000 KHz
[    0.439852] cpu_cooling 7: freq:1164000 KHz
[    0.439855] cpu_cooling 7: freq:700000 KHz
[    0.439859] cpu_cooling 7: freq:3105000 power: 2774, mV: 1093, cap: 748
[    0.439863] cpu_cooling 7: freq:3015000 power: 2486, mV: 1050, cap: 748
[    0.439867] cpu_cooling 7: freq:2970000 power: 2416, mV: 1043, cap: 748
[    0.439871] cpu_cooling 7: freq:2943000 power: 2367, mV: 1037, cap: 748
[    0.439875] cpu_cooling 7: freq:2914000 power: 2290, mV: 1025, cap: 748
[    0.439879] cpu_cooling 7: freq:2802000 power: 1992, mV: 975, cap: 748
[    0.439883] cpu_cooling 7: freq:2687000 power: 1742, mV: 931, cap: 748
[    0.439886] cpu_cooling 7: freq:2499000 power: 1431, mV: 875, cap: 748
[    0.439890] cpu_cooling 7: freq:2363000 power: 1238, mV: 837, cap: 748
[    0.439893] cpu_cooling 7: freq:2294000 power: 1148, mV: 818, cap: 748
[    0.439897] cpu_cooling 7: freq:2147000 power: 994, mV: 787, cap: 748
[    0.439901] cpu_cooling 7: freq:1999000 power: 812, mV: 737, cap: 748
[    0.439904] cpu_cooling 7: freq:1885000 power: 726, mV: 718, cap: 748
[    0.439908] cpu_cooling 7: freq:1745000 power: 626, mV: 693, cap: 748
[    0.439912] cpu_cooling 7: freq:1557000 power: 510, mV: 662, cap: 748
[    0.439915] cpu_cooling 7: freq:1396000 power: 415, mV: 631, cap: 748
[    0.439919] cpu_cooling 7: freq:1164000 power: 313, mV: 600, cap: 748
[    0.439923] cpu_cooling 7: freq:700000 power: 161, mV: 556, cap: 748
[    0.440713] cpu cooling registered for cpu: 7, capacitance: 748, power_callback: true, static_power: true
[    0.440728] exynos_acme: Skipping boot pm_qos domain2
[    0.440765] exynos_acme: Initialized Exynos cpufreq driver
[    0.440967] init: Loaded kernel module /lib/modules/exynos-acme.ko
[    0.440988] init: Loading module /lib/modules/pixel_em.ko with args ''
[    0.441029] exynos-devfreq-driver 17000020.devfreq_int: Registered device successfully
[    0.441058] load_integrated_module: module 'pixel_em' not found
[    0.441069] init: Loaded kernel module /lib/modules/pixel_em.ko
[    0.441176] init: Loading module /lib/modules/gvotable.ko with args ''
[    0.441243] exynos-devfreq-driver 17000030.devfreq_intcam: Registered device successfully
[    0.441252] init: Loaded kernel module /lib/modules/gvotable.ko
[    0.441292] init: Loading module /lib/modules/xhci-goog-dma.ko with args ''
[    0.441357] init: Loaded kernel module /lib/modules/xhci-goog-dma.ko
[    0.441442] init: Loading module /lib/modules/dwc3-exynos-usb.ko with args ''
[    0.441526] init: Loaded kernel module /lib/modules/dwc3-exynos-usb.ko
[    0.441538] init: Loading module /lib/modules/exynos-pd.ko with args ''
[    0.441594] init: Loaded kernel module /lib/modules/exynos-pd.ko
[    0.441633] init: Loading module /lib/modules/exynos-pd-dbg.ko with args ''
[    0.441651] exynos-devfreq-driver 17000040.devfreq_disp: Registered device successfully
[    0.441839] exynos-devfreq-driver 17000050.devfreq_cam: Registered device successfully
[    0.441858] exynos_pd: pd-dpub sync_state: children need sync
[    0.442026] exynos-devfreq-driver 17000060.devfreq_tnr: Registered device successfully
[    0.442212] exynos-devfreq-driver 17000070.devfreq_mfc: Registered device successfully
[    0.442326] init: Loaded kernel module /lib/modules/exynos-pd-dbg.ko
[    0.442408] exynos-devfreq-driver 17000080.devfreq_bw: Registered device successfully
[    0.442416] init: Loading module /lib/modules/acpm_flexpmu_dbg.ko with args ''
[    0.442508] exynos-devfreq-driver 170000a0.devfreq_bci: Registered device successfully
[    0.442738] ACPM-FLEXPMU-DBG:  exynos_flexpmu_dbg_probe: FLEXPMU_DBG buffer with size 1024 found
[    0.442746] exynos-devfreq-driver 17000090.devfreq_dsu: Registered device successfully
[    0.442810] init: Loaded kernel module /lib/modules/acpm_flexpmu_dbg.ko
[    0.442822] init: Loading module /lib/modules/exynos-pm.ko with args ''
[    0.443006] exynos-pm 154d0000.exynos-pm: can't request region for resource [mem 0x10400204-0x10400303]
[    0.443016] exynos-pm 154d0000.exynos-pm: drvinit: unable to map gic dist registers, ret=-16
[    0.443108] init: Loaded kernel module /lib/modules/exynos-pm.ko
[    0.443109] exynos-devfreq-driver 17000010.devfreq_mif: Registered device successfully
[    0.443179] init: Loading module /lib/modules/power_stats.ko with args ''
[    0.443995] init: Loaded kernel module /lib/modules/power_stats.ko
[    0.444045] init: Loading module /lib/modules/slc_pt.ko with args ''
[    0.444227] init: Loaded kernel module /lib/modules/slc_pt.ko
[    0.444272] init: Loading module /lib/modules/slc_dummy.ko with args ''
[    0.444519] init: Loaded kernel module /lib/modules/slc_dummy.ko
[    0.444607] init: Loading module /lib/modules/slc_pmon.ko with args ''
[    0.444677] init: Loaded kernel module /lib/modules/slc_pmon.ko
[    0.444690] init: Loading module /lib/modules/slc_acpm.ko with args ''
[    0.444844] google,slc-acpm slc-acpm: channel 10
[    0.448095] google,slc-acpm slc-acpm: found valid acpm firmware 1.8.
[    0.448110] google,slc-acpm slc-acpm: Asynchronous notification enabled
[    0.448226] init: Loaded kernel module /lib/modules/slc_acpm.ko
[    0.448290] init: Loading module /lib/modules/gsa_gsc.ko with args ''
[    0.448797] gsa-gsc 16490000.gsa-ns:gsa_gsc@0: Initiliazed
[    0.448866] init: Loaded kernel module /lib/modules/gsa_gsc.ko
[    0.448929] init: Loading module /lib/modules/exynos-bcm_dbg-dump.ko with args ''
[    0.449000] load_integrated_module: module 'exynos_bcm_dbg_dump' not found
[    0.449015] init: Loaded kernel module /lib/modules/exynos-bcm_dbg-dump.ko
[    0.449063] init: Loading module /lib/modules/gnss_spi.ko with args ''
[    0.449179] SPI driver gnss_spi has no spi_device_id for samsung,gnss-spi
[    0.449224] init: Loaded kernel module /lib/modules/gnss_spi.ko
[    0.449282] init: Loading module /lib/modules/gnssif.ko with args ''
[    0.449655] gif: gnss_probe: Exynos GNSS interface driver probe begins
[    0.449671] gif: gnss_probe: gnssif: +++
[    0.449682] gif: parse_dt_common_pdata: device name: KEPLER node name: gnss_ipc
[    0.449691] gif: gnss_if_parse_dt_pdata: DT parse complete!
[    0.449738] gif: gif_configure_irq: name:kepler_spi_irq_handler num:164 flags:0x00080004
[    0.449765] gif: gif_request_irq: kepler_spi_irq_handler(#164) handler registered (flags:0x00080004)
[    0.449809] gif: create_link_device: +++
[    0.450417] gif: create_link_device: ---
[    0.450435] gif: create_io_device: +++
[    0.450456] gif: init_io_device: +++
[    0.450529] gif: init_io_device: ---
[    0.450537] gif: create_io_device: ---
[    0.450643] gif: gnss_probe: gnssif: ---
[    0.450799] init: Loaded kernel module /lib/modules/gnssif.ko
[    0.450946] init: Loading module /lib/modules/pkvm-s2mpu-v9.ko with args ''
[    0.451223] init: Loaded kernel module /lib/modules/pkvm-s2mpu-v9.ko
[    0.451284] init: Loading module /lib/modules/eh.ko with args ''
[    0.451631] eh: starting probing
[    0.456150] eh: starting probing done
[    0.456558] init: Loaded kernel module /lib/modules/eh.ko
[    0.456757] init: Loading module /lib/modules/gcma.ko with args ''
[    0.457618] init: Loaded kernel module /lib/modules/gcma.ko
[    0.457744] init: Loading module /lib/modules/s3c2410_wdt.ko with args ''
[    0.458763] s3c2410-wdt 10060000.watchdog_cl0: watchdog cluster0 probe
[    0.458779] s3c2410-wdt 10060000.watchdog_cl0: It is not a multistage watchdog.
[    0.459332] s3c2410-wdt 10060000.watchdog_cl0: NONCPU_INT_EN reg val: 32c
[    0.459406] s3c2410-wdt 10060000.watchdog_cl0: probe: mapped reg_base=00000000b46e20da
[    0.459627] s3c2410-wdt 10060000.watchdog_cl0: Watchdog cluster 0 stop done, WTCON = 15718
[    0.459649] s3c2410-wdt 10060000.watchdog_cl0: NONCPU_OUT set true done, val = 33fff10, en= 1
[    0.459662] s3c2410-wdt 10060000.watchdog_cl0: NONCPU_INT_EN set true done, val = 32c, mask = 0
[    0.460018] s3c2410-wdt 10060000.watchdog_cl0: Watchdog cluster 0 stop done, WTCON = 15718
[    0.460035] debug-snapshot dss: Add wdt start, wdt expire, wdt stop functions from platform_probe.lto_priv.0+0x78/0x140
[    0.460087] s3c2410-wdt 10060000.watchdog_cl0: watchdog cluster 0, inactive, reset disabled, irq disabled
[    0.460098] s3c2410-wdt 10060000.watchdog_cl0: DBGACK enabled
[    0.460108] s3c2410-wdt 10060000.watchdog_cl0: windowed watchdog disabled, wtmincnt=1ff5e
[    0.460119] Multistage watchdog disabled
[    0.460188] s3c2410-wdt 10070000.watchdog_cl1: watchdog cluster1 probe
[    0.460212] s3c2410-wdt 10070000.watchdog_cl1: NONCPU_INT_EN reg val: 1
[    0.460245] s3c2410-wdt 10070000.watchdog_cl1: probe: mapped reg_base=00000000f08ced97
[    0.460299] s3c2410-wdt 10070000.watchdog_cl1: Watchdog cluster 1 stop done, WTCON = 15700
[    0.460316] s3c2410-wdt 10070000.watchdog_cl1: NONCPU_OUT set true done, val = 10, en= 1
[    0.460334] s3c2410-wdt 10070000.watchdog_cl1: Watchdog cluster 1 stop done, WTCON = 15700
[    0.460346] s3c2410-wdt 10070000.watchdog_cl1: watchdog cluster 1, inactive, reset disabled, irq disabled
[    0.460356] s3c2410-wdt 10070000.watchdog_cl1: DBGACK enabled
[    0.460366] s3c2410-wdt 10070000.watchdog_cl1: windowed watchdog disabled, wtmincnt=1ff5e
[    0.460372] Multistage watchdog enabled
[    0.460622] init: Loaded kernel module /lib/modules/s3c2410_wdt.ko
[    0.460655] init: Loading module /lib/modules/hardlockup-debug.ko with args ''
[    0.460948] hardlockup-debug-driver hardlockup-debugger: success to register all-core lockup detector - ret: 0
[    0.460971] hardlockup-debug-driver hardlockup-debugger: Initialized hardlockup debug dump successfully.
[    0.461232] init: Loaded kernel module /lib/modules/hardlockup-debug.ko
[    0.461308] init: Loading module /lib/modules/pixel_stat_sysfs.ko with args ''
[    0.461379] load_integrated_module: module 'pixel_stat_sysfs' not found
[    0.461392] init: Loaded kernel module /lib/modules/pixel_stat_sysfs.ko
[    0.461447] init: Loading module /lib/modules/pixel_stat_mm.ko with args ''
[    0.461540] load_integrated_module: module 'pixel_stat_mm' not found
[    0.461554] init: Loaded kernel module /lib/modules/pixel_stat_mm.ko
[    0.461607] init: Loading module /lib/modules/perf_trace_counters.ko with args ''
[    0.461657] load_integrated_module: module 'perf_trace_counters' not found
[    0.461669] init: Loaded kernel module /lib/modules/perf_trace_counters.ko
[    0.461720] init: Loading module /lib/modules/google_modemctl.ko with args ''
[    0.461794] init: Loaded kernel module /lib/modules/google_modemctl.ko
[    0.461843] init: Loading module /lib/modules/pmic_class.ko with args ''
[    0.461960] init: Loaded kernel module /lib/modules/pmic_class.ko
[    0.462062] init: Loading module /lib/modules/s2mpg15-mfd.ko with args ''
[    0.462182] init: Loaded kernel module /lib/modules/s2mpg15-mfd.ko
[    0.462240] init: Loading module /lib/modules/s2mpg14-mfd.ko with args ''
[    0.462333] init: Loaded kernel module /lib/modules/s2mpg14-mfd.ko
[    0.462349] init: Loading module /lib/modules/s2mpg14-regulator.ko with args ''
[    0.462519] init: Loaded kernel module /lib/modules/s2mpg14-regulator.ko
[    0.462582] init: Loading module /lib/modules/s2mpg14-powermeter.ko with args ''
[    0.462727] init: Loaded kernel module /lib/modules/s2mpg14-powermeter.ko
[    0.462788] init: Loading module /lib/modules/s2mpg15-regulator.ko with args ''
[    0.462940] init: Loaded kernel module /lib/modules/s2mpg15-regulator.ko
[    0.463028] init: Loading module /lib/modules/s2mpg15-powermeter.ko with args ''
[    0.463169] init: Loaded kernel module /lib/modules/s2mpg15-powermeter.ko
[    0.463219] init: Loading module /lib/modules/slg51002-regulator.ko with args ''
[    0.463369] init: Loaded kernel module /lib/modules/slg51002-regulator.ko
[    0.463431] init: Loading module /lib/modules/exynos_tty.ko with args ''
[    0.463716] exynos-uart 155d0000.serial: set usi mode - 0x1
[    0.463767] exynos-uart 155d0000.serial: error -6: IRQ index 1 not found
[    0.463778] exynos-uart 155d0000.serial: No explicit src-clk. Use default src-clk
[    0.463821] 155d0000.serial: ttySAC18 at MMIO 0x155d0000 (irq = 169, base_baud = 0) is a S3C6400/10
[    0.464007] exynos-uart 155d0000.serial: probe: logbuffer get failed
[    0.464110] exynos-uart 10870000.uart: usi offset is not specified
[    0.464116] exynos-uart 10870000.uart: no lookup for usi-phandle.
[    0.464151] exynos-uart 10870000.uart: error -6: IRQ index 1 not found
[    0.464157] exynos-uart 10870000.uart: No explicit src-clk. Use default src-clk
[    0.464180] 10870000.uart: ttySAC0 at MMIO 0x10870000 (irq = 170, base_baud = 0) is a S3C6400/10
[    0.464381] init: Loaded kernel module /lib/modules/exynos_tty.ko
[    0.464437] init: Loading module /lib/modules/samsung-iommu-group.ko with args ''
[    0.465225] init: Loaded kernel module /lib/modules/samsung-iommu-group.ko
[    0.465273] init: Loading module /lib/modules/samsung-secure-iova.ko with args ''
[    0.465362] init: Loaded kernel module /lib/modules/samsung-secure-iova.ko
[    0.465404] init: Loading module /lib/modules/iovad-vendor-hooks.ko with args ''
[    0.466117] init: Loaded kernel module /lib/modules/iovad-vendor-hooks.ko
[    0.466167] init: Loading module /lib/modules/samsung_iommu_v9.ko with args ''
[    0.468616] samsung-sysmmu-v9 1a640000.sysmmu: initialized IOMMU. Ver 9.0.0, no gate clock
[    0.470689] samsung-sysmmu-v9 1a870000.sysmmu: initialized IOMMU. Ver 9.0.0, no gate clock
[    0.473213] samsung-sysmmu-v9 19840000.sysmmu: initialized IOMMU. Ver 9.0.0, no gate clock
[    0.475412] samsung-sysmmu-v9 19c40000.sysmmu: initialized IOMMU. Ver 9.0.0, no gate clock
[    0.477577] samsung-sysmmu-v9 1c110000.sysmmu: initialized IOMMU. Ver 9.0.0, no gate clock
[    0.479676] samsung-sysmmu-v9 1c150000.sysmmu: initialized IOMMU. Ver 9.0.0, no gate clock
[    0.481816] samsung-sysmmu-v9 1c190000.sysmmu: initialized IOMMU. Ver 9.0.0, no gate clock
[    0.481846] exynos_pd: pd-ispfe sync_state: turn_off = 1
[    0.484321] samsung-sysmmu-v9 1d870000.sysmmu: initialized IOMMU. Ver 9.0.0, no gate clock
[    0.486500] samsung-sysmmu-v9 1a340000.sysmmu: initialized IOMMU. Ver 9.0.0, no gate clock
[    0.486521] exynos_pd: pd-tpu sync_state: turn_off = 1
[    0.488956] samsung-sysmmu-v9 1c870000.sysmmu: initialized IOMMU. Ver 9.0.0, no gate clock
[    0.491188] samsung-sysmmu-v9 1cc80000.sysmmu: initialized IOMMU. Ver 9.0.0, no gate clock
[    0.493480] samsung-sysmmu-v9 1ccc0000.sysmmu: initialized IOMMU. Ver 9.0.0, no gate clock
[    0.495799] samsung-sysmmu-v9 1cd00000.sysmmu: initialized IOMMU. Ver 9.0.0, no gate clock
[    0.497906] samsung-sysmmu-v9 1c4a0000.sysmmu: initialized IOMMU. Ver 9.0.0, no gate clock
[    0.500036] samsung-sysmmu-v9 1c4e0000.sysmmu: initialized IOMMU. Ver 9.0.0, no gate clock
[    0.500487] samsung-sysmmu-v9 101c0000.sysmmu: initialized IOMMU. Ver 9.0.0, no gate clock
[    0.502652] samsung-sysmmu-v9 1a470000.sysmmu: initialized IOMMU. Ver 9.0.0, no gate clock
[    0.502676] exynos_pd: pd-mfc sync_state: turn_off = 1
[    0.504956] samsung-sysmmu-v9 1d0a0000.sysmmu: initialized IOMMU. Ver 9.0.0, no gate clock
[    0.505435] samsung-sysmmu-v9 11040000.sysmmu: initialized IOMMU. Ver 9.0.0, no gate clock
[    0.505927] samsung-sysmmu-v9 16440000.sysmmu: initialized IOMMU. Ver 9.0.0, no gate clock
[    0.508434] samsung-sysmmu-v9 1d4c0000.sysmmu: initialized IOMMU. Ver 9.0.0, no gate clock
[    0.508927] samsung-sysmmu-v9 16c40000.sysmmu: initialized IOMMU. Ver 9.0.0, no gate clock
[    0.508949] exynos_pd: pd-eh sync_state: turn_off = 0
[    0.511315] samsung-sysmmu-v9 20a50000.sysmmu: initialized IOMMU. Ver 9.0.0, no gate clock
[    0.511335] exynos_pd: pd-aur sync_state: turn_off = 1
[    0.512244] samsung-sysmmu-v9 19090000.sysmmu: initialized IOMMU. Ver 9.0.0, no gate clock
[    0.512545] init: Loaded kernel module /lib/modules/samsung_iommu_v9.ko
[    0.512794] init: Loading module /lib/modules/bts.ko with args ''
[    0.513329] exynos-bts exynos-bts: failed to get address_to_resource
[    0.513343] exynos-bts exynos-bts: failed to get address_to_resource
[    0.513352] exynos-bts exynos-bts: failed to get address_to_resource
[    0.513361] exynos-bts exynos-bts: failed to get address_to_resource
[    0.515478] exynos-bts exynos-bts: exynos_bts_debugfs_init failed
[    0.515488] bts_probe successfully done.
[    0.515748] init: Loaded kernel module /lib/modules/bts.ko
[    0.515861] init: Loading module /lib/modules/exynos_devfreq.ko with args ''
[    0.516044] load_integrated_module: module 'exynos_devfreq' not found
[    0.516064] init: Loaded kernel module /lib/modules/exynos_devfreq.ko
[    0.516083] init: Loading module /lib/modules/g2d.ko with args ''
[    0.516584] exynos-g2d 1a840000.g2d: has sysmmu 1a870000.sysmmu (total count:1)
[    0.516661] exynos-g2d 1a840000.g2d: Adding to iommu group 0
[    0.516775] exynos-g2d 1a840000.g2d: SysMMU not powered on
[    0.516785] exynos-g2d 1a840000.g2d: attached with pgtable 0x0000000086b80000
[    0.519807] exynos-g2d 1a840000.g2d: Probed FIMG2D version 0xa0020004
[    0.519944] init: Loaded kernel module /lib/modules/g2d.ko
[    0.520007] init: Loading module /lib/modules/s5910.ko with args ''
[    0.520128] init: Loaded kernel module /lib/modules/s5910.ko
[    0.520177] init: Loading module /lib/modules/sscoredump.ko with args ''
[    0.520246] load_integrated_module: module 'sscoredump' not found
[    0.520258] init: Loaded kernel module /lib/modules/sscoredump.ko
[    0.520307] init: Loading module /lib/modules/s2mpg1415-gpio.ko with args ''
[    0.520499] init: Loaded kernel module /lib/modules/s2mpg1415-gpio.ko
[    0.520549] init: Loading module /lib/modules/slg51002-core.ko with args ''
[    0.520641] init: Loaded kernel module /lib/modules/slg51002-core.ko
[    0.520696] init: Loading module /lib/modules/samsung_dma_heap.ko with args ''
[    0.520972] samsung,dma-heap-chunk trusty:video_stream_dma_heap: assigned reserved memory node vstream
[    0.521025] Registered vstream-secure dma-heap successfully
[    0.521114] samsung,dma-heap-chunk trusty:video_frame_dma_heap: assigned reserved memory node vframe
[    0.521142] Registered vframe-secure dma-heap successfully
[    0.521191] samsung,dma-heap-chunk trusty:video_scaler_dma_heap: assigned reserved memory node vscaler
[    0.521224] Registered vscaler-secure dma-heap successfully
[    0.521444] samsung,dma-heap-cma trusty:faceauth_preview_heap: assigned reserved memory node faprev
[    0.521471] Registered faprev-secure dma-heap successfully
[    0.521721] Registered mfc_fw-secure dma-heap successfully
[    0.522551] gcma: Reserved memory: created GCMA memory pool at 0x00000009f4d00000, size 75 MiB for famodel
[    0.522617] Registered famodel-secure dma-heap successfully
[    0.522992] gcma: Reserved memory: created GCMA memory pool at 0x00000000fe3f0000, size 24 MiB for tui
[    0.523034] Registered tui-secure dma-heap successfully
[    0.523334] gcma: Reserved memory: created GCMA memory pool at 0x00000009f9800000, size 32 MiB for faceauth_dsp
[    0.523374] Registered faceauth_dsp-secure dma-heap successfully
[    0.523572] gcma: Reserved memory: created GCMA memory pool at 0x00000009ced00000, size 16 MiB for faceauth_tpu
[    0.523611] Registered faceauth_tpu-secure dma-heap successfully
[    0.524213] gcma: Reserved memory: created GCMA memory pool at 0x00000009cfd00000, size 80 MiB for farawimg
[    0.524254] Registered farawimg-secure dma-heap successfully
[    0.524417] Registered system dma-heap successfully
[    0.524443] Registered system-uncached dma-heap successfully
[    0.524490] Registered video_system dma-heap successfully
[    0.524520] Registered video_system-uncached dma-heap successfully
[    0.524738] init: Loaded kernel module /lib/modules/samsung_dma_heap.ko
[    0.524881] init: Loading module /lib/modules/ufs-pixel-fips140.ko with args 'fips_first_lba=151942 fips_last_lba=152453 fips_lu=0 use_hw_keys=true'
[    0.524992] load_integrated_module: module 'ufs_pixel_fips140' not found
