[    0.000000] Booting Linux on physical CPU 0x0000000000 [0x410fd801]
[    0.000000] Linux version 6.1.145-Sultan-Wild+ (runner@runnervm0kj6c) (aarch64-linux-gcc (GCC) 14.2.0, GNU ld (GNU Binutils) 2.42) #1 SMP PREEMPT Sat Mar  7 12:13:21 UTC 2026
[    0.000000] Machine model: ZUMA PRO TOKAY MP board based on ZUMA PRO
[    0.000000] Reserved memory: created CMA memory pool at 0x00000009fb800000, size 72 MiB
[    0.000000] OF: reserved mem: initialized node vstream, compatible id shared-dma-pool
[    0.000000] OF: reserved mem: 0x00000009fb800000..0x00000009ffffffff (73728 KiB) map reusable vstream
[    0.000000] OF: reserved mem: 0x00000000ffe00000..0x00000000ffffffff (2048 KiB) map non-reusable dpado-rmem
[    0.000000] OF: reserved mem: 0x00000009f9800000..0x00000009fb7fffff (32768 KiB) map non-reusable faceauth_dsp
[    0.000000] OF: reserved mem: 0x00000009f4d00000..0x00000009f97fffff (76800 KiB) map non-reusable famodel
[    0.000000] OF: reserved mem: 0x00000000ffbf0000..0x00000000ffdfffff (2112 KiB) map non-reusable mfc_fw
[    0.000000] Reserved memory: created CMA memory pool at 0x00000009d4d00000, size 512 MiB
[    0.000000] OF: reserved mem: initialized node vframe, compatible id shared-dma-pool
[    0.000000] OF: reserved mem: 0x00000009d4d00000..0x00000009f4cfffff (524288 KiB) map reusable vframe
[    0.000000] OF: reserved mem: 0x00000009cfd00000..0x00000009d4cfffff (81920 KiB) map non-reusable farawimg
[    0.000000] OF: reserved mem: 0x00000000fe3f0000..0x00000000ffbeffff (24576 KiB) map non-reusable tui
[    0.000000] OF: reserved mem: 0x00000009ced00000..0x00000009cfcfffff (16384 KiB) map non-reusable faceauth_tpu
[    0.000000] Reserved memory: created CMA memory pool at 0x00000009cb900000, size 52 MiB
[    0.000000] OF: reserved mem: initialized node vscaler, compatible id shared-dma-pool
[    0.000000] OF: reserved mem: 0x00000009cb900000..0x00000009cecfffff (53248 KiB) map reusable vscaler
[    0.000000] Reserved memory: created CMA memory pool at 0x00000009cad00000, size 12 MiB
[    0.000000] OF: reserved mem: initialized node faprev, compatible id shared-dma-pool
[    0.000000] OF: reserved mem: 0x00000009cad00000..0x00000009cb8fffff (12288 KiB) map reusable faprev
[    0.000000] OF: reserved mem: 0x0000000017bb5000..0x0000000017bbffff (44 KiB) nomap non-reusable xhci_dma_buffer@17BB5000
[    0.000000] OF: reserved mem: 0x0000000017bc0000..0x0000000017bfffff (256 KiB) nomap non-reusable xhci_dma@17BC0000
[    0.000000] OF: reserved mem: 0x00000000197fd000..0x00000000197fffff (12 KiB) map non-reusable cp_aoc_rmem
[    0.000000] OF: reserved mem: initialized node pkvm_guest_firmware, compatible id linux,pkvm-guest-firmware-memory
[    0.000000] OF: reserved mem: 0x000000008b000000..0x000000008b0c3fff (784 KiB) nomap non-reusable pkvm_guest_firmware
[    0.000000] OF: reserved mem: 0x0000000090000000..0x000000009005ffff (384 KiB) map non-reusable ect_binary
[    0.000000] OF: reserved mem: 0x0000000090200000..0x00000000905fefff (4092 KiB) nomap non-reusable gsa@90200000
[    0.000000] OF: reserved mem: 0x00000000905ff000..0x00000000905fffff (4 KiB) nomap non-reusable gsa@905FF000
[    0.000000] OF: reserved mem: 0x0000000091300000..0x000000009135ffff (384 KiB) nomap non-reusable gxp_scratchpad@91300000
[    0.000000] OF: reserved mem: 0x0000000091360000..0x000000009137ffff (128 KiB) nomap non-reusable iif_wait_table@91360000
[    0.000000] OF: reserved mem: 0x0000000091380000..0x000000009139ffff (128 KiB) nomap non-reusable iif_signal_table@91380000
[    0.000000] OF: reserved mem: 0x0000000091400000..0x0000000091cfffff (9216 KiB) nomap non-reusable gxp_secure_data@91400000
[    0.000000] OF: reserved mem: 0x0000000091d00000..0x0000000091ffffff (3072 KiB) nomap non-reusable gxp_fw@91D00000
[    0.000000] OF: reserved mem: 0x0000000092000000..0x00000000923fffff (4096 KiB) nomap non-reusable gxp_mcu_fw@92000000
[    0.000000] OF: reserved mem: 0x0000000092e00000..0x0000000093ffffff (18432 KiB) nomap non-reusable tpu_fw@92e00000
[    0.000000] OF: reserved mem: 0x0000000094000000..0x0000000096ffffff (49152 KiB) nomap non-reusable aoc@94000000
[    0.000000] OF: reserved mem: 0x0000000097000000..0x00000000973fffff (4096 KiB) nomap non-reusable xhci_dma_dram@97000000
[    0.000000] OF: reserved mem: 0x00000000b6200000..0x00000000bfffffff (161792 KiB) nomap non-reusable sec_dram
[    0.000000] OF: reserved mem: 0x00000000c3000000..0x00000000c307ffff (512 KiB) map non-reusable seclog_mem
[    0.000000] OF: reserved mem: 0x00000000d8100000..0x00000000d810ffff (64 KiB) nomap non-reusable header
[    0.000000] OF: reserved mem: 0x00000000d8110000..0x00000000d880ffff (7168 KiB) nomap non-reusable log_kevents
[    0.000000] OF: reserved mem: 0x00000000d8810000..0x00000000da00ffff (24576 KiB) nomap non-reusable log_s2d
[    0.000000] OF: reserved mem: 0x00000000da010000..0x00000000daa0ffff (10240 KiB) nomap non-reusable log_array_reset
[    0.000000] OF: reserved mem: 0x00000000dda10000..0x00000000dda1ffff (64 KiB) nomap non-reusable log_itmon
[    0.000000] OF: reserved mem: 0x00000000dda20000..0x00000000de01ffff (6144 KiB) nomap non-reusable log_s2d_extract
[    0.000000] OF: reserved mem: 0x00000000e0000000..0x00000000e37fffff (57344 KiB) nomap non-reusable sec_pt
[    0.000000] OF: reserved mem: 0x00000000e8000000..0x00000000e9ffffff (32768 KiB) map non-reusable cp_rmem_1
[    0.000000] OF: reserved mem: 0x00000000ea400000..0x00000000eaffffff (12288 KiB) map non-reusable cp_rmem
[    0.000000] OF: reserved mem: 0x00000000f6200000..0x00000000f6200fff (4 KiB) map non-reusable cp_msi_rmem
[    0.000000] OF: reserved mem: 0x00000000f8800000..0x00000000f97fffff (16384 KiB) nomap non-reusable abl@f8800000
[    0.000000] OF: reserved mem: 0x00000000fd3f0000..0x00000000fd3fdfff (56 KiB) nomap non-reusable dss_log_reserved@fd3f0000
[    0.000000] OF: reserved mem: 0x00000000fd3fe000..0x00000000fd3fefff (4 KiB) nomap non-reusable debug_kinfo_reserved@fd3fe000
[    0.000000] OF: reserved mem: 0x00000000fd3ff000..0x00000000fd7fefff (4096 KiB) map non-reusable ramoops_mem@fd3ff000
[    0.000000] OF: reserved mem: 0x00000000fd800000..0x00000000fd8fffff (1024 KiB) nomap non-reusable bldr_log_reserved@fd800000
[    0.000000] kvm [0]: Reserved 66 MiB at 0xafba00000
[    0.000000] Zone ranges:
[    0.000000] Normal   [mem 0x0000000080000000-0x0000000affffffff]
[    0.000000] Movable zone start for each node
[    0.000000] Early memory node ranges
[    0.000000] node   0: [mem 0x0000000080000000-0x000000008affffff]
[    0.000000] node   0: [mem 0x000000008b000000-0x000000008b0c3fff]
[    0.000000] node   0: [mem 0x000000008b0c4000-0x00000000901fffff]
[    0.000000] node   0: [mem 0x0000000090200000-0x00000000905fffff]
[    0.000000] node   0: [mem 0x0000000090600000-0x00000000912fffff]
[    0.000000] node   0: [mem 0x0000000091300000-0x000000009139ffff]
[    0.000000] node   0: [mem 0x00000000913a0000-0x00000000913fffff]
[    0.000000] node   0: [mem 0x0000000091400000-0x00000000923fffff]
[    0.000000] node   0: [mem 0x0000000092400000-0x0000000092dfffff]
[    0.000000] node   0: [mem 0x0000000092e00000-0x00000000973fffff]
[    0.000000] node   0: [mem 0x0000000097400000-0x00000000b61fffff]
[    0.000000] node   0: [mem 0x00000000b6200000-0x00000000bfffffff]
[    0.000000] node   0: [mem 0x00000000c0000000-0x00000000d80fffff]
[    0.000000] node   0: [mem 0x00000000d8100000-0x00000000daa0ffff]
[    0.000000] node   0: [mem 0x00000000daa10000-0x00000000dda0ffff]
[    0.000000] node   0: [mem 0x00000000dda10000-0x00000000de01ffff]
[    0.000000] node   0: [mem 0x00000000de020000-0x00000000dfffffff]
[    0.000000] node   0: [mem 0x00000000e0000000-0x00000000e37fffff]
[    0.000000] node   0: [mem 0x00000000e3800000-0x00000000f87fffff]
[    0.000000] node   0: [mem 0x00000000f8800000-0x00000000f97fffff]
[    0.000000] node   0: [mem 0x00000000f9800000-0x00000000fd3effff]
[    0.000000] node   0: [mem 0x00000000fd3f0000-0x00000000fd3fefff]
[    0.000000] node   0: [mem 0x00000000fd3ff000-0x00000000fd7fffff]
[    0.000000] node   0: [mem 0x00000000fd800000-0x00000000fd8fffff]
[    0.000000] node   0: [mem 0x00000000fd900000-0x00000000ffffffff]
[    0.000000] node   0: [mem 0x0000000880000000-0x0000000affffffff]
[    0.000000] Initmem setup node 0 [mem 0x0000000080000000-0x0000000affffffff]
[    0.000000] cma: Reserved 16 MiB at 0x0000000880000000
[    0.000000] psci: probing for conduit method from DT.
[    0.000000] psci: PSCIv1.1 detected in firmware.
[    0.000000] psci: Using standard PSCI v0.2 function IDs
[    0.000000] psci: MIGRATE_INFO_TYPE not supported.
[    0.000000] psci: SMC Calling Convention v1.2
[    0.000000] Load bootconfig: 3981 bytes 135 nodes
[    0.000000] percpu: Embedded 26 pages/cpu s73888 r0 d32608 u106496
[    0.000000] pcpu-alloc: s73888 r0 d32608 u106496 alloc=26*4096
[    0.000000] pcpu-alloc: [0] 0 [0] 1 [0] 2 [0] 3 [0] 4 [0] 5 [0] 6 [0] 7 
[    0.000000] Detected PIPT I-cache on CPU0
[    0.000000] CPU features: SYS_ID_AA64MMFR1_EL1[11:8]: forced to 0
[    0.000000] CPU features: SYS_ID_AA64PFR1_EL1[11:8]: forced to 0
[    0.000000] CPU features: detected: Address authentication (architected QARMA3 algorithm)
[    0.000000] CPU features: detected: GIC system register CPU interface
[    0.000000] CPU features: detected: Hardware dirty bit management
[    0.000000] CPU features: detected: Spectre-v4
[    0.000000] CPU features: kernel page table isolation disabled by kernel configuration
[    0.000000] CPU features: detected: ARM erratum 2966298
[    0.000000] alternatives: applying boot alternatives
[    0.000000] Built 1 zonelists, mobility grouping on.  Total pages: 3096576
[    0.000000] Kernel command line: console=ttynull stack_depot_disable=on cgroup_disable=pressure kasan.page_alloc.sample=10 kasan.stacktrace=off kvm-arm.mode=protected bootconfig ioremap_guard root=/dev/ram0 rw clocksource=arch_sys_counter clk_ignore_unused loop.max_part=7 loop.hw_queue_depth=31 coherent_pool=4M firmware_class.path=/vendor/firmware irqaffinity=0 sysrq_always_enabled no_console_suspend softlockup_panic=1 kasan_multi_shot kvm-arm.protected_modules=exynos-pd,pkvm_s2mpu-v9 dyndbg="func alloc_contig_dump_pages +p" printk.devkmsg=on cma_sysfs.experimental=Y cgroup.memory=nokmem rcupdate.rcu_expedited=1 rcu_nocbs=all rcutree.enable_rcu_lazy swiotlb=noforce disable_dma32=on sysctl.kernel.sched_pelt_multiplier=4 kasan=off at24.write_timeout=100 log_buf_len=1024K bootconfig console=null exynos_drm.panel_name=google-tk4b.2504a080 tcpci_max77759.conf_sbu=0 arm64.nomte ufs_pixel_fips140.fips_first_lba=151942 ufs_pixel_fips140.fips_last_lba=152453 ufs_pixel_fips140.fips_lu=0 ufs_pixel
[    0.000000] sysrq: sysrq always enabled.
[    0.000000] Unknown kernel command line parameters "kasan_multi_shot stack_depot_disable=on softlockup_panic=1 dyndbg=func alloc_contig_dump_pages +p kasan=off", will be passed to user space.
[    0.000000] random: crng init done
[    0.000000] printk: log_buf_len: 1048576 bytes
[    0.000000] printk: early log buf free: 120624(92%)
[    0.000000] Dentry cache hash table entries: 2097152 (order: 12, 16777216 bytes, linear)
[    0.000000] Inode-cache hash table entries: 1048576 (order: 11, 8388608 bytes, linear)
[    0.000000] mem auto-init: stack:all(zero), heap alloc:on, heap free:off
[    0.000000] Memory: 10877312K/12582912K available (20288K kernel code, 3066K rwdata, 5184K rodata, 2496K init, 985K bss, 1025664K reserved, 679936K cma-reserved)
[    0.000000] SLUB: HWalign=64, Order=0-3, MinObjects=0, CPUs=8, Nodes=1
[    0.000000] rcu: Preemptible hierarchical RCU implementation.
[    0.000000] 	All grace periods are expedited (rcu_expedited).
[    0.000000] 	Trampoline variant of Tasks RCU enabled.
[    0.000000] 	Tracing variant of Tasks RCU enabled.
[    0.000000] rcu: RCU calculated value of scheduler-enlistment delay is 25 jiffies.
[    0.000000] NR_IRQS: 64, nr_irqs: 64, preallocated irqs: 0
[    0.000000] GICv3: GIC: Using split EOI/Deactivate mode
[    0.000000] GICv3: 960 SPIs implemented
[    0.000000] GICv3: 0 Extended SPIs implemented
[    0.000000] Root IRQ handler: gic_handle_irq.lto_priv.1
[    0.000000] GICv3: GICv3 features: 16 PPIs
[    0.000000] GICv3: CPU0: found redistributor 0 region 0:0x0000000010440000
[    0.000000] GICv3: GIC: PPI partition interrupt-partition-0[0] { /cpus/cpu@0[0] /cpus/cpu@100[1] /cpus/cpu@200[2] /cpus/cpu@300[3] /cpus/cpu@400[4] /cpus/cpu@500[5] /cpus/cpu@600[6] }
[    0.000000] GICv3: GIC: PPI partition interrupt-partition-1[1] { /cpus/cpu@700[7] }
[    0.000000] rcu: 	Offload RCU callbacks from CPUs: 0-7.
[    0.000000] rcu: srcu_init: Setting srcu_struct sizes based on contention.
[    0.000000] arch_timer: cp15 timer(s) running at 24.57MHz (phys).
[    0.000000] clocksource: arch_sys_counter: mask: 0xffffffffffffff max_cycles: 0x5ab00a189, max_idle_ns: 440795202599 ns
[    0.000001] sched_clock: 56 bits at 25MHz, resolution 40ns, wraps every 4398046511099ns
[    0.000322] Calibrating delay loop (skipped), value calculated using timer frequency.. 49.15 BogoMIPS (lpj=98304)
[    0.000332] pid_max: default: 32768 minimum: 301
[    0.000355] LSM: Security Framework initializing
[    0.000388] SELinux:  Initializing.
[    0.000448] Mount-cache hash table entries: 32768 (order: 6, 262144 bytes, linear)
[    0.000465] Mountpoint-cache hash table entries: 32768 (order: 6, 262144 bytes, linear)
[    0.001311] cacheinfo: Unable to detect cache hierarchy for CPU 0
[    0.001509] cblist_init_generic: Setting adjustable number of callback queues.
[    0.001512] cblist_init_generic: Setting shift to 3 and lim to 1.
[    0.001539] cblist_init_generic: Setting adjustable number of callback queues.
[    0.001541] cblist_init_generic: Setting shift to 3 and lim to 1.
[    0.001590] rcu: Hierarchical SRCU implementation.
[    0.001592] rcu: 	Max phase no-delay instances is 1000.
[    0.002594] smp: Bringing up secondary CPUs ...
[    0.003101] Detected PIPT I-cache on CPU1
[    0.003164] cacheinfo: Unable to detect cache hierarchy for CPU 1
[    0.003174] GICv3: CPU1: found redistributor 100 region 0:0x0000000010460000
[    0.003206] CPU1: Booted secondary processor 0x0000000100 [0x410fd801]
[    0.003794] Detected PIPT I-cache on CPU2
[    0.003863] cacheinfo: Unable to detect cache hierarchy for CPU 2
[    0.003871] GICv3: CPU2: found redistributor 200 region 0:0x0000000010480000
[    0.003895] CPU2: Booted secondary processor 0x0000000200 [0x410fd801]
[    0.004407] Detected PIPT I-cache on CPU3
[    0.004447] cacheinfo: Unable to detect cache hierarchy for CPU 3
[    0.004455] GICv3: CPU3: found redistributor 300 region 0:0x00000000104a0000
[    0.004474] CPU3: Booted secondary processor 0x0000000300 [0x410fd801]
[    0.004989] CPU features: detected: Spectre-BHB
[    0.004996] CPU features: detected: SSBS not fully self-synchronizing
[    0.004997] Detected PIPT I-cache on CPU4
[    0.005002] CPU features: SANITY CHECK: Unexpected variation in SYS_ID_AA64MMFR1_EL1. Boot CPU: 0x1001111011312122, CPU4: 0x1001111010312122
[    0.005008] CPU features: Unsupported CPU feature variation detected.
[    0.005052] cacheinfo: Unable to detect cache hierarchy for CPU 4
[    0.005062] GICv3: CPU4: found redistributor 400 region 0:0x00000000104c0000
[    0.005083] CPU4: Booted secondary processor 0x0000000400 [0x410fd811]
[    0.005584] Detected PIPT I-cache on CPU5
[    0.005592] CPU features: SANITY CHECK: Unexpected variation in SYS_ID_AA64MMFR1_EL1. Boot CPU: 0x1001111011312122, CPU5: 0x1001111010312122
[    0.005646] cacheinfo: Unable to detect cache hierarchy for CPU 5
[    0.005655] GICv3: CPU5: found redistributor 500 region 0:0x00000000104e0000
[    0.005676] CPU5: Booted secondary processor 0x0000000500 [0x410fd811]
[    0.006230] Detected PIPT I-cache on CPU6
[    0.006238] CPU features: SANITY CHECK: Unexpected variation in SYS_ID_AA64MMFR1_EL1. Boot CPU: 0x1001111011312122, CPU6: 0x1001111010312122
[    0.006291] cacheinfo: Unable to detect cache hierarchy for CPU 6
[    0.006302] GICv3: CPU6: found redistributor 600 region 0:0x0000000010500000
[    0.006324] CPU6: Booted secondary processor 0x0000000600 [0x410fd811]
[    0.006955] Detected PIPT I-cache on CPU7
[    0.006962] CPU features: SANITY CHECK: Unexpected variation in SYS_ID_AA64MMFR1_EL1. Boot CPU: 0x1001111011312122, CPU7: 0x1001111010312122
[    0.007011] cacheinfo: Unable to detect cache hierarchy for CPU 7
[    0.007021] GICv3: CPU7: found redistributor 700 region 0:0x0000000010520000
[    0.007040] CPU7: Booted secondary processor 0x0000000700 [0x410fd821]
[    0.007080] smp: Brought up 1 node, 8 CPUs
[    0.007085] SMP: Total of 8 processors activated.
[    0.007088] CPU features: detected: Branch Target Identification
[    0.007090] CPU features: detected: ARMv8.4 Translation Table Level
[    0.007092] CPU features: detected: Data cache clean to the PoU not required for I/D coherence
[    0.007095] CPU features: detected: Common not Private translations
[    0.007096] CPU features: detected: CRC32 instructions
[    0.007098] CPU features: detected: E0PD
[    0.007099] CPU features: detected: Enhanced Counter Virtualization
[    0.007101] CPU features: detected: Enhanced Privileged Access Never
[    0.007103] CPU features: detected: Generic authentication (architected QARMA3 algorithm)
[    0.007105] CPU features: detected: RCpc load-acquire (LDAPR)
[    0.007107] CPU features: detected: LSE atomic instructions
[    0.007109] CPU features: detected: Privileged Access Never
[    0.007111] CPU features: detected: RAS Extension Support
[    0.007112] CPU features: detected: Speculation barrier (SB)
[    0.007113] CPU features: detected: Stage-2 Force Write-Back
[    0.007115] CPU features: detected: TLB range maintenance instructions
[    0.007117] CPU features: detected: WFx with timeout
[    0.007118] CPU features: detected: Protected KVM
[    0.007121] CPU features: detected: Speculative Store Bypassing Safe (SSBS)
[    0.007122] CPU features: detected: Scalable Vector Extension
[    0.007146] CPU features: detected CPU7: Activity Monitors Unit (AMU)
[    0.007147] CPU features: detected CPU0: Activity Monitors Unit (AMU)
[    0.007147] CPU features: detected CPU6: Activity Monitors Unit (AMU)
[    0.007147] CPU features: detected CPU5: Activity Monitors Unit (AMU)
[    0.007147] CPU features: detected CPU3: Activity Monitors Unit (AMU)
[    0.007147] CPU features: detected CPU2: Activity Monitors Unit (AMU)
[    0.007147] CPU features: detected CPU1: Activity Monitors Unit (AMU)
[    0.007147] CPU features: detected CPU4: Activity Monitors Unit (AMU)
[    0.007154] spectre-bhb mitigation disabled by compile time option
[    0.007170] SVE: maximum available vector length 16 bytes per vector
[    0.007173] SVE: default vector length 16 bytes per vector
[    0.007177] CPU: All CPU(s) started at EL2
[    0.007187] alternatives: applying system-wide alternatives
[    0.024534] clocksource: jiffies: mask: 0xffffffff max_cycles: 0xffffffff, max_idle_ns: 7645041785100000 ns
[    0.024549] futex hash table entries: 2048 (order: 5, 131072 bytes, linear)
[    0.032180] pinctrl core: initialized pinctrl subsystem
[    0.032445] NET: Registered PF_NETLINK/PF_ROUTE protocol family
[    0.033514] DMA: preallocated 4096 KiB GFP_KERNEL pool for atomic allocations
[    0.033644] thermal_sys: Registered thermal governor 'step_wise'
[    0.033646] thermal_sys: Registered thermal governor 'user_space'
[    0.033647] thermal_sys: Registered thermal governor 'power_allocator'
[    0.033672] cpuidle: using governor teo
[    0.033829] hw-breakpoint: found 6 breakpoint and 4 watchpoint registers.
[    0.033935] ASID allocator initialised with 65536 entries
[    0.039776] printk: console [ramoops-1] enabled
[    0.039807] pstore: Registered ramoops as persistent store backend
[    0.039811] ramoops: using 0x400000@0xfd3ff000, ecc: 0
[    0.044823] /ete7: Fixed dependency cycle(s) with /funnel0
[    0.044849] /ete6: Fixed dependency cycle(s) with /funnel0
[    0.044868] /ete5: Fixed dependency cycle(s) with /funnel0
[    0.044884] /ete4: Fixed dependency cycle(s) with /funnel0
[    0.044898] /ete3: Fixed dependency cycle(s) with /funnel0
[    0.044912] /ete2: Fixed dependency cycle(s) with /funnel0
[    0.044927] /ete1: Fixed dependency cycle(s) with /funnel0
[    0.044941] /ete0: Fixed dependency cycle(s) with /funnel0
[    0.044954] /funnel0: Fixed dependency cycle(s) with /ete7
[    0.044968] /funnel0: Fixed dependency cycle(s) with /ete6
[    0.044982] /funnel0: Fixed dependency cycle(s) with /ete5
[    0.044996] /funnel0: Fixed dependency cycle(s) with /ete4
[    0.045009] /funnel0: Fixed dependency cycle(s) with /ete3
[    0.045021] /funnel0: Fixed dependency cycle(s) with /ete2
[    0.045035] /funnel0: Fixed dependency cycle(s) with /ete1
[    0.045047] /funnel0: Fixed dependency cycle(s) with /ete0
[    0.045126] /funnel0: Fixed dependency cycle(s) with /funnel@2a007000
[    0.045142] /funnel@2a007000: Fixed dependency cycle(s) with /funnel0
[    0.045256] /funnel@2a009000: Fixed dependency cycle(s) with /etf@2a004000
[    0.045272] /funnel@2a007000: Fixed dependency cycle(s) with /etf@2a004000
[    0.045292] /etf@2a004000: Fixed dependency cycle(s) with /funnel@2a009000
[    0.045307] /etf@2a004000: Fixed dependency cycle(s) with /funnel@2a007000
[    0.045359] /funnel@2a009000: Fixed dependency cycle(s) with /etr@2a00a000
[    0.045376] /etr@2a00a000: Fixed dependency cycle(s) with /funnel@2a009000
[    0.050640] /hsi2c@108D0000/max77759tcpc@25: Fixed dependency cycle(s) with /hsi2c@108D0000/max77759tcpc@25/connector
[    0.050654] /hsi2c@108D0000/max77759tcpc@25/connector: Fixed dependency cycle(s) with /hsi2c@108D0000/max77759tcpc@25
[    0.056546] /mct@10050000: Fixed dependency cycle(s) with /mct@10050000/mct-map
[    0.056622] /mct-v3@100D0000: Fixed dependency cycle(s) with /mct-v3@100D0000/mct-v3-map
[    0.061332] /drmdsim@19440000: Fixed dependency cycle(s) with /gs-drm-connector
[    0.061349] /gs-drm-connector: Fixed dependency cycle(s) with /drmdsim@19440000
[    0.061651] KASLR enabled
[    0.065446] iommu: Default domain type: Translated 
[    0.065451] iommu: DMA domain TLB invalidation policy: strict mode 
[    0.065535] SCSI subsystem initialized
[    0.065562] usbcore: registered new interface driver usbfs
[    0.065571] usbcore: registered new interface driver hub
[    0.065583] usbcore: registered new device driver usb
[    0.065620] mc: Linux media interface: v0.10
[    0.065626] videodev: Linux video capture interface: v2.00
[    0.065640] pps_core: LinuxPPS API ver. 1 registered
[    0.065642] pps_core: Software ver. 5.3.6 - Copyright 2005-2007 Rodolfo Giometti <giometti@linux.it>
[    0.065652] EDAC MC: Ver: 3.0.0
[    0.065853] Advanced Linux Sound Architecture Driver Initialized.
[    0.066184] clocksource: Switched to clocksource arch_sys_counter
[    0.066244] VFS: Disk quotas dquot_6.6.0
[    0.066261] VFS: Dquot-cache hash table entries: 512 (order 0, 4096 bytes)
[    0.066512] NET: Registered PF_INET protocol family
[    0.066679] IP idents hash table entries: 262144 (order: 9, 2097152 bytes, linear)
[    0.070732] tcp_listen_portaddr_hash hash table entries: 8192 (order: 5, 131072 bytes, linear)
[    0.070873] Table-perturb hash table entries: 65536 (order: 6, 262144 bytes, linear)
[    0.070925] TCP established hash table entries: 131072 (order: 8, 1048576 bytes, linear)
[    0.071133] TCP bind hash table entries: 65536 (order: 9, 2097152 bytes, linear)
[    0.071430] TCP: Hash tables configured (established 131072 bind 65536)
[    0.071476] UDP hash table entries: 8192 (order: 6, 262144 bytes, linear)
[    0.071544] UDP-Lite hash table entries: 8192 (order: 6, 262144 bytes, linear)
[    0.071627] NET: Registered PF_UNIX/PF_LOCAL protocol family
[    0.071643] NET: Registered PF_XDP protocol family
[    0.071649] PCI: CLS 0 bytes, default 64
[    0.071861] Trying to unpack rootfs image as initramfs...
[    0.086392] kvm [1]: IPA Size Limit: 40 bits
[    0.120441] kvm [1]: GICv3: no GICV resource entry
[    0.120448] kvm [1]: disabling GICv2 emulation
[    0.120470] kvm [1]: GIC system register CPU interface enabled
[    0.120639] kvm [1]: vgic interrupt IRQ18
[    0.120802] kvm [1]: Protected nVHE mode initialized successfully
[    0.121347] Initialise system trusted keyrings
[    0.121467] workingset: timestamp_bits=62 max_order=22 bucket_order=0
[    0.122567] fuse: init (API version 7.38)
[    0.147501] Key type asymmetric registered
[    0.147508] Asymmetric key parser 'x509' registered
[    0.147532] Block layer SCSI generic (bsg) driver version 0.4 loaded (major 244)
[    0.147550] io scheduler mq-deadline registered
[    0.147583] io scheduler bfq registered
[    0.149619] printk: console [ttynull0] enabled
[    0.149769] cacheinfo: Unable to detect cache hierarchy for CPU 0
[    0.151046] brd: module loaded
[    0.152288] loop: module loaded
[    0.152599] wireguard: WireGuard 1.0.0 loaded. See www.wireguard.com for information.
[    0.152606] wireguard: Copyright (C) 2015-2019 Jason A. Donenfeld <Jason@zx2c4.com>. All Rights Reserved.
[    0.152770] MACsec IEEE 802.1AE
[    0.152927] tun: Universal TUN/TAP device driver, 1.6
[    0.153835] usbcore: registered new interface driver uas
[    0.153848] usbcore: registered new interface driver usb-storage
[    0.153960] usbcore: registered new interface driver xpad
[    0.154000] gspca_main: v2.14.0 registered
[    0.154009] usbcore: registered new interface driver uvcvideo
[    0.154147] device-mapper: uevent: version 1.0.3
[    0.154205] device-mapper: ioctl: 4.47.0-ioctl (2022-07-28) initialised: dm-devel@redhat.com
[    0.154619] sdhci: Secure Digital Host Controller Interface driver
[    0.154623] sdhci: Copyright(c) Pierre Ossman
[    0.154626] sdhci-pltfm: SDHCI platform and OF driver helper
[    0.154900] SMCCC: SOC_ID: ARCH_SOC_ID not implemented, skipping ....
[    0.154915] hid: raw HID events driver (C) Jiri Kosina
[    0.155089] usbcore: registered new interface driver usbhid
[    0.155092] usbhid: USB HID core driver
[    0.155115] ashmem: initialized
[    0.157670] hw perfevents: enabled with armv8_pmuv3 PMU driver, 21 counters available
[    0.158032] hw perfevents: enabled with armv9_cortex_x2 PMU driver, 32 counters available
[    0.158354] gnss: GNSS driver registered with major 236
[    0.159164] KernelSU: feature: feature management initialized
[    0.159169] KernelSU: KernelSU IOCTL Commands:
[    0.159172] KernelSU:   GRANT_ROOT         = 0x00004b01
[    0.159178] KernelSU:   GET_INFO           = 0x80004b02
[    0.159182] KernelSU:   REPORT_EVENT       = 0x40004b03
[    0.159185] KernelSU:   SET_SEPOLICY       = 0xc0004b04
[    0.159189] KernelSU:   CHECK_SAFEMODE     = 0x80004b05
[    0.159192] KernelSU:   GET_ALLOW_LIST     = 0xc0004b06
[    0.159195] KernelSU:   GET_DENY_LIST      = 0xc0004b07
[    0.159198] KernelSU:   NEW_GET_ALLOW_LIST = 0xc0044b06
[    0.159201] KernelSU:   NEW_GET_DENY_LIST  = 0xc0044b07
[    0.159204] KernelSU:   UID_GRANTED_ROOT   = 0xc0004b08
[    0.159208] KernelSU:   UID_SHOULD_UMOUNT  = 0xc0004b09
[    0.159211] KernelSU:   GET_MANAGER_APPID  = 0x80004b0a
[    0.159213] KernelSU:   GET_APP_PROFILE    = 0xc0004b0b
[    0.159216] KernelSU:   SET_APP_PROFILE    = 0x40004b0c
[    0.159219] KernelSU:   GET_FEATURE        = 0xc0004b0d
[    0.159222] KernelSU:   SET_FEATURE        = 0x40004b0e
[    0.159225] KernelSU:   GET_WRAPPER_FD     = 0x40004b0f
[    0.159228] KernelSU:   MANAGE_MARK        = 0xc0004b10
[    0.159231] KernelSU:   NUKE_EXT4_SYSFS    = 0x40004b11
[    0.159234] KernelSU:   ADD_TRY_UMOUNT     = 0x40004b12
[    0.159236] KernelSU:   GET_HOOK_MODE      = 0x80004b62
[    0.159239] KernelSU:   GET_VERSION_TAG    = 0x80004b63
[    0.159247] KernelSU: sulog_init: allocated 2000 bytes on 0x00000000e0d04711 
[    0.159254] KernelSU: feature: registered handler for kernel_umount (id=1)
[    0.159258] KernelSU: feature: registered handler for su_compat (id=0)
[    0.159262] susfs:[0][1][susfs_init] susfs is initialized! version: v2.0.0 
[    0.159319] usbcore: registered new interface driver snd-usb-audio
[    0.159552] GACT probability NOT on
[    0.159565] Mirror/redirect action on
[    0.159579] netem: version 1.3
[    0.159592] u32 classifier
[    0.159595] input device check on
[    0.159597] Actions configured
[    0.160508] xt_time: kernel timezone is -0000
[    0.160609] ipip: IPv4 and MPLS over IPv4 tunneling driver
[    0.160793] gre: GRE over IPv4 demultiplexor driver
[    0.160797] ip_gre: GRE over IPv4 tunneling driver
[    0.161110] IPv4 over IPsec tunneling driver
[    0.161238] Initializing XFRM netlink socket
[    0.161249] IPsec XFRM device driver
[    0.161364] NET: Registered PF_INET6 protocol family
[    0.162051] Segment Routing with IPv6
[    0.162063] In-situ OAM (IOAM) with IPv6
[    0.162123] mip6: Mobile IPv6
[    0.162353] sit: IPv6, IPv4 and MPLS over IPv4 tunneling driver
[    0.162595] ip6_gre: GRE over IPv6 tunneling driver
[    0.162714] NET: Registered PF_PACKET protocol family
[    0.162722] NET: Registered PF_KEY protocol family
[    0.162776] NET: Registered PF_VSOCK protocol family
[    0.163074] wc-mbox 15200000.mbox: probe completed successfully
[    0.163146] wc-mbox 15220000.mbox: probe completed successfully
[    0.163198] wc-mbox 15240000.mbox: probe completed successfully
[    0.183825] Freeing initrd memory: 31140K
[    0.190806] exynos-pmu-if 15460000.exynos-pmu: exynos_pmu_if probe
[    0.191187] load_integrated_module: module 'pixel_suspend_diag' not found
[    0.191513] dpm: v1.01
[    0.191521] dpm: found features of debug policy
[    0.191527] dpm: dump-mode is Full Dump
[    0.191532] dpm: file-support of dump-mode is disabled
[    0.191538] dpm: debug-kinfo is enabled
[    0.191544] dpm: found policy of debug policy
[    0.191550] dpm: run [default] at [el1_da]
[    0.191555] dpm: run [default] at [el1_ia]
[    0.191560] dpm: run [default] at [el1_undef]
[    0.191564] dpm: run [default] at [el1_sp_pc]
[    0.191569] dpm: run [default] at [el1_inv]
[    0.191573] dpm: run [default] at [el1_serror]
[    0.191585] debug-snapshot dss: SJTAG is enabled
[    0.191603] item - header is enabled
[    0.191616] item - log_kevents is enabled
[    0.191698] debug-snapshot dss: log_bcm item is disabled, Skip alloc reserved memory
[    0.191706] item - log_s2d is enabled
[    0.191920] item - log_array_reset is enabled
[    0.192012] debug-snapshot dss: log_array_panic item is disabled, Skip alloc reserved memory
[    0.192020] debug-snapshot dss: log_slcdump item is disabled, Skip alloc reserved memory
[    0.192027] debug-snapshot dss: log_preslcdump item is disabled, Skip alloc reserved memory
[    0.192036] item - log_itmon is enabled
[    0.193731] debug-snapshot dss: debug-snapshot physical / virtual memory layout:
[    0.193738] header          : phys:0x00000000d8100000 / virt:00000000a0560706 / size:0x10000 / en:1
[    0.193748] log_kevents     : phys:0x00000000d8110000 / virt:00000000b2c13305 / size:0x700000 / en:1
[    0.193754] log_s2d         : phys:0x00000000d8810000 / virt:000000003ab0c7ea / size:0x1800000 / en:1
[    0.193760] log_array_reset : phys:0x00000000da010000 / virt:00000000542251b7 / size:0xa00000 / en:1
[    0.193767] log_itmon       : phys:0x00000000dda10000 / virt:00000000ca1eca01 / size:0x10000 / en:1
[    0.193773] debug-snapshot dss: total_item_size: 42112KB, dbg_snapshot_log struct size: 4120KB
[    0.193826] dss task log VH register failed
[    0.193830] dss wq start log VH register failed
[    0.193834] dss wq end log VH register failed
[    0.193839] debug-snapshot dss: enabled
[    0.193846] debug-snapshot-log physical / virtual memory layout:
[    0.193850] task_log    : phys:0x00000000d8110000 / virt:00000000b2c13305 / size:0x6c000 / en:1
[    0.193856] work_log    : phys:0x00000000d817c000 / virt:00000000718e9812 / size:0x36000 / en:1
[    0.193862] cpuidle_log : phys:0x00000000d81b2000 / virt:00000000f63a2266 / size:0x48000 / en:1
[    0.193867] suspend_log : phys:0x00000000d81fa000 / virt:000000000a838443 / size:0x14000 / en:1
[    0.193873] clk_log     : phys:0x00000000d8376000 / virt:000000002b1101bc / size:0xa000 / en:1
[    0.193878] pmu_log     : phys:0x00000000d8380000 / virt:00000000696bd224 / size:0x8000 / en:1
[    0.193884] freq_log    : phys:0x00000000d8388000 / virt:00000000844bb1e9 / size:0xc0000 / en:1
[    0.193889] dm_log      : phys:0x00000000d8448000 / virt:0000000009d3fb11 / size:0xa000 / en:1
[    0.193895] regulator_log: phys:0x00000000d84ac000 / virt:00000000f1baf8cd / size:0xe000 / en:1
[    0.193900] thermal_log : phys:0x00000000d84ba000 / virt:00000000b48c9061 / size:0xc000 / en:1
[    0.193906] acpm_log    : phys:0x00000000d84c6000 / virt:0000000050fa9bdf / size:0x8000 / en:1
[    0.193912] printk_log  : phys:0x00000000d84ce000 / virt:000000000f70423d / size:0x48000 / en:1
[    0.193923] debug-snapshot dss: dbg_snapshot_probe successful.
[    0.194375] load_integrated_module: module 'gs_perf_mon' not found
[    0.194526] load_integrated_module: module 'sched_tp' not found
[    0.195650] gs-chipid 10000000.chipid: CPU[ZUMAPRO] CPU_REV[0x1] Detected
[    0.196118] ect_probe: Reserved memory for ect: addr=0x0000000090000000, size=60000
[    0.196135] exynos-ect exynos-ect: Exynos ect driver probe done!
[    0.196336] load_integrated_module: module 'systrace' not found
[    0.196444] load_integrated_module: module 'kernel_top' not found
[    0.196722] gs-acpm-ipc 15110000.acpm_ipc: acpm_ipc probe
[    0.197146] [ACPM] acpm framework SRAM dump to dram base: 0x83e00000
[    0.197220] gs-acpm-ipc 15110000.acpm_ipc: acpm_ipc probe done.
[    0.197390] gs-acpm 15440000.acpm: acpm probe
[    0.197397] gs-acpm 15440000.acpm: acpm probe done.
[    0.198249] ECT version: 3020
[    0.198501] vclk initialize for cmucal
[    0.199957] cannot found vclk node f
[    0.200018] zuma_cal_data_init: cal data init
[    0.200765] async_dvfs_enable : Enabling Async DVFS
[    0.201463] load_integrated_module: module 'vh_sched' not found
[    0.201724] pixel_metrics: thermal_metrics driver initialized! :D
[    0.205727] samsung-pinctrl 16280000.pinctrl: irq number not available
[    0.205774] samsung-pinctrl 16290000.pinctrl: irq number not available
[    0.205815] samsung-pinctrl 162a0000.pinctrl: irq number not available
[    0.205857] samsung-pinctrl 162b0000.pinctrl: irq number not available
[    0.208014] ZUMA: Clock setup completed
[    0.208514] exynos-mct: osc-24576000 rtc-32768 incr_rtcclk:0x000002ee compen_val:0x00000000
[    0.208788] clocksource: mct-frc: mask: 0xffffffff max_cycles: 0xffffffff, max_idle_ns: 77769386669 ns
[    0.210788] exynos-pd 15461a80.pd-g3d: on
[    0.210842] exynos-pd 15461c80.pd-embedded_g3d: on
[    0.210857] exynos-pd 15461a80.pd-g3d: has new subdomain pd-embedded_g3d
[    0.210909] exynos-pd 15461d00.pd-dpub: on
[    0.210946] exynos-pd 15461d80.pd-dpuf0: on
[    0.210960] exynos-pd 15461d00.pd-dpub: has new subdomain pd-dpuf0
[    0.210990] exynos-pd 15461e00.pd-dpuf1: on
[    0.211004] exynos-pd 15461d00.pd-dpub: has new subdomain pd-dpuf1
[    0.211030] exynos-pd 15461e80.pd-g2d: on
[    0.211053] exynos-pd 15461f00.pd-gdc: on
[    0.211078] exynos-pd 15461f80.pd-gse: on
[    0.211098] exynos-pd 15462000.pd-mcsc: on
[    0.211119] exynos-pd 15462080.pd-mfc: on
[    0.211139] exynos-pd 15462100.pd-rgbp: on
[    0.211160] exynos-pd 15462180.pd-tnr: on
[    0.211182] exynos-pd 15462200.pd-yuvp: on
[    0.211203] exynos-pd 15462300.pd-aur: on
[    0.211225] exynos-pd 15462380.pd-bw: on
[    0.211246] exynos-pd 15462400.pd-eh: on
[    0.211267] exynos-pd 15462480.pd-ispfe: on
[    0.211288] exynos-pd 15462500.pd-tpu: on
[    0.211309] exynos-pd 15462a80.pd-hsi0: on
[    0.345814] pkvm-s2mpu-v9 20a80000.s2mpu_s0_aur: registered with hypervisor [0/29]
[    0.346129] pkvm-s2mpu-v9 1a670000.s2mpu_s0_bw: registered with hypervisor [1/29]
[    0.346327] pkvm-s2mpu-v9 29c50000.s2mpu_s0_cpucl0: registered with hypervisor [2/29]
[    0.347305] pkvm-s2mpu-v9 19870000.s2mpu_s0_dpuf0: registered with hypervisor [3/29]
[    0.347488] pkvm-s2mpu-v9 19c70000.s2mpu_s0_dpuf1: registered with hypervisor [4/29]
[    0.347611] pkvm-s2mpu-v9 16c70000.s2mpu_s0_eh: registered with hypervisor [5/29]
[    0.347729] pkvm-s2mpu-v9 1a8a0000.s2mpu_s0_g2d: registered with hypervisor [6/29]
[    0.347865] pkvm-s2mpu-v9 1ee70000.s2mpu_s0_g3d: registered with hypervisor [7/29]
[    0.348087] pkvm-s2mpu-v9 1d4f0000.s2mpu_s0_gdc: registered with hypervisor [8/29]
[    0.348269] pkvm-s2mpu-v9 1d8a0000.s2mpu_s0_gse: registered with hypervisor [9/29]
[    0.348428] pkvm-s2mpu-v9 11070000.s2mpu_s0_hsi0: registered with hypervisor [10/29]
[    0.348539] pkvm-s2mpu-v9 12090000.s2mpu_s0_hsi1: registered with hypervisor [11/29]
[    0.348743] pkvm-s2mpu-v9 131f0000.s2mpu_s0_hsi2: registered with hypervisor [12/29]
[    0.349041] pkvm-s2mpu-v9 1c140000.s2mpu_s0_ispfe: registered with hypervisor [13/29]
[    0.349199] pkvm-s2mpu-v9 1c180000.s2mpu_s1_ispfe: registered with hypervisor [14/29]
[    0.349353] pkvm-s2mpu-v9 1c1c0000.s2mpu_s2_ispfe: registered with hypervisor [15/29]
[    0.349518] pkvm-s2mpu-v9 1d0d0000.s2mpu_s0_mcsc: registered with hypervisor [16/29]
[    0.349676] pkvm-s2mpu-v9 1a4a0000.s2mpu_s0_mfc: registered with hypervisor [17/29]
[    0.349846] pkvm-s2mpu-v9 101f0000.s2mpu_s0_misc: registered with hypervisor [18/29]
[    0.350146] pkvm-s2mpu-v9 1c4d0000.s2mpu_s0_rgbp: registered with hypervisor [19/29]
[    0.350314] pkvm-s2mpu-v9 1c510000.s2mpu_s1_rgbp: registered with hypervisor [20/29]
[    0.350475] pkvm-s2mpu-v9 1ccb0000.s2mpu_s0_tnr: registered with hypervisor [21/29]
[    0.350667] pkvm-s2mpu-v9 1ccf0000.s2mpu_s1_tnr: registered with hypervisor [22/29]
[    0.350873] pkvm-s2mpu-v9 1cd30000.s2mpu_s2_tnr: registered with hypervisor [23/29]
[    0.351031] pkvm-s2mpu-v9 1a370000.s2mpu_s0_tpu: registered with hypervisor [24/29]
[    0.351147] pkvm-s2mpu-v9 1c8a0000.s2mpu_s0_yuvp: registered with hypervisor [25/29]
[    0.351299] pkvm-s2mpu-v9 16470000.s2mpu_s0_gsa: registered with hypervisor [26/29]
[    0.352063] pkvm-s2mpu-v9 190c0000.s2mpu_s0_aoc: registered with hypervisor [27/29]
[    0.352208] pkvm-s2mpu-v9 155b0000.s2mpu_s0_alive: registered with hypervisor [28/29]
[    0.352212] List of devices successfully finalized for pkvm s2mpu
[    0.355639] registered taskstats version 1
[    0.355674] Loading compiled-in X.509 certificates
[    0.355713] Key type .fscrypt registered
[    0.355718] Key type fscrypt-provisioning registered
[    0.355791] pstore: Invalid compression size for deflate: 0
[    0.357044] input: gpio_keys as /devices/platform/gpio_keys/input/input0
[    0.358069] clk: Not disabling unused clocks
[    0.358130] ALSA device list:
[    0.358137] No soundcards found.
[    0.358495] Freeing unused kernel memory: 2496K
[    0.358639] Failed to set sysctl parameter 'kernel.sched_pelt_multiplier=4': parameter not found
[    0.358705] Run /init as init process
[    0.358709] with arguments:
[    0.358710] /init
[    0.358711] kasan_multi_shot
[    0.358713] with environment:
[    0.358714] HOME=/
[    0.358716] TERM=linux
[    0.358716] stack_depot_disable=on
[    0.358718] softlockup_panic=1
[    0.358719] dyndbg=func alloc_contig_dump_pages +p
[    0.358721] kasan=off
[    0.360319] init: init first stage started!
[    0.361419] init: alias lines in modules.alias must have 3 entries, not 5
[    0.363720] init: Loading module /lib/modules/fips140.ko with args ''
[    0.363918] load_integrated_module: module 'fips140' not found
[    0.363979] init: Loaded kernel module /lib/modules/fips140.ko
[    0.364031] init: Loading module /lib/modules/zsmalloc.ko with args ''
[    0.364146] init: Loaded kernel module /lib/modules/zsmalloc.ko
[    0.364189] init: Loading module /lib/modules/drm_display_helper.ko with args ''
[    0.364351] init: Loaded kernel module /lib/modules/drm_display_helper.ko
[    0.364396] init: Loading module /lib/modules/at24.ko with args 'write_timeout=100'
[    0.364511] init: Loaded kernel module /lib/modules/at24.ko
[    0.364557] init: Loading module /lib/modules/open-dice.ko with args ''
[    0.364811] init: Loaded kernel module /lib/modules/open-dice.ko
[    0.364854] init: Loading module /lib/modules/sg.ko with args ''
[    0.364969] init: Loaded kernel module /lib/modules/sg.ko
[    0.365010] init: Loading module /lib/modules/spidev.ko with args ''
[    0.365109] init: Loaded kernel module /lib/modules/spidev.ko
[    0.365147] init: Loading module /lib/modules/i2c-dev.ko with args ''
[    0.365219] i2c_dev: i2c /dev entries driver
[    0.365239] init: Loaded kernel module /lib/modules/i2c-dev.ko
[    0.365277] init: Loading module /lib/modules/arm-cmn.ko with args ''
[    0.367566] init: Loaded kernel module /lib/modules/arm-cmn.ko
[    0.367668] init: Loading module /lib/modules/exynos-pd_el3.ko with args ''
[    0.367736] init: Loaded kernel module /lib/modules/exynos-pd_el3.ko
[    0.367779] init: Loading module /lib/modules/eusb_repeater.ko with args ''
[    0.367852] init: Loaded kernel module /lib/modules/eusb_repeater.ko
[    0.367888] init: Loading module /lib/modules/exynos-pd_hsi0.ko with args ''
[    0.367938] init: Loaded kernel module /lib/modules/exynos-pd_hsi0.ko
[    0.367951] init: Loading module /lib/modules/phy-exynos-usbdrd-eusb-super.ko with args ''
[    0.368031] init: Loaded kernel module /lib/modules/phy-exynos-usbdrd-eusb-super.ko
[    0.368102] init: Loading module /lib/modules/exynos-pmu-if.ko with args ''
[    0.368161] init: Loaded kernel module /lib/modules/exynos-pmu-if.ko
[    0.368171] init: Loading module /lib/modules/phy-exynos-mipi-dsim.ko with args ''
[    0.368258] exynos-mipi-phy dphy_m4s4_dsim0@19460000: exynos_mipi_phy_probe: isolation 0x3eb8
[    0.368303] exynos-mipi-phy dphy_m4s4_dsim0@19460000: creating exynos-mipi-phy
[    0.368562] init: Loaded kernel module /lib/modules/phy-exynos-mipi-dsim.ko
[    0.368605] init: Loading module /lib/modules/phy-exynos-mipi.ko with args ''
[    0.369015] exynos-mipi-phy-csi 1c101200.dcphy_m0s4s4s4s4s4_csi0: exynos_mipi_phy_probe: isolation 0x3ebc
[    0.369022] exynos-mipi-phy-csi 1c101200.dcphy_m0s4s4s4s4s4_csi0: exynos_mipi_phy_probe: reset 0
[    0.369060] exynos-mipi-phy-csi 1c101200.dcphy_m0s4s4s4s4s4_csi0: creating exynos-mipi-phy
[    0.369104] exynos-mipi-phy-csi 1c101700.dcphy_m0s4s4s4s4s4_csi0: exynos_mipi_phy_probe: isolation 0x3ebc
[    0.369108] exynos-mipi-phy-csi 1c101700.dcphy_m0s4s4s4s4s4_csi0: exynos_mipi_phy_probe: reset 1
[    0.369132] exynos-mipi-phy-csi 1c101700.dcphy_m0s4s4s4s4s4_csi0: creating exynos-mipi-phy
[    0.369172] exynos-mipi-phy-csi 1c102200.dcphy_m0s4s4s4s4s4_csi0: exynos_mipi_phy_probe: isolation 0x3ebc
[    0.369177] exynos-mipi-phy-csi 1c102200.dcphy_m0s4s4s4s4s4_csi0: exynos_mipi_phy_probe: reset 2
[    0.369203] exynos-mipi-phy-csi 1c102200.dcphy_m0s4s4s4s4s4_csi0: creating exynos-mipi-phy
[    0.369237] exynos-mipi-phy-csi 1c102700.dcphy_m0s4s4s4s4s4_csi0: exynos_mipi_phy_probe: isolation 0x3ebc
[    0.369242] exynos-mipi-phy-csi 1c102700.dcphy_m0s4s4s4s4s4_csi0: exynos_mipi_phy_probe: reset 3
[    0.369266] exynos-mipi-phy-csi 1c102700.dcphy_m0s4s4s4s4s4_csi0: creating exynos-mipi-phy
[    0.369305] exynos-mipi-phy-csi 1c102c00.dcphy_m0s4s4s4s4s4_csi0: exynos_mipi_phy_probe: isolation 0x3ebc
[    0.369310] exynos-mipi-phy-csi 1c102c00.dcphy_m0s4s4s4s4s4_csi0: exynos_mipi_phy_probe: reset 4
[    0.369338] exynos-mipi-phy-csi 1c102c00.dcphy_m0s4s4s4s4s4_csi0: creating exynos-mipi-phy
[    0.369370] exynos-mipi-phy-csi 1c103100.dcphy_m0s4s4s4s4s4_csi0: exynos_mipi_phy_probe: isolation 0x3ebc
[    0.369375] exynos-mipi-phy-csi 1c103100.dcphy_m0s4s4s4s4s4_csi0: exynos_mipi_phy_probe: reset 5
[    0.369402] exynos-mipi-phy-csi 1c103100.dcphy_m0s4s4s4s4s4_csi0: creating exynos-mipi-phy
[    0.369437] exynos-mipi-phy-csi 1c103600.dcphy_m0s4s4s4s4s4_csi0: exynos_mipi_phy_probe: isolation 0x3ebc
[    0.369442] exynos-mipi-phy-csi 1c103600.dcphy_m0s4s4s4s4s4_csi0: exynos_mipi_phy_probe: reset 6
[    0.369466] exynos-mipi-phy-csi 1c103600.dcphy_m0s4s4s4s4s4_csi0: creating exynos-mipi-phy
[    0.369504] exynos-mipi-phy-csi 1c103700.dcphy_m0s4s4s4s4s4_csi0: exynos_mipi_phy_probe: isolation 0x3ebc
[    0.369508] exynos-mipi-phy-csi 1c103700.dcphy_m0s4s4s4s4s4_csi0: exynos_mipi_phy_probe: reset 7
[    0.369535] exynos-mipi-phy-csi 1c103700.dcphy_m0s4s4s4s4s4_csi0: creating exynos-mipi-phy
[    0.369571] exynos-mipi-phy-csi 1c103c00.dcphy_m0s4s4s4s4s4_csi0: exynos_mipi_phy_probe: isolation 0x3ebc
[    0.369576] exynos-mipi-phy-csi 1c103c00.dcphy_m0s4s4s4s4s4_csi0: exynos_mipi_phy_probe: reset 8
[    0.369602] exynos-mipi-phy-csi 1c103c00.dcphy_m0s4s4s4s4s4_csi0: creating exynos-mipi-phy
[    0.369752] init: Loaded kernel module /lib/modules/phy-exynos-mipi.ko
[    0.369802] init: Loading module /lib/modules/pinctrl-exynos-gs.ko with args ''
[    0.369893] init: Loaded kernel module /lib/modules/pinctrl-exynos-gs.ko
[    0.369972] init: Loading module /lib/modules/pixel-suspend-diag.ko with args ''
[    0.370012] load_integrated_module: module 'pixel_suspend_diag' not found
[    0.370022] init: Loaded kernel module /lib/modules/pixel-suspend-diag.ko
[    0.370063] init: Loading module /lib/modules/dss.ko with args ''
[    0.370176] init: Loaded kernel module /lib/modules/dss.ko
[    0.370229] init: Loading module /lib/modules/gs_perf_mon.ko with args ''
[    0.370274] load_integrated_module: module 'gs_perf_mon' not found
[    0.370285] init: Loaded kernel module /lib/modules/gs_perf_mon.ko
[    0.370322] init: Loading module /lib/modules/sched_tp.ko with args ''
[    0.370389] load_integrated_module: module 'sched_tp' not found
[    0.370400] init: Loaded kernel module /lib/modules/sched_tp.ko
[    0.370438] init: Loading module /lib/modules/gs-chipid.ko with args ''
[    0.370495] init: Loaded kernel module /lib/modules/gs-chipid.ko
[    0.370534] init: Loading module /lib/modules/ect_parser.ko with args ''
[    0.370608] init: Loaded kernel module /lib/modules/ect_parser.ko
[    0.370645] init: Loading module /lib/modules/systrace.ko with args ''
[    0.370679] load_integrated_module: module 'systrace' not found
[    0.370688] init: Loaded kernel module /lib/modules/systrace.ko
[    0.370731] init: Loading module /lib/modules/kernel-top.ko with args ''
[    0.370765] load_integrated_module: module 'kernel_top' not found
[    0.370773] init: Loaded kernel module /lib/modules/kernel-top.ko
[    0.370816] init: Loading module /lib/modules/gs_acpm.ko with args ''
[    0.370883] init: Loaded kernel module /lib/modules/gs_acpm.ko
[    0.370928] init: Loading module /lib/modules/cmupmucal.ko with args ''
[    0.371561] init: Loaded kernel module /lib/modules/cmupmucal.ko
[    0.371617] init: Loading module /lib/modules/vh_sched.ko with args ''
[    0.372227] load_integrated_module: module 'vh_sched' not found
[    0.372351] init: Loaded kernel module /lib/modules/vh_sched.ko
[    0.372407] init: Loading module /lib/modules/pixel_metrics.ko with args ''
[    0.372497] init: Loaded kernel module /lib/modules/pixel_metrics.ko
[    0.372615] init: Loading module /lib/modules/clk_exynos_gs.ko with args ''
[    0.372697] init: Loaded kernel module /lib/modules/clk_exynos_gs.ko
[    0.372708] init: Loading module /lib/modules/exynos_mct_v3.ko with args ''
[    0.372767] init: Loaded kernel module /lib/modules/exynos_mct_v3.ko
[    0.372801] init: Loading module /lib/modules/exynos-cpupm.ko with args ''
[    0.372861] init: Loaded kernel module /lib/modules/exynos-cpupm.ko
[    0.372905] init: Loading module /lib/modules/logbuffer.ko with args ''
[    0.372941] load_integrated_module: module 'logbuffer' not found
[    0.372950] init: Loaded kernel module /lib/modules/logbuffer.ko
[    0.372996] init: Loading module /lib/modules/exynos_pm_qos.ko with args ''
[    0.373051] init: Loaded kernel module /lib/modules/exynos_pm_qos.ko
[    0.373092] init: Loading module /lib/modules/itmon.ko with args ''
[    0.373145] load_integrated_module: module 'itmon' not found
[    0.373156] init: Loaded kernel module /lib/modules/itmon.ko
[    0.373195] init: Loading module /lib/modules/exynos-pcie-iommu.ko with args ''
[    0.373625] pcie-sysmmu 12060000.sysmmu: Enable map once.
[    0.373632] pcie-sysmmu 12060000.sysmmu: Number of PMMU : 1.
[    0.373678] pcie-sysmmu 12060000.sysmmu: Probe HSI1 block, PCIe VID : 0
[    0.373683] pcie-sysmmu 12060000.sysmmu: L1Page Table Address : 0x0x0000000084780000(phys)
[    0.373688] pcie-sysmmu 12060000.sysmmu: is probed. Version 9.0.0 - MAX VM : 8, 36bit addr : 1
[    0.373775] init: Loaded kernel module /lib/modules/exynos-pcie-iommu.ko
[    0.373820] init: Loading module /lib/modules/sbb-mux.ko with args ''
[    0.373890] sbb-mux: Initializing signal [0, '0']...
[    0.373899] sbb-mux: Initializing signal [1, '1']...
[    0.373905] sbb-mux: Initializing signal [2, 'kernel_test']...
[    0.373914] sbb-mux: Initializing signal [3, 'userland_test']...
[    0.373922] sbb-mux: Initializing signal [4, 'gp_region_0']...
[    0.373928] sbb-mux: Initializing signal [5, 'gp_region_1']...
[    0.373934] sbb-mux: Initializing signal [6, 'gp_region_2']...
[    0.373939] sbb-mux: Initializing signal [7, 'gp_region_3']...
[    0.373945] sbb-mux: Initializing signal [8, 'k_gp_region_0']...
[    0.373952] sbb-mux: Initializing signal [9, 'k_gp_region_1']...
[    0.373957] sbb-mux: Initializing signal [10, 'k_gp_region_2']...
[    0.373963] sbb-mux: Initializing signal [11, 'k_gp_region_3']...
[    0.373968] sbb-mux: Initializing signal [12, 'app_misc0']...
[    0.373977] sbb-mux: Initializing signal [13, 'app_misc1']...
[    0.373983] sbb-mux: Initializing signal [14, 'app_misc2']...
[    0.373988] sbb-mux: Initializing signal [15, 'app_misc3']...
[    0.373993] sbb-mux: Initializing signal [16, 'app_misc4']...
[    0.373999] sbb-mux: Initializing signal [17, 'app_misc5']...
[    0.374005] sbb-mux: Initializing signal [18, 'app_misc6']...
[    0.374011] sbb-mux: Initializing signal [19, 'app_misc7']...
[    0.374016] sbb-mux: Initializing signal [20, 'app_misc8']...
[    0.374021] sbb-mux: Initializing signal [21, 'app_misc9']...
[    0.374027] sbb-mux: Initializing signal [22, 'cam_misc0']...
[    0.374032] sbb-mux: Initializing signal [23, 'cam_misc1']...
[    0.374037] sbb-mux: Initializing signal [24, 'cam_misc2']...
[    0.374043] sbb-mux: Initializing signal [25, 'cam_misc3']...
[    0.374048] sbb-mux: Initializing signal [26, 'cam_misc4']...
[    0.374053] sbb-mux: Initializing signal [27, 'cam_misc5']...
[    0.374058] sbb-mux: Initializing signal [28, 'cam_misc6']...
[    0.374063] sbb-mux: Initializing signal [29, 'cam_misc7']...
[    0.374069] sbb-mux: Initializing signal [30, 'cam_misc8']...
[    0.374075] sbb-mux: Initializing signal [31, 'cam_misc9']...
[    0.374080] sbb-mux: Initializing signal [32, 'ufs_active_idle']...
[    0.374092] sbb-mux: Initializing signal [33, 'ufs_power_on']...
[    0.374098] sbb-mux: Initializing signal [34, 'ufs_io_outstanding']...
[    0.374104] sbb-mux: Initializing signal [35, 'cp2ap_wake_isr']...
[    0.374109] sbb-mux: Initializing signal [36, 'pcie_link_state']...
[    0.374340] sbb-mux: Calling sbb_mux_drv_probe!
[    0.374374] sbb-mux: Num GPIOs: 3.
[    0.374388] sbb-mux: GPIO system id: 18.
[    0.374408] Correctly initialized GPIO tracker #18 for GPIO C1_T0__XAPC_USI2_CTSn_CSn!
[    0.374419] sbb-mux: GPIO system id: 61.
[    0.374431] Correctly initialized GPIO tracker #61 for GPIO C1_T1__XAPC_USI9_RTSn_DI!
[    0.374438] sbb-mux: GPIO system id: 62.
[    0.374448] Correctly initialized GPIO tracker #62 for GPIO C1_T2__XAPC_USI9_CTSn_CSn!
[    0.374480] sbb-mux: Registered! :D
[    0.374493] init: Loaded kernel module /lib/modules/sbb-mux.ko
[    0.374560] init: Loading module /lib/modules/pcie-exynos-zuma-rc-cal.ko with args ''
[    0.374635] init: Loaded kernel module /lib/modules/pcie-exynos-zuma-rc-cal.ko
[    0.374647] init: Loading module /lib/modules/pcie-exynos-gs.ko with args ''
[    0.374949] exynos-pcie-rc 12100000.pcie: ## PCIe RC PROBE start
[    0.374977] exynos-pcie-rc 12100000.pcie: ## PCIe ch 0 ##
[    0.374982] exynos-pcie-rc 12100000.pcie: logbuffer register failed
[    0.374999] exynos-pcie-rc 12100000.pcie: Failed to parse the number of chip-ver, default '0'
[    0.375003] exynos-pcie-rc 12100000.pcie: parse the number of lanes: 2
[    0.375008] exynos-pcie-rc 12100000.pcie: parse the separated msi: 1
[    0.375013] exynos-pcie-rc 12100000.pcie: Cache Coherency unit is ENABLED.
[    0.375017] exynos-pcie-rc 12100000.pcie: MSI is ENABLED.
[    0.375022] exynos-pcie-rc 12100000.pcie: ## PCIe don't support 64-bit MSI addressing
[    0.375027] exynos-pcie-rc 12100000.pcie: ## PCIe use SICD
[    0.375031] exynos-pcie-rc 12100000.pcie: ## PCIe use PCIE ON Sleep
[    0.375036] exynos-pcie-rc 12100000.pcie: PCIe SysMMU is ENABLED.
[    0.375041] exynos-pcie-rc 12100000.pcie: PCIe I/A is DISABLED.
[    0.375045] exynos-pcie-rc 12100000.pcie: PCIe L1SS(L1.2) is ENABLED.
[    0.375054] exynos-pcie-rc 12100000.pcie: exynos_pcie_rc_parse_dt: pcie int_min_lock = 200000
[    0.375129] exynos-pcie-rc 12100000.pcie: wlan gpio is not defined -> don't use wifi through pcie#0
[    0.375136] exynos-pcie-rc 12100000.pcie: ssd gpio is not defined -> don't use ssd through pcie#0
[    0.375141] exynos-pcie-rc 12100000.pcie: customized de-emphasis enable 0 with value: 0
[    0.375185] exynos-pcie-rc 12100000.pcie: No idle pin state(but it's OK)!!
[    0.375236] exynos-pcie-rc 12100000.pcie: Initialize PHY functions.
[    0.375241] exynos-pcie-rc 12100000.pcie: Initialize PCIe function.
[    0.375316] exynos-pcie-rc 12100000.pcie: PCIe cap [0x1][Power Management]: 0x40
[    0.375323] exynos-pcie-rc 12100000.pcie: PCIe cap [0x5][Message Signalled Interrupts]: 0x50
[    0.375327] exynos-pcie-rc 12100000.pcie: PCIe cap [0x10][PCI Express]: 0x70
[    0.375332] exynos-pcie-rc 12100000.pcie: PCIe ext cap [0x1][Advanced Error Reporting]: 0x100
[    0.375338] exynos-pcie-rc 12100000.pcie: PCIe ext cap [0x19][Secondary PCIe Capability]: 0x148
[    0.375342] exynos-pcie-rc 12100000.pcie: PCIe ext cap [0x1e][L1 PM Substates]: 0x160
[    0.375347] exynos-pcie-rc 12100000.pcie: PCIe ext cap [0x25][Data Link Feature]: 0x170
[    0.375410] exynos-pcie-rc 12100000.pcie: 148 separated MSI irq is defined.
[    0.375436] exynos-pcie-rc 12100000.pcie: 149 separated MSI irq is defined.
[    0.375451] exynos-pcie-rc 12100000.pcie: 150 separated MSI irq is defined.
[    0.375464] exynos-pcie-rc 12100000.pcie: 151 separated MSI irq is defined.
[    0.375477] exynos-pcie-rc 12100000.pcie: 152 separated MSI irq is defined.
[    0.375505] exynos-pcie-rc 12100000.pcie: host bridge /pcie@12100000 ranges:
[    0.375513] exynos-pcie-rc 12100000.pcie:   No bus range found for /pcie@12100000, using [bus 00-ff]
[    0.375525] exynos-pcie-rc 12100000.pcie:      MEM 0x0040000000..0x0040feffff -> 0x0040000000
[    0.375594] exynos-pcie-rc 12100000.pcie: No iATU regions found
[    0.375597] exynos-pcie-rc 12100000.pcie: iATU unroll: enabled
[    0.375602] exynos-pcie-rc 12100000.pcie: iATU regions: 0 ob, 0 ib, align 0K, limit 0G
[    0.375986] exynos-pcie-rc 12100000.pcie: PCI host bridge to bus 0000:00
[    0.375994] pci_bus 0000:00: root bus resource [bus 00-ff]
[    0.376000] pci_bus 0000:00: root bus resource [mem 0x40000000-0x40feffff]
[    0.376033] pci 0000:00:00.0: [144d:ecec] type 01 class 0x060400
[    0.376162] pci 0000:00:00.0: PME# supported from D0 D3hot D3cold
[    0.381846] pci 0000:00:00.0: PCI bridge to [bus 01-ff]
[    0.381876] [exynos_pcie_quirks] async suspend disabled
[    0.382412] pcieport 0000:00:00.0: PME: Signaling with IRQ 154
[    0.382940] pcieport 0000:00:00.0: AER: enabled with IRQ 154
[    0.383050] exynos-pcie-rc 12100000.pcie: PCIE idle ip index : 14
[    0.383056] exynos-pcie-rc 12100000.pcie: exynos_pcie_rc_probe, ip idle status : 1, idle_ip_index: 14
[    0.383400] exynos-pcie-rc 12100000.pcie: ## register pcie connection function
[    0.383404] exynos-pcie-rc 12100000.pcie: ## exynos_pcie_rc_probe: PCIe probe success
[    0.383518] exynos-pcie-rc 13120000.pcie: ## PCIe RC PROBE start
[    0.383539] exynos-pcie-rc 13120000.pcie: ## PCIe ch 1 ##
[    0.383544] exynos-pcie-rc 13120000.pcie: logbuffer register failed
[    0.383564] exynos-pcie-rc 13120000.pcie: Failed to parse the number of chip-ver, default '0'
[    0.383568] exynos-pcie-rc 13120000.pcie: parse the number of lanes: 1
[    0.383573] exynos-pcie-rc 13120000.pcie: Unset separated-msi value, default '0'
[    0.383578] exynos-pcie-rc 13120000.pcie: MSI is ENABLED.
[    0.383582] exynos-pcie-rc 13120000.pcie: ## PCIe don't support 64-bit MSI addressing
[    0.383587] exynos-pcie-rc 13120000.pcie: ## PCIe use SICD
[    0.383590] exynos-pcie-rc 13120000.pcie: ## PCIe don't use PCIE ON Sleep
[    0.383594] exynos-pcie-rc 13120000.pcie: PCIe SysMMU is DISABLED.
[    0.383598] exynos-pcie-rc 13120000.pcie: PCIe I/A is DISABLED.
[    0.383602] exynos-pcie-rc 13120000.pcie: PCIe L1SS(L1.2) is ENABLED.
[    0.383610] exynos-pcie-rc 13120000.pcie: exynos_pcie_rc_parse_dt: pcie int_min_lock = 200000
[    0.383698] exynos-pcie-rc 13120000.pcie: ssd gpio is not defined -> don't use ssd through pcie#1
[    0.383704] exynos-pcie-rc 13120000.pcie: customized de-emphasis enable 0 with value: 0
[    0.383772] exynos-pcie-rc 13120000.pcie: No idle pin state(but it's OK)!!
[    0.383822] exynos-pcie-rc 13120000.pcie: Initialize PHY functions.
[    0.383826] exynos-pcie-rc 13120000.pcie: Initialize PCIe function.
[    0.383916] exynos-pcie-rc 13120000.pcie: Disable PCIE2 PHY
[    0.384019] exynos-pcie-rc 13120000.pcie: PCIe cap [0x1][Power Management]: 0x40
[    0.384025] exynos-pcie-rc 13120000.pcie: PCIe cap [0x5][Message Signalled Interrupts]: 0x50
[    0.384030] exynos-pcie-rc 13120000.pcie: PCIe cap [0x10][PCI Express]: 0x70
[    0.384035] exynos-pcie-rc 13120000.pcie: PCIe ext cap [0x1][Advanced Error Reporting]: 0x100
[    0.384039] exynos-pcie-rc 13120000.pcie: PCIe ext cap [0x19][Secondary PCIe Capability]: 0x148
[    0.384044] exynos-pcie-rc 13120000.pcie: PCIe ext cap [0x1e][L1 PM Substates]: 0x160
[    0.384048] exynos-pcie-rc 13120000.pcie: PCIe ext cap [0x25][Data Link Feature]: 0x170
[    0.384111] exynos-pcie-rc 13120000.pcie: host bridge /pcie@13120000 ranges:
[    0.384119] exynos-pcie-rc 13120000.pcie:   No bus range found for /pcie@13120000, using [bus 00-ff]
[    0.384130] exynos-pcie-rc 13120000.pcie:      MEM 0x0060000000..0x0060feffff -> 0x0060000000
[    0.384204] exynos-pcie-rc 13120000.pcie: No iATU regions found
[    0.384208] exynos-pcie-rc 13120000.pcie: iATU unroll: enabled
[    0.384212] exynos-pcie-rc 13120000.pcie: iATU regions: 0 ob, 0 ib, align 0K, limit 0G
[    0.384292] exynos-pcie-rc 13120000.pcie: PCI host bridge to bus 0001:00
[    0.384297] pci_bus 0001:00: root bus resource [bus 00-ff]
[    0.384302] pci_bus 0001:00: root bus resource [mem 0x60000000-0x60feffff]
[    0.384334] pci 0001:00:00.0: [144d:eced] type 01 class 0x060400
[    0.384356] pci 0001:00:00.0: reg 0x10: [mem 0x00000000-0x000fffff]
[    0.384378] pci 0001:00:00.0: reg 0x38: [mem 0x00000000-0x0000ffff pref]
[    0.384486] pci 0001:00:00.0: PME# supported from D0 D3hot D3cold
[    0.389882] pci 0001:00:00.0: BAR 0: assigned [mem 0x60000000-0x600fffff]
[    0.389895] pci 0001:00:00.0: BAR 6: assigned [mem 0x60100000-0x6010ffff pref]
[    0.389902] pci 0001:00:00.0: PCI bridge to [bus 01-ff]
[    0.389927] [exynos_pcie_quirks] async suspend disabled
[    0.390511] pcieport 0001:00:00.0: PME: Signaling with IRQ 156
[    0.391058] pcieport 0001:00:00.0: AER: enabled with IRQ 156
[    0.391158] exynos-pcie-rc 13120000.pcie: PCIE idle ip index : 15
[    0.391163] exynos-pcie-rc 13120000.pcie: exynos_pcie_rc_probe, ip idle status : 1, idle_ip_index: 15
[    0.391314] exynos-pcie-rc 13120000.pcie: ## exynos_pcie_rc_probe: PCIe probe success
[    0.391458] init: Loaded kernel module /lib/modules/pcie-exynos-gs.ko
[    0.391519] init: Loading module /lib/modules/pl330.ko with args ''
[    0.393076] dma-pl330 10110000.pdma0: Loaded driver for PL330 DMAC-341330
[    0.393083] dma-pl330 10110000.pdma0: 	DBUFF-32x4bytes Num_Chans-8 Num_Peri-32 Num_Events-32
[    0.393855] dma-pl330 10130000.pdma1: Loaded driver for PL330 DMAC-341330
[    0.393862] dma-pl330 10130000.pdma1: 	DBUFF-32x4bytes Num_Chans-8 Num_Peri-32 Num_Events-32
[    0.393918] init: Loaded kernel module /lib/modules/pl330.ko
[    0.393969] init: Loading module /lib/modules/samsung-dma.ko with args ''
[    0.394044] init: Loaded kernel module /lib/modules/samsung-dma.ko
[    0.394088] init: Loading module /lib/modules/debug-snapshot-debug-kinfo.ko with args ''
[    0.394447] init: Loaded kernel module /lib/modules/debug-snapshot-debug-kinfo.ko
[    0.394527] init: Loading module /lib/modules/trusty-core.ko with args ''
[    0.395238] trusty trusty: trusty version: Project: ripcurrentpro, Build: 14060607, Built: 08:47:58 Sep  8 2025
[    0.395297] trusty trusty: selected api version: 5 (requested 5)
[    0.400209] init: Loaded kernel module /lib/modules/trusty-core.ko
[    0.400268] init: Loading module /lib/modules/hardlockup-watchdog.ko with args ''
[    0.400423] hardlockup-watchdog hardlockup-watchdog: sampling_time = 4sec, opportunity_cnt = 3, panic = 1
[    0.400742] hardlockup-watchdog hardlockup-watchdog: Hardlockup Watchdog driver
[    0.400960] init: Loaded kernel module /lib/modules/hardlockup-watchdog.ko
[    0.401006] init: Loading module /lib/modules/trusty-ipc.ko with args ''
[    0.401135] init: Loaded kernel module /lib/modules/trusty-ipc.ko
[    0.401204] init: Loading module /lib/modules/gsa.ko with args ''
[    0.401398] gsa 16490000.gsa-ns: linked to 16470000.s2mpu_s0_gsa
[    0.401796] init: Loaded kernel module /lib/modules/gsa.ko
[    0.401848] init: Loading module /lib/modules/exynos-adv-tracer.ko with args ''
[    0.401897] load_integrated_module: module 'exynos_adv_tracer' not found
[    0.401907] init: Loaded kernel module /lib/modules/exynos-adv-tracer.ko
[    0.401954] init: Loading module /lib/modules/sjtag-driver.ko with args ''
[    0.401997] load_integrated_module: module 'sjtag_driver' not found
[    0.402006] init: Loaded kernel module /lib/modules/sjtag-driver.ko
[    0.402029] init: Loading module /lib/modules/ehld.ko with args ''
[    0.402075] load_integrated_module: module 'ehld' not found
[    0.402085] init: Loaded kernel module /lib/modules/ehld.ko
[    0.402158] init: Loading module /lib/modules/pixel-debug-test.ko with args ''
[    0.402213] load_integrated_module: module 'pixel_debug_test' not found
[    0.402222] init: Loaded kernel module /lib/modules/pixel-debug-test.ko
[    0.402232] init: Loading module /lib/modules/exynos-debug-test.ko with args ''
[    0.402274] load_integrated_module: module 'exynos_debug_test' not found
[    0.402284] init: Loaded kernel module /lib/modules/exynos-debug-test.ko
[    0.402324] init: Loading module /lib/modules/bookerci.ko with args ''
[    0.402366] load_integrated_module: module 'bookerci' not found
[    0.402375] init: Loaded kernel module /lib/modules/bookerci.ko
[    0.402421] init: Loading module /lib/modules/exynos-coresight.ko with args ''
[    0.402606] debug-snapshot dss: Add halt,  functions from really_probe+0x538/0x744
[    0.402625] exynos-coresight coresight@2B000000: exynos_coresight_probe Successful
[    0.402838] init: Loaded kernel module /lib/modules/exynos-coresight.ko
[    0.402882] init: Loading module /lib/modules/exynos-ecc-handler.ko with args ''
[    0.402924] load_integrated_module: module 'exynos_ecc_handler' not found
[    0.402934] init: Loaded kernel module /lib/modules/exynos-ecc-handler.ko
[    0.402979] init: Loading module /lib/modules/exynos-coresight-etm.ko with args ''
[    0.403026] load_integrated_module: module 'exynos_coresight_etm' not found
[    0.403036] init: Loaded kernel module /lib/modules/exynos-coresight-etm.ko
[    0.403113] init: Loading module /lib/modules/keydebug.ko with args ''
[    0.403152] load_integrated_module: module 'keydebug' not found
[    0.403161] init: Loaded kernel module /lib/modules/keydebug.ko
[    0.403171] init: Loading module /lib/modules/exynos-adv-tracer-s2d.ko with args ''
[    0.403203] load_integrated_module: module 'exynos_adv_tracer_s2d' not found
[    0.403211] init: Loaded kernel module /lib/modules/exynos-adv-tracer-s2d.ko
[    0.403249] init: Loading module /lib/modules/pixel-boot-metrics.ko with args ''
[    0.403281] load_integrated_module: module 'pixel_boot_metrics' not found
[    0.403290] init: Loaded kernel module /lib/modules/pixel-boot-metrics.ko
[    0.403328] init: Loading module /lib/modules/vh_fs.ko with args ''
[    0.403404] init: Loaded kernel module /lib/modules/vh_fs.ko
[    0.403441] init: Loading module /lib/modules/vh_mm.ko with args ''
[    0.403480] load_integrated_module: module 'vh_mm' not found
[    0.403490] init: Loaded kernel module /lib/modules/vh_mm.ko
[    0.403526] init: Loading module /lib/modules/vh_cgroup.ko with args ''
[    0.403557] load_integrated_module: module 'vh_cgroup' not found
[    0.403566] init: Loaded kernel module /lib/modules/vh_cgroup.ko
[    0.403662] init: Loading module /lib/modules/exynos-cpuhp.ko with args ''
[    0.403696] load_integrated_module: module 'exynos_cpuhp' not found
[    0.403706] init: Loaded kernel module /lib/modules/exynos-cpuhp.ko
[    0.403743] init: Loading module /lib/modules/vh_thermal.ko with args ''
[    0.403806] init: Loaded kernel module /lib/modules/vh_thermal.ko
[    0.403861] init: Loading module /lib/modules/gs_thermal.ko with args ''
[    0.404185] gs-tmu 100a0000.BIG: Failed to get TMU type
[    0.404191] gs-tmu 100a0000.BIG: tmu type: 0 
[    0.404596] GOV: Asynchronous notification enabled
[    0.405258] thermal thermal_zone0: failed to read out thermal zone (-22)
[    0.405404] [acpm_tmu] tz 0 threshold: 0:20 1:65 2:90 3:93 4:70 5:97 6:100 7:112
[    0.405541] [acpm_tmu] tz 0 hysteresis: 0:5 1:5 2:0 3:93 4:5 5:2 6:5 7:3
[    0.409137] Disable tz_id: 0 thermal genl event
[    0.409486] gs-tmu 100a0000.MID: Failed to get TMU type
[    0.409492] gs-tmu 100a0000.MID: tmu type: 0 
[    0.409939] thermal thermal_zone1: failed to read out thermal zone (-22)
[    0.410079] [acpm_tmu] tz 1 threshold: 0:20 1:75 2:95 3:97 4:99 5:101 6:105 7:112
[    0.410234] [acpm_tmu] tz 1 hysteresis: 0:5 1:5 2:0 3:93 4:0 5:2 6:5 7:3
[    0.412398] Disable tz_id: 1 thermal genl event
[    0.412853] gs-tmu 100a0000.LITTLE: Failed to get TMU type
[    0.412861] gs-tmu 100a0000.LITTLE: tmu type: 0 
[    0.413451] thermal thermal_zone2: failed to read out thermal zone (-22)
[    0.413601] [acpm_tmu] tz 2 threshold: 0:20 1:75 2:95 3:97 4:98 5:99 6:105 7:112
[    0.413741] [acpm_tmu] tz 2 hysteresis: 0:5 1:5 2:0 3:97 4:0 5:0 6:5 7:3
[    0.416314] Disable tz_id: 2 thermal genl event
[    0.416810] gs-tmu 100b0000.G3D: Failed to get TMU type
[    0.416815] gs-tmu 100b0000.G3D: tmu type: 0 
[    0.416830] gs-tmu 100b0000.G3D: No input mpmm_enable
[    0.416834] gs-tmu 100b0000.G3D: No input mpmm_throttle_level
[    0.416838] gs-tmu 100b0000.G3D: No input mpmm_clr_throttle_level
[    0.417461] thermal thermal_zone3: failed to read out thermal zone (-22)
[    0.417586] [acpm_tmu] tz 3 threshold: 0:20 1:70 2:90 3:95 4:98 5:102 6:100 7:115
[    0.417705] [acpm_tmu] tz 3 hysteresis: 0:5 1:5 2:0 3:0 4:98 5:2 6:5 7:3
[    0.419995] Disable tz_id: 3 thermal genl event
[    0.420516] gs-tmu 100b0000.ISP: Failed to get TMU type
[    0.420522] gs-tmu 100b0000.ISP: tmu type: 0 
[    0.420528] gs-tmu 100b0000.ISP: polling_delay_on is out of range, using min value 10
[    0.420533] gs-tmu 100b0000.ISP: No input control_temp_step
[    0.420540] gs-tmu 100b0000.ISP: No input mpmm_enable
[    0.420544] gs-tmu 100b0000.ISP: No input mpmm_throttle_level
[    0.420548] gs-tmu 100b0000.ISP: No input mpmm_clr_throttle_level
[    0.421181] thermal thermal_zone4: failed to read out thermal zone (-22)
[    0.421305] [acpm_tmu] tz 4 threshold: 0:20 1:70 2:90 3:95 4:98 5:102 6:100 7:115
[    0.421424] [acpm_tmu] tz 4 hysteresis: 0:5 1:5 2:0 3:0 4:98 5:102 6:100 7:3
[    0.422357] [ISP TMU] index : 0, fps : 60
[    0.422363] [ISP TMU] index : 1, fps : 15
[    0.422366] [ISP TMU] index : 2, fps : 5
[    0.422545] Fail to find device node
[    0.422548] Disable tz_id: 4 thermal genl event
[    0.423163] gs-tmu 100b0000.TPU: Failed to get TMU type
[    0.423169] gs-tmu 100b0000.TPU: tmu type: 0 
[    0.423183] gs-tmu 100b0000.TPU: No input mpmm_enable
[    0.423187] gs-tmu 100b0000.TPU: No input mpmm_throttle_level
[    0.423190] gs-tmu 100b0000.TPU: No input mpmm_clr_throttle_level
[    0.424002] thermal thermal_zone5: failed to read out thermal zone (-22)
[    0.424129] [acpm_tmu] tz 5 threshold: 0:20 1:70 2:90 3:95 4:98 5:102 6:100 7:115
[    0.424247] [acpm_tmu] tz 5 hysteresis: 0:5 1:5 2:0 3:0 4:98 5:2 6:5 7:3
[    0.426547] Disable tz_id: 5 thermal genl event
[    0.427247] gs-tmu 100b0000.AUR: Failed to get TMU type
[    0.427253] gs-tmu 100b0000.AUR: tmu type: 0 
[    0.427258] gs-tmu 100b0000.AUR: No input control_temp_step
[    0.427266] gs-tmu 100b0000.AUR: No input mpmm_enable
[    0.427270] gs-tmu 100b0000.AUR: No input mpmm_throttle_level
[    0.427273] gs-tmu 100b0000.AUR: No input mpmm_clr_throttle_level
[    0.428200] thermal thermal_zone6: failed to read out thermal zone (-22)
[    0.428325] [acpm_tmu] tz 6 threshold: 0:20 1:70 2:90 3:95 4:98 5:102 6:100 7:115
[    0.428442] [acpm_tmu] tz 6 hysteresis: 0:5 1:5 2:0 3:0 4:98 5:2 6:5 7:3
[    0.430249] Disable tz_id: 6 thermal genl event
[    0.431099] init: Loaded kernel module /lib/modules/gs_thermal.ko
[    0.431220] init: Loading module /lib/modules/exynos-dm.ko with args ''
[    0.431306] load_integrated_module: module 'exynos_dm' not found
[    0.431317] init: Loaded kernel module /lib/modules/exynos-dm.ko
[    0.431329] init: Loading module /lib/modules/exynos-acme.ko with args ''
[    0.431765] exynos_acme: Complete to initialize cpufreq-domain0
[    0.431769] exynos_acme: CPUFREQ of domain0 cal-id : 0xb040002
[    0.431777] exynos_acme: CPUFREQ of domain0 sibling cpus : 0-3
[    0.431781] exynos_acme: CPUFREQ of domain0 boot freq = 1197000 kHz, resume freq = 1425000 kHz
[    0.431785] exynos_acme: CPUFREQ of domain0 max freq : 1950000 kHz, min freq : 820000 kHz
[    0.431789] exynos_acme: CPUFREQ of domain0 table size = 10
[    0.431793] exynos_acme: CPUFREQ of domain0 : L0    820000 kHz
[    0.431797] exynos_acme: CPUFREQ of domain0 : L1    955000 kHz
[    0.431801] exynos_acme: CPUFREQ of domain0 : L2   1098000 kHz
[    0.431804] exynos_acme: CPUFREQ of domain0 : L3   1197000 kHz
[    0.431807] exynos_acme: CPUFREQ of domain0 : L4   1328000 kHz
[    0.431810] exynos_acme: CPUFREQ of domain0 : L5   1425000 kHz
[    0.431814] exynos_acme: CPUFREQ of domain0 : L6   1548000 kHz
[    0.431817] exynos_acme: CPUFREQ of domain0 : L7   1696000 kHz
[    0.431820] exynos_acme: CPUFREQ of domain0 : L8   1849000 kHz
[    0.431823] exynos_acme: CPUFREQ of domain0 : L9   1950000 kHz
[    0.432260] exynos_acme: Complete to initialize cpufreq-domain1
[    0.432264] exynos_acme: CPUFREQ of domain1 cal-id : 0xb040003
[    0.432267] exynos_acme: CPUFREQ of domain1 sibling cpus : 4-6
[    0.432271] exynos_acme: CPUFREQ of domain1 boot freq = 1065000 kHz, resume freq = 1795000 kHz
[    0.432275] exynos_acme: CPUFREQ of domain1 max freq : 2600000 kHz, min freq : 357000 kHz
[    0.432279] exynos_acme: CPUFREQ of domain1 table size = 17
[    0.432281] exynos_acme: CPUFREQ of domain1 : L0    357000 kHz
[    0.432285] exynos_acme: CPUFREQ of domain1 : L1    578000 kHz
[    0.432288] exynos_acme: CPUFREQ of domain1 : L2    648000 kHz
[    0.432291] exynos_acme: CPUFREQ of domain1 : L3    787000 kHz
[    0.432294] exynos_acme: CPUFREQ of domain1 : L4    910000 kHz
[    0.432297] exynos_acme: CPUFREQ of domain1 : L5   1065000 kHz
[    0.432300] exynos_acme: CPUFREQ of domain1 : L6   1221000 kHz
[    0.432304] exynos_acme: CPUFREQ of domain1 : L7   1328000 kHz
[    0.432307] exynos_acme: CPUFREQ of domain1 : L8   1418000 kHz
[    0.432310] exynos_acme: CPUFREQ of domain1 : L9   1549000 kHz
[    0.432313] exynos_acme: CPUFREQ of domain1 : L10  1795000 kHz
[    0.432316] exynos_acme: CPUFREQ of domain1 : L11  1945000 kHz
[    0.432319] exynos_acme: CPUFREQ of domain1 : L12  2130000 kHz
[    0.432322] exynos_acme: CPUFREQ of domain1 : L13  2245000 kHz
[    0.432326] exynos_acme: CPUFREQ of domain1 : L14  2367000 kHz
[    0.432329] exynos_acme: CPUFREQ of domain1 : L15  2450000 kHz
[    0.432332] exynos_acme: CPUFREQ of domain1 : L16  2600000 kHz
[    0.433278] exynos_acme: Complete to initialize cpufreq-domain2
[    0.433282] exynos_acme: CPUFREQ of domain2 cal-id : 0xb040004
[    0.433285] exynos_acme: CPUFREQ of domain2 sibling cpus : 7
[    0.433288] exynos_acme: CPUFREQ of domain2 boot freq = 1164000 kHz, resume freq = 1164000 kHz
[    0.433292] exynos_acme: CPUFREQ of domain2 max freq : 3105000 kHz, min freq : 700000 kHz
[    0.433295] exynos_acme: CPUFREQ of domain2 table size = 18
[    0.433299] exynos_acme: CPUFREQ of domain2 : L0    700000 kHz
[    0.433302] exynos_acme: CPUFREQ of domain2 : L1   1164000 kHz
[    0.433305] exynos_acme: CPUFREQ of domain2 : L2   1396000 kHz
[    0.433308] exynos_acme: CPUFREQ of domain2 : L3   1557000 kHz
[    0.433311] exynos_acme: CPUFREQ of domain2 : L4   1745000 kHz
[    0.433314] exynos_acme: CPUFREQ of domain2 : L5   1885000 kHz
[    0.433317] exynos_acme: CPUFREQ of domain2 : L6   1999000 kHz
[    0.433320] exynos_acme: CPUFREQ of domain2 : L7   2147000 kHz
[    0.433323] exynos_acme: CPUFREQ of domain2 : L8   2294000 kHz
[    0.433326] exynos_acme: CPUFREQ of domain2 : L9   2363000 kHz
[    0.433329] exynos_acme: CPUFREQ of domain2 : L10  2499000 kHz
[    0.433332] exynos_acme: CPUFREQ of domain2 : L11  2687000 kHz
[    0.433335] exynos_acme: CPUFREQ of domain2 : L12  2802000 kHz
[    0.433338] exynos_acme: CPUFREQ of domain2 : L13  2914000 kHz
[    0.433341] exynos_acme: CPUFREQ of domain2 : L14  2943000 kHz
[    0.433344] exynos_acme: CPUFREQ of domain2 : L15  2970000 kHz
[    0.433347] exynos_acme: CPUFREQ of domain2 : L16  3015000 kHz
[    0.433350] exynos_acme: CPUFREQ of domain2 : L17  3105000 kHz
[    0.434317] exynos_acme: CPUFREQ domain0 registered
[    0.434698] cpufreq: __target_index: Failed to change cpu frequency: -22
[    0.434842] exynos_acme: CPUFREQ domain1 registered
[    0.435118] cpufreq: __target_index: Failed to change cpu frequency: -22
[    0.435260] exynos_acme: CPUFREQ domain2 registered
[    0.436608] cpufreq: __target_index: Failed to change cpu frequency: -22
[    0.436629] cpu cpu0: EM: created perf domain
[    0.436647] cpu cpu4: EM: created perf domain
[    0.436661] cpu cpu7: EM: created perf domain
[    0.436673] cpufreq: __target_index: Failed to change cpu frequency: -22
[    0.436680] cpufreq: __target_index: Failed to change cpu frequency: -22
[    0.436706] cpu_cooling 0: freq:1950000 KHz
[    0.436710] cpu_cooling 0: freq:1849000 KHz
[    0.436713] cpu_cooling 0: freq:1696000 KHz
[    0.436716] cpu_cooling 0: freq:1548000 KHz
[    0.436719] cpu_cooling 0: freq:1425000 KHz
[    0.436722] cpu_cooling 0: freq:1328000 KHz
[    0.436725] cpu_cooling 0: freq:1197000 KHz
[    0.436727] cpu_cooling 0: freq:1098000 KHz
[    0.436730] cpu_cooling 0: freq:955000 KHz
[    0.436733] cpu_cooling 0: freq:820000 KHz
[    0.436738] cpu_cooling 0: freq:1950000 power: 243, mV: 843, cap: 176
[    0.436743] cpu_cooling 0: freq:1849000 power: 204, mV: 793, cap: 176
[    0.436748] cpu_cooling 0: freq:1696000 power: 176, mV: 768, cap: 176
[    0.436752] cpu_cooling 0: freq:1548000 power: 147, mV: 737, cap: 176
[    0.436756] cpu_cooling 0: freq:1425000 power: 127, mV: 712, cap: 176
[    0.436760] cpu_cooling 0: freq:1328000 power: 112, mV: 693, cap: 176
[    0.436764] cpu_cooling 0: freq:1197000 power: 92, mV: 662, cap: 176
[    0.436768] cpu_cooling 0: freq:1098000 power: 81, mV: 650, cap: 176
[    0.436772] cpu_cooling 0: freq:955000 power: 66, mV: 631, cap: 176
[    0.436777] cpu_cooling 0: freq:820000 power: 52, mV: 606, cap: 176
[    0.436824] build_static_power_table: Failed to get param table from ECT
[    0.437616] parse_ect_cooling_level: (LITTLE, 0)instance isn't valid
[    0.437622] cpu cooling registered for cpu: 0, capacitance: 176, power_callback: true, static_power: false
[    0.437638] exynos_acme: Skipping boot pm_qos domain0
[    0.437692] cpufreq: __target_index: Failed to change cpu frequency: -22
[    0.437701] cpufreq: __target_index: Failed to change cpu frequency: -22
[    0.437724] cpu_cooling 4: freq:2600000 KHz
[    0.437728] cpu_cooling 4: freq:2450000 KHz
[    0.437731] cpu_cooling 4: freq:2367000 KHz
[    0.437734] cpu_cooling 4: freq:2245000 KHz
[    0.437738] cpu_cooling 4: freq:2130000 KHz
[    0.437741] cpu_cooling 4: freq:1945000 KHz
[    0.437744] cpu_cooling 4: freq:1795000 KHz
[    0.437746] cpu_cooling 4: freq:1549000 KHz
[    0.437749] cpu_cooling 4: freq:1418000 KHz
[    0.437752] cpu_cooling 4: freq:1328000 KHz
[    0.437755] cpu_cooling 4: freq:1221000 KHz
[    0.437757] cpu_cooling 4: freq:1065000 KHz
[    0.437760] cpu_cooling 4: freq:910000 KHz
[    0.437763] cpu_cooling 4: freq:787000 KHz
[    0.437766] cpu_cooling 4: freq:648000 KHz
[    0.437768] cpu_cooling 4: freq:578000 KHz
[    0.437771] cpu_cooling 4: freq:357000 KHz
[    0.437777] cpu_cooling 4: freq:2600000 power: 833, mV: 993, cap: 325
[    0.437781] cpu_cooling 4: freq:2450000 power: 699, mV: 937, cap: 325
[    0.437785] cpu_cooling 4: freq:2367000 power: 639, mV: 912, cap: 325
[    0.437789] cpu_cooling 4: freq:2245000 power: 558, mV: 875, cap: 325
[    0.437793] cpu_cooling 4: freq:2130000 power: 500, mV: 850, cap: 325
[    0.437798] cpu_cooling 4: freq:1945000 power: 404, mV: 800, cap: 325
[    0.437802] cpu_cooling 4: freq:1795000 power: 333, mV: 756, cap: 325
[    0.437806] cpu_cooling 4: freq:1549000 power: 246, mV: 700, cap: 325
[    0.437810] cpu_cooling 4: freq:1418000 power: 205, mV: 668, cap: 325
[    0.437813] cpu_cooling 4: freq:1328000 power: 182, mV: 650, cap: 325
[    0.437817] cpu_cooling 4: freq:1221000 power: 161, mV: 637, cap: 325
[    0.437821] cpu_cooling 4: freq:1065000 power: 129, mV: 612, cap: 325
[    0.437825] cpu_cooling 4: freq:910000 power: 101, mV: 587, cap: 325
[    0.437829] cpu_cooling 4: freq:787000 power: 86, mV: 581, cap: 325
[    0.437832] cpu_cooling 4: freq:648000 power: 66, mV: 562, cap: 325
[    0.437837] cpu_cooling 4: freq:578000 power: 58, mV: 556, cap: 325
[    0.437841] cpu_cooling 4: freq:357000 power: 31, mV: 525, cap: 325
[    0.438671] cpu cooling registered for cpu: 4, capacitance: 325, power_callback: true, static_power: true
[    0.438689] exynos_acme: Skipping boot pm_qos domain1
[    0.438729] cpufreq: __target_index: Failed to change cpu frequency: -22
[    0.438737] cpufreq: __target_index: Failed to change cpu frequency: -22
[    0.438757] cpu_cooling 7: freq:3105000 KHz
[    0.438761] cpu_cooling 7: freq:3015000 KHz
[    0.438765] cpu_cooling 7: freq:2970000 KHz
[    0.438768] cpu_cooling 7: freq:2943000 KHz
[    0.438771] cpu_cooling 7: freq:2914000 KHz
[    0.438774] cpu_cooling 7: freq:2802000 KHz
[    0.438777] cpu_cooling 7: freq:2687000 KHz
[    0.438780] cpu_cooling 7: freq:2499000 KHz
[    0.438783] cpu_cooling 7: freq:2363000 KHz
[    0.438786] cpu_cooling 7: freq:2294000 KHz
[    0.438789] cpu_cooling 7: freq:2147000 KHz
[    0.438792] cpu_cooling 7: freq:1999000 KHz
[    0.438794] cpu_cooling 7: freq:1885000 KHz
[    0.438797] cpu_cooling 7: freq:1745000 KHz
[    0.438800] cpu_cooling 7: freq:1557000 KHz
[    0.438802] cpu_cooling 7: freq:1396000 KHz
[    0.438805] cpu_cooling 7: freq:1164000 KHz
[    0.438808] cpu_cooling 7: freq:700000 KHz
[    0.438813] cpu_cooling 7: freq:3105000 power: 2774, mV: 1093, cap: 748
[    0.438817] cpu_cooling 7: freq:3015000 power: 2486, mV: 1050, cap: 748
[    0.438821] cpu_cooling 7: freq:2970000 power: 2416, mV: 1043, cap: 748
[    0.438825] cpu_cooling 7: freq:2943000 power: 2367, mV: 1037, cap: 748
[    0.438829] cpu_cooling 7: freq:2914000 power: 2290, mV: 1025, cap: 748
[    0.438833] cpu_cooling 7: freq:2802000 power: 1992, mV: 975, cap: 748
[    0.438837] cpu_cooling 7: freq:2687000 power: 1742, mV: 931, cap: 748
[    0.438841] cpu_cooling 7: freq:2499000 power: 1431, mV: 875, cap: 748
[    0.438844] cpu_cooling 7: freq:2363000 power: 1238, mV: 837, cap: 748
[    0.438848] cpu_cooling 7: freq:2294000 power: 1148, mV: 818, cap: 748
[    0.438852] cpu_cooling 7: freq:2147000 power: 994, mV: 787, cap: 748
[    0.438856] cpu_cooling 7: freq:1999000 power: 812, mV: 737, cap: 748
[    0.438859] cpu_cooling 7: freq:1885000 power: 726, mV: 718, cap: 748
[    0.438863] cpu_cooling 7: freq:1745000 power: 626, mV: 693, cap: 748
[    0.438867] cpu_cooling 7: freq:1557000 power: 510, mV: 662, cap: 748
[    0.438871] cpu_cooling 7: freq:1396000 power: 415, mV: 631, cap: 748
[    0.438875] cpu_cooling 7: freq:1164000 power: 313, mV: 600, cap: 748
[    0.438879] cpu_cooling 7: freq:700000 power: 161, mV: 556, cap: 748
[    0.439656] cpu cooling registered for cpu: 7, capacitance: 748, power_callback: true, static_power: true
[    0.439669] exynos_acme: Skipping boot pm_qos domain2
[    0.439701] exynos_acme: Initialized Exynos cpufreq driver
[    0.439892] init: Loaded kernel module /lib/modules/exynos-acme.ko
[    0.439911] init: Loading module /lib/modules/pixel_em.ko with args ''
[    0.439965] exynos-devfreq-driver 17000020.devfreq_int: Registered device successfully
[    0.439980] load_integrated_module: module 'pixel_em' not found
[    0.439991] init: Loaded kernel module /lib/modules/pixel_em.ko
[    0.440084] init: Loading module /lib/modules/gvotable.ko with args ''
[    0.440160] init: Loaded kernel module /lib/modules/gvotable.ko
[    0.440169] exynos-devfreq-driver 17000030.devfreq_intcam: Registered device successfully
[    0.440202] init: Loading module /lib/modules/xhci-goog-dma.ko with args ''
[    0.440270] init: Loaded kernel module /lib/modules/xhci-goog-dma.ko
[    0.440353] init: Loading module /lib/modules/dwc3-exynos-usb.ko with args ''
[    0.440436] init: Loaded kernel module /lib/modules/dwc3-exynos-usb.ko
[    0.440448] init: Loading module /lib/modules/exynos-pd.ko with args ''
[    0.440506] init: Loaded kernel module /lib/modules/exynos-pd.ko
[    0.440546] init: Loading module /lib/modules/exynos-pd-dbg.ko with args ''
[    0.440566] exynos-devfreq-driver 17000040.devfreq_disp: Registered device successfully
[    0.440752] exynos-devfreq-driver 17000050.devfreq_cam: Registered device successfully
[    0.440757] exynos_pd: pd-dpub sync_state: children need sync
[    0.440938] exynos-devfreq-driver 17000060.devfreq_tnr: Registered device successfully
[    0.441125] exynos-devfreq-driver 17000070.devfreq_mfc: Registered device successfully
[    0.441257] init: Loaded kernel module /lib/modules/exynos-pd-dbg.ko
[    0.441313] exynos-devfreq-driver 17000080.devfreq_bw: Registered device successfully
[    0.441346] init: Loading module /lib/modules/acpm_flexpmu_dbg.ko with args ''
[    0.441410] exynos-devfreq-driver 170000a0.devfreq_bci: Registered device successfully
[    0.441606] exynos-devfreq-driver 17000090.devfreq_dsu: Registered device successfully
[    0.441635] ACPM-FLEXPMU-DBG:  exynos_flexpmu_dbg_probe: FLEXPMU_DBG buffer with size 1024 found
[    0.441712] init: Loaded kernel module /lib/modules/acpm_flexpmu_dbg.ko
[    0.441725] init: Loading module /lib/modules/exynos-pm.ko with args ''
[    0.441909] exynos-pm 154d0000.exynos-pm: can't request region for resource [mem 0x10400204-0x10400303]
[    0.441918] exynos-pm 154d0000.exynos-pm: drvinit: unable to map gic dist registers, ret=-16
[    0.442008] init: Loaded kernel module /lib/modules/exynos-pm.ko
[    0.442070] init: Loading module /lib/modules/power_stats.ko with args ''
[    0.442132] exynos-devfreq-driver 17000010.devfreq_mif: Registered device successfully
[    0.442944] init: Loaded kernel module /lib/modules/power_stats.ko
[    0.442992] init: Loading module /lib/modules/slc_pt.ko with args ''
[    0.443178] init: Loaded kernel module /lib/modules/slc_pt.ko
[    0.443256] init: Loading module /lib/modules/slc_dummy.ko with args ''
[    0.443623] init: Loaded kernel module /lib/modules/slc_dummy.ko
[    0.443713] init: Loading module /lib/modules/slc_pmon.ko with args ''
[    0.443795] init: Loaded kernel module /lib/modules/slc_pmon.ko
[    0.443807] init: Loading module /lib/modules/slc_acpm.ko with args ''
[    0.443970] google,slc-acpm slc-acpm: channel 10
[    0.446766] google,slc-acpm slc-acpm: found valid acpm firmware 1.8.
[    0.446780] google,slc-acpm slc-acpm: Asynchronous notification enabled
[    0.446882] init: Loaded kernel module /lib/modules/slc_acpm.ko
[    0.446947] init: Loading module /lib/modules/gsa_gsc.ko with args ''
[    0.447473] gsa-gsc 16490000.gsa-ns:gsa_gsc@0: Initiliazed
[    0.447529] init: Loaded kernel module /lib/modules/gsa_gsc.ko
[    0.447593] init: Loading module /lib/modules/exynos-bcm_dbg-dump.ko with args ''
[    0.447659] load_integrated_module: module 'exynos_bcm_dbg_dump' not found
[    0.447670] init: Loaded kernel module /lib/modules/exynos-bcm_dbg-dump.ko
[    0.447722] init: Loading module /lib/modules/gnss_spi.ko with args ''
[    0.447808] SPI driver gnss_spi has no spi_device_id for samsung,gnss-spi
[    0.447849] init: Loaded kernel module /lib/modules/gnss_spi.ko
[    0.447896] init: Loading module /lib/modules/gnssif.ko with args ''
[    0.448295] gif: gnss_probe: Exynos GNSS interface driver probe begins
[    0.448312] gif: gnss_probe: gnssif: +++
[    0.448322] gif: parse_dt_common_pdata: device name: KEPLER node name: gnss_ipc
[    0.448330] gif: gnss_if_parse_dt_pdata: DT parse complete!
[    0.448387] gif: gif_configure_irq: name:kepler_spi_irq_handler num:164 flags:0x00080004
[    0.448417] gif: gif_request_irq: kepler_spi_irq_handler(#164) handler registered (flags:0x00080004)
[    0.448465] gif: create_link_device: +++
[    0.448605] gif: create_link_device: ---
[    0.448614] gif: create_io_device: +++
[    0.448620] gif: init_io_device: +++
[    0.448681] gif: init_io_device: ---
[    0.448691] gif: create_io_device: ---
[    0.448800] gif: gnss_probe: gnssif: ---
[    0.448897] init: Loaded kernel module /lib/modules/gnssif.ko
[    0.449018] init: Loading module /lib/modules/pkvm-s2mpu-v9.ko with args ''
[    0.449206] init: Loaded kernel module /lib/modules/pkvm-s2mpu-v9.ko
[    0.449229] init: Loading module /lib/modules/eh.ko with args ''
[    0.449464] eh: starting probing
[    0.455157] eh: starting probing done
[    0.455623] init: Loaded kernel module /lib/modules/eh.ko
[    0.455813] init: Loading module /lib/modules/gcma.ko with args ''
[    0.456687] init: Loaded kernel module /lib/modules/gcma.ko
[    0.456870] init: Loading module /lib/modules/s3c2410_wdt.ko with args ''
[    0.457957] s3c2410-wdt 10060000.watchdog_cl0: watchdog cluster0 probe
[    0.457972] s3c2410-wdt 10060000.watchdog_cl0: It is not a multistage watchdog.
[    0.458571] s3c2410-wdt 10060000.watchdog_cl0: NONCPU_INT_EN reg val: 32c
[    0.458692] s3c2410-wdt 10060000.watchdog_cl0: probe: mapped reg_base=000000003dbb38fa
[    0.458910] s3c2410-wdt 10060000.watchdog_cl0: Watchdog cluster 0 stop done, WTCON = 15718
[    0.458932] s3c2410-wdt 10060000.watchdog_cl0: NONCPU_OUT set true done, val = 33fff10, en= 1
[    0.458946] s3c2410-wdt 10060000.watchdog_cl0: NONCPU_INT_EN set true done, val = 32c, mask = 0
[    0.459241] s3c2410-wdt 10060000.watchdog_cl0: Watchdog cluster 0 stop done, WTCON = 15718
[    0.459257] debug-snapshot dss: Add wdt start, wdt expire, wdt stop functions from platform_probe.lto_priv.0+0x78/0x140
[    0.459313] s3c2410-wdt 10060000.watchdog_cl0: watchdog cluster 0, inactive, reset disabled, irq disabled
[    0.459328] s3c2410-wdt 10060000.watchdog_cl0: DBGACK enabled
[    0.459343] s3c2410-wdt 10060000.watchdog_cl0: windowed watchdog disabled, wtmincnt=1ff5e
[    0.459353] Multistage watchdog disabled
[    0.459423] s3c2410-wdt 10070000.watchdog_cl1: watchdog cluster1 probe
[    0.459444] s3c2410-wdt 10070000.watchdog_cl1: NONCPU_INT_EN reg val: 1
[    0.459480] s3c2410-wdt 10070000.watchdog_cl1: probe: mapped reg_base=0000000009b27952
[    0.459532] s3c2410-wdt 10070000.watchdog_cl1: Watchdog cluster 1 stop done, WTCON = 15700
[    0.459553] s3c2410-wdt 10070000.watchdog_cl1: NONCPU_OUT set true done, val = 10, en= 1
[    0.459572] s3c2410-wdt 10070000.watchdog_cl1: Watchdog cluster 1 stop done, WTCON = 15700
[    0.459584] s3c2410-wdt 10070000.watchdog_cl1: watchdog cluster 1, inactive, reset disabled, irq disabled
[    0.459594] s3c2410-wdt 10070000.watchdog_cl1: DBGACK enabled
[    0.459605] s3c2410-wdt 10070000.watchdog_cl1: windowed watchdog disabled, wtmincnt=1ff5e
[    0.459613] Multistage watchdog enabled
[    0.459889] init: Loaded kernel module /lib/modules/s3c2410_wdt.ko
[    0.459921] init: Loading module /lib/modules/hardlockup-debug.ko with args ''
[    0.460238] hardlockup-debug-driver hardlockup-debugger: success to register all-core lockup detector - ret: 0
[    0.460259] hardlockup-debug-driver hardlockup-debugger: Initialized hardlockup debug dump successfully.
[    0.460515] init: Loaded kernel module /lib/modules/hardlockup-debug.ko
[    0.460588] init: Loading module /lib/modules/pixel_stat_sysfs.ko with args ''
[    0.460659] load_integrated_module: module 'pixel_stat_sysfs' not found
[    0.460673] init: Loaded kernel module /lib/modules/pixel_stat_sysfs.ko
[    0.460726] init: Loading module /lib/modules/pixel_stat_mm.ko with args ''
[    0.460826] load_integrated_module: module 'pixel_stat_mm' not found
[    0.460842] init: Loaded kernel module /lib/modules/pixel_stat_mm.ko
[    0.460899] init: Loading module /lib/modules/perf_trace_counters.ko with args ''
[    0.460959] load_integrated_module: module 'perf_trace_counters' not found
[    0.460972] init: Loaded kernel module /lib/modules/perf_trace_counters.ko
[    0.461021] init: Loading module /lib/modules/google_modemctl.ko with args ''
[    0.461102] init: Loaded kernel module /lib/modules/google_modemctl.ko
[    0.461154] init: Loading module /lib/modules/pmic_class.ko with args ''
[    0.461311] init: Loaded kernel module /lib/modules/pmic_class.ko
[    0.461412] init: Loading module /lib/modules/s2mpg15-mfd.ko with args ''
[    0.461563] init: Loaded kernel module /lib/modules/s2mpg15-mfd.ko
[    0.461621] init: Loading module /lib/modules/s2mpg14-mfd.ko with args ''
[    0.461732] init: Loaded kernel module /lib/modules/s2mpg14-mfd.ko
[    0.461745] init: Loading module /lib/modules/s2mpg14-regulator.ko with args ''
[    0.461932] init: Loaded kernel module /lib/modules/s2mpg14-regulator.ko
[    0.461991] init: Loading module /lib/modules/s2mpg14-powermeter.ko with args ''
[    0.462134] init: Loaded kernel module /lib/modules/s2mpg14-powermeter.ko
[    0.462234] init: Loading module /lib/modules/s2mpg15-regulator.ko with args ''
[    0.462414] init: Loaded kernel module /lib/modules/s2mpg15-regulator.ko
[    0.462495] init: Loading module /lib/modules/s2mpg15-powermeter.ko with args ''
[    0.462642] init: Loaded kernel module /lib/modules/s2mpg15-powermeter.ko
[    0.462688] init: Loading module /lib/modules/slg51002-regulator.ko with args ''
[    0.462833] init: Loaded kernel module /lib/modules/slg51002-regulator.ko
[    0.462906] init: Loading module /lib/modules/exynos_tty.ko with args ''
[    0.463317] exynos-uart 155d0000.serial: set usi mode - 0x1
[    0.463391] exynos-uart 155d0000.serial: error -6: IRQ index 1 not found
[    0.463406] exynos-uart 155d0000.serial: No explicit src-clk. Use default src-clk
[    0.463475] 155d0000.serial: ttySAC18 at MMIO 0x155d0000 (irq = 169, base_baud = 0) is a S3C6400/10
[    0.463802] exynos-uart 155d0000.serial: probe: logbuffer get failed
[    0.463917] exynos-uart 10870000.uart: usi offset is not specified
[    0.463924] exynos-uart 10870000.uart: no lookup for usi-phandle.
[    0.463973] exynos-uart 10870000.uart: error -6: IRQ index 1 not found
[    0.463982] exynos-uart 10870000.uart: No explicit src-clk. Use default src-clk
[    0.464018] 10870000.uart: ttySAC0 at MMIO 0x10870000 (irq = 170, base_baud = 0) is a S3C6400/10
[    0.464269] init: Loaded kernel module /lib/modules/exynos_tty.ko
[    0.464337] init: Loading module /lib/modules/samsung-iommu-group.ko with args ''
[    0.465150] init: Loaded kernel module /lib/modules/samsung-iommu-group.ko
[    0.465199] init: Loading module /lib/modules/samsung-secure-iova.ko with args ''
[    0.465291] init: Loaded kernel module /lib/modules/samsung-secure-iova.ko
[    0.465335] init: Loading module /lib/modules/iovad-vendor-hooks.ko with args ''
[    0.465631] init: Loaded kernel module /lib/modules/iovad-vendor-hooks.ko
[    0.465684] init: Loading module /lib/modules/samsung_iommu_v9.ko with args ''
[    0.467695] samsung-sysmmu-v9 1a640000.sysmmu: initialized IOMMU. Ver 9.0.0, no gate clock
[    0.469937] samsung-sysmmu-v9 1a870000.sysmmu: initialized IOMMU. Ver 9.0.0, no gate clock
[    0.472582] samsung-sysmmu-v9 19840000.sysmmu: initialized IOMMU. Ver 9.0.0, no gate clock
[    0.474803] samsung-sysmmu-v9 19c40000.sysmmu: initialized IOMMU. Ver 9.0.0, no gate clock
[    0.477024] samsung-sysmmu-v9 1c110000.sysmmu: initialized IOMMU. Ver 9.0.0, no gate clock
[    0.479344] samsung-sysmmu-v9 1c150000.sysmmu: initialized IOMMU. Ver 9.0.0, no gate clock
[    0.481445] samsung-sysmmu-v9 1c190000.sysmmu: initialized IOMMU. Ver 9.0.0, no gate clock
[    0.481468] exynos_pd: pd-ispfe sync_state: turn_off = 1
[    0.483931] samsung-sysmmu-v9 1d870000.sysmmu: initialized IOMMU. Ver 9.0.0, no gate clock
[    0.486073] samsung-sysmmu-v9 1a340000.sysmmu: initialized IOMMU. Ver 9.0.0, no gate clock
[    0.486095] exynos_pd: pd-tpu sync_state: turn_off = 1
[    0.488498] samsung-sysmmu-v9 1c870000.sysmmu: initialized IOMMU. Ver 9.0.0, no gate clock
[    0.490719] samsung-sysmmu-v9 1cc80000.sysmmu: initialized IOMMU. Ver 9.0.0, no gate clock
[    0.493000] samsung-sysmmu-v9 1ccc0000.sysmmu: initialized IOMMU. Ver 9.0.0, no gate clock
[    0.495042] samsung-sysmmu-v9 1cd00000.sysmmu: initialized IOMMU. Ver 9.0.0, no gate clock
[    0.497135] samsung-sysmmu-v9 1c4a0000.sysmmu: initialized IOMMU. Ver 9.0.0, no gate clock
[    0.499304] samsung-sysmmu-v9 1c4e0000.sysmmu: initialized IOMMU. Ver 9.0.0, no gate clock
[    0.500391] samsung-sysmmu-v9 101c0000.sysmmu: initialized IOMMU. Ver 9.0.0, no gate clock
[    0.502896] samsung-sysmmu-v9 1a470000.sysmmu: initialized IOMMU. Ver 9.0.0, no gate clock
[    0.502921] exynos_pd: pd-mfc sync_state: turn_off = 1
[    0.505542] samsung-sysmmu-v9 1d0a0000.sysmmu: initialized IOMMU. Ver 9.0.0, no gate clock
[    0.506319] samsung-sysmmu-v9 11040000.sysmmu: initialized IOMMU. Ver 9.0.0, no gate clock
[    0.507170] samsung-sysmmu-v9 16440000.sysmmu: initialized IOMMU. Ver 9.0.0, no gate clock
[    0.509337] samsung-sysmmu-v9 1d4c0000.sysmmu: initialized IOMMU. Ver 9.0.0, no gate clock
[    0.509806] samsung-sysmmu-v9 16c40000.sysmmu: initialized IOMMU. Ver 9.0.0, no gate clock
[    0.509830] exynos_pd: pd-eh sync_state: turn_off = 0
[    0.512211] samsung-sysmmu-v9 20a50000.sysmmu: initialized IOMMU. Ver 9.0.0, no gate clock
[    0.512237] exynos_pd: pd-aur sync_state: turn_off = 1
[    0.513662] samsung-sysmmu-v9 19090000.sysmmu: initialized IOMMU. Ver 9.0.0, no gate clock
[    0.513920] init: Loaded kernel module /lib/modules/samsung_iommu_v9.ko
[    0.514134] init: Loading module /lib/modules/bts.ko with args ''
[    0.514637] exynos-bts exynos-bts: failed to get address_to_resource
[    0.514652] exynos-bts exynos-bts: failed to get address_to_resource
[    0.514664] exynos-bts exynos-bts: failed to get address_to_resource
[    0.514673] exynos-bts exynos-bts: failed to get address_to_resource
[    0.516787] exynos-bts exynos-bts: exynos_bts_debugfs_init failed
[    0.516799] bts_probe successfully done.
[    0.517034] init: Loaded kernel module /lib/modules/bts.ko
[    0.517140] init: Loading module /lib/modules/exynos_devfreq.ko with args ''
[    0.517317] load_integrated_module: module 'exynos_devfreq' not found
[    0.517336] init: Loaded kernel module /lib/modules/exynos_devfreq.ko
[    0.517352] init: Loading module /lib/modules/g2d.ko with args ''
[    0.517833] exynos-g2d 1a840000.g2d: has sysmmu 1a870000.sysmmu (total count:1)
[    0.517901] exynos-g2d 1a840000.g2d: Adding to iommu group 0
[    0.518025] exynos-g2d 1a840000.g2d: SysMMU not powered on
[    0.518039] exynos-g2d 1a840000.g2d: attached with pgtable 0x00000000866c0000
[    0.521367] exynos-g2d 1a840000.g2d: Probed FIMG2D version 0xa0020004
[    0.521524] init: Loaded kernel module /lib/modules/g2d.ko
[    0.521587] init: Loading module /lib/modules/s5910.ko with args ''
[    0.521699] init: Loaded kernel module /lib/modules/s5910.ko
[    0.521749] init: Loading module /lib/modules/sscoredump.ko with args ''
[    0.521814] load_integrated_module: module 'sscoredump' not found
[    0.521825] init: Loaded kernel module /lib/modules/sscoredump.ko
[    0.521875] init: Loading module /lib/modules/s2mpg1415-gpio.ko with args ''
[    0.522062] init: Loaded kernel module /lib/modules/s2mpg1415-gpio.ko
[    0.522116] init: Loading module /lib/modules/slg51002-core.ko with args ''
[    0.522237] init: Loaded kernel module /lib/modules/slg51002-core.ko
[    0.522293] init: Loading module /lib/modules/samsung_dma_heap.ko with args ''
[    0.522578] samsung,dma-heap-chunk trusty:video_stream_dma_heap: assigned reserved memory node vstream
[    0.522629] Registered vstream-secure dma-heap successfully
[    0.522682] samsung,dma-heap-chunk trusty:video_frame_dma_heap: assigned reserved memory node vframe
[    0.522706] Registered vframe-secure dma-heap successfully
[    0.522747] samsung,dma-heap-chunk trusty:video_scaler_dma_heap: assigned reserved memory node vscaler
[    0.522771] Registered vscaler-secure dma-heap successfully
[    0.522997] samsung,dma-heap-cma trusty:faceauth_preview_heap: assigned reserved memory node faprev
[    0.523024] Registered faprev-secure dma-heap successfully
[    0.523310] Registered mfc_fw-secure dma-heap successfully
[    0.524122] gcma: Reserved memory: created GCMA memory pool at 0x00000009f4d00000, size 75 MiB for famodel
[    0.524173] Registered famodel-secure dma-heap successfully
[    0.524563] gcma: Reserved memory: created GCMA memory pool at 0x00000000fe3f0000, size 24 MiB for tui
[    0.524609] Registered tui-secure dma-heap successfully
[    0.524932] gcma: Reserved memory: created GCMA memory pool at 0x00000009f9800000, size 32 MiB for faceauth_dsp
[    0.524970] Registered faceauth_dsp-secure dma-heap successfully
[    0.525162] gcma: Reserved memory: created GCMA memory pool at 0x00000009ced00000, size 16 MiB for faceauth_tpu
[    0.525200] Registered faceauth_tpu-secure dma-heap successfully
[    0.525814] gcma: Reserved memory: created GCMA memory pool at 0x00000009cfd00000, size 80 MiB for farawimg
[    0.525857] Registered farawimg-secure dma-heap successfully
[    0.526010] Registered system dma-heap successfully
[    0.526036] Registered system-uncached dma-heap successfully
[    0.526098] Registered video_system dma-heap successfully
[    0.526131] Registered video_system-uncached dma-heap successfully
[    0.526400] init: Loaded kernel module /lib/modules/samsung_dma_heap.ko
[    0.526576] init: Loading module /lib/modules/ufs-pixel-fips140.ko with args 'fips_first_lba=151942 fips_last_lba=152453 fips_lu=0 use_hw_keys=true'
[    0.526691] load_integrated_module: module 'ufs_pixel_fips140' not found
