[    0.000000] Booting Linux on physical CPU 0x0000000000 [0x410fd801]
[    0.000000] Linux version 6.1.145-Sultan-Wild+ (runner@runnervm0kj6c) (aarch64-linux-gcc (GCC) 14.2.0, GNU ld (GNU Binutils) 2.42) #1 SMP PREEMPT Sat Mar  7 12:13:21 UTC 2026
[    0.000000] Machine model: ZUMA PRO TOKAY MP board based on ZUMA PRO
[    0.000000] Reserved memory: created CMA memory pool at 0x00000009fb800000, size 72 MiB
[    0.000000] OF: reserved mem: initialized node vstream, compatible id shared-dma-pool
[    0.000000] OF: reserved mem: 0x00000009fb800000..0x00000009ffffffff (73728 KiB) map reusable vstream
[    0.000000] OF: reserved mem: 0x00000000ffe00000..0x00000000ffffffff (2048 KiB) map non-reusable dpado-rmem
[    0.000000] OF: reserved mem: 0x00000009f9800000..0x00000009fb7fffff (32768 KiB) map non-reusable faceauth_dsp
[    0.000000] OF: reserved mem: 0x00000009f4d00000..0x00000009f97fffff (76800 KiB) map non-reusable famodel
[    0.000000] OF: reserved mem: 0x00000000ffbf0000..0x00000000ffdfffff (2112 KiB) map non-reusable mfc_fw
[    0.000000] Reserved memory: created CMA memory pool at 0x00000009d4d00000, size 512 MiB
[    0.000000] OF: reserved mem: initialized node vframe, compatible id shared-dma-pool
[    0.000000] OF: reserved mem: 0x00000009d4d00000..0x00000009f4cfffff (524288 KiB) map reusable vframe
[    0.000000] OF: reserved mem: 0x00000009cfd00000..0x00000009d4cfffff (81920 KiB) map non-reusable farawimg
[    0.000000] OF: reserved mem: 0x00000000fe3f0000..0x00000000ffbeffff (24576 KiB) map non-reusable tui
[    0.000000] OF: reserved mem: 0x00000009ced00000..0x00000009cfcfffff (16384 KiB) map non-reusable faceauth_tpu
[    0.000000] Reserved memory: created CMA memory pool at 0x00000009cb900000, size 52 MiB
[    0.000000] OF: reserved mem: initialized node vscaler, compatible id shared-dma-pool
[    0.000000] OF: reserved mem: 0x00000009cb900000..0x00000009cecfffff (53248 KiB) map reusable vscaler
[    0.000000] Reserved memory: created CMA memory pool at 0x00000009cad00000, size 12 MiB
[    0.000000] OF: reserved mem: initialized node faprev, compatible id shared-dma-pool
[    0.000000] OF: reserved mem: 0x00000009cad00000..0x00000009cb8fffff (12288 KiB) map reusable faprev
[    0.000000] OF: reserved mem: 0x0000000017bb5000..0x0000000017bbffff (44 KiB) nomap non-reusable xhci_dma_buffer@17BB5000
[    0.000000] OF: reserved mem: 0x0000000017bc0000..0x0000000017bfffff (256 KiB) nomap non-reusable xhci_dma@17BC0000
[    0.000000] OF: reserved mem: 0x00000000197fd000..0x00000000197fffff (12 KiB) map non-reusable cp_aoc_rmem
[    0.000000] OF: reserved mem: initialized node pkvm_guest_firmware, compatible id linux,pkvm-guest-firmware-memory
[    0.000000] OF: reserved mem: 0x000000008b000000..0x000000008b0c3fff (784 KiB) nomap non-reusable pkvm_guest_firmware
[    0.000000] OF: reserved mem: 0x0000000090000000..0x000000009005ffff (384 KiB) map non-reusable ect_binary
[    0.000000] OF: reserved mem: 0x0000000090200000..0x00000000905fefff (4092 KiB) nomap non-reusable gsa@90200000
[    0.000000] OF: reserved mem: 0x00000000905ff000..0x00000000905fffff (4 KiB) nomap non-reusable gsa@905FF000
[    0.000000] OF: reserved mem: 0x0000000091300000..0x000000009135ffff (384 KiB) nomap non-reusable gxp_scratchpad@91300000
[    0.000000] OF: reserved mem: 0x0000000091360000..0x000000009137ffff (128 KiB) nomap non-reusable iif_wait_table@91360000
[    0.000000] OF: reserved mem: 0x0000000091380000..0x000000009139ffff (128 KiB) nomap non-reusable iif_signal_table@91380000
[    0.000000] OF: reserved mem: 0x0000000091400000..0x0000000091cfffff (9216 KiB) nomap non-reusable gxp_secure_data@91400000
[    0.000000] OF: reserved mem: 0x0000000091d00000..0x0000000091ffffff (3072 KiB) nomap non-reusable gxp_fw@91D00000
[    0.000000] OF: reserved mem: 0x0000000092000000..0x00000000923fffff (4096 KiB) nomap non-reusable gxp_mcu_fw@92000000
[    0.000000] OF: reserved mem: 0x0000000092e00000..0x0000000093ffffff (18432 KiB) nomap non-reusable tpu_fw@92e00000
[    0.000000] OF: reserved mem: 0x0000000094000000..0x0000000096ffffff (49152 KiB) nomap non-reusable aoc@94000000
[    0.000000] OF: reserved mem: 0x0000000097000000..0x00000000973fffff (4096 KiB) nomap non-reusable xhci_dma_dram@97000000
[    0.000000] OF: reserved mem: 0x00000000b6200000..0x00000000bfffffff (161792 KiB) nomap non-reusable sec_dram
[    0.000000] OF: reserved mem: 0x00000000c3000000..0x00000000c307ffff (512 KiB) map non-reusable seclog_mem
[    0.000000] OF: reserved mem: 0x00000000d8100000..0x00000000d810ffff (64 KiB) nomap non-reusable header
[    0.000000] OF: reserved mem: 0x00000000d8110000..0x00000000d880ffff (7168 KiB) nomap non-reusable log_kevents
[    0.000000] OF: reserved mem: 0x00000000d8810000..0x00000000da00ffff (24576 KiB) nomap non-reusable log_s2d
[    0.000000] OF: reserved mem: 0x00000000da010000..0x00000000daa0ffff (10240 KiB) nomap non-reusable log_array_reset
[    0.000000] OF: reserved mem: 0x00000000dda10000..0x00000000dda1ffff (64 KiB) nomap non-reusable log_itmon
[    0.000000] OF: reserved mem: 0x00000000dda20000..0x00000000de01ffff (6144 KiB) nomap non-reusable log_s2d_extract
[    0.000000] OF: reserved mem: 0x00000000e0000000..0x00000000e37fffff (57344 KiB) nomap non-reusable sec_pt
[    0.000000] OF: reserved mem: 0x00000000e8000000..0x00000000e9ffffff (32768 KiB) map non-reusable cp_rmem_1
[    0.000000] OF: reserved mem: 0x00000000ea400000..0x00000000eaffffff (12288 KiB) map non-reusable cp_rmem
[    0.000000] OF: reserved mem: 0x00000000f6200000..0x00000000f6200fff (4 KiB) map non-reusable cp_msi_rmem
[    0.000000] OF: reserved mem: 0x00000000f8800000..0x00000000f97fffff (16384 KiB) nomap non-reusable abl@f8800000
[    0.000000] OF: reserved mem: 0x00000000fd3f0000..0x00000000fd3fdfff (56 KiB) nomap non-reusable dss_log_reserved@fd3f0000
[    0.000000] OF: reserved mem: 0x00000000fd3fe000..0x00000000fd3fefff (4 KiB) nomap non-reusable debug_kinfo_reserved@fd3fe000
[    0.000000] OF: reserved mem: 0x00000000fd3ff000..0x00000000fd7fefff (4096 KiB) map non-reusable ramoops_mem@fd3ff000
[    0.000000] OF: reserved mem: 0x00000000fd800000..0x00000000fd8fffff (1024 KiB) nomap non-reusable bldr_log_reserved@fd800000
[    0.000000] kvm [0]: Reserved 66 MiB at 0xafba00000
[    0.000000] Zone ranges:
[    0.000000] Normal   [mem 0x0000000080000000-0x0000000affffffff]
[    0.000000] Movable zone start for each node
[    0.000000] Early memory node ranges
[    0.000000] node   0: [mem 0x0000000080000000-0x000000008affffff]
[    0.000000] node   0: [mem 0x000000008b000000-0x000000008b0c3fff]
[    0.000000] node   0: [mem 0x000000008b0c4000-0x00000000901fffff]
[    0.000000] node   0: [mem 0x0000000090200000-0x00000000905fffff]
[    0.000000] node   0: [mem 0x0000000090600000-0x00000000912fffff]
[    0.000000] node   0: [mem 0x0000000091300000-0x000000009139ffff]
[    0.000000] node   0: [mem 0x00000000913a0000-0x00000000913fffff]
[    0.000000] node   0: [mem 0x0000000091400000-0x00000000923fffff]
[    0.000000] node   0: [mem 0x0000000092400000-0x0000000092dfffff]
[    0.000000] node   0: [mem 0x0000000092e00000-0x00000000973fffff]
[    0.000000] node   0: [mem 0x0000000097400000-0x00000000b61fffff]
[    0.000000] node   0: [mem 0x00000000b6200000-0x00000000bfffffff]
[    0.000000] node   0: [mem 0x00000000c0000000-0x00000000d80fffff]
[    0.000000] node   0: [mem 0x00000000d8100000-0x00000000daa0ffff]
[    0.000000] node   0: [mem 0x00000000daa10000-0x00000000dda0ffff]
[    0.000000] node   0: [mem 0x00000000dda10000-0x00000000de01ffff]
[    0.000000] node   0: [mem 0x00000000de020000-0x00000000dfffffff]
[    0.000000] node   0: [mem 0x00000000e0000000-0x00000000e37fffff]
[    0.000000] node   0: [mem 0x00000000e3800000-0x00000000f87fffff]
[    0.000000] node   0: [mem 0x00000000f8800000-0x00000000f97fffff]
[    0.000000] node   0: [mem 0x00000000f9800000-0x00000000fd3effff]
[    0.000000] node   0: [mem 0x00000000fd3f0000-0x00000000fd3fefff]
[    0.000000] node   0: [mem 0x00000000fd3ff000-0x00000000fd7fffff]
[    0.000000] node   0: [mem 0x00000000fd800000-0x00000000fd8fffff]
[    0.000000] node   0: [mem 0x00000000fd900000-0x00000000ffffffff]
[    0.000000] node   0: [mem 0x0000000880000000-0x0000000affffffff]
[    0.000000] Initmem setup node 0 [mem 0x0000000080000000-0x0000000affffffff]
[    0.000000] cma: Reserved 16 MiB at 0x0000000880000000
[    0.000000] psci: probing for conduit method from DT.
[    0.000000] psci: PSCIv1.1 detected in firmware.
[    0.000000] psci: Using standard PSCI v0.2 function IDs
[    0.000000] psci: MIGRATE_INFO_TYPE not supported.
[    0.000000] psci: SMC Calling Convention v1.2
[    0.000000] Load bootconfig: 3981 bytes 136 nodes
[    0.000000] percpu: Embedded 26 pages/cpu s73888 r0 d32608 u106496
[    0.000000] pcpu-alloc: s73888 r0 d32608 u106496 alloc=26*4096
[    0.000000] pcpu-alloc: [0] 0 [0] 1 [0] 2 [0] 3 [0] 4 [0] 5 [0] 6 [0] 7 
[    0.000000] Detected PIPT I-cache on CPU0
[    0.000000] CPU features: SYS_ID_AA64MMFR1_EL1[11:8]: forced to 0
[    0.000000] CPU features: SYS_ID_AA64PFR1_EL1[11:8]: forced to 0
[    0.000000] CPU features: detected: Address authentication (architected QARMA3 algorithm)
[    0.000000] CPU features: detected: GIC system register CPU interface
[    0.000000] CPU features: detected: Hardware dirty bit management
[    0.000000] CPU features: detected: Spectre-v4
[    0.000000] CPU features: kernel page table isolation disabled by kernel configuration
[    0.000000] CPU features: detected: ARM erratum 2966298
[    0.000000] alternatives: applying boot alternatives
[    0.000000] Built 1 zonelists, mobility grouping on.  Total pages: 3096576
[    0.000000] Kernel command line: console=ttynull stack_depot_disable=on cgroup_disable=pressure kasan.page_alloc.sample=10 kasan.stacktrace=off kvm-arm.mode=protected bootconfig ioremap_guard root=/dev/ram0 rw clocksource=arch_sys_counter clk_ignore_unused loop.max_part=7 loop.hw_queue_depth=31 coherent_pool=4M firmware_class.path=/vendor/firmware irqaffinity=0 sysrq_always_enabled no_console_suspend softlockup_panic=1 kasan_multi_shot kvm-arm.protected_modules=exynos-pd,pkvm_s2mpu-v9 dyndbg="func alloc_contig_dump_pages +p" printk.devkmsg=on cma_sysfs.experimental=Y cgroup.memory=nokmem rcupdate.rcu_expedited=1 rcu_nocbs=all rcutree.enable_rcu_lazy swiotlb=noforce disable_dma32=on sysctl.kernel.sched_pelt_multiplier=4 kasan=off at24.write_timeout=100 log_buf_len=1024K bootconfig console=null exynos_drm.panel_name=google-tk4b.2504a080 tcpci_max77759.conf_sbu=0 arm64.nomte ufs_pixel_fips140.fips_first_lba=151942 ufs_pixel_fips140.fips_last_lba=152453 ufs_pixel_fips140.fips_lu=0 ufs_pixel
[    0.000000] sysrq: sysrq always enabled.
[    0.000000] Unknown kernel command line parameters "kasan_multi_shot stack_depot_disable=on softlockup_panic=1 dyndbg=func alloc_contig_dump_pages +p kasan=off", will be passed to user space.
[    0.000000] random: crng init done
[    0.000000] printk: log_buf_len: 1048576 bytes
[    0.000000] printk: early log buf free: 120624(92%)
[    0.000000] Dentry cache hash table entries: 2097152 (order: 12, 16777216 bytes, linear)
[    0.000000] Inode-cache hash table entries: 1048576 (order: 11, 8388608 bytes, linear)
[    0.000000] mem auto-init: stack:all(zero), heap alloc:on, heap free:off
[    0.000000] Memory: 10877312K/12582912K available (20288K kernel code, 3066K rwdata, 5184K rodata, 2496K init, 985K bss, 1025664K reserved, 679936K cma-reserved)
[    0.000000] SLUB: HWalign=64, Order=0-3, MinObjects=0, CPUs=8, Nodes=1
[    0.000000] rcu: Preemptible hierarchical RCU implementation.
[    0.000000] 	All grace periods are expedited (rcu_expedited).
[    0.000000] 	Trampoline variant of Tasks RCU enabled.
[    0.000000] 	Tracing variant of Tasks RCU enabled.
[    0.000000] rcu: RCU calculated value of scheduler-enlistment delay is 25 jiffies.
[    0.000000] NR_IRQS: 64, nr_irqs: 64, preallocated irqs: 0
[    0.000000] GICv3: GIC: Using split EOI/Deactivate mode
[    0.000000] GICv3: 960 SPIs implemented
[    0.000000] GICv3: 0 Extended SPIs implemented
[    0.000000] Root IRQ handler: gic_handle_irq.lto_priv.1
[    0.000000] GICv3: GICv3 features: 16 PPIs
[    0.000000] GICv3: CPU0: found redistributor 0 region 0:0x0000000010440000
[    0.000000] GICv3: GIC: PPI partition interrupt-partition-0[0] { /cpus/cpu@0[0] /cpus/cpu@100[1] /cpus/cpu@200[2] /cpus/cpu@300[3] /cpus/cpu@400[4] /cpus/cpu@500[5] /cpus/cpu@600[6] }
[    0.000000] GICv3: GIC: PPI partition interrupt-partition-1[1] { /cpus/cpu@700[7] }
[    0.000000] rcu: 	Offload RCU callbacks from CPUs: 0-7.
[    0.000000] rcu: srcu_init: Setting srcu_struct sizes based on contention.
[    0.000000] arch_timer: cp15 timer(s) running at 24.57MHz (phys).
[    0.000000] clocksource: arch_sys_counter: mask: 0xffffffffffffff max_cycles: 0x5ab00a189, max_idle_ns: 440795202599 ns
[    0.000000] sched_clock: 56 bits at 25MHz, resolution 40ns, wraps every 4398046511099ns
[    0.000314] Calibrating delay loop (skipped), value calculated using timer frequency.. 49.15 BogoMIPS (lpj=98304)
[    0.000321] pid_max: default: 32768 minimum: 301
[    0.000344] LSM: Security Framework initializing
[    0.000367] SELinux:  Initializing.
[    0.000426] Mount-cache hash table entries: 32768 (order: 6, 262144 bytes, linear)
[    0.000443] Mountpoint-cache hash table entries: 32768 (order: 6, 262144 bytes, linear)
[    0.001262] cacheinfo: Unable to detect cache hierarchy for CPU 0
[    0.001458] cblist_init_generic: Setting adjustable number of callback queues.
[    0.001460] cblist_init_generic: Setting shift to 3 and lim to 1.
[    0.001486] cblist_init_generic: Setting adjustable number of callback queues.
[    0.001488] cblist_init_generic: Setting shift to 3 and lim to 1.
[    0.001538] rcu: Hierarchical SRCU implementation.
[    0.001540] rcu: 	Max phase no-delay instances is 1000.
[    0.002542] smp: Bringing up secondary CPUs ...
[    0.003045] Detected PIPT I-cache on CPU1
[    0.003110] cacheinfo: Unable to detect cache hierarchy for CPU 1
[    0.003119] GICv3: CPU1: found redistributor 100 region 0:0x0000000010460000
[    0.003151] CPU1: Booted secondary processor 0x0000000100 [0x410fd801]
[    0.003739] Detected PIPT I-cache on CPU2
[    0.003806] cacheinfo: Unable to detect cache hierarchy for CPU 2
[    0.003814] GICv3: CPU2: found redistributor 200 region 0:0x0000000010480000
[    0.003836] CPU2: Booted secondary processor 0x0000000200 [0x410fd801]
[    0.004350] Detected PIPT I-cache on CPU3
[    0.004389] cacheinfo: Unable to detect cache hierarchy for CPU 3
[    0.004397] GICv3: CPU3: found redistributor 300 region 0:0x00000000104a0000
[    0.004416] CPU3: Booted secondary processor 0x0000000300 [0x410fd801]
[    0.004934] CPU features: detected: Spectre-BHB
[    0.004940] CPU features: detected: SSBS not fully self-synchronizing
[    0.004942] Detected PIPT I-cache on CPU4
[    0.004946] CPU features: SANITY CHECK: Unexpected variation in SYS_ID_AA64MMFR1_EL1. Boot CPU: 0x1001111011312122, CPU4: 0x1001111010312122
[    0.004952] CPU features: Unsupported CPU feature variation detected.
[    0.004997] cacheinfo: Unable to detect cache hierarchy for CPU 4
[    0.005005] GICv3: CPU4: found redistributor 400 region 0:0x00000000104c0000
[    0.005026] CPU4: Booted secondary processor 0x0000000400 [0x410fd811]
[    0.005531] Detected PIPT I-cache on CPU5
[    0.005538] CPU features: SANITY CHECK: Unexpected variation in SYS_ID_AA64MMFR1_EL1. Boot CPU: 0x1001111011312122, CPU5: 0x1001111010312122
[    0.005589] cacheinfo: Unable to detect cache hierarchy for CPU 5
[    0.005598] GICv3: CPU5: found redistributor 500 region 0:0x00000000104e0000
[    0.005620] CPU5: Booted secondary processor 0x0000000500 [0x410fd811]
[    0.006171] Detected PIPT I-cache on CPU6
[    0.006179] CPU features: SANITY CHECK: Unexpected variation in SYS_ID_AA64MMFR1_EL1. Boot CPU: 0x1001111011312122, CPU6: 0x1001111010312122
[    0.006230] cacheinfo: Unable to detect cache hierarchy for CPU 6
[    0.006241] GICv3: CPU6: found redistributor 600 region 0:0x0000000010500000
[    0.006263] CPU6: Booted secondary processor 0x0000000600 [0x410fd811]
[    0.006904] Detected PIPT I-cache on CPU7
[    0.006911] CPU features: SANITY CHECK: Unexpected variation in SYS_ID_AA64MMFR1_EL1. Boot CPU: 0x1001111011312122, CPU7: 0x1001111010312122
[    0.006961] cacheinfo: Unable to detect cache hierarchy for CPU 7
[    0.006971] GICv3: CPU7: found redistributor 700 region 0:0x0000000010520000
[    0.006990] CPU7: Booted secondary processor 0x0000000700 [0x410fd821]
[    0.007032] smp: Brought up 1 node, 8 CPUs
[    0.007036] SMP: Total of 8 processors activated.
[    0.007039] CPU features: detected: Branch Target Identification
[    0.007042] CPU features: detected: ARMv8.4 Translation Table Level
[    0.007044] CPU features: detected: Data cache clean to the PoU not required for I/D coherence
[    0.007047] CPU features: detected: Common not Private translations
[    0.007049] CPU features: detected: CRC32 instructions
[    0.007051] CPU features: detected: E0PD
[    0.007053] CPU features: detected: Enhanced Counter Virtualization
[    0.007054] CPU features: detected: Enhanced Privileged Access Never
[    0.007057] CPU features: detected: Generic authentication (architected QARMA3 algorithm)
[    0.007059] CPU features: detected: RCpc load-acquire (LDAPR)
[    0.007061] CPU features: detected: LSE atomic instructions
[    0.007062] CPU features: detected: Privileged Access Never
[    0.007064] CPU features: detected: RAS Extension Support
[    0.007065] CPU features: detected: Speculation barrier (SB)
[    0.007066] CPU features: detected: Stage-2 Force Write-Back
[    0.007068] CPU features: detected: TLB range maintenance instructions
[    0.007069] CPU features: detected: WFx with timeout
[    0.007071] CPU features: detected: Protected KVM
[    0.007074] CPU features: detected: Speculative Store Bypassing Safe (SSBS)
[    0.007075] CPU features: detected: Scalable Vector Extension
[    0.007101] CPU features: detected CPU7: Activity Monitors Unit (AMU)
[    0.007101] CPU features: detected CPU0: Activity Monitors Unit (AMU)
[    0.007101] CPU features: detected CPU5: Activity Monitors Unit (AMU)
[    0.007101] CPU features: detected CPU3: Activity Monitors Unit (AMU)
[    0.007101] CPU features: detected CPU2: Activity Monitors Unit (AMU)
[    0.007101] CPU features: detected CPU1: Activity Monitors Unit (AMU)
[    0.007101] CPU features: detected CPU6: Activity Monitors Unit (AMU)
[    0.007102] CPU features: detected CPU4: Activity Monitors Unit (AMU)
[    0.007109] spectre-bhb mitigation disabled by compile time option
[    0.007126] SVE: maximum available vector length 16 bytes per vector
[    0.007129] SVE: default vector length 16 bytes per vector
[    0.007133] CPU: All CPU(s) started at EL2
[    0.007145] alternatives: applying system-wide alternatives
[    0.024350] clocksource: jiffies: mask: 0xffffffff max_cycles: 0xffffffff, max_idle_ns: 7645041785100000 ns
[    0.024366] futex hash table entries: 2048 (order: 5, 131072 bytes, linear)
[    0.032022] pinctrl core: initialized pinctrl subsystem
[    0.032299] NET: Registered PF_NETLINK/PF_ROUTE protocol family
[    0.033344] DMA: preallocated 4096 KiB GFP_KERNEL pool for atomic allocations
[    0.033476] thermal_sys: Registered thermal governor 'step_wise'
[    0.033478] thermal_sys: Registered thermal governor 'user_space'
[    0.033479] thermal_sys: Registered thermal governor 'power_allocator'
[    0.033504] cpuidle: using governor teo
[    0.033641] hw-breakpoint: found 6 breakpoint and 4 watchpoint registers.
[    0.033745] ASID allocator initialised with 65536 entries
[    0.034462] printk: console [ramoops-1] enabled
[    0.034491] pstore: Registered ramoops as persistent store backend
[    0.034495] ramoops: using 0x400000@0xfd3ff000, ecc: 0
[    0.039597] /ete7: Fixed dependency cycle(s) with /funnel0
[    0.039622] /ete6: Fixed dependency cycle(s) with /funnel0
[    0.039639] /ete5: Fixed dependency cycle(s) with /funnel0
[    0.039654] /ete4: Fixed dependency cycle(s) with /funnel0
[    0.039669] /ete3: Fixed dependency cycle(s) with /funnel0
[    0.039683] /ete2: Fixed dependency cycle(s) with /funnel0
[    0.039697] /ete1: Fixed dependency cycle(s) with /funnel0
[    0.039711] /ete0: Fixed dependency cycle(s) with /funnel0
[    0.039725] /funnel0: Fixed dependency cycle(s) with /ete7
[    0.039738] /funnel0: Fixed dependency cycle(s) with /ete6
[    0.039752] /funnel0: Fixed dependency cycle(s) with /ete5
[    0.039765] /funnel0: Fixed dependency cycle(s) with /ete4
[    0.039778] /funnel0: Fixed dependency cycle(s) with /ete3
[    0.039791] /funnel0: Fixed dependency cycle(s) with /ete2
[    0.039804] /funnel0: Fixed dependency cycle(s) with /ete1
[    0.039816] /funnel0: Fixed dependency cycle(s) with /ete0
[    0.039891] /funnel0: Fixed dependency cycle(s) with /funnel@2a007000
[    0.039909] /funnel@2a007000: Fixed dependency cycle(s) with /funnel0
[    0.040026] /funnel@2a009000: Fixed dependency cycle(s) with /etf@2a004000
[    0.040041] /funnel@2a007000: Fixed dependency cycle(s) with /etf@2a004000
[    0.040055] /etf@2a004000: Fixed dependency cycle(s) with /funnel@2a009000
[    0.040070] /etf@2a004000: Fixed dependency cycle(s) with /funnel@2a007000
[    0.040120] /funnel@2a009000: Fixed dependency cycle(s) with /etr@2a00a000
[    0.040137] /etr@2a00a000: Fixed dependency cycle(s) with /funnel@2a009000
[    0.046419] /hsi2c@108D0000/max77759tcpc@25: Fixed dependency cycle(s) with /hsi2c@108D0000/max77759tcpc@25/connector
[    0.046434] /hsi2c@108D0000/max77759tcpc@25/connector: Fixed dependency cycle(s) with /hsi2c@108D0000/max77759tcpc@25
[    0.053025] /mct@10050000: Fixed dependency cycle(s) with /mct@10050000/mct-map
[    0.053126] /mct-v3@100D0000: Fixed dependency cycle(s) with /mct-v3@100D0000/mct-v3-map
[    0.058049] /drmdsim@19440000: Fixed dependency cycle(s) with /gs-drm-connector
[    0.058066] /gs-drm-connector: Fixed dependency cycle(s) with /drmdsim@19440000
[    0.058360] KASLR enabled
[    0.062105] iommu: Default domain type: Translated 
[    0.062110] iommu: DMA domain TLB invalidation policy: strict mode 
[    0.062188] SCSI subsystem initialized
[    0.062215] usbcore: registered new interface driver usbfs
[    0.062223] usbcore: registered new interface driver hub
[    0.062233] usbcore: registered new device driver usb
[    0.062272] mc: Linux media interface: v0.10
[    0.062278] videodev: Linux video capture interface: v2.00
[    0.062291] pps_core: LinuxPPS API ver. 1 registered
[    0.062293] pps_core: Software ver. 5.3.6 - Copyright 2005-2007 Rodolfo Giometti <giometti@linux.it>
[    0.062304] EDAC MC: Ver: 3.0.0
[    0.062510] Advanced Linux Sound Architecture Driver Initialized.
[    0.062828] clocksource: Switched to clocksource arch_sys_counter
[    0.062885] VFS: Disk quotas dquot_6.6.0
[    0.062901] VFS: Dquot-cache hash table entries: 512 (order 0, 4096 bytes)
[    0.063145] NET: Registered PF_INET protocol family
[    0.063270] IP idents hash table entries: 262144 (order: 9, 2097152 bytes, linear)
[    0.067241] tcp_listen_portaddr_hash hash table entries: 8192 (order: 5, 131072 bytes, linear)
[    0.067312] Table-perturb hash table entries: 65536 (order: 6, 262144 bytes, linear)
[    0.067381] TCP established hash table entries: 131072 (order: 8, 1048576 bytes, linear)
[    0.067608] TCP bind hash table entries: 65536 (order: 9, 2097152 bytes, linear)
[    0.068412] TCP: Hash tables configured (established 131072 bind 65536)
[    0.068472] UDP hash table entries: 8192 (order: 6, 262144 bytes, linear)
[    0.068520] UDP-Lite hash table entries: 8192 (order: 6, 262144 bytes, linear)
[    0.068602] NET: Registered PF_UNIX/PF_LOCAL protocol family
[    0.068619] NET: Registered PF_XDP protocol family
[    0.068624] PCI: CLS 0 bytes, default 64
[    0.068830] Trying to unpack rootfs image as initramfs...
[    0.083106] kvm [1]: IPA Size Limit: 40 bits
[    0.115507] kvm [1]: GICv3: no GICV resource entry
[    0.115513] kvm [1]: disabling GICv2 emulation
[    0.115533] kvm [1]: GIC system register CPU interface enabled
[    0.115689] kvm [1]: vgic interrupt IRQ18
[    0.115843] kvm [1]: Protected nVHE mode initialized successfully
[    0.116371] Initialise system trusted keyrings
[    0.116500] workingset: timestamp_bits=62 max_order=22 bucket_order=0
[    0.117566] fuse: init (API version 7.38)
[    0.141899] Key type asymmetric registered
[    0.141909] Asymmetric key parser 'x509' registered
[    0.141934] Block layer SCSI generic (bsg) driver version 0.4 loaded (major 244)
[    0.141954] io scheduler mq-deadline registered
[    0.141991] io scheduler bfq registered
[    0.144089] printk: console [ttynull0] enabled
[    0.144271] cacheinfo: Unable to detect cache hierarchy for CPU 0
[    0.145561] brd: module loaded
[    0.146797] loop: module loaded
[    0.147131] wireguard: WireGuard 1.0.0 loaded. See www.wireguard.com for information.
[    0.147140] wireguard: Copyright (C) 2015-2019 Jason A. Donenfeld <Jason@zx2c4.com>. All Rights Reserved.
[    0.147302] MACsec IEEE 802.1AE
[    0.147459] tun: Universal TUN/TAP device driver, 1.6
[    0.148423] usbcore: registered new interface driver uas
[    0.148437] usbcore: registered new interface driver usb-storage
[    0.148540] usbcore: registered new interface driver xpad
[    0.148583] gspca_main: v2.14.0 registered
[    0.148590] usbcore: registered new interface driver uvcvideo
[    0.148730] device-mapper: uevent: version 1.0.3
[    0.148777] device-mapper: ioctl: 4.47.0-ioctl (2022-07-28) initialised: dm-devel@redhat.com
[    0.149255] sdhci: Secure Digital Host Controller Interface driver
[    0.149262] sdhci: Copyright(c) Pierre Ossman
[    0.149265] sdhci-pltfm: SDHCI platform and OF driver helper
[    0.149620] SMCCC: SOC_ID: ARCH_SOC_ID not implemented, skipping ....
[    0.149642] hid: raw HID events driver (C) Jiri Kosina
[    0.149858] usbcore: registered new interface driver usbhid
[    0.149862] usbhid: USB HID core driver
[    0.149892] ashmem: initialized
[    0.152380] hw perfevents: enabled with armv8_pmuv3 PMU driver, 21 counters available
[    0.152755] hw perfevents: enabled with armv9_cortex_x2 PMU driver, 32 counters available
[    0.153066] gnss: GNSS driver registered with major 236
[    0.153856] KernelSU: feature: feature management initialized
[    0.153862] KernelSU: KernelSU IOCTL Commands:
[    0.153865] KernelSU:   GRANT_ROOT         = 0x00004b01
[    0.153870] KernelSU:   GET_INFO           = 0x80004b02
[    0.153874] KernelSU:   REPORT_EVENT       = 0x40004b03
[    0.153877] KernelSU:   SET_SEPOLICY       = 0xc0004b04
[    0.153881] KernelSU:   CHECK_SAFEMODE     = 0x80004b05
[    0.153884] KernelSU:   GET_ALLOW_LIST     = 0xc0004b06
[    0.153887] KernelSU:   GET_DENY_LIST      = 0xc0004b07
[    0.153890] KernelSU:   NEW_GET_ALLOW_LIST = 0xc0044b06
[    0.153893] KernelSU:   NEW_GET_DENY_LIST  = 0xc0044b07
[    0.153896] KernelSU:   UID_GRANTED_ROOT   = 0xc0004b08
[    0.153899] KernelSU:   UID_SHOULD_UMOUNT  = 0xc0004b09
[    0.153902] KernelSU:   GET_MANAGER_APPID  = 0x80004b0a
[    0.153904] KernelSU:   GET_APP_PROFILE    = 0xc0004b0b
[    0.153907] KernelSU:   SET_APP_PROFILE    = 0x40004b0c
[    0.153910] KernelSU:   GET_FEATURE        = 0xc0004b0d
[    0.153913] KernelSU:   SET_FEATURE        = 0x40004b0e
[    0.153916] KernelSU:   GET_WRAPPER_FD     = 0x40004b0f
[    0.153919] KernelSU:   MANAGE_MARK        = 0xc0004b10
[    0.153922] KernelSU:   NUKE_EXT4_SYSFS    = 0x40004b11
[    0.153924] KernelSU:   ADD_TRY_UMOUNT     = 0x40004b12
[    0.153927] KernelSU:   GET_HOOK_MODE      = 0x80004b62
[    0.153930] KernelSU:   GET_VERSION_TAG    = 0x80004b63
[    0.153934] KernelSU: sulog_init: allocated 2000 bytes on 0x0000000042b66519 
[    0.153940] KernelSU: feature: registered handler for kernel_umount (id=1)
[    0.153943] KernelSU: feature: registered handler for su_compat (id=0)
[    0.153947] susfs:[0][1][susfs_init] susfs is initialized! version: v2.0.0 
[    0.154004] usbcore: registered new interface driver snd-usb-audio
[    0.154183] GACT probability NOT on
[    0.154196] Mirror/redirect action on
[    0.154208] netem: version 1.3
[    0.154220] u32 classifier
[    0.154223] input device check on
[    0.154226] Actions configured
[    0.155134] xt_time: kernel timezone is -0000
[    0.155238] ipip: IPv4 and MPLS over IPv4 tunneling driver
[    0.155403] gre: GRE over IPv4 demultiplexor driver
[    0.155409] ip_gre: GRE over IPv4 tunneling driver
[    0.155654] IPv4 over IPsec tunneling driver
[    0.155779] Initializing XFRM netlink socket
[    0.155789] IPsec XFRM device driver
[    0.155885] NET: Registered PF_INET6 protocol family
[    0.156494] Segment Routing with IPv6
[    0.156508] In-situ OAM (IOAM) with IPv6
[    0.156546] mip6: Mobile IPv6
[    0.156720] sit: IPv6, IPv4 and MPLS over IPv4 tunneling driver
[    0.156965] ip6_gre: GRE over IPv6 tunneling driver
[    0.157088] NET: Registered PF_PACKET protocol family
[    0.157097] NET: Registered PF_KEY protocol family
[    0.157147] NET: Registered PF_VSOCK protocol family
[    0.157376] wc-mbox 15200000.mbox: probe completed successfully
[    0.157437] wc-mbox 15220000.mbox: probe completed successfully
[    0.157480] wc-mbox 15240000.mbox: probe completed successfully
[    0.179005] Freeing initrd memory: 31140K
[    0.185728] exynos-pmu-if 15460000.exynos-pmu: exynos_pmu_if probe
[    0.186017] load_integrated_module: module 'pixel_suspend_diag' not found
[    0.186328] dpm: v1.01
[    0.186336] dpm: found features of debug policy
[    0.186342] dpm: dump-mode is Full Dump
[    0.186347] dpm: file-support of dump-mode is disabled
[    0.186353] dpm: debug-kinfo is enabled
[    0.186358] dpm: found policy of debug policy
[    0.186364] dpm: run [default] at [el1_da]
[    0.186368] dpm: run [default] at [el1_ia]
[    0.186373] dpm: run [default] at [el1_undef]
[    0.186377] dpm: run [default] at [el1_sp_pc]
[    0.186382] dpm: run [default] at [el1_inv]
[    0.186387] dpm: run [default] at [el1_serror]
[    0.186399] debug-snapshot dss: SJTAG is enabled
[    0.186417] item - header is enabled
[    0.186428] item - log_kevents is enabled
[    0.186510] debug-snapshot dss: log_bcm item is disabled, Skip alloc reserved memory
[    0.186518] item - log_s2d is enabled
[    0.186729] item - log_array_reset is enabled
[    0.186822] debug-snapshot dss: log_array_panic item is disabled, Skip alloc reserved memory
[    0.186846] debug-snapshot dss: log_slcdump item is disabled, Skip alloc reserved memory
[    0.186853] debug-snapshot dss: log_preslcdump item is disabled, Skip alloc reserved memory
[    0.186862] item - log_itmon is enabled
[    0.188538] debug-snapshot dss: debug-snapshot physical / virtual memory layout:
[    0.188543] header          : phys:0x00000000d8100000 / virt:0000000066f90625 / size:0x10000 / en:1
[    0.188552] log_kevents     : phys:0x00000000d8110000 / virt:0000000025f7dbcb / size:0x700000 / en:1
[    0.188558] log_s2d         : phys:0x00000000d8810000 / virt:0000000000d08d47 / size:0x1800000 / en:1
[    0.188564] log_array_reset : phys:0x00000000da010000 / virt:000000008e6170cb / size:0xa00000 / en:1
[    0.188570] log_itmon       : phys:0x00000000dda10000 / virt:000000003530b404 / size:0x10000 / en:1
[    0.188577] debug-snapshot dss: total_item_size: 42112KB, dbg_snapshot_log struct size: 4120KB
[    0.188625] dss task log VH register failed
[    0.188629] dss wq start log VH register failed
[    0.188632] dss wq end log VH register failed
[    0.188638] debug-snapshot dss: enabled
[    0.188645] debug-snapshot-log physical / virtual memory layout:
[    0.188649] task_log    : phys:0x00000000d8110000 / virt:0000000025f7dbcb / size:0x6c000 / en:1
[    0.188656] work_log    : phys:0x00000000d817c000 / virt:00000000ce35ec99 / size:0x36000 / en:1
[    0.188661] cpuidle_log : phys:0x00000000d81b2000 / virt:0000000089f16466 / size:0x48000 / en:1
[    0.188667] suspend_log : phys:0x00000000d81fa000 / virt:000000009738d6ba / size:0x14000 / en:1
[    0.188673] clk_log     : phys:0x00000000d8376000 / virt:0000000095e2ea96 / size:0xa000 / en:1
[    0.188679] pmu_log     : phys:0x00000000d8380000 / virt:00000000aa185fe1 / size:0x8000 / en:1
[    0.188685] freq_log    : phys:0x00000000d8388000 / virt:0000000028cc0b75 / size:0xc0000 / en:1
[    0.188690] dm_log      : phys:0x00000000d8448000 / virt:00000000062f76b8 / size:0xa000 / en:1
[    0.188696] regulator_log: phys:0x00000000d84ac000 / virt:000000003d1f13d3 / size:0xe000 / en:1
[    0.188702] thermal_log : phys:0x00000000d84ba000 / virt:000000007eff61ab / size:0xc000 / en:1
[    0.188708] acpm_log    : phys:0x00000000d84c6000 / virt:000000005c3c5fdb / size:0x8000 / en:1
[    0.188714] printk_log  : phys:0x00000000d84ce000 / virt:00000000f7d437be / size:0x48000 / en:1
[    0.188725] debug-snapshot dss: dbg_snapshot_probe successful.
[    0.189112] load_integrated_module: module 'gs_perf_mon' not found
[    0.189253] load_integrated_module: module 'sched_tp' not found
[    0.190386] gs-chipid 10000000.chipid: CPU[ZUMAPRO] CPU_REV[0x1] Detected
[    0.190871] ect_probe: Reserved memory for ect: addr=0x0000000090000000, size=60000
[    0.190892] exynos-ect exynos-ect: Exynos ect driver probe done!
[    0.191095] load_integrated_module: module 'systrace' not found
[    0.191173] load_integrated_module: module 'kernel_top' not found
[    0.191404] gs-acpm-ipc 15110000.acpm_ipc: acpm_ipc probe
[    0.191695] [ACPM] acpm framework SRAM dump to dram base: 0x89500000
[    0.191762] gs-acpm-ipc 15110000.acpm_ipc: acpm_ipc probe done.
[    0.191928] gs-acpm 15440000.acpm: acpm probe
[    0.191933] gs-acpm 15440000.acpm: acpm probe done.
[    0.192647] ECT version: 3020
[    0.192888] vclk initialize for cmucal
[    0.194346] cannot found vclk node f
[    0.194407] zuma_cal_data_init: cal data init
[    0.195173] async_dvfs_enable : Enabling Async DVFS
[    0.195926] load_integrated_module: module 'vh_sched' not found
[    0.196165] pixel_metrics: thermal_metrics driver initialized! :D
[    0.200150] samsung-pinctrl 16280000.pinctrl: irq number not available
[    0.200196] samsung-pinctrl 16290000.pinctrl: irq number not available
[    0.200239] samsung-pinctrl 162a0000.pinctrl: irq number not available
[    0.200280] samsung-pinctrl 162b0000.pinctrl: irq number not available
[    0.202554] ZUMA: Clock setup completed
[    0.203074] exynos-mct: osc-24576000 rtc-32768 incr_rtcclk:0x000002ee compen_val:0x00000000
[    0.203334] clocksource: mct-frc: mask: 0xffffffff max_cycles: 0xffffffff, max_idle_ns: 77769386669 ns
[    0.205336] exynos-pd 15461a80.pd-g3d: on
[    0.205385] exynos-pd 15461c80.pd-embedded_g3d: on
[    0.205401] exynos-pd 15461a80.pd-g3d: has new subdomain pd-embedded_g3d
[    0.205443] exynos-pd 15461d00.pd-dpub: on
[    0.205488] exynos-pd 15461d80.pd-dpuf0: on
[    0.205503] exynos-pd 15461d00.pd-dpub: has new subdomain pd-dpuf0
[    0.205532] exynos-pd 15461e00.pd-dpuf1: on
[    0.205546] exynos-pd 15461d00.pd-dpub: has new subdomain pd-dpuf1
[    0.205577] exynos-pd 15461e80.pd-g2d: on
[    0.205600] exynos-pd 15461f00.pd-gdc: on
[    0.205622] exynos-pd 15461f80.pd-gse: on
[    0.205642] exynos-pd 15462000.pd-mcsc: on
[    0.205663] exynos-pd 15462080.pd-mfc: on
[    0.205683] exynos-pd 15462100.pd-rgbp: on
[    0.205705] exynos-pd 15462180.pd-tnr: on
[    0.205725] exynos-pd 15462200.pd-yuvp: on
[    0.205745] exynos-pd 15462300.pd-aur: on
[    0.205766] exynos-pd 15462380.pd-bw: on
[    0.205785] exynos-pd 15462400.pd-eh: on
[    0.205807] exynos-pd 15462480.pd-ispfe: on
[    0.205827] exynos-pd 15462500.pd-tpu: on
[    0.205849] exynos-pd 15462a80.pd-hsi0: on
[    0.340965] pkvm-s2mpu-v9 20a80000.s2mpu_s0_aur: registered with hypervisor [0/29]
[    0.341292] pkvm-s2mpu-v9 1a670000.s2mpu_s0_bw: registered with hypervisor [1/29]
[    0.341466] pkvm-s2mpu-v9 29c50000.s2mpu_s0_cpucl0: registered with hypervisor [2/29]
[    0.341677] pkvm-s2mpu-v9 19870000.s2mpu_s0_dpuf0: registered with hypervisor [3/29]
[    0.341822] pkvm-s2mpu-v9 19c70000.s2mpu_s0_dpuf1: registered with hypervisor [4/29]
[    0.341957] pkvm-s2mpu-v9 16c70000.s2mpu_s0_eh: registered with hypervisor [5/29]
[    0.342092] pkvm-s2mpu-v9 1a8a0000.s2mpu_s0_g2d: registered with hypervisor [6/29]
[    0.342240] pkvm-s2mpu-v9 1ee70000.s2mpu_s0_g3d: registered with hypervisor [7/29]
[    0.342478] pkvm-s2mpu-v9 1d4f0000.s2mpu_s0_gdc: registered with hypervisor [8/29]
[    0.342677] pkvm-s2mpu-v9 1d8a0000.s2mpu_s0_gse: registered with hypervisor [9/29]
[    0.342858] pkvm-s2mpu-v9 11070000.s2mpu_s0_hsi0: registered with hypervisor [10/29]
[    0.342982] pkvm-s2mpu-v9 12090000.s2mpu_s0_hsi1: registered with hypervisor [11/29]
[    0.343212] pkvm-s2mpu-v9 131f0000.s2mpu_s0_hsi2: registered with hypervisor [12/29]
[    0.343502] pkvm-s2mpu-v9 1c140000.s2mpu_s0_ispfe: registered with hypervisor [13/29]
[    0.343680] pkvm-s2mpu-v9 1c180000.s2mpu_s1_ispfe: registered with hypervisor [14/29]
[    0.343854] pkvm-s2mpu-v9 1c1c0000.s2mpu_s2_ispfe: registered with hypervisor [15/29]
[    0.344034] pkvm-s2mpu-v9 1d0d0000.s2mpu_s0_mcsc: registered with hypervisor [16/29]
[    0.344208] pkvm-s2mpu-v9 1a4a0000.s2mpu_s0_mfc: registered with hypervisor [17/29]
[    0.344400] pkvm-s2mpu-v9 101f0000.s2mpu_s0_misc: registered with hypervisor [18/29]
[    0.344723] pkvm-s2mpu-v9 1c4d0000.s2mpu_s0_rgbp: registered with hypervisor [19/29]
[    0.344892] pkvm-s2mpu-v9 1c510000.s2mpu_s1_rgbp: registered with hypervisor [20/29]
[    0.345080] pkvm-s2mpu-v9 1ccb0000.s2mpu_s0_tnr: registered with hypervisor [21/29]
[    0.345284] pkvm-s2mpu-v9 1ccf0000.s2mpu_s1_tnr: registered with hypervisor [22/29]
[    0.345506] pkvm-s2mpu-v9 1cd30000.s2mpu_s2_tnr: registered with hypervisor [23/29]
[    0.345684] pkvm-s2mpu-v9 1a370000.s2mpu_s0_tpu: registered with hypervisor [24/29]
[    0.345816] pkvm-s2mpu-v9 1c8a0000.s2mpu_s0_yuvp: registered with hypervisor [25/29]
[    0.345981] pkvm-s2mpu-v9 16470000.s2mpu_s0_gsa: registered with hypervisor [26/29]
[    0.346778] pkvm-s2mpu-v9 190c0000.s2mpu_s0_aoc: registered with hypervisor [27/29]
[    0.346942] pkvm-s2mpu-v9 155b0000.s2mpu_s0_alive: registered with hypervisor [28/29]
[    0.346947] List of devices successfully finalized for pkvm s2mpu
[    0.351983] registered taskstats version 1
[    0.352012] Loading compiled-in X.509 certificates
[    0.352047] Key type .fscrypt registered
[    0.352052] Key type fscrypt-provisioning registered
[    0.352122] pstore: Invalid compression size for deflate: 0
[    0.353461] input: gpio_keys as /devices/platform/gpio_keys/input/input0
[    0.354472] clk: Not disabling unused clocks
[    0.354528] ALSA device list:
[    0.354535] No soundcards found.
[    0.354935] Freeing unused kernel memory: 2496K
[    0.355084] Failed to set sysctl parameter 'kernel.sched_pelt_multiplier=4': parameter not found
[    0.355152] Run /init as init process
[    0.355156] with arguments:
[    0.355157] /init
[    0.355159] kasan_multi_shot
[    0.355161] with environment:
[    0.355162] HOME=/
[    0.355164] TERM=linux
[    0.355165] stack_depot_disable=on
[    0.355166] softlockup_panic=1
[    0.355167] dyndbg=func alloc_contig_dump_pages +p
[    0.355169] kasan=off
[    0.356716] init: init first stage started!
[    0.357798] init: alias lines in modules.alias must have 3 entries, not 5
[    0.360095] init: Loading module /lib/modules/fips140.ko with args ''
[    0.360293] load_integrated_module: module 'fips140' not found
[    0.360321] init: Loaded kernel module /lib/modules/fips140.ko
[    0.360370] init: Loading module /lib/modules/zsmalloc.ko with args ''
[    0.360480] init: Loaded kernel module /lib/modules/zsmalloc.ko
[    0.360519] init: Loading module /lib/modules/drm_display_helper.ko with args ''
[    0.360668] init: Loaded kernel module /lib/modules/drm_display_helper.ko
[    0.360710] init: Loading module /lib/modules/at24.ko with args 'write_timeout=100'
[    0.360822] init: Loaded kernel module /lib/modules/at24.ko
[    0.360867] init: Loading module /lib/modules/open-dice.ko with args ''
[    0.361111] init: Loaded kernel module /lib/modules/open-dice.ko
[    0.361154] init: Loading module /lib/modules/sg.ko with args ''
[    0.361272] init: Loaded kernel module /lib/modules/sg.ko
[    0.361313] init: Loading module /lib/modules/spidev.ko with args ''
[    0.361409] init: Loaded kernel module /lib/modules/spidev.ko
[    0.361450] init: Loading module /lib/modules/i2c-dev.ko with args ''
[    0.361522] i2c_dev: i2c /dev entries driver
[    0.361539] init: Loaded kernel module /lib/modules/i2c-dev.ko
[    0.361576] init: Loading module /lib/modules/arm-cmn.ko with args ''
[    0.364126] init: Loaded kernel module /lib/modules/arm-cmn.ko
[    0.364249] init: Loading module /lib/modules/exynos-pd_el3.ko with args ''
[    0.364353] init: Loaded kernel module /lib/modules/exynos-pd_el3.ko
[    0.364398] init: Loading module /lib/modules/eusb_repeater.ko with args ''
[    0.364489] init: Loaded kernel module /lib/modules/eusb_repeater.ko
[    0.364529] init: Loading module /lib/modules/exynos-pd_hsi0.ko with args ''
[    0.364584] init: Loaded kernel module /lib/modules/exynos-pd_hsi0.ko
[    0.364597] init: Loading module /lib/modules/phy-exynos-usbdrd-eusb-super.ko with args ''
[    0.364684] init: Loaded kernel module /lib/modules/phy-exynos-usbdrd-eusb-super.ko
[    0.364754] init: Loading module /lib/modules/exynos-pmu-if.ko with args ''
[    0.364813] init: Loaded kernel module /lib/modules/exynos-pmu-if.ko
[    0.364823] init: Loading module /lib/modules/phy-exynos-mipi-dsim.ko with args ''
[    0.364921] exynos-mipi-phy dphy_m4s4_dsim0@19460000: exynos_mipi_phy_probe: isolation 0x3eb8
[    0.364974] exynos-mipi-phy dphy_m4s4_dsim0@19460000: creating exynos-mipi-phy
[    0.365125] init: Loaded kernel module /lib/modules/phy-exynos-mipi-dsim.ko
[    0.365172] init: Loading module /lib/modules/phy-exynos-mipi.ko with args ''
[    0.365614] exynos-mipi-phy-csi 1c101200.dcphy_m0s4s4s4s4s4_csi0: exynos_mipi_phy_probe: isolation 0x3ebc
[    0.365620] exynos-mipi-phy-csi 1c101200.dcphy_m0s4s4s4s4s4_csi0: exynos_mipi_phy_probe: reset 0
[    0.365662] exynos-mipi-phy-csi 1c101200.dcphy_m0s4s4s4s4s4_csi0: creating exynos-mipi-phy
[    0.365705] exynos-mipi-phy-csi 1c101700.dcphy_m0s4s4s4s4s4_csi0: exynos_mipi_phy_probe: isolation 0x3ebc
[    0.365709] exynos-mipi-phy-csi 1c101700.dcphy_m0s4s4s4s4s4_csi0: exynos_mipi_phy_probe: reset 1
[    0.365736] exynos-mipi-phy-csi 1c101700.dcphy_m0s4s4s4s4s4_csi0: creating exynos-mipi-phy
[    0.365771] exynos-mipi-phy-csi 1c102200.dcphy_m0s4s4s4s4s4_csi0: exynos_mipi_phy_probe: isolation 0x3ebc
[    0.365776] exynos-mipi-phy-csi 1c102200.dcphy_m0s4s4s4s4s4_csi0: exynos_mipi_phy_probe: reset 2
[    0.365802] exynos-mipi-phy-csi 1c102200.dcphy_m0s4s4s4s4s4_csi0: creating exynos-mipi-phy
[    0.365833] exynos-mipi-phy-csi 1c102700.dcphy_m0s4s4s4s4s4_csi0: exynos_mipi_phy_probe: isolation 0x3ebc
[    0.365838] exynos-mipi-phy-csi 1c102700.dcphy_m0s4s4s4s4s4_csi0: exynos_mipi_phy_probe: reset 3
[    0.365864] exynos-mipi-phy-csi 1c102700.dcphy_m0s4s4s4s4s4_csi0: creating exynos-mipi-phy
[    0.365897] exynos-mipi-phy-csi 1c102c00.dcphy_m0s4s4s4s4s4_csi0: exynos_mipi_phy_probe: isolation 0x3ebc
[    0.365901] exynos-mipi-phy-csi 1c102c00.dcphy_m0s4s4s4s4s4_csi0: exynos_mipi_phy_probe: reset 4
[    0.365923] exynos-mipi-phy-csi 1c102c00.dcphy_m0s4s4s4s4s4_csi0: creating exynos-mipi-phy
[    0.365956] exynos-mipi-phy-csi 1c103100.dcphy_m0s4s4s4s4s4_csi0: exynos_mipi_phy_probe: isolation 0x3ebc
[    0.365960] exynos-mipi-phy-csi 1c103100.dcphy_m0s4s4s4s4s4_csi0: exynos_mipi_phy_probe: reset 5
[    0.365981] exynos-mipi-phy-csi 1c103100.dcphy_m0s4s4s4s4s4_csi0: creating exynos-mipi-phy
[    0.366014] exynos-mipi-phy-csi 1c103600.dcphy_m0s4s4s4s4s4_csi0: exynos_mipi_phy_probe: isolation 0x3ebc
[    0.366019] exynos-mipi-phy-csi 1c103600.dcphy_m0s4s4s4s4s4_csi0: exynos_mipi_phy_probe: reset 6
[    0.366045] exynos-mipi-phy-csi 1c103600.dcphy_m0s4s4s4s4s4_csi0: creating exynos-mipi-phy
[    0.366079] exynos-mipi-phy-csi 1c103700.dcphy_m0s4s4s4s4s4_csi0: exynos_mipi_phy_probe: isolation 0x3ebc
[    0.366084] exynos-mipi-phy-csi 1c103700.dcphy_m0s4s4s4s4s4_csi0: exynos_mipi_phy_probe: reset 7
[    0.366109] exynos-mipi-phy-csi 1c103700.dcphy_m0s4s4s4s4s4_csi0: creating exynos-mipi-phy
[    0.366141] exynos-mipi-phy-csi 1c103c00.dcphy_m0s4s4s4s4s4_csi0: exynos_mipi_phy_probe: isolation 0x3ebc
[    0.366145] exynos-mipi-phy-csi 1c103c00.dcphy_m0s4s4s4s4s4_csi0: exynos_mipi_phy_probe: reset 8
[    0.366180] exynos-mipi-phy-csi 1c103c00.dcphy_m0s4s4s4s4s4_csi0: creating exynos-mipi-phy
[    0.366330] init: Loaded kernel module /lib/modules/phy-exynos-mipi.ko
[    0.366379] init: Loading module /lib/modules/pinctrl-exynos-gs.ko with args ''
[    0.366501] init: Loaded kernel module /lib/modules/pinctrl-exynos-gs.ko
[    0.366579] init: Loading module /lib/modules/pixel-suspend-diag.ko with args ''
[    0.366619] load_integrated_module: module 'pixel_suspend_diag' not found
[    0.366629] init: Loaded kernel module /lib/modules/pixel-suspend-diag.ko
[    0.366669] init: Loading module /lib/modules/dss.ko with args ''
[    0.366797] init: Loaded kernel module /lib/modules/dss.ko
[    0.366849] init: Loading module /lib/modules/gs_perf_mon.ko with args ''
[    0.366892] load_integrated_module: module 'gs_perf_mon' not found
[    0.366901] init: Loaded kernel module /lib/modules/gs_perf_mon.ko
[    0.366941] init: Loading module /lib/modules/sched_tp.ko with args ''
[    0.367006] load_integrated_module: module 'sched_tp' not found
[    0.367017] init: Loaded kernel module /lib/modules/sched_tp.ko
[    0.367055] init: Loading module /lib/modules/gs-chipid.ko with args ''
[    0.367116] init: Loaded kernel module /lib/modules/gs-chipid.ko
[    0.367155] init: Loading module /lib/modules/ect_parser.ko with args ''
[    0.367232] init: Loaded kernel module /lib/modules/ect_parser.ko
[    0.367271] init: Loading module /lib/modules/systrace.ko with args ''
[    0.367306] load_integrated_module: module 'systrace' not found
[    0.367316] init: Loaded kernel module /lib/modules/systrace.ko
[    0.367358] init: Loading module /lib/modules/kernel-top.ko with args ''
[    0.367394] load_integrated_module: module 'kernel_top' not found
[    0.367402] init: Loaded kernel module /lib/modules/kernel-top.ko
[    0.367443] init: Loading module /lib/modules/gs_acpm.ko with args ''
[    0.367513] init: Loaded kernel module /lib/modules/gs_acpm.ko
[    0.367557] init: Loading module /lib/modules/cmupmucal.ko with args ''
[    0.368198] init: Loaded kernel module /lib/modules/cmupmucal.ko
[    0.368258] init: Loading module /lib/modules/vh_sched.ko with args ''
[    0.368841] load_integrated_module: module 'vh_sched' not found
[    0.368963] init: Loaded kernel module /lib/modules/vh_sched.ko
[    0.369024] init: Loading module /lib/modules/pixel_metrics.ko with args ''
[    0.369127] init: Loaded kernel module /lib/modules/pixel_metrics.ko
[    0.369242] init: Loading module /lib/modules/clk_exynos_gs.ko with args ''
[    0.369336] init: Loaded kernel module /lib/modules/clk_exynos_gs.ko
[    0.369346] init: Loading module /lib/modules/exynos_mct_v3.ko with args ''
[    0.369408] init: Loaded kernel module /lib/modules/exynos_mct_v3.ko
[    0.369444] init: Loading module /lib/modules/exynos-cpupm.ko with args ''
[    0.369504] init: Loaded kernel module /lib/modules/exynos-cpupm.ko
[    0.369548] init: Loading module /lib/modules/logbuffer.ko with args ''
[    0.369587] load_integrated_module: module 'logbuffer' not found
[    0.369595] init: Loaded kernel module /lib/modules/logbuffer.ko
[    0.369642] init: Loading module /lib/modules/exynos_pm_qos.ko with args ''
[    0.369698] init: Loaded kernel module /lib/modules/exynos_pm_qos.ko
[    0.369739] init: Loading module /lib/modules/itmon.ko with args ''
[    0.369802] load_integrated_module: module 'itmon' not found
[    0.369811] init: Loaded kernel module /lib/modules/itmon.ko
[    0.369852] init: Loading module /lib/modules/exynos-pcie-iommu.ko with args ''
[    0.370297] pcie-sysmmu 12060000.sysmmu: Enable map once.
[    0.370306] pcie-sysmmu 12060000.sysmmu: Number of PMMU : 1.
[    0.370349] pcie-sysmmu 12060000.sysmmu: Probe HSI1 block, PCIe VID : 0
[    0.370354] pcie-sysmmu 12060000.sysmmu: L1Page Table Address : 0x0x0000000083640000(phys)
[    0.370360] pcie-sysmmu 12060000.sysmmu: is probed. Version 9.0.0 - MAX VM : 8, 36bit addr : 1
[    0.370457] init: Loaded kernel module /lib/modules/exynos-pcie-iommu.ko
[    0.370504] init: Loading module /lib/modules/sbb-mux.ko with args ''
[    0.370592] sbb-mux: Initializing signal [0, '0']...
[    0.370601] sbb-mux: Initializing signal [1, '1']...
[    0.370609] sbb-mux: Initializing signal [2, 'kernel_test']...
[    0.370618] sbb-mux: Initializing signal [3, 'userland_test']...
[    0.370623] sbb-mux: Initializing signal [4, 'gp_region_0']...
[    0.370629] sbb-mux: Initializing signal [5, 'gp_region_1']...
[    0.370635] sbb-mux: Initializing signal [6, 'gp_region_2']...
[    0.370642] sbb-mux: Initializing signal [7, 'gp_region_3']...
[    0.370648] sbb-mux: Initializing signal [8, 'k_gp_region_0']...
[    0.370654] sbb-mux: Initializing signal [9, 'k_gp_region_1']...
[    0.370660] sbb-mux: Initializing signal [10, 'k_gp_region_2']...
[    0.370667] sbb-mux: Initializing signal [11, 'k_gp_region_3']...
[    0.370675] sbb-mux: Initializing signal [12, 'app_misc0']...
[    0.370681] sbb-mux: Initializing signal [13, 'app_misc1']...
[    0.370687] sbb-mux: Initializing signal [14, 'app_misc2']...
[    0.370692] sbb-mux: Initializing signal [15, 'app_misc3']...
[    0.370697] sbb-mux: Initializing signal [16, 'app_misc4']...
[    0.370703] sbb-mux: Initializing signal [17, 'app_misc5']...
[    0.370708] sbb-mux: Initializing signal [18, 'app_misc6']...
[    0.370714] sbb-mux: Initializing signal [19, 'app_misc7']...
[    0.370719] sbb-mux: Initializing signal [20, 'app_misc8']...
[    0.370724] sbb-mux: Initializing signal [21, 'app_misc9']...
[    0.370730] sbb-mux: Initializing signal [22, 'cam_misc0']...
[    0.370735] sbb-mux: Initializing signal [23, 'cam_misc1']...
[    0.370741] sbb-mux: Initializing signal [24, 'cam_misc2']...
[    0.370749] sbb-mux: Initializing signal [25, 'cam_misc3']...
[    0.370755] sbb-mux: Initializing signal [26, 'cam_misc4']...
[    0.370760] sbb-mux: Initializing signal [27, 'cam_misc5']...
[    0.370778] sbb-mux: Initializing signal [28, 'cam_misc6']...
[    0.370786] sbb-mux: Initializing signal [29, 'cam_misc7']...
[    0.370791] sbb-mux: Initializing signal [30, 'cam_misc8']...
[    0.370797] sbb-mux: Initializing signal [31, 'cam_misc9']...
[    0.370802] sbb-mux: Initializing signal [32, 'ufs_active_idle']...
[    0.370807] sbb-mux: Initializing signal [33, 'ufs_power_on']...
[    0.370812] sbb-mux: Initializing signal [34, 'ufs_io_outstanding']...
[    0.370821] sbb-mux: Initializing signal [35, 'cp2ap_wake_isr']...
[    0.370841] sbb-mux: Initializing signal [36, 'pcie_link_state']...
[    0.371037] sbb-mux: Calling sbb_mux_drv_probe!
[    0.371078] sbb-mux: Num GPIOs: 3.
[    0.371095] sbb-mux: GPIO system id: 18.
[    0.371117] Correctly initialized GPIO tracker #18 for GPIO C1_T0__XAPC_USI2_CTSn_CSn!
[    0.371128] sbb-mux: GPIO system id: 61.
[    0.371142] Correctly initialized GPIO tracker #61 for GPIO C1_T1__XAPC_USI9_RTSn_DI!
[    0.371149] sbb-mux: GPIO system id: 62.
[    0.371159] Correctly initialized GPIO tracker #62 for GPIO C1_T2__XAPC_USI9_CTSn_CSn!
[    0.371203] sbb-mux: Registered! :D
[    0.371220] init: Loaded kernel module /lib/modules/sbb-mux.ko
[    0.371292] init: Loading module /lib/modules/pcie-exynos-zuma-rc-cal.ko with args ''
[    0.371421] init: Loaded kernel module /lib/modules/pcie-exynos-zuma-rc-cal.ko
[    0.371432] init: Loading module /lib/modules/pcie-exynos-gs.ko with args ''
[    0.371738] exynos-pcie-rc 12100000.pcie: ## PCIe RC PROBE start
[    0.371763] exynos-pcie-rc 12100000.pcie: ## PCIe ch 0 ##
[    0.371769] exynos-pcie-rc 12100000.pcie: logbuffer register failed
[    0.371784] exynos-pcie-rc 12100000.pcie: Failed to parse the number of chip-ver, default '0'
[    0.371789] exynos-pcie-rc 12100000.pcie: parse the number of lanes: 2
[    0.371793] exynos-pcie-rc 12100000.pcie: parse the separated msi: 1
[    0.371797] exynos-pcie-rc 12100000.pcie: Cache Coherency unit is ENABLED.
[    0.371802] exynos-pcie-rc 12100000.pcie: MSI is ENABLED.
[    0.371806] exynos-pcie-rc 12100000.pcie: ## PCIe don't support 64-bit MSI addressing
[    0.371810] exynos-pcie-rc 12100000.pcie: ## PCIe use SICD
[    0.371814] exynos-pcie-rc 12100000.pcie: ## PCIe use PCIE ON Sleep
[    0.371819] exynos-pcie-rc 12100000.pcie: PCIe SysMMU is ENABLED.
[    0.371823] exynos-pcie-rc 12100000.pcie: PCIe I/A is DISABLED.
[    0.371826] exynos-pcie-rc 12100000.pcie: PCIe L1SS(L1.2) is ENABLED.
[    0.371834] exynos-pcie-rc 12100000.pcie: exynos_pcie_rc_parse_dt: pcie int_min_lock = 200000
[    0.371920] exynos-pcie-rc 12100000.pcie: wlan gpio is not defined -> don't use wifi through pcie#0
[    0.371926] exynos-pcie-rc 12100000.pcie: ssd gpio is not defined -> don't use ssd through pcie#0
[    0.371932] exynos-pcie-rc 12100000.pcie: customized de-emphasis enable 0 with value: 0
[    0.371978] exynos-pcie-rc 12100000.pcie: No idle pin state(but it's OK)!!
[    0.372037] exynos-pcie-rc 12100000.pcie: Initialize PHY functions.
[    0.372041] exynos-pcie-rc 12100000.pcie: Initialize PCIe function.
[    0.372118] exynos-pcie-rc 12100000.pcie: PCIe cap [0x1][Power Management]: 0x40
[    0.372124] exynos-pcie-rc 12100000.pcie: PCIe cap [0x5][Message Signalled Interrupts]: 0x50
[    0.372128] exynos-pcie-rc 12100000.pcie: PCIe cap [0x10][PCI Express]: 0x70
[    0.372133] exynos-pcie-rc 12100000.pcie: PCIe ext cap [0x1][Advanced Error Reporting]: 0x100
[    0.372138] exynos-pcie-rc 12100000.pcie: PCIe ext cap [0x19][Secondary PCIe Capability]: 0x148
[    0.372142] exynos-pcie-rc 12100000.pcie: PCIe ext cap [0x1e][L1 PM Substates]: 0x160
[    0.372147] exynos-pcie-rc 12100000.pcie: PCIe ext cap [0x25][Data Link Feature]: 0x170
[    0.372223] exynos-pcie-rc 12100000.pcie: 148 separated MSI irq is defined.
[    0.372248] exynos-pcie-rc 12100000.pcie: 149 separated MSI irq is defined.
[    0.372262] exynos-pcie-rc 12100000.pcie: 150 separated MSI irq is defined.
[    0.372276] exynos-pcie-rc 12100000.pcie: 151 separated MSI irq is defined.
[    0.372289] exynos-pcie-rc 12100000.pcie: 152 separated MSI irq is defined.
[    0.372321] exynos-pcie-rc 12100000.pcie: host bridge /pcie@12100000 ranges:
[    0.372329] exynos-pcie-rc 12100000.pcie:   No bus range found for /pcie@12100000, using [bus 00-ff]
[    0.372343] exynos-pcie-rc 12100000.pcie:      MEM 0x0040000000..0x0040feffff -> 0x0040000000
[    0.372413] exynos-pcie-rc 12100000.pcie: No iATU regions found
[    0.372417] exynos-pcie-rc 12100000.pcie: iATU unroll: enabled
[    0.372421] exynos-pcie-rc 12100000.pcie: iATU regions: 0 ob, 0 ib, align 0K, limit 0G
[    0.372837] exynos-pcie-rc 12100000.pcie: PCI host bridge to bus 0000:00
[    0.372846] pci_bus 0000:00: root bus resource [bus 00-ff]
[    0.372853] pci_bus 0000:00: root bus resource [mem 0x40000000-0x40feffff]
[    0.372883] pci 0000:00:00.0: [144d:ecec] type 01 class 0x060400
[    0.373012] pci 0000:00:00.0: PME# supported from D0 D3hot D3cold
[    0.378755] pci 0000:00:00.0: PCI bridge to [bus 01-ff]
[    0.378785] [exynos_pcie_quirks] async suspend disabled
[    0.379294] pcieport 0000:00:00.0: PME: Signaling with IRQ 154
[    0.379875] pcieport 0000:00:00.0: AER: enabled with IRQ 154
[    0.379984] exynos-pcie-rc 12100000.pcie: PCIE idle ip index : 14
[    0.379990] exynos-pcie-rc 12100000.pcie: exynos_pcie_rc_probe, ip idle status : 1, idle_ip_index: 14
[    0.380294] exynos-pcie-rc 12100000.pcie: ## register pcie connection function
[    0.380299] exynos-pcie-rc 12100000.pcie: ## exynos_pcie_rc_probe: PCIe probe success
[    0.380424] exynos-pcie-rc 13120000.pcie: ## PCIe RC PROBE start
[    0.380448] exynos-pcie-rc 13120000.pcie: ## PCIe ch 1 ##
[    0.380453] exynos-pcie-rc 13120000.pcie: logbuffer register failed
[    0.380466] exynos-pcie-rc 13120000.pcie: Failed to parse the number of chip-ver, default '0'
[    0.380470] exynos-pcie-rc 13120000.pcie: parse the number of lanes: 1
[    0.380476] exynos-pcie-rc 13120000.pcie: Unset separated-msi value, default '0'
[    0.380482] exynos-pcie-rc 13120000.pcie: MSI is ENABLED.
[    0.380487] exynos-pcie-rc 13120000.pcie: ## PCIe don't support 64-bit MSI addressing
[    0.380492] exynos-pcie-rc 13120000.pcie: ## PCIe use SICD
[    0.380496] exynos-pcie-rc 13120000.pcie: ## PCIe don't use PCIE ON Sleep
[    0.380501] exynos-pcie-rc 13120000.pcie: PCIe SysMMU is DISABLED.
[    0.380505] exynos-pcie-rc 13120000.pcie: PCIe I/A is DISABLED.
[    0.380509] exynos-pcie-rc 13120000.pcie: PCIe L1SS(L1.2) is ENABLED.
[    0.380517] exynos-pcie-rc 13120000.pcie: exynos_pcie_rc_parse_dt: pcie int_min_lock = 200000
[    0.380602] exynos-pcie-rc 13120000.pcie: ssd gpio is not defined -> don't use ssd through pcie#1
[    0.380608] exynos-pcie-rc 13120000.pcie: customized de-emphasis enable 0 with value: 0
[    0.380673] exynos-pcie-rc 13120000.pcie: No idle pin state(but it's OK)!!
[    0.380732] exynos-pcie-rc 13120000.pcie: Initialize PHY functions.
[    0.380736] exynos-pcie-rc 13120000.pcie: Initialize PCIe function.
[    0.380826] exynos-pcie-rc 13120000.pcie: Disable PCIE2 PHY
[    0.380931] exynos-pcie-rc 13120000.pcie: PCIe cap [0x1][Power Management]: 0x40
[    0.380937] exynos-pcie-rc 13120000.pcie: PCIe cap [0x5][Message Signalled Interrupts]: 0x50
[    0.380941] exynos-pcie-rc 13120000.pcie: PCIe cap [0x10][PCI Express]: 0x70
[    0.380945] exynos-pcie-rc 13120000.pcie: PCIe ext cap [0x1][Advanced Error Reporting]: 0x100
[    0.380951] exynos-pcie-rc 13120000.pcie: PCIe ext cap [0x19][Secondary PCIe Capability]: 0x148
[    0.380955] exynos-pcie-rc 13120000.pcie: PCIe ext cap [0x1e][L1 PM Substates]: 0x160
[    0.380959] exynos-pcie-rc 13120000.pcie: PCIe ext cap [0x25][Data Link Feature]: 0x170
[    0.381030] exynos-pcie-rc 13120000.pcie: host bridge /pcie@13120000 ranges:
[    0.381038] exynos-pcie-rc 13120000.pcie:   No bus range found for /pcie@13120000, using [bus 00-ff]
[    0.381049] exynos-pcie-rc 13120000.pcie:      MEM 0x0060000000..0x0060feffff -> 0x0060000000
[    0.381121] exynos-pcie-rc 13120000.pcie: No iATU regions found
[    0.381125] exynos-pcie-rc 13120000.pcie: iATU unroll: enabled
[    0.381129] exynos-pcie-rc 13120000.pcie: iATU regions: 0 ob, 0 ib, align 0K, limit 0G
[    0.381217] exynos-pcie-rc 13120000.pcie: PCI host bridge to bus 0001:00
[    0.381223] pci_bus 0001:00: root bus resource [bus 00-ff]
[    0.381228] pci_bus 0001:00: root bus resource [mem 0x60000000-0x60feffff]
[    0.381260] pci 0001:00:00.0: [144d:eced] type 01 class 0x060400
[    0.381281] pci 0001:00:00.0: reg 0x10: [mem 0x00000000-0x000fffff]
[    0.381304] pci 0001:00:00.0: reg 0x38: [mem 0x00000000-0x0000ffff pref]
[    0.381416] pci 0001:00:00.0: PME# supported from D0 D3hot D3cold
[    0.386881] pci 0001:00:00.0: BAR 0: assigned [mem 0x60000000-0x600fffff]
[    0.386893] pci 0001:00:00.0: BAR 6: assigned [mem 0x60100000-0x6010ffff pref]
[    0.386899] pci 0001:00:00.0: PCI bridge to [bus 01-ff]
[    0.386922] [exynos_pcie_quirks] async suspend disabled
[    0.387502] pcieport 0001:00:00.0: PME: Signaling with IRQ 156
[    0.388105] pcieport 0001:00:00.0: AER: enabled with IRQ 156
[    0.388210] exynos-pcie-rc 13120000.pcie: PCIE idle ip index : 15
[    0.388215] exynos-pcie-rc 13120000.pcie: exynos_pcie_rc_probe, ip idle status : 1, idle_ip_index: 15
[    0.388308] exynos-pcie-rc 13120000.pcie: ## exynos_pcie_rc_probe: PCIe probe success
[    0.388439] init: Loaded kernel module /lib/modules/pcie-exynos-gs.ko
[    0.388504] init: Loading module /lib/modules/pl330.ko with args ''
[    0.390693] dma-pl330 10110000.pdma0: Loaded driver for PL330 DMAC-341330
[    0.390702] dma-pl330 10110000.pdma0: 	DBUFF-32x4bytes Num_Chans-8 Num_Peri-32 Num_Events-32
[    0.391683] dma-pl330 10130000.pdma1: Loaded driver for PL330 DMAC-341330
[    0.391691] dma-pl330 10130000.pdma1: 	DBUFF-32x4bytes Num_Chans-8 Num_Peri-32 Num_Events-32
[    0.391759] init: Loaded kernel module /lib/modules/pl330.ko
[    0.391820] init: Loading module /lib/modules/samsung-dma.ko with args ''
[    0.391915] init: Loaded kernel module /lib/modules/samsung-dma.ko
[    0.391960] init: Loading module /lib/modules/debug-snapshot-debug-kinfo.ko with args ''
[    0.392326] init: Loaded kernel module /lib/modules/debug-snapshot-debug-kinfo.ko
[    0.392405] init: Loading module /lib/modules/trusty-core.ko with args ''
[    0.393092] trusty trusty: trusty version: Project: ripcurrentpro, Build: 14060607, Built: 08:47:58 Sep  8 2025
[    0.393125] trusty trusty: selected api version: 5 (requested 5)
[    0.397489] init: Loaded kernel module /lib/modules/trusty-core.ko
[    0.397547] init: Loading module /lib/modules/hardlockup-watchdog.ko with args ''
[    0.397715] hardlockup-watchdog hardlockup-watchdog: sampling_time = 4sec, opportunity_cnt = 3, panic = 1
[    0.398843] hardlockup-watchdog hardlockup-watchdog: Hardlockup Watchdog driver
[    0.399048] init: Loaded kernel module /lib/modules/hardlockup-watchdog.ko
[    0.399097] init: Loading module /lib/modules/trusty-ipc.ko with args ''
[    0.399229] init: Loaded kernel module /lib/modules/trusty-ipc.ko
[    0.399300] init: Loading module /lib/modules/gsa.ko with args ''
[    0.399491] gsa 16490000.gsa-ns: linked to 16470000.s2mpu_s0_gsa
[    0.399870] init: Loaded kernel module /lib/modules/gsa.ko
[    0.399920] init: Loading module /lib/modules/exynos-adv-tracer.ko with args ''
[    0.399970] load_integrated_module: module 'exynos_adv_tracer' not found
[    0.399980] init: Loaded kernel module /lib/modules/exynos-adv-tracer.ko
[    0.400029] init: Loading module /lib/modules/sjtag-driver.ko with args ''
[    0.400077] load_integrated_module: module 'sjtag_driver' not found
[    0.400086] init: Loaded kernel module /lib/modules/sjtag-driver.ko
[    0.400107] init: Loading module /lib/modules/ehld.ko with args ''
[    0.400149] load_integrated_module: module 'ehld' not found
[    0.400158] init: Loaded kernel module /lib/modules/ehld.ko
[    0.400227] init: Loading module /lib/modules/pixel-debug-test.ko with args ''
[    0.400269] load_integrated_module: module 'pixel_debug_test' not found
[    0.400278] init: Loaded kernel module /lib/modules/pixel-debug-test.ko
[    0.400288] init: Loading module /lib/modules/exynos-debug-test.ko with args ''
[    0.400327] load_integrated_module: module 'exynos_debug_test' not found
[    0.400336] init: Loaded kernel module /lib/modules/exynos-debug-test.ko
[    0.400374] init: Loading module /lib/modules/bookerci.ko with args ''
[    0.400417] load_integrated_module: module 'bookerci' not found
[    0.400426] init: Loaded kernel module /lib/modules/bookerci.ko
[    0.400470] init: Loading module /lib/modules/exynos-coresight.ko with args ''
[    0.400658] debug-snapshot dss: Add halt,  functions from really_probe+0x538/0x744
[    0.400678] exynos-coresight coresight@2B000000: exynos_coresight_probe Successful
[    0.400876] init: Loaded kernel module /lib/modules/exynos-coresight.ko
[    0.400923] init: Loading module /lib/modules/exynos-ecc-handler.ko with args ''
[    0.400962] load_integrated_module: module 'exynos_ecc_handler' not found
[    0.400972] init: Loaded kernel module /lib/modules/exynos-ecc-handler.ko
[    0.401019] init: Loading module /lib/modules/exynos-coresight-etm.ko with args ''
[    0.401064] load_integrated_module: module 'exynos_coresight_etm' not found
[    0.401074] init: Loaded kernel module /lib/modules/exynos-coresight-etm.ko
[    0.401146] init: Loading module /lib/modules/keydebug.ko with args ''
[    0.401187] load_integrated_module: module 'keydebug' not found
[    0.401195] init: Loaded kernel module /lib/modules/keydebug.ko
[    0.401205] init: Loading module /lib/modules/exynos-adv-tracer-s2d.ko with args ''
[    0.401239] load_integrated_module: module 'exynos_adv_tracer_s2d' not found
[    0.401247] init: Loaded kernel module /lib/modules/exynos-adv-tracer-s2d.ko
[    0.401287] init: Loading module /lib/modules/pixel-boot-metrics.ko with args ''
[    0.401321] load_integrated_module: module 'pixel_boot_metrics' not found
[    0.401328] init: Loaded kernel module /lib/modules/pixel-boot-metrics.ko
[    0.401366] init: Loading module /lib/modules/vh_fs.ko with args ''
[    0.401443] init: Loaded kernel module /lib/modules/vh_fs.ko
[    0.401481] init: Loading module /lib/modules/vh_mm.ko with args ''
[    0.401521] load_integrated_module: module 'vh_mm' not found
[    0.401529] init: Loaded kernel module /lib/modules/vh_mm.ko
[    0.401568] init: Loading module /lib/modules/vh_cgroup.ko with args ''
[    0.401599] load_integrated_module: module 'vh_cgroup' not found
[    0.401628] init: Loaded kernel module /lib/modules/vh_cgroup.ko
[    0.401703] init: Loading module /lib/modules/exynos-cpuhp.ko with args ''
[    0.401737] load_integrated_module: module 'exynos_cpuhp' not found
[    0.401746] init: Loaded kernel module /lib/modules/exynos-cpuhp.ko
[    0.401783] init: Loading module /lib/modules/vh_thermal.ko with args ''
[    0.401844] init: Loaded kernel module /lib/modules/vh_thermal.ko
[    0.401898] init: Loading module /lib/modules/gs_thermal.ko with args ''
[    0.402230] gs-tmu 100a0000.BIG: Failed to get TMU type
[    0.402236] gs-tmu 100a0000.BIG: tmu type: 0 
[    0.402648] GOV: Asynchronous notification enabled
[    0.403307] thermal thermal_zone0: failed to read out thermal zone (-22)
[    0.403458] [acpm_tmu] tz 0 threshold: 0:20 1:65 2:90 3:93 4:70 5:97 6:100 7:112
[    0.403598] [acpm_tmu] tz 0 hysteresis: 0:5 1:5 2:0 3:93 4:5 5:2 6:5 7:3
[    0.407131] Disable tz_id: 0 thermal genl event
[    0.407529] gs-tmu 100a0000.MID: Failed to get TMU type
[    0.407537] gs-tmu 100a0000.MID: tmu type: 0 
[    0.408031] thermal thermal_zone1: failed to read out thermal zone (-22)
[    0.408159] [acpm_tmu] tz 1 threshold: 0:20 1:75 2:95 3:97 4:99 5:101 6:105 7:112
[    0.408278] [acpm_tmu] tz 1 hysteresis: 0:5 1:5 2:0 3:93 4:0 5:2 6:5 7:3
[    0.410490] Disable tz_id: 1 thermal genl event
[    0.410876] gs-tmu 100a0000.LITTLE: Failed to get TMU type
[    0.410882] gs-tmu 100a0000.LITTLE: tmu type: 0 
[    0.411420] thermal thermal_zone2: failed to read out thermal zone (-22)
[    0.411548] [acpm_tmu] tz 2 threshold: 0:20 1:75 2:95 3:97 4:98 5:99 6:105 7:112
[    0.411686] [acpm_tmu] tz 2 hysteresis: 0:5 1:5 2:0 3:97 4:0 5:0 6:5 7:3
[    0.414056] Disable tz_id: 2 thermal genl event
[    0.414511] gs-tmu 100b0000.G3D: Failed to get TMU type
[    0.414516] gs-tmu 100b0000.G3D: tmu type: 0 
[    0.414538] gs-tmu 100b0000.G3D: No input mpmm_enable
[    0.414542] gs-tmu 100b0000.G3D: No input mpmm_throttle_level
[    0.414546] gs-tmu 100b0000.G3D: No input mpmm_clr_throttle_level
[    0.415179] thermal thermal_zone3: failed to read out thermal zone (-22)
[    0.415316] [acpm_tmu] tz 3 threshold: 0:20 1:70 2:90 3:95 4:98 5:102 6:100 7:115
[    0.415451] [acpm_tmu] tz 3 hysteresis: 0:5 1:5 2:0 3:0 4:98 5:2 6:5 7:3
[    0.417794] Disable tz_id: 3 thermal genl event
[    0.418321] gs-tmu 100b0000.ISP: Failed to get TMU type
[    0.418326] gs-tmu 100b0000.ISP: tmu type: 0 
[    0.418332] gs-tmu 100b0000.ISP: polling_delay_on is out of range, using min value 10
[    0.418338] gs-tmu 100b0000.ISP: No input control_temp_step
[    0.418347] gs-tmu 100b0000.ISP: No input mpmm_enable
[    0.418352] gs-tmu 100b0000.ISP: No input mpmm_throttle_level
[    0.418356] gs-tmu 100b0000.ISP: No input mpmm_clr_throttle_level
[    0.418997] thermal thermal_zone4: failed to read out thermal zone (-22)
[    0.419142] [acpm_tmu] tz 4 threshold: 0:20 1:70 2:90 3:95 4:98 5:102 6:100 7:115
[    0.419262] [acpm_tmu] tz 4 hysteresis: 0:5 1:5 2:0 3:0 4:98 5:102 6:100 7:3
[    0.420317] [ISP TMU] index : 0, fps : 60
[    0.420328] [ISP TMU] index : 1, fps : 15
[    0.420332] [ISP TMU] index : 2, fps : 5
[    0.420590] Fail to find device node
[    0.420594] Disable tz_id: 4 thermal genl event
[    0.421377] gs-tmu 100b0000.TPU: Failed to get TMU type
[    0.421383] gs-tmu 100b0000.TPU: tmu type: 0 
[    0.421399] gs-tmu 100b0000.TPU: No input mpmm_enable
[    0.421403] gs-tmu 100b0000.TPU: No input mpmm_throttle_level
[    0.421407] gs-tmu 100b0000.TPU: No input mpmm_clr_throttle_level
[    0.422290] thermal thermal_zone5: failed to read out thermal zone (-22)
[    0.422416] [acpm_tmu] tz 5 threshold: 0:20 1:70 2:90 3:95 4:98 5:102 6:100 7:115
[    0.422534] [acpm_tmu] tz 5 hysteresis: 0:5 1:5 2:0 3:0 4:98 5:2 6:5 7:3
[    0.424858] Disable tz_id: 5 thermal genl event
[    0.425623] gs-tmu 100b0000.AUR: Failed to get TMU type
[    0.425628] gs-tmu 100b0000.AUR: tmu type: 0 
[    0.425634] gs-tmu 100b0000.AUR: No input control_temp_step
[    0.425642] gs-tmu 100b0000.AUR: No input mpmm_enable
[    0.425646] gs-tmu 100b0000.AUR: No input mpmm_throttle_level
[    0.425650] gs-tmu 100b0000.AUR: No input mpmm_clr_throttle_level
[    0.426591] thermal thermal_zone6: failed to read out thermal zone (-22)
[    0.426716] [acpm_tmu] tz 6 threshold: 0:20 1:70 2:90 3:95 4:98 5:102 6:100 7:115
[    0.426834] [acpm_tmu] tz 6 hysteresis: 0:5 1:5 2:0 3:0 4:98 5:2 6:5 7:3
[    0.428711] Disable tz_id: 6 thermal genl event
[    0.429588] init: Loaded kernel module /lib/modules/gs_thermal.ko
[    0.429699] init: Loading module /lib/modules/exynos-dm.ko with args ''
[    0.429779] load_integrated_module: module 'exynos_dm' not found
[    0.429790] init: Loaded kernel module /lib/modules/exynos-dm.ko
[    0.429802] init: Loading module /lib/modules/exynos-acme.ko with args ''
[    0.430238] exynos_acme: Complete to initialize cpufreq-domain0
[    0.430243] exynos_acme: CPUFREQ of domain0 cal-id : 0xb040002
[    0.430250] exynos_acme: CPUFREQ of domain0 sibling cpus : 0-3
[    0.430254] exynos_acme: CPUFREQ of domain0 boot freq = 1197000 kHz, resume freq = 1425000 kHz
[    0.430258] exynos_acme: CPUFREQ of domain0 max freq : 1950000 kHz, min freq : 820000 kHz
[    0.430262] exynos_acme: CPUFREQ of domain0 table size = 10
[    0.430267] exynos_acme: CPUFREQ of domain0 : L0    820000 kHz
[    0.430271] exynos_acme: CPUFREQ of domain0 : L1    955000 kHz
[    0.430275] exynos_acme: CPUFREQ of domain0 : L2   1098000 kHz
[    0.430278] exynos_acme: CPUFREQ of domain0 : L3   1197000 kHz
[    0.430281] exynos_acme: CPUFREQ of domain0 : L4   1328000 kHz
[    0.430285] exynos_acme: CPUFREQ of domain0 : L5   1425000 kHz
[    0.430288] exynos_acme: CPUFREQ of domain0 : L6   1548000 kHz
[    0.430291] exynos_acme: CPUFREQ of domain0 : L7   1696000 kHz
[    0.430294] exynos_acme: CPUFREQ of domain0 : L8   1849000 kHz
[    0.430297] exynos_acme: CPUFREQ of domain0 : L9   1950000 kHz
[    0.430723] exynos_acme: Complete to initialize cpufreq-domain1
[    0.430726] exynos_acme: CPUFREQ of domain1 cal-id : 0xb040003
[    0.430730] exynos_acme: CPUFREQ of domain1 sibling cpus : 4-6
[    0.430733] exynos_acme: CPUFREQ of domain1 boot freq = 1065000 kHz, resume freq = 1795000 kHz
[    0.430737] exynos_acme: CPUFREQ of domain1 max freq : 2600000 kHz, min freq : 357000 kHz
[    0.430740] exynos_acme: CPUFREQ of domain1 table size = 17
[    0.430743] exynos_acme: CPUFREQ of domain1 : L0    357000 kHz
[    0.430746] exynos_acme: CPUFREQ of domain1 : L1    578000 kHz
[    0.430749] exynos_acme: CPUFREQ of domain1 : L2    648000 kHz
[    0.430752] exynos_acme: CPUFREQ of domain1 : L3    787000 kHz
[    0.430755] exynos_acme: CPUFREQ of domain1 : L4    910000 kHz
[    0.430758] exynos_acme: CPUFREQ of domain1 : L5   1065000 kHz
[    0.430762] exynos_acme: CPUFREQ of domain1 : L6   1221000 kHz
[    0.430765] exynos_acme: CPUFREQ of domain1 : L7   1328000 kHz
[    0.430768] exynos_acme: CPUFREQ of domain1 : L8   1418000 kHz
[    0.430771] exynos_acme: CPUFREQ of domain1 : L9   1549000 kHz
[    0.430774] exynos_acme: CPUFREQ of domain1 : L10  1795000 kHz
[    0.430777] exynos_acme: CPUFREQ of domain1 : L11  1945000 kHz
[    0.430780] exynos_acme: CPUFREQ of domain1 : L12  2130000 kHz
[    0.430784] exynos_acme: CPUFREQ of domain1 : L13  2245000 kHz
[    0.430787] exynos_acme: CPUFREQ of domain1 : L14  2367000 kHz
[    0.430790] exynos_acme: CPUFREQ of domain1 : L15  2450000 kHz
[    0.430793] exynos_acme: CPUFREQ of domain1 : L16  2600000 kHz
[    0.431747] exynos_acme: Complete to initialize cpufreq-domain2
[    0.431751] exynos_acme: CPUFREQ of domain2 cal-id : 0xb040004
[    0.431754] exynos_acme: CPUFREQ of domain2 sibling cpus : 7
[    0.431757] exynos_acme: CPUFREQ of domain2 boot freq = 1164000 kHz, resume freq = 1164000 kHz
[    0.431761] exynos_acme: CPUFREQ of domain2 max freq : 3105000 kHz, min freq : 700000 kHz
[    0.431764] exynos_acme: CPUFREQ of domain2 table size = 18
[    0.431768] exynos_acme: CPUFREQ of domain2 : L0    700000 kHz
[    0.431771] exynos_acme: CPUFREQ of domain2 : L1   1164000 kHz
[    0.431774] exynos_acme: CPUFREQ of domain2 : L2   1396000 kHz
[    0.431777] exynos_acme: CPUFREQ of domain2 : L3   1557000 kHz
[    0.431779] exynos_acme: CPUFREQ of domain2 : L4   1745000 kHz
[    0.431783] exynos_acme: CPUFREQ of domain2 : L5   1885000 kHz
[    0.431786] exynos_acme: CPUFREQ of domain2 : L6   1999000 kHz
[    0.431789] exynos_acme: CPUFREQ of domain2 : L7   2147000 kHz
[    0.431791] exynos_acme: CPUFREQ of domain2 : L8   2294000 kHz
[    0.431794] exynos_acme: CPUFREQ of domain2 : L9   2363000 kHz
[    0.431798] exynos_acme: CPUFREQ of domain2 : L10  2499000 kHz
[    0.431801] exynos_acme: CPUFREQ of domain2 : L11  2687000 kHz
[    0.431804] exynos_acme: CPUFREQ of domain2 : L12  2802000 kHz
[    0.431807] exynos_acme: CPUFREQ of domain2 : L13  2914000 kHz
[    0.431810] exynos_acme: CPUFREQ of domain2 : L14  2943000 kHz
[    0.431813] exynos_acme: CPUFREQ of domain2 : L15  2970000 kHz
[    0.431816] exynos_acme: CPUFREQ of domain2 : L16  3015000 kHz
[    0.431819] exynos_acme: CPUFREQ of domain2 : L17  3105000 kHz
[    0.432791] exynos_acme: CPUFREQ domain0 registered
[    0.433077] cpufreq: __target_index: Failed to change cpu frequency: -22
[    0.433220] exynos_acme: CPUFREQ domain1 registered
[    0.433494] cpufreq: __target_index: Failed to change cpu frequency: -22
[    0.433644] exynos_acme: CPUFREQ domain2 registered
[    0.435062] cpufreq: __target_index: Failed to change cpu frequency: -22
[    0.435081] cpu cpu0: EM: created perf domain
[    0.435099] cpu cpu4: EM: created perf domain
[    0.435112] cpu cpu7: EM: created perf domain
[    0.435123] cpufreq: __target_index: Failed to change cpu frequency: -22
[    0.435130] cpufreq: __target_index: Failed to change cpu frequency: -22
[    0.435176] cpu_cooling 0: freq:1950000 KHz
[    0.435188] cpu_cooling 0: freq:1849000 KHz
[    0.435192] cpu_cooling 0: freq:1696000 KHz
[    0.435196] cpu_cooling 0: freq:1548000 KHz
[    0.435200] cpu_cooling 0: freq:1425000 KHz
[    0.435204] cpu_cooling 0: freq:1328000 KHz
[    0.435208] cpu_cooling 0: freq:1197000 KHz
[    0.435211] cpu_cooling 0: freq:1098000 KHz
[    0.435215] cpu_cooling 0: freq:955000 KHz
[    0.435219] cpu_cooling 0: freq:820000 KHz
[    0.435227] cpu_cooling 0: freq:1950000 power: 243, mV: 843, cap: 176
[    0.435233] cpu_cooling 0: freq:1849000 power: 204, mV: 793, cap: 176
[    0.435238] cpu_cooling 0: freq:1696000 power: 176, mV: 768, cap: 176
[    0.435243] cpu_cooling 0: freq:1548000 power: 147, mV: 737, cap: 176
[    0.435248] cpu_cooling 0: freq:1425000 power: 127, mV: 712, cap: 176
[    0.435252] cpu_cooling 0: freq:1328000 power: 112, mV: 693, cap: 176
[    0.435257] cpu_cooling 0: freq:1197000 power: 92, mV: 662, cap: 176
[    0.435261] cpu_cooling 0: freq:1098000 power: 81, mV: 650, cap: 176
[    0.435266] cpu_cooling 0: freq:955000 power: 66, mV: 631, cap: 176
[    0.435271] cpu_cooling 0: freq:820000 power: 52, mV: 606, cap: 176
[    0.435319] build_static_power_table: Failed to get param table from ECT
[    0.436684] parse_ect_cooling_level: (LITTLE, 0)instance isn't valid
[    0.436692] cpu cooling registered for cpu: 0, capacitance: 176, power_callback: true, static_power: false
[    0.436712] exynos_acme: Skipping boot pm_qos domain0
[    0.436790] cpufreq: __target_index: Failed to change cpu frequency: -22
[    0.436804] cpufreq: __target_index: Failed to change cpu frequency: -22
[    0.436832] cpu_cooling 4: freq:2600000 KHz
[    0.436836] cpu_cooling 4: freq:2450000 KHz
[    0.436840] cpu_cooling 4: freq:2367000 KHz
[    0.436844] cpu_cooling 4: freq:2245000 KHz
[    0.436848] cpu_cooling 4: freq:2130000 KHz
[    0.436852] cpu_cooling 4: freq:1945000 KHz
[    0.436855] cpu_cooling 4: freq:1795000 KHz
[    0.436859] cpu_cooling 4: freq:1549000 KHz
[    0.436863] cpu_cooling 4: freq:1418000 KHz
[    0.436866] cpu_cooling 4: freq:1328000 KHz
[    0.436870] cpu_cooling 4: freq:1221000 KHz
[    0.436873] cpu_cooling 4: freq:1065000 KHz
[    0.436877] cpu_cooling 4: freq:910000 KHz
[    0.436880] cpu_cooling 4: freq:787000 KHz
[    0.436884] cpu_cooling 4: freq:648000 KHz
[    0.436887] cpu_cooling 4: freq:578000 KHz
[    0.436891] cpu_cooling 4: freq:357000 KHz
[    0.436897] cpu_cooling 4: freq:2600000 power: 833, mV: 993, cap: 325
[    0.436902] cpu_cooling 4: freq:2450000 power: 699, mV: 937, cap: 325
[    0.436907] cpu_cooling 4: freq:2367000 power: 639, mV: 912, cap: 325
[    0.436911] cpu_cooling 4: freq:2245000 power: 558, mV: 875, cap: 325
[    0.436916] cpu_cooling 4: freq:2130000 power: 500, mV: 850, cap: 325
[    0.436921] cpu_cooling 4: freq:1945000 power: 404, mV: 800, cap: 325
[    0.436926] cpu_cooling 4: freq:1795000 power: 333, mV: 756, cap: 325
[    0.436930] cpu_cooling 4: freq:1549000 power: 246, mV: 700, cap: 325
[    0.436935] cpu_cooling 4: freq:1418000 power: 205, mV: 668, cap: 325
[    0.436939] cpu_cooling 4: freq:1328000 power: 182, mV: 650, cap: 325
[    0.436944] cpu_cooling 4: freq:1221000 power: 161, mV: 637, cap: 325
[    0.436948] cpu_cooling 4: freq:1065000 power: 129, mV: 612, cap: 325
[    0.436953] cpu_cooling 4: freq:910000 power: 101, mV: 587, cap: 325
[    0.436957] cpu_cooling 4: freq:787000 power: 86, mV: 581, cap: 325
[    0.436962] cpu_cooling 4: freq:648000 power: 66, mV: 562, cap: 325
[    0.436966] cpu_cooling 4: freq:578000 power: 58, mV: 556, cap: 325
[    0.436971] cpu_cooling 4: freq:357000 power: 31, mV: 525, cap: 325
[    0.438251] cpu cooling registered for cpu: 4, capacitance: 325, power_callback: true, static_power: true
[    0.438270] exynos_acme: Skipping boot pm_qos domain1
[    0.438325] cpufreq: __target_index: Failed to change cpu frequency: -22
[    0.438337] cpufreq: __target_index: Failed to change cpu frequency: -22
[    0.438364] cpu_cooling 7: freq:3105000 KHz
[    0.438369] cpu_cooling 7: freq:3015000 KHz
[    0.438373] cpu_cooling 7: freq:2970000 KHz
[    0.438377] cpu_cooling 7: freq:2943000 KHz
[    0.438381] cpu_cooling 7: freq:2914000 KHz
[    0.438385] cpu_cooling 7: freq:2802000 KHz
[    0.438389] cpu_cooling 7: freq:2687000 KHz
[    0.438392] cpu_cooling 7: freq:2499000 KHz
[    0.438396] cpu_cooling 7: freq:2363000 KHz
[    0.438400] cpu_cooling 7: freq:2294000 KHz
[    0.438403] cpu_cooling 7: freq:2147000 KHz
[    0.438407] cpu_cooling 7: freq:1999000 KHz
[    0.438410] cpu_cooling 7: freq:1885000 KHz
[    0.438414] cpu_cooling 7: freq:1745000 KHz
[    0.438417] cpu_cooling 7: freq:1557000 KHz
[    0.438420] cpu_cooling 7: freq:1396000 KHz
[    0.438424] cpu_cooling 7: freq:1164000 KHz
[    0.438427] cpu_cooling 7: freq:700000 KHz
[    0.438432] cpu_cooling 7: freq:3105000 power: 2774, mV: 1093, cap: 748
[    0.438437] cpu_cooling 7: freq:3015000 power: 2486, mV: 1050, cap: 748
[    0.438442] cpu_cooling 7: freq:2970000 power: 2416, mV: 1043, cap: 748
[    0.438447] cpu_cooling 7: freq:2943000 power: 2367, mV: 1037, cap: 748
[    0.438451] cpu_cooling 7: freq:2914000 power: 2290, mV: 1025, cap: 748
[    0.438456] cpu_cooling 7: freq:2802000 power: 1992, mV: 975, cap: 748
[    0.438461] cpu_cooling 7: freq:2687000 power: 1742, mV: 931, cap: 748
[    0.438465] cpu_cooling 7: freq:2499000 power: 1431, mV: 875, cap: 748
[    0.438470] cpu_cooling 7: freq:2363000 power: 1238, mV: 837, cap: 748
[    0.438475] cpu_cooling 7: freq:2294000 power: 1148, mV: 818, cap: 748
[    0.438479] cpu_cooling 7: freq:2147000 power: 994, mV: 787, cap: 748
[    0.438484] cpu_cooling 7: freq:1999000 power: 812, mV: 737, cap: 748
[    0.438488] cpu_cooling 7: freq:1885000 power: 726, mV: 718, cap: 748
[    0.438493] cpu_cooling 7: freq:1745000 power: 626, mV: 693, cap: 748
[    0.438497] cpu_cooling 7: freq:1557000 power: 510, mV: 662, cap: 748
[    0.438501] cpu_cooling 7: freq:1396000 power: 415, mV: 631, cap: 748
[    0.438506] cpu_cooling 7: freq:1164000 power: 313, mV: 600, cap: 748
[    0.438510] cpu_cooling 7: freq:700000 power: 161, mV: 556, cap: 748
[    0.439664] cpu cooling registered for cpu: 7, capacitance: 748, power_callback: true, static_power: true
[    0.439685] exynos_acme: Skipping boot pm_qos domain2
[    0.439751] exynos_acme: Initialized Exynos cpufreq driver
[    0.439964] init: Loaded kernel module /lib/modules/exynos-acme.ko
[    0.439990] init: Loading module /lib/modules/pixel_em.ko with args ''
[    0.440043] exynos-devfreq-driver 17000020.devfreq_int: Registered device successfully
[    0.440092] load_integrated_module: module 'pixel_em' not found
[    0.440104] init: Loaded kernel module /lib/modules/pixel_em.ko
[    0.440201] init: Loading module /lib/modules/gvotable.ko with args ''
[    0.440259] exynos-devfreq-driver 17000030.devfreq_intcam: Registered device successfully
[    0.440284] init: Loaded kernel module /lib/modules/gvotable.ko
[    0.440325] init: Loading module /lib/modules/xhci-goog-dma.ko with args ''
[    0.440395] init: Loaded kernel module /lib/modules/xhci-goog-dma.ko
[    0.440479] init: Loading module /lib/modules/dwc3-exynos-usb.ko with args ''
[    0.440561] init: Loaded kernel module /lib/modules/dwc3-exynos-usb.ko
[    0.440574] init: Loading module /lib/modules/exynos-pd.ko with args ''
[    0.440630] init: Loaded kernel module /lib/modules/exynos-pd.ko
[    0.440657] exynos-devfreq-driver 17000040.devfreq_disp: Registered device successfully
[    0.440670] init: Loading module /lib/modules/exynos-pd-dbg.ko with args ''
[    0.440840] exynos-devfreq-driver 17000050.devfreq_cam: Registered device successfully
[    0.440909] exynos_pd: pd-dpub sync_state: children need sync
[    0.441040] exynos-devfreq-driver 17000060.devfreq_tnr: Registered device successfully
[    0.441230] exynos-devfreq-driver 17000070.devfreq_mfc: Registered device successfully
[    0.441384] init: Loaded kernel module /lib/modules/exynos-pd-dbg.ko
[    0.441414] exynos-devfreq-driver 17000080.devfreq_bw: Registered device successfully
[    0.441476] init: Loading module /lib/modules/acpm_flexpmu_dbg.ko with args ''
[    0.441507] exynos-devfreq-driver 170000a0.devfreq_bci: Registered device successfully
[    0.441703] exynos-devfreq-driver 17000090.devfreq_dsu: Registered device successfully
[    0.441755] ACPM-FLEXPMU-DBG:  exynos_flexpmu_dbg_probe: FLEXPMU_DBG buffer with size 1024 found
[    0.441825] init: Loaded kernel module /lib/modules/acpm_flexpmu_dbg.ko
[    0.441837] init: Loading module /lib/modules/exynos-pm.ko with args ''
[    0.442021] exynos-pm 154d0000.exynos-pm: can't request region for resource [mem 0x10400204-0x10400303]
[    0.442030] exynos-pm 154d0000.exynos-pm: drvinit: unable to map gic dist registers, ret=-16
[    0.442094] exynos-devfreq-driver 17000010.devfreq_mif: Registered device successfully
[    0.442123] init: Loaded kernel module /lib/modules/exynos-pm.ko
[    0.442215] init: Loading module /lib/modules/power_stats.ko with args ''
[    0.443127] init: Loaded kernel module /lib/modules/power_stats.ko
[    0.443174] init: Loading module /lib/modules/slc_pt.ko with args ''
[    0.443456] init: Loaded kernel module /lib/modules/slc_pt.ko
[    0.443499] init: Loading module /lib/modules/slc_dummy.ko with args ''
[    0.443739] init: Loaded kernel module /lib/modules/slc_dummy.ko
[    0.443823] init: Loading module /lib/modules/slc_pmon.ko with args ''
[    0.443890] init: Loaded kernel module /lib/modules/slc_pmon.ko
[    0.443901] init: Loading module /lib/modules/slc_acpm.ko with args ''
[    0.444057] google,slc-acpm slc-acpm: channel 10
[    0.446847] google,slc-acpm slc-acpm: found valid acpm firmware 1.8.
[    0.446869] google,slc-acpm slc-acpm: Asynchronous notification enabled
[    0.447051] init: Loaded kernel module /lib/modules/slc_acpm.ko
[    0.447135] init: Loading module /lib/modules/gsa_gsc.ko with args ''
[    0.447969] gsa-gsc 16490000.gsa-ns:gsa_gsc@0: Initiliazed
[    0.448034] init: Loaded kernel module /lib/modules/gsa_gsc.ko
[    0.448101] init: Loading module /lib/modules/exynos-bcm_dbg-dump.ko with args ''
[    0.448179] load_integrated_module: module 'exynos_bcm_dbg_dump' not found
[    0.448196] init: Loaded kernel module /lib/modules/exynos-bcm_dbg-dump.ko
[    0.448246] init: Loading module /lib/modules/gnss_spi.ko with args ''
[    0.448350] SPI driver gnss_spi has no spi_device_id for samsung,gnss-spi
[    0.448390] init: Loaded kernel module /lib/modules/gnss_spi.ko
[    0.448447] init: Loading module /lib/modules/gnssif.ko with args ''
[    0.448871] gif: gnss_probe: Exynos GNSS interface driver probe begins
[    0.448886] gif: gnss_probe: gnssif: +++
[    0.448896] gif: parse_dt_common_pdata: device name: KEPLER node name: gnss_ipc
[    0.448906] gif: gnss_if_parse_dt_pdata: DT parse complete!
[    0.448963] gif: gif_configure_irq: name:kepler_spi_irq_handler num:164 flags:0x00080004
[    0.448993] gif: gif_request_irq: kepler_spi_irq_handler(#164) handler registered (flags:0x00080004)
[    0.449036] gif: create_link_device: +++
[    0.449179] gif: create_link_device: ---
[    0.449188] gif: create_io_device: +++
[    0.449194] gif: init_io_device: +++
[    0.449255] gif: init_io_device: ---
[    0.449265] gif: create_io_device: ---
[    0.449382] gif: gnss_probe: gnssif: ---
[    0.449478] init: Loaded kernel module /lib/modules/gnssif.ko
[    0.449604] init: Loading module /lib/modules/pkvm-s2mpu-v9.ko with args ''
[    0.449772] init: Loaded kernel module /lib/modules/pkvm-s2mpu-v9.ko
[    0.449791] init: Loading module /lib/modules/eh.ko with args ''
[    0.450049] eh: starting probing
[    0.454786] eh: starting probing done
[    0.455538] init: Loaded kernel module /lib/modules/eh.ko
[    0.455719] init: Loading module /lib/modules/gcma.ko with args ''
[    0.456528] init: Loaded kernel module /lib/modules/gcma.ko
[    0.456701] init: Loading module /lib/modules/s3c2410_wdt.ko with args ''
[    0.457581] s3c2410-wdt 10060000.watchdog_cl0: watchdog cluster0 probe
[    0.457598] s3c2410-wdt 10060000.watchdog_cl0: It is not a multistage watchdog.
[    0.457974] s3c2410-wdt 10060000.watchdog_cl0: NONCPU_INT_EN reg val: 32c
[    0.458054] s3c2410-wdt 10060000.watchdog_cl0: probe: mapped reg_base=0000000079345c37
[    0.458294] s3c2410-wdt 10060000.watchdog_cl0: Watchdog cluster 0 stop done, WTCON = 15718
[    0.458314] s3c2410-wdt 10060000.watchdog_cl0: NONCPU_OUT set true done, val = 33fff10, en= 1
[    0.458331] s3c2410-wdt 10060000.watchdog_cl0: NONCPU_INT_EN set true done, val = 32c, mask = 0
[    0.458667] s3c2410-wdt 10060000.watchdog_cl0: Watchdog cluster 0 stop done, WTCON = 15718
[    0.458684] debug-snapshot dss: Add wdt start, wdt expire, wdt stop functions from platform_probe.lto_priv.0+0x78/0x140
[    0.458733] s3c2410-wdt 10060000.watchdog_cl0: watchdog cluster 0, inactive, reset disabled, irq disabled
[    0.458749] s3c2410-wdt 10060000.watchdog_cl0: DBGACK enabled
[    0.458763] s3c2410-wdt 10060000.watchdog_cl0: windowed watchdog disabled, wtmincnt=1ff5e
[    0.458775] Multistage watchdog disabled
[    0.458864] s3c2410-wdt 10070000.watchdog_cl1: watchdog cluster1 probe
[    0.458896] s3c2410-wdt 10070000.watchdog_cl1: NONCPU_INT_EN reg val: 1
[    0.458942] s3c2410-wdt 10070000.watchdog_cl1: probe: mapped reg_base=000000007841997f
[    0.459003] s3c2410-wdt 10070000.watchdog_cl1: Watchdog cluster 1 stop done, WTCON = 15700
[    0.459020] s3c2410-wdt 10070000.watchdog_cl1: NONCPU_OUT set true done, val = 10, en= 1
[    0.459040] s3c2410-wdt 10070000.watchdog_cl1: Watchdog cluster 1 stop done, WTCON = 15700
[    0.459053] s3c2410-wdt 10070000.watchdog_cl1: watchdog cluster 1, inactive, reset disabled, irq disabled
[    0.459063] s3c2410-wdt 10070000.watchdog_cl1: DBGACK enabled
[    0.459074] s3c2410-wdt 10070000.watchdog_cl1: windowed watchdog disabled, wtmincnt=1ff5e
[    0.459082] Multistage watchdog enabled
[    0.459392] init: Loaded kernel module /lib/modules/s3c2410_wdt.ko
[    0.459423] init: Loading module /lib/modules/hardlockup-debug.ko with args ''
[    0.459735] hardlockup-debug-driver hardlockup-debugger: success to register all-core lockup detector - ret: 0
[    0.459760] hardlockup-debug-driver hardlockup-debugger: Initialized hardlockup debug dump successfully.
[    0.460020] init: Loaded kernel module /lib/modules/hardlockup-debug.ko
[    0.460097] init: Loading module /lib/modules/pixel_stat_sysfs.ko with args ''
[    0.460168] load_integrated_module: module 'pixel_stat_sysfs' not found
[    0.460182] init: Loaded kernel module /lib/modules/pixel_stat_sysfs.ko
[    0.460235] init: Loading module /lib/modules/pixel_stat_mm.ko with args ''
[    0.460345] load_integrated_module: module 'pixel_stat_mm' not found
[    0.460362] init: Loaded kernel module /lib/modules/pixel_stat_mm.ko
[    0.460414] init: Loading module /lib/modules/perf_trace_counters.ko with args ''
[    0.460471] load_integrated_module: module 'perf_trace_counters' not found
[    0.460483] init: Loaded kernel module /lib/modules/perf_trace_counters.ko
[    0.460527] init: Loading module /lib/modules/google_modemctl.ko with args ''
[    0.460633] init: Loaded kernel module /lib/modules/google_modemctl.ko
[    0.460683] init: Loading module /lib/modules/pmic_class.ko with args ''
[    0.460824] init: Loaded kernel module /lib/modules/pmic_class.ko
[    0.460926] init: Loading module /lib/modules/s2mpg15-mfd.ko with args ''
[    0.461053] init: Loaded kernel module /lib/modules/s2mpg15-mfd.ko
[    0.461112] init: Loading module /lib/modules/s2mpg14-mfd.ko with args ''
[    0.461217] init: Loaded kernel module /lib/modules/s2mpg14-mfd.ko
[    0.461232] init: Loading module /lib/modules/s2mpg14-regulator.ko with args ''
[    0.461419] init: Loaded kernel module /lib/modules/s2mpg14-regulator.ko
[    0.461484] init: Loading module /lib/modules/s2mpg14-powermeter.ko with args ''
[    0.461635] init: Loaded kernel module /lib/modules/s2mpg14-powermeter.ko
[    0.461692] init: Loading module /lib/modules/s2mpg15-regulator.ko with args ''
[    0.461869] init: Loaded kernel module /lib/modules/s2mpg15-regulator.ko
[    0.461956] init: Loading module /lib/modules/s2mpg15-powermeter.ko with args ''
[    0.462110] init: Loaded kernel module /lib/modules/s2mpg15-powermeter.ko
[    0.462164] init: Loading module /lib/modules/slg51002-regulator.ko with args ''
[    0.462318] init: Loaded kernel module /lib/modules/slg51002-regulator.ko
[    0.462387] init: Loading module /lib/modules/exynos_tty.ko with args ''
[    0.462811] exynos-uart 155d0000.serial: set usi mode - 0x1
[    0.462919] exynos-uart 155d0000.serial: error -6: IRQ index 1 not found
[    0.462934] exynos-uart 155d0000.serial: No explicit src-clk. Use default src-clk
[    0.463012] 155d0000.serial: ttySAC18 at MMIO 0x155d0000 (irq = 169, base_baud = 0) is a S3C6400/10
[    0.463435] exynos-uart 155d0000.serial: probe: logbuffer get failed
[    0.463586] exynos-uart 10870000.uart: usi offset is not specified
[    0.463594] exynos-uart 10870000.uart: no lookup for usi-phandle.
[    0.463642] exynos-uart 10870000.uart: error -6: IRQ index 1 not found
[    0.463651] exynos-uart 10870000.uart: No explicit src-clk. Use default src-clk
[    0.463685] 10870000.uart: ttySAC0 at MMIO 0x10870000 (irq = 170, base_baud = 0) is a S3C6400/10
[    0.463902] init: Loaded kernel module /lib/modules/exynos_tty.ko
[    0.463966] init: Loading module /lib/modules/samsung-iommu-group.ko with args ''
[    0.464968] init: Loaded kernel module /lib/modules/samsung-iommu-group.ko
[    0.465024] init: Loading module /lib/modules/samsung-secure-iova.ko with args ''
[    0.465143] init: Loaded kernel module /lib/modules/samsung-secure-iova.ko
[    0.465193] init: Loading module /lib/modules/iovad-vendor-hooks.ko with args ''
[    0.465852] init: Loaded kernel module /lib/modules/iovad-vendor-hooks.ko
[    0.465901] init: Loading module /lib/modules/samsung_iommu_v9.ko with args ''
[    0.468258] samsung-sysmmu-v9 1a640000.sysmmu: initialized IOMMU. Ver 9.0.0, no gate clock
[    0.470389] samsung-sysmmu-v9 1a870000.sysmmu: initialized IOMMU. Ver 9.0.0, no gate clock
[    0.472837] samsung-sysmmu-v9 19840000.sysmmu: initialized IOMMU. Ver 9.0.0, no gate clock
[    0.475395] samsung-sysmmu-v9 19c40000.sysmmu: initialized IOMMU. Ver 9.0.0, no gate clock
[    0.477714] samsung-sysmmu-v9 1c110000.sysmmu: initialized IOMMU. Ver 9.0.0, no gate clock
[    0.479750] samsung-sysmmu-v9 1c150000.sysmmu: initialized IOMMU. Ver 9.0.0, no gate clock
[    0.481810] samsung-sysmmu-v9 1c190000.sysmmu: initialized IOMMU. Ver 9.0.0, no gate clock
[    0.481835] exynos_pd: pd-ispfe sync_state: turn_off = 1
[    0.484245] samsung-sysmmu-v9 1d870000.sysmmu: initialized IOMMU. Ver 9.0.0, no gate clock
[    0.486366] samsung-sysmmu-v9 1a340000.sysmmu: initialized IOMMU. Ver 9.0.0, no gate clock
[    0.486388] exynos_pd: pd-tpu sync_state: turn_off = 1
[    0.489317] samsung-sysmmu-v9 1c870000.sysmmu: initialized IOMMU. Ver 9.0.0, no gate clock
[    0.491829] samsung-sysmmu-v9 1cc80000.sysmmu: initialized IOMMU. Ver 9.0.0, no gate clock
[    0.494069] samsung-sysmmu-v9 1ccc0000.sysmmu: initialized IOMMU. Ver 9.0.0, no gate clock
[    0.496885] samsung-sysmmu-v9 1cd00000.sysmmu: initialized IOMMU. Ver 9.0.0, no gate clock
[    0.499392] samsung-sysmmu-v9 1c4a0000.sysmmu: initialized IOMMU. Ver 9.0.0, no gate clock
[    0.502157] samsung-sysmmu-v9 1c4e0000.sysmmu: initialized IOMMU. Ver 9.0.0, no gate clock
[    0.502634] samsung-sysmmu-v9 101c0000.sysmmu: initialized IOMMU. Ver 9.0.0, no gate clock
[    0.504809] samsung-sysmmu-v9 1a470000.sysmmu: initialized IOMMU. Ver 9.0.0, no gate clock
[    0.504833] exynos_pd: pd-mfc sync_state: turn_off = 1
[    0.507147] samsung-sysmmu-v9 1d0a0000.sysmmu: initialized IOMMU. Ver 9.0.0, no gate clock
[    0.508199] samsung-sysmmu-v9 11040000.sysmmu: initialized IOMMU. Ver 9.0.0, no gate clock
[    0.509016] samsung-sysmmu-v9 16440000.sysmmu: initialized IOMMU. Ver 9.0.0, no gate clock
[    0.511195] samsung-sysmmu-v9 1d4c0000.sysmmu: initialized IOMMU. Ver 9.0.0, no gate clock
[    0.512320] samsung-sysmmu-v9 16c40000.sysmmu: initialized IOMMU. Ver 9.0.0, no gate clock
[    0.512343] exynos_pd: pd-eh sync_state: turn_off = 0
[    0.515468] samsung-sysmmu-v9 20a50000.sysmmu: initialized IOMMU. Ver 9.0.0, no gate clock
[    0.515496] exynos_pd: pd-aur sync_state: turn_off = 1
[    0.516396] samsung-sysmmu-v9 19090000.sysmmu: initialized IOMMU. Ver 9.0.0, no gate clock
[    0.516765] init: Loaded kernel module /lib/modules/samsung_iommu_v9.ko
[    0.517042] init: Loading module /lib/modules/bts.ko with args ''
[    0.517819] exynos-bts exynos-bts: failed to get address_to_resource
[    0.517833] exynos-bts exynos-bts: failed to get address_to_resource
[    0.517845] exynos-bts exynos-bts: failed to get address_to_resource
[    0.517855] exynos-bts exynos-bts: failed to get address_to_resource
[    0.519977] exynos-bts exynos-bts: exynos_bts_debugfs_init failed
[    0.519990] bts_probe successfully done.
[    0.520246] init: Loaded kernel module /lib/modules/bts.ko
[    0.520359] init: Loading module /lib/modules/exynos_devfreq.ko with args ''
[    0.520550] load_integrated_module: module 'exynos_devfreq' not found
[    0.520569] init: Loaded kernel module /lib/modules/exynos_devfreq.ko
[    0.520585] init: Loading module /lib/modules/g2d.ko with args ''
[    0.521108] exynos-g2d 1a840000.g2d: has sysmmu 1a870000.sysmmu (total count:1)
[    0.521179] exynos-g2d 1a840000.g2d: Adding to iommu group 0
[    0.521290] exynos-g2d 1a840000.g2d: SysMMU not powered on
[    0.521302] exynos-g2d 1a840000.g2d: attached with pgtable 0x0000000084440000
[    0.524260] exynos-g2d 1a840000.g2d: Probed FIMG2D version 0xa0020004
[    0.524411] init: Loaded kernel module /lib/modules/g2d.ko
[    0.524481] init: Loading module /lib/modules/s5910.ko with args ''
[    0.524629] init: Loaded kernel module /lib/modules/s5910.ko
[    0.524681] init: Loading module /lib/modules/sscoredump.ko with args ''
[    0.524752] load_integrated_module: module 'sscoredump' not found
[    0.524765] init: Loaded kernel module /lib/modules/sscoredump.ko
[    0.524819] init: Loading module /lib/modules/s2mpg1415-gpio.ko with args ''
[    0.525033] init: Loaded kernel module /lib/modules/s2mpg1415-gpio.ko
[    0.525087] init: Loading module /lib/modules/slg51002-core.ko with args ''
[    0.525191] init: Loaded kernel module /lib/modules/slg51002-core.ko
[    0.525247] init: Loading module /lib/modules/samsung_dma_heap.ko with args ''
[    0.525540] samsung,dma-heap-chunk trusty:video_stream_dma_heap: assigned reserved memory node vstream
[    0.525599] Registered vstream-secure dma-heap successfully
[    0.525664] samsung,dma-heap-chunk trusty:video_frame_dma_heap: assigned reserved memory node vframe
[    0.525687] Registered vframe-secure dma-heap successfully
[    0.525728] samsung,dma-heap-chunk trusty:video_scaler_dma_heap: assigned reserved memory node vscaler
[    0.525758] Registered vscaler-secure dma-heap successfully
[    0.525976] samsung,dma-heap-cma trusty:faceauth_preview_heap: assigned reserved memory node faprev
[    0.526001] Registered faprev-secure dma-heap successfully
[    0.526241] Registered mfc_fw-secure dma-heap successfully
[    0.526795] gcma: Reserved memory: created GCMA memory pool at 0x00000009f4d00000, size 75 MiB for famodel
[    0.526865] Registered famodel-secure dma-heap successfully
[    0.527145] gcma: Reserved memory: created GCMA memory pool at 0x00000000fe3f0000, size 24 MiB for tui
[    0.527190] Registered tui-secure dma-heap successfully
[    0.527453] gcma: Reserved memory: created GCMA memory pool at 0x00000009f9800000, size 32 MiB for faceauth_dsp
[    0.527497] Registered faceauth_dsp-secure dma-heap successfully
[    0.527663] gcma: Reserved memory: created GCMA memory pool at 0x00000009ced00000, size 16 MiB for faceauth_tpu
[    0.527697] Registered faceauth_tpu-secure dma-heap successfully
[    0.528347] gcma: Reserved memory: created GCMA memory pool at 0x00000009cfd00000, size 80 MiB for farawimg
[    0.528396] Registered farawimg-secure dma-heap successfully
[    0.528565] Registered system dma-heap successfully
[    0.528597] Registered system-uncached dma-heap successfully
[    0.528650] Registered video_system dma-heap successfully
[    0.528691] Registered video_system-uncached dma-heap successfully
[    0.528907] init: Loaded kernel module /lib/modules/samsung_dma_heap.ko
[    0.529053] init: Loading module /lib/modules/ufs-pixel-fips140.ko with args 'fips_first_lba=151942 fips_last_lba=152453 fips_lu=0 use_hw_keys=true'
[    0.529168] load_integrated_module: module 'ufs_pixel_fips140' not found
